Data paths:
  building: benchmark-data-sf10/building
  customer: benchmark-data-sf10/customer
  driver: benchmark-data-sf10/driver
  trip: benchmark-data-sf10/trip
  vehicle: benchmark-data-sf10/vehicle
  zone: benchmark-data-sf10/zone

============================================================
Running Sedonadb Gpu Benchmark
============================================================
Sedonadb Gpu version: 0.3.0
  Running q10... [LIBGPUSPATIAL] [ 11999][17:59:30:959177][info  ] Initializing GpuSpatialRuntime on device 0, PTX root /mnt/data/sedona-db/target/release/build/sedona-libgpuspatial-49614f8a870dbe66/out/share/gpuspatial/shaders
[LIBGPUSPATIAL] [ 11999][17:59:31:112373][info  ] Init Memory Manager
[LIBGPUSPATIAL] [ 11999][17:59:31:112547][info  ] Creating RMM pool memory resource with size 22511 MB
[LIBGPUSPATIAL] [ 11999][17:59:31:158040][info  ] Initialize RTEngine
[LIBGPUSPATIAL] [ 11999][17:59:31:296764][info  ] Create RTSpatialIndex 0x7c8c9400a800, fast_build = 0, compact = 0, concurrency = 8
[LIBGPUSPATIAL] [ 11999][17:59:31:299615][info  ] Create RTSpatialRefiner 0x7c8c97d2a3a0, fast_build = 0, compact = 0, parsing_threads = 8, concurrency = 8, pipeline_batches = 1, wkb_parser_memory_quota = 0.80, relate_engine_memory_quota = 0.05
[LIBGPUSPATIAL] [ 11999][17:59:31:811236][info  ] RTSpatialRefiner 0x7c8c97d2a3a0 (Used 1946 MB), FinishBuilding Refiner, Total geoms: 454710
[LIBGPUSPATIAL] [ 11999][17:59:31:811279][info  ] RTSpatialIndex 0x7c8c9400a800 (Used 1946 MB), PushBuild, Rectangles 454710
[LIBGPUSPATIAL] [ 11999][17:59:31:813124][info  ] RTSpatialIndex 0x7c8c9400a800 (Used 1980 MB), FinishBuilding Index on Rectangles, Total geoms: 454710
[LIBGPUSPATIAL] [ 12002][17:59:32:111527][info  ] RTSpatialIndex 0x7c8c9400a800 (Used 1980 MB), Allocate result buffer, memory consumption 12 MB, capacity 1646756
[LIBGPUSPATIAL] [ 11995][17:59:32:117020][info  ] RTSpatialIndex 0x7c8c9400a800 (Used 2002 MB), Allocate result buffer, memory consumption 12 MB, capacity 1646781
[LIBGPUSPATIAL] [ 12002][17:59:32:124239][info  ] RTSpatialIndex 0x7c8c9400a800 (Used 2045 MB), Probe Points, Size: 1333333, Results: 1646756
[LIBGPUSPATIAL] [ 11999][17:59:32:126737][info  ] RTSpatialIndex 0x7c8c9400a800 (Used 2043 MB), Allocate result buffer, memory consumption 12 MB, capacity 1645951
[LIBGPUSPATIAL] [ 11995][17:59:32:127854][info  ] RTSpatialIndex 0x7c8c9400a800 (Used 2070 MB), Probe Points, Size: 1333333, Results: 1646781
[LIBGPUSPATIAL] [ 11996][17:59:32:130000][info  ] RTSpatialIndex 0x7c8c9400a800 (Used 2039 MB), Allocate result buffer, memory consumption 12 MB, capacity 1644220
[LIBGPUSPATIAL] [ 12001][17:59:32:132096][info  ] RTSpatialIndex 0x7c8c9400a800 (Used 2060 MB), Allocate result buffer, memory consumption 12 MB, capacity 1648934
[LIBGPUSPATIAL] [ 11997][17:59:32:133944][info  ] RTSpatialIndex 0x7c8c9400a800 (Used 2085 MB), Allocate result buffer, memory consumption 12 MB, capacity 1645337
[LIBGPUSPATIAL] [ 11999][17:59:32:145486][info  ] RTSpatialIndex 0x7c8c9400a800 (Used 2132 MB), Probe Points, Size: 1333333, Results: 1645951
[LIBGPUSPATIAL] [ 11996][17:59:32:147975][info  ] RTSpatialIndex 0x7c8c9400a800 (Used 2109 MB), Probe Points, Size: 1333333, Results: 1644220
[LIBGPUSPATIAL] [ 11997][17:59:32:153026][info  ] RTSpatialIndex 0x7c8c9400a800 (Used 2099 MB), Probe Points, Size: 1333333, Results: 1645337
[LIBGPUSPATIAL] [ 12001][17:59:32:154343][info  ] RTSpatialIndex 0x7c8c9400a800 (Used 2092 MB), Probe Points, Size: 1333333, Results: 1648934
[LIBGPUSPATIAL] [ 12002][17:59:32:166558][info  ] RTSpatialRefiner 0x7c8c97d2a3a0 (Used 2107 MB), Loaded Geometries, ProbeArray 1333333, Loaded 840229, Type Point
[LIBGPUSPATIAL] [ 12002][17:59:32:168907][info  ] RTSpatialRefiner 0x7c8c97d2a3a0 (Used 2130 MB), Evaluating 1646756 Geometry Pairs with Predicate Contains
[LIBGPUSPATIAL] [ 11995][17:59:32:170310][info  ] RTSpatialRefiner 0x7c8c97d2a3a0 (Used 2155 MB), Loaded Geometries, ProbeArray 1333333, Loaded 840316, Type Point
[LIBGPUSPATIAL] [ 11998][17:59:32:170531][info  ] RTSpatialIndex 0x7c8c9400a800 (Used 2162 MB), Allocate result buffer, memory consumption 12 MB, capacity 1647885
[LIBGPUSPATIAL] [ 11995][17:59:32:171098][info  ] RTSpatialRefiner 0x7c8c97d2a3a0 (Used 2168 MB), Evaluating 1646781 Geometry Pairs with Predicate Contains
[LIBGPUSPATIAL] [ 12000][17:59:32:173092][info  ] RTSpatialIndex 0x7c8c9400a800 (Used 2187 MB), Allocate result buffer, memory consumption 12 MB, capacity 1646306
[LIBGPUSPATIAL] [ 11998][17:59:32:182328][info  ] RTSpatialIndex 0x7c8c9400a800 (Used 2250 MB), Probe Points, Size: 1333333, Results: 1647885
[LIBGPUSPATIAL] [ 12000][17:59:32:183374][info  ] RTSpatialIndex 0x7c8c9400a800 (Used 2227 MB), Probe Points, Size: 1333333, Results: 1646306
[LIBGPUSPATIAL] [ 11999][17:59:32:195203][info  ] RTSpatialRefiner 0x7c8c97d2a3a0 (Used 2242 MB), Loaded Geometries, ProbeArray 1333333, Loaded 839464, Type Point
[LIBGPUSPATIAL] [ 11999][17:59:32:195790][info  ] RTSpatialRefiner 0x7c8c97d2a3a0 (Used 2249 MB), Evaluating 1645951 Geometry Pairs with Predicate Contains
[LIBGPUSPATIAL] [ 12001][17:59:32:200720][info  ] RTSpatialRefiner 0x7c8c97d2a3a0 (Used 2261 MB), Loaded Geometries, ProbeArray 1333333, Loaded 840623, Type Point
[LIBGPUSPATIAL] [ 12001][17:59:32:201274][info  ] RTSpatialRefiner 0x7c8c97d2a3a0 (Used 2267 MB), Evaluating 1648934 Geometry Pairs with Predicate Contains
[LIBGPUSPATIAL] [ 11997][17:59:32:203244][info  ] RTSpatialRefiner 0x7c8c97d2a3a0 (Used 2280 MB), Loaded Geometries, ProbeArray 1333333, Loaded 839184, Type Point
[LIBGPUSPATIAL] [ 11997][17:59:32:203784][info  ] RTSpatialRefiner 0x7c8c97d2a3a0 (Used 2286 MB), Evaluating 1645337 Geometry Pairs with Predicate Contains
[LIBGPUSPATIAL] [ 11997][17:59:32:208205][info  ] Unique multi-polygons 28133, memory quota 116 MB, estimated BVH size 306 MB, n_batches 3
[LIBGPUSPATIAL] [ 12001][17:59:32:208522][info  ] Unique multi-polygons 27961, memory quota 116 MB, estimated BVH size 306 MB, n_batches 3
[LIBGPUSPATIAL] [ 11999][17:59:32:208546][info  ] Unique multi-polygons 27959, memory quota 116 MB, estimated BVH size 306 MB, n_batches 3
[LIBGPUSPATIAL] [ 12002][17:59:32:208562][info  ] Unique multi-polygons 27757, memory quota 116 MB, estimated BVH size 303 MB, n_batches 3
[LIBGPUSPATIAL] [ 11995][17:59:32:208629][info  ] Unique multi-polygons 27800, memory quota 116 MB, estimated BVH size 306 MB, n_batches 3
[LIBGPUSPATIAL] [ 11997][17:59:32:211907][info  ] PIP(Used 2322 MB), Batch 0
[LIBGPUSPATIAL] [ 12002][17:59:32:212021][info  ] PIP(Used 2331 MB), Batch 0
[LIBGPUSPATIAL] [ 11995][17:59:32:212973][info  ] PIP(Used 2392 MB), Batch 0
[LIBGPUSPATIAL] [ 11999][17:59:32:215433][info  ] PIP(Used 2324 MB), Batch 0
[LIBGPUSPATIAL] [ 12001][17:59:32:215830][info  ] PIP(Used 2335 MB), Batch 0
[LIBGPUSPATIAL] [ 11997][17:59:32:222481][info  ] PIP(Used 2321 MB), Batch 1
[LIBGPUSPATIAL] [ 12002][17:59:32:234496][info  ] PIP(Used 2321 MB), Batch 1
[LIBGPUSPATIAL] [ 11996][17:59:32:239295][info  ] RTSpatialRefiner 0x7c8c97d2a3a0 (Used 2297 MB), Loaded Geometries, ProbeArray 1333333, Loaded 838626, Type Point
[LIBGPUSPATIAL] [ 11998][17:59:32:244268][info  ] RTSpatialRefiner 0x7c8c97d2a3a0 (Used 2441 MB), Loaded Geometries, ProbeArray 1333333, Loaded 839762, Type Point
[LIBGPUSPATIAL] [ 11996][17:59:32:244900][info  ] RTSpatialRefiner 0x7c8c97d2a3a0 (Used 2447 MB), Evaluating 1644220 Geometry Pairs with Predicate Contains
[LIBGPUSPATIAL] [ 11996][17:59:32:251777][info  ] Unique multi-polygons 28027, memory quota 114 MB, estimated BVH size 306 MB, n_batches 3
[LIBGPUSPATIAL] [ 11998][17:59:32:271698][info  ] RTSpatialRefiner 0x7c8c97d2a3a0 (Used 2897 MB), Evaluating 1647885 Geometry Pairs with Predicate Contains
[LIBGPUSPATIAL] [ 11995][17:59:32:272063][info  ] PIP(Used 2859 MB), Batch 1
[LIBGPUSPATIAL] [ 11999][17:59:32:272363][info  ] PIP(Used 2809 MB), Batch 1
[LIBGPUSPATIAL] [ 11997][17:59:32:272629][info  ] PIP(Used 2721 MB), Batch 2
[LIBGPUSPATIAL] [ 12001][17:59:32:272937][info  ] PIP(Used 2676 MB), Batch 1
[LIBGPUSPATIAL] [ 11996][17:59:32:272974][info  ] PIP(Used 2607 MB), Batch 0
[LIBGPUSPATIAL] [ 12000][17:59:32:273007][info  ] RTSpatialRefiner 0x7c8c97d2a3a0 (Used 2520 MB), Loaded Geometries, ProbeArray 1333333, Loaded 839769, Type Point
[LIBGPUSPATIAL] [ 12002][17:59:32:273042][info  ] PIP(Used 2526 MB), Batch 2
[LIBGPUSPATIAL] [ 11998][17:59:32:275128][info  ] Unique multi-polygons 27972, memory quota 115 MB, estimated BVH size 305 MB, n_batches 3
[LIBGPUSPATIAL] [ 12000][17:59:32:278499][info  ] RTSpatialRefiner 0x7c8c97d2a3a0 (Used 2490 MB), Evaluating 1646306 Geometry Pairs with Predicate Contains
[LIBGPUSPATIAL] [ 11998][17:59:32:298755][info  ] PIP(Used 2361 MB), Batch 0
[LIBGPUSPATIAL] [ 12000][17:59:32:324722][info  ] Unique multi-polygons 27923, memory quota 114 MB, estimated BVH size 306 MB, n_batches 3
[LIBGPUSPATIAL] [ 11999][17:59:32:325439][info  ] PIP(Used 2695 MB), Batch 2
[LIBGPUSPATIAL] [ 11996][17:59:32:325494][info  ] PIP(Used 2650 MB), Batch 1
[LIBGPUSPATIAL] [ 12001][17:59:32:325545][info  ] PIP(Used 2561 MB), Batch 2
[LIBGPUSPATIAL] [ 11995][17:59:32:325592][info  ] PIP(Used 2474 MB), Batch 2
[LIBGPUSPATIAL] [ 11998][17:59:32:325642][info  ] PIP(Used 2429 MB), Batch 1
[LIBGPUSPATIAL] [ 12000][17:59:32:326859][info  ] PIP(Used 2291 MB), Batch 0
[LIBGPUSPATIAL] [ 12000][17:59:32:361538][info  ] PIP(Used 2126 MB), Batch 1
[LIBGPUSPATIAL] [ 11996][17:59:32:364007][info  ] PIP(Used 2151 MB), Batch 2
[LIBGPUSPATIAL] [ 11998][17:59:32:375217][info  ] PIP(Used 2148 MB), Batch 2
[LIBGPUSPATIAL] [ 12000][17:59:32:386679][info  ] PIP(Used 2104 MB), Batch 2
[LIBGPUSPATIAL] [ 11997][17:59:32:683867][info  ] RTSpatialIndex 0x7c8c9400a800 (Used 1980 MB), Allocate result buffer, memory consumption 12 MB, capacity 1648531
[LIBGPUSPATIAL] [ 11997][17:59:32:687093][info  ] RTSpatialIndex 0x7c8c9400a800 (Used 1992 MB), Probe Points, Size: 1333333, Results: 1648531
[LIBGPUSPATIAL] [ 11997][17:59:32:719380][info  ] RTSpatialRefiner 0x7c8c97d2a3a0 (Used 2005 MB), Loaded Geometries, ProbeArray 1333333, Loaded 841222, Type Point
[LIBGPUSPATIAL] [ 11997][17:59:32:720307][info  ] RTSpatialRefiner 0x7c8c97d2a3a0 (Used 2011 MB), Evaluating 1648531 Geometry Pairs with Predicate Contains
[LIBGPUSPATIAL] [ 11997][17:59:32:721509][info  ] Unique multi-polygons 27847, memory quota 118 MB, estimated BVH size 308 MB, n_batches 3
[LIBGPUSPATIAL] [ 11997][17:59:32:722457][info  ] PIP(Used 2052 MB), Batch 0
[LIBGPUSPATIAL] [ 11997][17:59:32:733184][info  ] PIP(Used 2038 MB), Batch 1
[LIBGPUSPATIAL] [ 12002][17:59:32:753913][info  ] RTSpatialIndex 0x7c8c9400a800 (Used 2024 MB), Allocate result buffer, memory consumption 12 MB, capacity 1647944
[LIBGPUSPATIAL] [ 11997][17:59:32:754991][info  ] PIP(Used 2085 MB), Batch 2
[LIBGPUSPATIAL] [ 12002][17:59:32:762024][info  ] RTSpatialIndex 0x7c8c9400a800 (Used 2034 MB), Probe Points, Size: 1333333, Results: 1647944
[LIBGPUSPATIAL] [ 11999][17:59:32:770160][info  ] RTSpatialIndex 0x7c8c9400a800 (Used 1998 MB), Allocate result buffer, memory consumption 12 MB, capacity 1650372
[LIBGPUSPATIAL] [ 11999][17:59:32:775806][info  ] RTSpatialIndex 0x7c8c9400a800 (Used 2028 MB), Probe Points, Size: 1333333, Results: 1650372
[LIBGPUSPATIAL] [ 12002][17:59:32:799210][info  ] RTSpatialRefiner 0x7c8c97d2a3a0 (Used 2041 MB), Loaded Geometries, ProbeArray 1333333, Loaded 839691, Type Point
[LIBGPUSPATIAL] [ 12002][17:59:32:800385][info  ] RTSpatialRefiner 0x7c8c97d2a3a0 (Used 2067 MB), Evaluating 1647944 Geometry Pairs with Predicate Contains
[LIBGPUSPATIAL] [ 12002][17:59:32:801238][info  ] Unique multi-polygons 28031, memory quota 117 MB, estimated BVH size 305 MB, n_batches 3
[LIBGPUSPATIAL] [ 11995][17:59:32:803125][info  ] RTSpatialIndex 0x7c8c9400a800 (Used 2098 MB), Allocate result buffer, memory consumption 12 MB, capacity 1646511
[LIBGPUSPATIAL] [ 12002][17:59:32:803148][info  ] PIP(Used 2098 MB), Batch 0
[LIBGPUSPATIAL] [ 11999][17:59:32:818718][info  ] RTSpatialRefiner 0x7c8c97d2a3a0 (Used 2162 MB), Loaded Geometries, ProbeArray 1333333, Loaded 841526, Type Point
[LIBGPUSPATIAL] [ 11995][17:59:32:819646][info  ] RTSpatialIndex 0x7c8c9400a800 (Used 2168 MB), Probe Points, Size: 1333333, Results: 1646511
[LIBGPUSPATIAL] [ 11999][17:59:32:821121][info  ] RTSpatialRefiner 0x7c8c97d2a3a0 (Used 2158 MB), Evaluating 1650372 Geometry Pairs with Predicate Contains
[LIBGPUSPATIAL] [ 12002][17:59:32:821361][info  ] PIP(Used 2113 MB), Batch 1
[LIBGPUSPATIAL] [ 12001][17:59:32:841391][info  ] RTSpatialIndex 0x7c8c9400a800 (Used 2079 MB), Allocate result buffer, memory consumption 12 MB, capacity 1646922
[LIBGPUSPATIAL] [ 11999][17:59:32:841982][info  ] Unique multi-polygons 28128, memory quota 117 MB, estimated BVH size 306 MB, n_batches 3
[LIBGPUSPATIAL] [ 12002][17:59:32:844242][info  ] PIP(Used 2255 MB), Batch 2
[LIBGPUSPATIAL] [ 11999][17:59:32:844361][info  ] PIP(Used 2186 MB), Batch 0
[LIBGPUSPATIAL] [ 12001][17:59:32:846354][info  ] RTSpatialIndex 0x7c8c9400a800 (Used 2097 MB), Probe Points, Size: 1333333, Results: 1646922
[LIBGPUSPATIAL] [ 11999][17:59:32:857310][info  ] PIP(Used 2093 MB), Batch 1
[LIBGPUSPATIAL] [ 11995][17:59:32:872534][info  ] RTSpatialRefiner 0x7c8c97d2a3a0 (Used 2085 MB), Loaded Geometries, ProbeArray 1333333, Loaded 839963, Type Point
[LIBGPUSPATIAL] [ 11995][17:59:32:873495][info  ] RTSpatialRefiner 0x7c8c97d2a3a0 (Used 2091 MB), Evaluating 1646511 Geometry Pairs with Predicate Contains
[LIBGPUSPATIAL] [ 11996][17:59:32:876761][info  ] RTSpatialIndex 0x7c8c9400a800 (Used 2102 MB), Allocate result buffer, memory consumption 12 MB, capacity 1647532
[LIBGPUSPATIAL] [ 11999][17:59:32:877458][info  ] PIP(Used 2163 MB), Batch 2
[LIBGPUSPATIAL] [ 11996][17:59:32:883186][info  ] RTSpatialIndex 0x7c8c9400a800 (Used 2112 MB), Probe Points, Size: 1333333, Results: 1647532
[LIBGPUSPATIAL] [ 11995][17:59:32:884954][info  ] Unique multi-polygons 27657, memory quota 117 MB, estimated BVH size 304 MB, n_batches 3
[LIBGPUSPATIAL] [ 11995][17:59:32:885807][info  ] PIP(Used 2087 MB), Batch 0
[LIBGPUSPATIAL] [ 12001][17:59:32:891864][info  ] RTSpatialRefiner 0x7c8c97d2a3a0 (Used 2068 MB), Loaded Geometries, ProbeArray 1333333, Loaded 839419, Type Point
[LIBGPUSPATIAL] [ 12001][17:59:32:892694][info  ] RTSpatialRefiner 0x7c8c97d2a3a0 (Used 2074 MB), Evaluating 1646922 Geometry Pairs with Predicate Contains
[LIBGPUSPATIAL] [ 12001][17:59:32:895305][info  ] Unique multi-polygons 27979, memory quota 117 MB, estimated BVH size 303 MB, n_batches 3
[LIBGPUSPATIAL] [ 11995][17:59:32:896181][info  ] PIP(Used 2225 MB), Batch 1
[LIBGPUSPATIAL] [ 12001][17:59:32:897090][info  ] PIP(Used 2131 MB), Batch 0
[LIBGPUSPATIAL] [ 12001][17:59:32:914747][info  ] PIP(Used 2117 MB), Batch 1
[LIBGPUSPATIAL] [ 11996][17:59:32:916539][info  ] RTSpatialRefiner 0x7c8c97d2a3a0 (Used 2093 MB), Loaded Geometries, ProbeArray 1333333, Loaded 840142, Type Point
[LIBGPUSPATIAL] [ 11996][17:59:32:917131][info  ] RTSpatialRefiner 0x7c8c97d2a3a0 (Used 2099 MB), Evaluating 1647532 Geometry Pairs with Predicate Contains
[LIBGPUSPATIAL] [ 11996][17:59:32:923471][info  ] Unique multi-polygons 27830, memory quota 117 MB, estimated BVH size 304 MB, n_batches 3
[LIBGPUSPATIAL] [ 11996][17:59:32:924280][info  ] PIP(Used 2140 MB), Batch 0
[LIBGPUSPATIAL] [ 11995][17:59:32:924606][info  ] PIP(Used 2150 MB), Batch 2
[LIBGPUSPATIAL] [ 11998][17:59:32:941201][info  ] RTSpatialIndex 0x7c8c9400a800 (Used 2115 MB), Allocate result buffer, memory consumption 12 MB, capacity 1647217
[LIBGPUSPATIAL] [ 12001][17:59:32:945068][info  ] PIP(Used 2198 MB), Batch 2
[LIBGPUSPATIAL] [ 11996][17:59:32:945231][info  ] PIP(Used 2154 MB), Batch 1
[LIBGPUSPATIAL] [ 11998][17:59:32:949597][info  ] RTSpatialIndex 0x7c8c9400a800 (Used 2099 MB), Probe Points, Size: 1333333, Results: 1647217
[LIBGPUSPATIAL] [ 11996][17:59:32:973086][info  ] PIP(Used 2091 MB), Batch 2
[LIBGPUSPATIAL] [ 12000][17:59:32:974642][info  ] RTSpatialIndex 0x7c8c9400a800 (Used 2074 MB), Allocate result buffer, memory consumption 12 MB, capacity 1647434
[LIBGPUSPATIAL] [ 12000][17:59:32:982576][info  ] RTSpatialIndex 0x7c8c9400a800 (Used 2028 MB), Probe Points, Size: 1333333, Results: 1647434
[LIBGPUSPATIAL] [ 11998][17:59:33:000910][info  ] RTSpatialRefiner 0x7c8c97d2a3a0 (Used 2041 MB), Loaded Geometries, ProbeArray 1333333, Loaded 839385, Type Point
[LIBGPUSPATIAL] [ 11998][17:59:33:001680][info  ] RTSpatialRefiner 0x7c8c97d2a3a0 (Used 2047 MB), Evaluating 1647217 Geometry Pairs with Predicate Contains
[LIBGPUSPATIAL] [ 11998][17:59:33:002474][info  ] Unique multi-polygons 28033, memory quota 117 MB, estimated BVH size 306 MB, n_batches 3
[LIBGPUSPATIAL] [ 11998][17:59:33:003265][info  ] PIP(Used 2088 MB), Batch 0
[LIBGPUSPATIAL] [ 11998][17:59:33:012275][info  ] PIP(Used 2074 MB), Batch 1
[LIBGPUSPATIAL] [ 12000][17:59:33:016884][info  ] RTSpatialRefiner 0x7c8c97d2a3a0 (Used 2049 MB), Loaded Geometries, ProbeArray 1333333, Loaded 839980, Type Point
[LIBGPUSPATIAL] [ 12000][17:59:33:017640][info  ] RTSpatialRefiner 0x7c8c97d2a3a0 (Used 2055 MB), Evaluating 1647434 Geometry Pairs with Predicate Contains
[LIBGPUSPATIAL] [ 12000][17:59:33:020749][info  ] Unique multi-polygons 28078, memory quota 117 MB, estimated BVH size 304 MB, n_batches 3
[LIBGPUSPATIAL] [ 12000][17:59:33:021542][info  ] PIP(Used 2095 MB), Batch 0
[LIBGPUSPATIAL] [ 11998][17:59:33:034201][info  ] PIP(Used 2106 MB), Batch 2
[LIBGPUSPATIAL] [ 12000][17:59:33:042668][info  ] PIP(Used 2080 MB), Batch 1
[LIBGPUSPATIAL] [ 12000][17:59:33:064548][info  ] PIP(Used 2062 MB), Batch 2
[LIBGPUSPATIAL] [ 11997][17:59:33:188395][info  ] RTSpatialIndex 0x7c8c9400a800 (Used 1980 MB), Allocate result buffer, memory consumption 12 MB, capacity 1648005
[LIBGPUSPATIAL] [ 11997][17:59:33:191875][info  ] RTSpatialIndex 0x7c8c9400a800 (Used 1992 MB), Probe Points, Size: 1333333, Results: 1648005
[LIBGPUSPATIAL] [ 11997][17:59:33:226153][info  ] RTSpatialRefiner 0x7c8c97d2a3a0 (Used 2005 MB), Loaded Geometries, ProbeArray 1333333, Loaded 840413, Type Point
[LIBGPUSPATIAL] [ 11997][17:59:33:227271][info  ] RTSpatialRefiner 0x7c8c97d2a3a0 (Used 2011 MB), Evaluating 1648005 Geometry Pairs with Predicate Contains
[LIBGPUSPATIAL] [ 11997][17:59:33:228054][info  ] Unique multi-polygons 27907, memory quota 118 MB, estimated BVH size 305 MB, n_batches 3
[LIBGPUSPATIAL] [ 11997][17:59:33:228735][info  ] PIP(Used 2052 MB), Batch 0
[LIBGPUSPATIAL] [ 11997][17:59:33:237658][info  ] PIP(Used 2038 MB), Batch 1
[LIBGPUSPATIAL] [ 11997][17:59:33:265359][info  ] PIP(Used 2082 MB), Batch 2
[LIBGPUSPATIAL] [ 12002][17:59:33:266984][info  ] RTSpatialIndex 0x7c8c9400a800 (Used 2072 MB), Allocate result buffer, memory consumption 12 MB, capacity 1646504
[LIBGPUSPATIAL] [ 12002][17:59:33:275701][info  ] RTSpatialIndex 0x7c8c9400a800 (Used 1992 MB), Probe Points, Size: 1333333, Results: 1646504
[LIBGPUSPATIAL] [ 11999][17:59:33:313573][info  ] RTSpatialIndex 0x7c8c9400a800 (Used 2015 MB), Allocate result buffer, memory consumption 12 MB, capacity 1646116
[LIBGPUSPATIAL] [ 12002][17:59:33:313573][info  ] RTSpatialRefiner 0x7c8c97d2a3a0 (Used 2015 MB), Loaded Geometries, ProbeArray 1333333, Loaded 839426, Type Point
[LIBGPUSPATIAL] [ 12002][17:59:33:314621][info  ] RTSpatialRefiner 0x7c8c97d2a3a0 (Used 2034 MB), Evaluating 1646504 Geometry Pairs with Predicate Contains
[LIBGPUSPATIAL] [ 12002][17:59:33:315401][info  ] Unique multi-polygons 27627, memory quota 117 MB, estimated BVH size 303 MB, n_batches 3
[LIBGPUSPATIAL] [ 11999][17:59:33:316672][info  ] RTSpatialIndex 0x7c8c9400a800 (Used 2143 MB), Probe Points, Size: 1333333, Results: 1646116
[LIBGPUSPATIAL] [ 12002][17:59:33:316828][info  ] PIP(Used 2052 MB), Batch 0
[LIBGPUSPATIAL] [ 12002][17:59:33:324950][info  ] PIP(Used 2057 MB), Batch 1
[LIBGPUSPATIAL] [ 12002][17:59:33:348339][info  ] PIP(Used 2097 MB), Batch 2
[LIBGPUSPATIAL] [ 11999][17:59:33:352966][info  ] RTSpatialRefiner 0x7c8c97d2a3a0 (Used 2047 MB), Loaded Geometries, ProbeArray 1333333, Loaded 839804, Type Point
[LIBGPUSPATIAL] [ 11999][17:59:33:353568][info  ] RTSpatialRefiner 0x7c8c97d2a3a0 (Used 2053 MB), Evaluating 1646116 Geometry Pairs with Predicate Contains
[LIBGPUSPATIAL] [ 11999][17:59:33:354655][info  ] Unique multi-polygons 27682, memory quota 117 MB, estimated BVH size 304 MB, n_batches 3
[LIBGPUSPATIAL] [ 11999][17:59:33:355330][info  ] PIP(Used 2094 MB), Batch 0
[LIBGPUSPATIAL] [ 11999][17:59:33:366623][info  ] PIP(Used 2038 MB), Batch 1
[LIBGPUSPATIAL] [ 11999][17:59:33:388162][info  ] PIP(Used 2062 MB), Batch 2
[LIBGPUSPATIAL] [ 11995][17:59:33:407835][info  ] RTSpatialIndex 0x7c8c9400a800 (Used 1980 MB), Allocate result buffer, memory consumption 12 MB, capacity 1641655
[LIBGPUSPATIAL] [ 11995][17:59:33:411146][info  ] RTSpatialIndex 0x7c8c9400a800 (Used 1992 MB), Probe Points, Size: 1333333, Results: 1641655
[LIBGPUSPATIAL] [ 11995][17:59:33:446071][info  ] RTSpatialRefiner 0x7c8c97d2a3a0 (Used 2005 MB), Loaded Geometries, ProbeArray 1333333, Loaded 838064, Type Point
[LIBGPUSPATIAL] [ 11995][17:59:33:447012][info  ] RTSpatialRefiner 0x7c8c97d2a3a0 (Used 2011 MB), Evaluating 1641655 Geometry Pairs with Predicate Contains
[LIBGPUSPATIAL] [ 11995][17:59:33:447807][info  ] Unique multi-polygons 28017, memory quota 118 MB, estimated BVH size 306 MB, n_batches 3
[LIBGPUSPATIAL] [ 11995][17:59:33:448480][info  ] PIP(Used 2052 MB), Batch 0
[LIBGPUSPATIAL] [ 11996][17:59:33:456901][info  ] RTSpatialIndex 0x7c8c9400a800 (Used 2024 MB), Allocate result buffer, memory consumption 12 MB, capacity 1647602
[LIBGPUSPATIAL] [ 11995][17:59:33:457664][info  ] PIP(Used 2061 MB), Batch 1
[LIBGPUSPATIAL] [ 11996][17:59:33:459785][info  ] RTSpatialIndex 0x7c8c9400a800 (Used 2056 MB), Probe Points, Size: 1333333, Results: 1647602
[LIBGPUSPATIAL] [ 12001][17:59:33:482189][info  ] RTSpatialIndex 0x7c8c9400a800 (Used 2085 MB), Allocate result buffer, memory consumption 12 MB, capacity 1646166
[LIBGPUSPATIAL] [ 11995][17:59:33:482189][info  ] PIP(Used 2085 MB), Batch 2
[LIBGPUSPATIAL] [ 12001][17:59:33:487143][info  ] RTSpatialIndex 0x7c8c9400a800 (Used 2073 MB), Probe Points, Size: 1333333, Results: 1646166
[LIBGPUSPATIAL] [ 11998][17:59:33:490975][info  ] RTSpatialIndex 0x7c8c9400a800 (Used 2040 MB), Allocate result buffer, memory consumption 12 MB, capacity 1648251
[LIBGPUSPATIAL] [ 11998][17:59:33:496086][info  ] RTSpatialIndex 0x7c8c9400a800 (Used 2047 MB), Probe Points, Size: 1333333, Results: 1648251
[LIBGPUSPATIAL] [ 11996][17:59:33:517706][info  ] RTSpatialRefiner 0x7c8c97d2a3a0 (Used 2060 MB), Loaded Geometries, ProbeArray 1333333, Loaded 840413, Type Point
[LIBGPUSPATIAL] [ 11996][17:59:33:518542][info  ] RTSpatialRefiner 0x7c8c97d2a3a0 (Used 2066 MB), Evaluating 1647602 Geometry Pairs with Predicate Contains
[LIBGPUSPATIAL] [ 11996][17:59:33:519300][info  ] Unique multi-polygons 27940, memory quota 117 MB, estimated BVH size 305 MB, n_batches 3
[LIBGPUSPATIAL] [ 11996][17:59:33:519930][info  ] PIP(Used 2106 MB), Batch 0
[LIBGPUSPATIAL] [ 12001][17:59:33:522652][info  ] RTSpatialRefiner 0x7c8c97d2a3a0 (Used 2085 MB), Loaded Geometries, ProbeArray 1333333, Loaded 840209, Type Point
[LIBGPUSPATIAL] [ 12001][17:59:33:523820][info  ] RTSpatialRefiner 0x7c8c97d2a3a0 (Used 2091 MB), Evaluating 1646166 Geometry Pairs with Predicate Contains
[LIBGPUSPATIAL] [ 12000][17:59:33:528666][info  ] RTSpatialIndex 0x7c8c9400a800 (Used 2108 MB), Allocate result buffer, memory consumption 12 MB, capacity 1645557
[LIBGPUSPATIAL] [ 11996][17:59:33:532096][info  ] PIP(Used 2132 MB), Batch 1
[LIBGPUSPATIAL] [ 12001][17:59:33:534060][info  ] Unique multi-polygons 27841, memory quota 117 MB, estimated BVH size 305 MB, n_batches 3
[LIBGPUSPATIAL] [ 12001][17:59:33:554928][info  ] PIP(Used 2291 MB), Batch 0
[LIBGPUSPATIAL] [ 11998][17:59:33:555400][info  ] RTSpatialRefiner 0x7c8c97d2a3a0 (Used 2291 MB), Loaded Geometries, ProbeArray 1333333, Loaded 840587, Type Point
[LIBGPUSPATIAL] [ 12000][17:59:33:556090][info  ] RTSpatialIndex 0x7c8c9400a800 (Used 2297 MB), Probe Points, Size: 1333333, Results: 1645557
[LIBGPUSPATIAL] [ 11998][17:59:33:556423][info  ] RTSpatialRefiner 0x7c8c97d2a3a0 (Used 2287 MB), Evaluating 1648251 Geometry Pairs with Predicate Contains
[LIBGPUSPATIAL] [ 11996][17:59:33:556587][info  ] PIP(Used 2199 MB), Batch 2
[LIBGPUSPATIAL] [ 11998][17:59:33:564451][info  ] Unique multi-polygons 27851, memory quota 117 MB, estimated BVH size 304 MB, n_batches 3
[LIBGPUSPATIAL] [ 11998][17:59:33:565176][info  ] PIP(Used 2157 MB), Batch 0
[LIBGPUSPATIAL] [ 12001][17:59:33:567074][info  ] PIP(Used 2101 MB), Batch 1
[LIBGPUSPATIAL] [ 11998][17:59:33:577404][info  ] PIP(Used 2118 MB), Batch 1
[LIBGPUSPATIAL] [ 12001][17:59:33:593636][info  ] PIP(Used 2142 MB), Batch 2
[LIBGPUSPATIAL] [ 12000][17:59:33:594128][info  ] RTSpatialRefiner 0x7c8c97d2a3a0 (Used 2091 MB), Loaded Geometries, ProbeArray 1333333, Loaded 839929, Type Point
[LIBGPUSPATIAL] [ 12000][17:59:33:594699][info  ] RTSpatialRefiner 0x7c8c97d2a3a0 (Used 2097 MB), Evaluating 1645557 Geometry Pairs with Predicate Contains
[LIBGPUSPATIAL] [ 12000][17:59:33:598832][info  ] Unique multi-polygons 27739, memory quota 117 MB, estimated BVH size 304 MB, n_batches 3
[LIBGPUSPATIAL] [ 12000][17:59:33:599667][info  ] PIP(Used 2138 MB), Batch 0
[LIBGPUSPATIAL] [ 11998][17:59:33:605106][info  ] PIP(Used 2106 MB), Batch 2
[LIBGPUSPATIAL] [ 12000][17:59:33:611420][info  ] PIP(Used 2080 MB), Batch 1
[LIBGPUSPATIAL] [ 12000][17:59:33:630895][info  ] PIP(Used 2062 MB), Batch 2
[LIBGPUSPATIAL] [ 11997][17:59:33:707995][info  ] RTSpatialIndex 0x7c8c9400a800 (Used 1980 MB), Allocate result buffer, memory consumption 12 MB, capacity 1645329
[LIBGPUSPATIAL] [ 11997][17:59:33:710532][info  ] RTSpatialIndex 0x7c8c9400a800 (Used 1992 MB), Probe Points, Size: 1333333, Results: 1645329
[LIBGPUSPATIAL] [ 11997][17:59:33:751452][info  ] RTSpatialRefiner 0x7c8c97d2a3a0 (Used 2005 MB), Loaded Geometries, ProbeArray 1333333, Loaded 839287, Type Point
[LIBGPUSPATIAL] [ 11997][17:59:33:752294][info  ] RTSpatialRefiner 0x7c8c97d2a3a0 (Used 2011 MB), Evaluating 1645329 Geometry Pairs with Predicate Contains
[LIBGPUSPATIAL] [ 11997][17:59:33:753118][info  ] Unique multi-polygons 27625, memory quota 118 MB, estimated BVH size 303 MB, n_batches 3
[LIBGPUSPATIAL] [ 11997][17:59:33:757137][info  ] PIP(Used 2052 MB), Batch 0
[LIBGPUSPATIAL] [ 11997][17:59:33:764393][info  ] PIP(Used 2038 MB), Batch 1
[LIBGPUSPATIAL] [ 11997][17:59:33:785979][info  ] PIP(Used 2062 MB), Batch 2
[LIBGPUSPATIAL] [ 12002][17:59:33:800276][info  ] RTSpatialIndex 0x7c8c9400a800 (Used 1980 MB), Allocate result buffer, memory consumption 12 MB, capacity 1648385
[LIBGPUSPATIAL] [ 12002][17:59:33:804185][info  ] RTSpatialIndex 0x7c8c9400a800 (Used 1992 MB), Probe Points, Size: 1333333, Results: 1648385
[LIBGPUSPATIAL] [ 12002][17:59:33:844198][info  ] RTSpatialRefiner 0x7c8c97d2a3a0 (Used 2005 MB), Loaded Geometries, ProbeArray 1333333, Loaded 840314, Type Point
[LIBGPUSPATIAL] [ 12002][17:59:33:845741][info  ] RTSpatialRefiner 0x7c8c97d2a3a0 (Used 2011 MB), Evaluating 1648385 Geometry Pairs with Predicate Contains
[LIBGPUSPATIAL] [ 12002][17:59:33:846891][info  ] Unique multi-polygons 28147, memory quota 118 MB, estimated BVH size 306 MB, n_batches 3
[LIBGPUSPATIAL] [ 12002][17:59:33:847789][info  ] PIP(Used 2052 MB), Batch 0
[LIBGPUSPATIAL] [ 11999][17:59:33:856151][info  ] RTSpatialIndex 0x7c8c9400a800 (Used 2024 MB), Allocate result buffer, memory consumption 12 MB, capacity 1645207
[LIBGPUSPATIAL] [ 12002][17:59:33:856878][info  ] PIP(Used 2061 MB), Batch 1
[LIBGPUSPATIAL] [ 11999][17:59:33:858797][info  ] RTSpatialIndex 0x7c8c9400a800 (Used 2036 MB), Probe Points, Size: 1333333, Results: 1645207
[LIBGPUSPATIAL] [ 12002][17:59:33:879159][info  ] PIP(Used 2075 MB), Batch 2
[LIBGPUSPATIAL] [ 11999][17:59:33:906120][info  ] RTSpatialRefiner 0x7c8c97d2a3a0 (Used 2005 MB), Loaded Geometries, ProbeArray 1333333, Loaded 839661, Type Point
[LIBGPUSPATIAL] [ 11999][17:59:33:906714][info  ] RTSpatialRefiner 0x7c8c97d2a3a0 (Used 2011 MB), Evaluating 1645207 Geometry Pairs with Predicate Contains
[LIBGPUSPATIAL] [ 11999][17:59:33:907468][info  ] Unique multi-polygons 27762, memory quota 118 MB, estimated BVH size 304 MB, n_batches 3
[LIBGPUSPATIAL] [ 11999][17:59:33:908230][info  ] PIP(Used 2052 MB), Batch 0
[LIBGPUSPATIAL] [ 11999][17:59:33:917124][info  ] PIP(Used 2038 MB), Batch 1
[LIBGPUSPATIAL] [ 11999][17:59:33:938605][info  ] PIP(Used 2062 MB), Batch 2
[LIBGPUSPATIAL] [ 11995][17:59:33:946268][info  ] RTSpatialIndex 0x7c8c9400a800 (Used 2027 MB), Allocate result buffer, memory consumption 12 MB, capacity 1646753
[LIBGPUSPATIAL] [ 11995][17:59:33:950481][info  ] RTSpatialIndex 0x7c8c9400a800 (Used 1992 MB), Probe Points, Size: 1333333, Results: 1646753
[LIBGPUSPATIAL] [ 11995][17:59:33:983071][info  ] RTSpatialRefiner 0x7c8c97d2a3a0 (Used 2005 MB), Loaded Geometries, ProbeArray 1333333, Loaded 840101, Type Point
[LIBGPUSPATIAL] [ 11995][17:59:33:983776][info  ] RTSpatialRefiner 0x7c8c97d2a3a0 (Used 2011 MB), Evaluating 1646753 Geometry Pairs with Predicate Contains
[LIBGPUSPATIAL] [ 11995][17:59:33:984590][info  ] Unique multi-polygons 28203, memory quota 118 MB, estimated BVH size 307 MB, n_batches 3
[LIBGPUSPATIAL] [ 11995][17:59:33:985272][info  ] PIP(Used 2052 MB), Batch 0
[LIBGPUSPATIAL] [ 11995][17:59:33:995868][info  ] PIP(Used 2038 MB), Batch 1
[LIBGPUSPATIAL] [ 11996][17:59:34:018477][info  ] RTSpatialIndex 0x7c8c9400a800 (Used 2024 MB), Allocate result buffer, memory consumption 12 MB, capacity 1646457
[LIBGPUSPATIAL] [ 11995][17:59:34:019560][info  ] PIP(Used 2085 MB), Batch 2
[LIBGPUSPATIAL] [ 11996][17:59:34:022272][info  ] RTSpatialIndex 0x7c8c9400a800 (Used 2034 MB), Probe Points, Size: 1333333, Results: 1646457
[LIBGPUSPATIAL] [ 12001][17:59:34:058560][info  ] RTSpatialIndex 0x7c8c9400a800 (Used 2015 MB), Allocate result buffer, memory consumption 12 MB, capacity 1645742
[LIBGPUSPATIAL] [ 11996][17:59:34:058564][info  ] RTSpatialRefiner 0x7c8c97d2a3a0 (Used 2015 MB), Loaded Geometries, ProbeArray 1333333, Loaded 839697, Type Point
[LIBGPUSPATIAL] [ 11996][17:59:34:059385][info  ] RTSpatialRefiner 0x7c8c97d2a3a0 (Used 2034 MB), Evaluating 1646457 Geometry Pairs with Predicate Contains
[LIBGPUSPATIAL] [ 11996][17:59:34:060144][info  ] Unique multi-polygons 27930, memory quota 117 MB, estimated BVH size 304 MB, n_batches 3
[LIBGPUSPATIAL] [ 12001][17:59:34:061203][info  ] RTSpatialIndex 0x7c8c9400a800 (Used 2144 MB), Probe Points, Size: 1333348, Results: 1645742
[LIBGPUSPATIAL] [ 11996][17:59:34:061284][info  ] PIP(Used 2052 MB), Batch 0
[LIBGPUSPATIAL] [ 11996][17:59:34:073231][info  ] PIP(Used 2056 MB), Batch 1
[LIBGPUSPATIAL] [ 11998][17:59:34:094946][info  ] RTSpatialIndex 0x7c8c9400a800 (Used 2059 MB), Allocate result buffer, memory consumption 12 MB, capacity 1646862
[LIBGPUSPATIAL] [ 11996][17:59:34:096208][info  ] PIP(Used 2120 MB), Batch 2
[LIBGPUSPATIAL] [ 12001][17:59:34:099938][info  ] RTSpatialRefiner 0x7c8c97d2a3a0 (Used 2070 MB), Loaded Geometries, ProbeArray 1333348, Loaded 839633, Type Point
[LIBGPUSPATIAL] [ 12001][17:59:34:100940][info  ] RTSpatialRefiner 0x7c8c97d2a3a0 (Used 2076 MB), Evaluating 1645742 Geometry Pairs with Predicate Contains
[LIBGPUSPATIAL] [ 11998][17:59:34:101068][info  ] RTSpatialIndex 0x7c8c9400a800 (Used 2089 MB), Probe Points, Size: 1333333, Results: 1646862
[LIBGPUSPATIAL] [ 12001][17:59:34:104230][info  ] Unique multi-polygons 28150, memory quota 117 MB, estimated BVH size 306 MB, n_batches 3
[LIBGPUSPATIAL] [ 12001][17:59:34:105249][info  ] PIP(Used 2071 MB), Batch 0
[LIBGPUSPATIAL] [ 12001][17:59:34:114179][info  ] PIP(Used 2074 MB), Batch 1
[LIBGPUSPATIAL] [ 12000][17:59:34:133508][info  ] RTSpatialIndex 0x7c8c9400a800 (Used 2059 MB), Allocate result buffer, memory consumption 12 MB, capacity 1648121
[LIBGPUSPATIAL] [ 12001][17:59:34:136336][info  ] PIP(Used 2120 MB), Batch 2
[LIBGPUSPATIAL] [ 11998][17:59:34:136516][info  ] RTSpatialRefiner 0x7c8c97d2a3a0 (Used 2120 MB), Loaded Geometries, ProbeArray 1333333, Loaded 839890, Type Point
[LIBGPUSPATIAL] [ 11998][17:59:34:138442][info  ] RTSpatialRefiner 0x7c8c97d2a3a0 (Used 2127 MB), Evaluating 1646862 Geometry Pairs with Predicate Contains
[LIBGPUSPATIAL] [ 12000][17:59:34:140132][info  ] RTSpatialIndex 0x7c8c9400a800 (Used 2082 MB), Probe Points, Size: 1333333, Results: 1648121
[LIBGPUSPATIAL] [ 11998][17:59:34:143103][info  ] Unique multi-polygons 27970, memory quota 117 MB, estimated BVH size 307 MB, n_batches 3
[LIBGPUSPATIAL] [ 11998][17:59:34:144195][info  ] PIP(Used 2071 MB), Batch 0
[LIBGPUSPATIAL] [ 11998][17:59:34:153510][info  ] PIP(Used 2074 MB), Batch 1
[LIBGPUSPATIAL] [ 11998][17:59:34:180167][info  ] PIP(Used 2098 MB), Batch 2
[LIBGPUSPATIAL] [ 12000][17:59:34:180915][info  ] RTSpatialRefiner 0x7c8c97d2a3a0 (Used 2098 MB), Loaded Geometries, ProbeArray 1333333, Loaded 840308, Type Point
[LIBGPUSPATIAL] [ 12000][17:59:34:182579][info  ] RTSpatialRefiner 0x7c8c97d2a3a0 (Used 2053 MB), Evaluating 1648121 Geometry Pairs with Predicate Contains
[LIBGPUSPATIAL] [ 12000][17:59:34:184691][info  ] Unique multi-polygons 28005, memory quota 117 MB, estimated BVH size 304 MB, n_batches 3
[LIBGPUSPATIAL] [ 12000][17:59:34:185419][info  ] PIP(Used 2094 MB), Batch 0
[LIBGPUSPATIAL] [ 12000][17:59:34:198794][info  ] PIP(Used 2038 MB), Batch 1
[LIBGPUSPATIAL] [ 12000][17:59:34:222509][info  ] PIP(Used 2062 MB), Batch 2
[LIBGPUSPATIAL] [ 11997][17:59:34:233948][info  ] RTSpatialIndex 0x7c8c9400a800 (Used 1980 MB), Allocate result buffer, memory consumption 12 MB, capacity 1645498
[LIBGPUSPATIAL] [ 11997][17:59:34:238151][info  ] RTSpatialIndex 0x7c8c9400a800 (Used 1992 MB), Probe Points, Size: 1333333, Results: 1645498
[LIBGPUSPATIAL] [ 11997][17:59:34:271163][info  ] RTSpatialRefiner 0x7c8c97d2a3a0 (Used 2005 MB), Loaded Geometries, ProbeArray 1333333, Loaded 839691, Type Point
[LIBGPUSPATIAL] [ 11997][17:59:34:271808][info  ] RTSpatialRefiner 0x7c8c97d2a3a0 (Used 2011 MB), Evaluating 1645498 Geometry Pairs with Predicate Contains
[LIBGPUSPATIAL] [ 11997][17:59:34:272535][info  ] Unique multi-polygons 27910, memory quota 118 MB, estimated BVH size 305 MB, n_batches 3
[LIBGPUSPATIAL] [ 11997][17:59:34:273205][info  ] PIP(Used 2052 MB), Batch 0
[LIBGPUSPATIAL] [ 11997][17:59:34:285980][info  ] PIP(Used 2038 MB), Batch 1
[LIBGPUSPATIAL] [ 11997][17:59:34:306962][info  ] PIP(Used 2062 MB), Batch 2
[LIBGPUSPATIAL] [ 12002][17:59:34:338597][info  ] RTSpatialIndex 0x7c8c9400a800 (Used 1980 MB), Allocate result buffer, memory consumption 12 MB, capacity 1644146
[LIBGPUSPATIAL] [ 12002][17:59:34:344318][info  ] RTSpatialIndex 0x7c8c9400a800 (Used 1992 MB), Probe Points, Size: 1333333, Results: 1644146
[LIBGPUSPATIAL] [ 12002][17:59:34:381743][info  ] RTSpatialRefiner 0x7c8c97d2a3a0 (Used 2005 MB), Loaded Geometries, ProbeArray 1333333, Loaded 839022, Type Point
[LIBGPUSPATIAL] [ 12002][17:59:34:382800][info  ] RTSpatialRefiner 0x7c8c97d2a3a0 (Used 2011 MB), Evaluating 1644146 Geometry Pairs with Predicate Contains
[LIBGPUSPATIAL] [ 12002][17:59:34:383903][info  ] Unique multi-polygons 27804, memory quota 118 MB, estimated BVH size 304 MB, n_batches 3
[LIBGPUSPATIAL] [ 12002][17:59:34:384661][info  ] PIP(Used 2052 MB), Batch 0
[LIBGPUSPATIAL] [ 12002][17:59:34:396664][info  ] PIP(Used 2038 MB), Batch 1
[LIBGPUSPATIAL] [ 11999][17:59:34:418011][info  ] RTSpatialIndex 0x7c8c9400a800 (Used 2024 MB), Allocate result buffer, memory consumption 12 MB, capacity 1645024
[LIBGPUSPATIAL] [ 12002][17:59:34:418855][info  ] PIP(Used 2085 MB), Batch 2
[LIBGPUSPATIAL] [ 11999][17:59:34:420863][info  ] RTSpatialIndex 0x7c8c9400a800 (Used 2034 MB), Probe Points, Size: 1333333, Results: 1645024
[LIBGPUSPATIAL] [ 11999][17:59:34:459178][info  ] RTSpatialRefiner 0x7c8c97d2a3a0 (Used 2005 MB), Loaded Geometries, ProbeArray 1333333, Loaded 838838, Type Point
[LIBGPUSPATIAL] [ 11999][17:59:34:462974][info  ] RTSpatialRefiner 0x7c8c97d2a3a0 (Used 2011 MB), Evaluating 1645024 Geometry Pairs with Predicate Contains
[LIBGPUSPATIAL] [ 11999][17:59:34:463717][info  ] Unique multi-polygons 27870, memory quota 118 MB, estimated BVH size 306 MB, n_batches 3
[LIBGPUSPATIAL] [ 11999][17:59:34:464340][info  ] PIP(Used 2052 MB), Batch 0
[LIBGPUSPATIAL] [ 11999][17:59:34:473413][info  ] PIP(Used 2038 MB), Batch 1
[LIBGPUSPATIAL] [ 11995][17:59:34:496782][info  ] RTSpatialIndex 0x7c8c9400a800 (Used 2160 MB), Allocate result buffer, memory consumption 12 MB, capacity 1645749
[LIBGPUSPATIAL] [ 11999][17:59:34:496880][info  ] PIP(Used 2072 MB), Batch 2
[LIBGPUSPATIAL] [ 11995][17:59:34:502512][info  ] RTSpatialIndex 0x7c8c9400a800 (Used 2034 MB), Probe Points, Size: 1333333, Results: 1645749
[LIBGPUSPATIAL] [ 11995][17:59:34:534529][info  ] RTSpatialRefiner 0x7c8c97d2a3a0 (Used 2005 MB), Loaded Geometries, ProbeArray 1333333, Loaded 839308, Type Point
[LIBGPUSPATIAL] [ 11995][17:59:34:535260][info  ] RTSpatialRefiner 0x7c8c97d2a3a0 (Used 2032 MB), Evaluating 1645749 Geometry Pairs with Predicate Contains
[LIBGPUSPATIAL] [ 11995][17:59:34:536784][info  ] Unique multi-polygons 27726, memory quota 117 MB, estimated BVH size 303 MB, n_batches 3
[LIBGPUSPATIAL] [ 11995][17:59:34:537920][info  ] PIP(Used 2072 MB), Batch 0
[LIBGPUSPATIAL] [ 11996][17:59:34:541104][info  ] RTSpatialIndex 0x7c8c9400a800 (Used 2062 MB), Allocate result buffer, memory consumption 12 MB, capacity 1647709
[LIBGPUSPATIAL] [ 11995][17:59:34:549818][info  ] PIP(Used 2061 MB), Batch 1
[LIBGPUSPATIAL] [ 11996][17:59:34:550695][info  ] RTSpatialIndex 0x7c8c9400a800 (Used 2036 MB), Probe Points, Size: 1333333, Results: 1647709
[LIBGPUSPATIAL] [ 11995][17:59:34:569493][info  ] PIP(Used 2074 MB), Batch 2
[LIBGPUSPATIAL] [ 12001][17:59:34:593092][info  ] RTSpatialIndex 0x7c8c9400a800 (Used 2015 MB), Allocate result buffer, memory consumption 12 MB, capacity 1648837
[LIBGPUSPATIAL] [ 12001][17:59:34:595575][info  ] RTSpatialIndex 0x7c8c9400a800 (Used 2028 MB), Probe Points, Size: 1333333, Results: 1648837
[LIBGPUSPATIAL] [ 11996][17:59:34:604174][info  ] RTSpatialRefiner 0x7c8c97d2a3a0 (Used 2024 MB), Loaded Geometries, ProbeArray 1333333, Loaded 839838, Type Point
[LIBGPUSPATIAL] [ 11996][17:59:34:604763][info  ] RTSpatialRefiner 0x7c8c97d2a3a0 (Used 2030 MB), Evaluating 1647709 Geometry Pairs with Predicate Contains
[LIBGPUSPATIAL] [ 11996][17:59:34:605488][info  ] Unique multi-polygons 27796, memory quota 117 MB, estimated BVH size 304 MB, n_batches 3
[LIBGPUSPATIAL] [ 11996][17:59:34:607149][info  ] PIP(Used 2071 MB), Batch 0
[LIBGPUSPATIAL] [ 11996][17:59:34:619646][info  ] PIP(Used 2074 MB), Batch 1
[LIBGPUSPATIAL] [ 12001][17:59:34:632106][info  ] RTSpatialRefiner 0x7c8c97d2a3a0 (Used 2049 MB), Loaded Geometries, ProbeArray 1333333, Loaded 841005, Type Point
[LIBGPUSPATIAL] [ 12001][17:59:34:633188][info  ] RTSpatialRefiner 0x7c8c97d2a3a0 (Used 2055 MB), Evaluating 1648837 Geometry Pairs with Predicate Contains
[LIBGPUSPATIAL] [ 12001][17:59:34:633980][info  ] Unique multi-polygons 27902, memory quota 117 MB, estimated BVH size 304 MB, n_batches 3
[LIBGPUSPATIAL] [ 12001][17:59:34:634751][info  ] PIP(Used 2096 MB), Batch 0
[LIBGPUSPATIAL] [ 11996][17:59:34:642743][info  ] PIP(Used 2106 MB), Batch 2
[LIBGPUSPATIAL] [ 12001][17:59:34:645034][info  ] PIP(Used 2101 MB), Batch 1
[LIBGPUSPATIAL] [ 11998][17:59:34:668832][info  ] RTSpatialIndex 0x7c8c9400a800 (Used 2071 MB), Allocate result buffer, memory consumption 12 MB, capacity 1647960
[LIBGPUSPATIAL] [ 12001][17:59:34:670225][info  ] PIP(Used 2085 MB), Batch 2
[LIBGPUSPATIAL] [ 11998][17:59:34:677103][info  ] RTSpatialIndex 0x7c8c9400a800 (Used 2034 MB), Probe Points, Size: 1333333, Results: 1647960
[LIBGPUSPATIAL] [ 11998][17:59:34:708578][info  ] RTSpatialRefiner 0x7c8c97d2a3a0 (Used 2005 MB), Loaded Geometries, ProbeArray 1333333, Loaded 840128, Type Point
[LIBGPUSPATIAL] [ 11998][17:59:34:709361][info  ] RTSpatialRefiner 0x7c8c97d2a3a0 (Used 2011 MB), Evaluating 1647960 Geometry Pairs with Predicate Contains
[LIBGPUSPATIAL] [ 11998][17:59:34:710133][info  ] Unique multi-polygons 27836, memory quota 117 MB, estimated BVH size 305 MB, n_batches 3
[LIBGPUSPATIAL] [ 11998][17:59:34:711349][info  ] PIP(Used 2072 MB), Batch 0
[LIBGPUSPATIAL] [ 12000][17:59:34:714174][info  ] RTSpatialIndex 0x7c8c9400a800 (Used 2062 MB), Allocate result buffer, memory consumption 12 MB, capacity 1649333
[LIBGPUSPATIAL] [ 11998][17:59:34:723558][info  ] PIP(Used 2061 MB), Batch 1
[LIBGPUSPATIAL] [ 12000][17:59:34:727240][info  ] RTSpatialIndex 0x7c8c9400a800 (Used 2036 MB), Probe Points, Size: 1333333, Results: 1649333
[LIBGPUSPATIAL] [ 11998][17:59:34:743410][info  ] PIP(Used 2075 MB), Batch 2
[LIBGPUSPATIAL] [ 12000][17:59:34:768814][info  ] RTSpatialRefiner 0x7c8c97d2a3a0 (Used 2005 MB), Loaded Geometries, ProbeArray 1333333, Loaded 840768, Type Point
[LIBGPUSPATIAL] [ 12000][17:59:34:769471][info  ] RTSpatialRefiner 0x7c8c97d2a3a0 (Used 2011 MB), Evaluating 1649333 Geometry Pairs with Predicate Contains
[LIBGPUSPATIAL] [ 12000][17:59:34:770294][info  ] Unique multi-polygons 27774, memory quota 118 MB, estimated BVH size 305 MB, n_batches 3
[LIBGPUSPATIAL] [ 12000][17:59:34:770928][info  ] PIP(Used 2052 MB), Batch 0
[LIBGPUSPATIAL] [ 12000][17:59:34:779602][info  ] PIP(Used 2038 MB), Batch 1
[LIBGPUSPATIAL] [ 11997][17:59:34:799654][info  ] RTSpatialIndex 0x7c8c9400a800 (Used 2024 MB), Allocate result buffer, memory consumption 12 MB, capacity 1645320
[LIBGPUSPATIAL] [ 12000][17:59:34:800362][info  ] PIP(Used 2085 MB), Batch 2
[LIBGPUSPATIAL] [ 11997][17:59:34:802391][info  ] RTSpatialIndex 0x7c8c9400a800 (Used 2034 MB), Probe Points, Size: 1333333, Results: 1645320
[LIBGPUSPATIAL] [ 11997][17:59:34:842053][info  ] RTSpatialRefiner 0x7c8c97d2a3a0 (Used 2005 MB), Loaded Geometries, ProbeArray 1333333, Loaded 839240, Type Point
[LIBGPUSPATIAL] [ 11997][17:59:34:842836][info  ] RTSpatialRefiner 0x7c8c97d2a3a0 (Used 2011 MB), Evaluating 1645320 Geometry Pairs with Predicate Contains
[LIBGPUSPATIAL] [ 11997][17:59:34:843689][info  ] Unique multi-polygons 27848, memory quota 118 MB, estimated BVH size 303 MB, n_batches 3
[LIBGPUSPATIAL] [ 11997][17:59:34:844469][info  ] PIP(Used 2052 MB), Batch 0
[LIBGPUSPATIAL] [ 11997][17:59:34:853734][info  ] PIP(Used 2038 MB), Batch 1
[LIBGPUSPATIAL] [ 11997][17:59:34:873588][info  ] PIP(Used 2061 MB), Batch 2
[LIBGPUSPATIAL] [ 12002][17:59:34:995216][info  ] RTSpatialIndex 0x7c8c9400a800 (Used 1980 MB), Allocate result buffer, memory consumption 12 MB, capacity 1649779
[LIBGPUSPATIAL] [ 12002][17:59:34:997892][info  ] RTSpatialIndex 0x7c8c9400a800 (Used 1992 MB), Probe Points, Size: 1333333, Results: 1649779
[LIBGPUSPATIAL] [ 12002][17:59:35:029250][info  ] RTSpatialRefiner 0x7c8c97d2a3a0 (Used 2005 MB), Loaded Geometries, ProbeArray 1333333, Loaded 840703, Type Point
[LIBGPUSPATIAL] [ 12002][17:59:35:029820][info  ] RTSpatialRefiner 0x7c8c97d2a3a0 (Used 2011 MB), Evaluating 1649779 Geometry Pairs with Predicate Contains
[LIBGPUSPATIAL] [ 12002][17:59:35:030539][info  ] Unique multi-polygons 27934, memory quota 118 MB, estimated BVH size 305 MB, n_batches 3
[LIBGPUSPATIAL] [ 12002][17:59:35:031113][info  ] PIP(Used 2052 MB), Batch 0
[LIBGPUSPATIAL] [ 12002][17:59:35:040081][info  ] PIP(Used 2038 MB), Batch 1
[LIBGPUSPATIAL] [ 12002][17:59:35:060478][info  ] PIP(Used 2062 MB), Batch 2
[LIBGPUSPATIAL] [ 12001][17:59:35:137832][info  ] RTSpatialIndex 0x7c8c9400a800 (Used 1980 MB), Allocate result buffer, memory consumption 12 MB, capacity 1647674
[LIBGPUSPATIAL] [ 12001][17:59:35:140341][info  ] RTSpatialIndex 0x7c8c9400a800 (Used 1992 MB), Probe Points, Size: 1333333, Results: 1647674
[LIBGPUSPATIAL] [ 12001][17:59:35:161748][info  ] RTSpatialRefiner 0x7c8c97d2a3a0 (Used 2005 MB), Loaded Geometries, ProbeArray 1333333, Loaded 840257, Type Point
[LIBGPUSPATIAL] [ 12001][17:59:35:162333][info  ] RTSpatialRefiner 0x7c8c97d2a3a0 (Used 2011 MB), Evaluating 1647674 Geometry Pairs with Predicate Contains
[LIBGPUSPATIAL] [ 12001][17:59:35:163051][info  ] Unique multi-polygons 27834, memory quota 118 MB, estimated BVH size 305 MB, n_batches 3
[LIBGPUSPATIAL] [ 12001][17:59:35:163647][info  ] PIP(Used 2052 MB), Batch 0
[LIBGPUSPATIAL] [ 12001][17:59:35:177566][info  ] PIP(Used 2038 MB), Batch 1
[LIBGPUSPATIAL] [ 11996][17:59:35:197801][info  ] RTSpatialIndex 0x7c8c9400a800 (Used 2024 MB), Allocate result buffer, memory consumption 12 MB, capacity 1648825
[LIBGPUSPATIAL] [ 12001][17:59:35:198459][info  ] PIP(Used 2085 MB), Batch 2
[LIBGPUSPATIAL] [ 11996][17:59:35:200281][info  ] RTSpatialIndex 0x7c8c9400a800 (Used 2034 MB), Probe Points, Size: 1333333, Results: 1648825
[LIBGPUSPATIAL] [ 12000][17:59:35:221938][info  ] RTSpatialIndex 0x7c8c9400a800 (Used 2015 MB), Allocate result buffer, memory consumption 12 MB, capacity 1644920
[LIBGPUSPATIAL] [ 11996][17:59:35:223893][info  ] RTSpatialRefiner 0x7c8c97d2a3a0 (Used 2028 MB), Loaded Geometries, ProbeArray 1333333, Loaded 840818, Type Point
[LIBGPUSPATIAL] [ 12000][17:59:35:224573][info  ] RTSpatialIndex 0x7c8c9400a800 (Used 2034 MB), Probe Points, Size: 1333333, Results: 1644920
[LIBGPUSPATIAL] [ 11996][17:59:35:224580][info  ] RTSpatialRefiner 0x7c8c97d2a3a0 (Used 2034 MB), Evaluating 1648825 Geometry Pairs with Predicate Contains
[LIBGPUSPATIAL] [ 11996][17:59:35:225285][info  ] Unique multi-polygons 27734, memory quota 118 MB, estimated BVH size 304 MB, n_batches 3
[LIBGPUSPATIAL] [ 11996][17:59:35:225834][info  ] PIP(Used 2052 MB), Batch 0
[LIBGPUSPATIAL] [ 11996][17:59:35:234976][info  ] PIP(Used 2073 MB), Batch 1
[LIBGPUSPATIAL] [ 12000][17:59:35:244376][info  ] RTSpatialRefiner 0x7c8c97d2a3a0 (Used 2049 MB), Loaded Geometries, ProbeArray 1333333, Loaded 838831, Type Point
[LIBGPUSPATIAL] [ 12000][17:59:35:244906][info  ] RTSpatialRefiner 0x7c8c97d2a3a0 (Used 2055 MB), Evaluating 1644920 Geometry Pairs with Predicate Contains
[LIBGPUSPATIAL] [ 12000][17:59:35:245611][info  ] Unique multi-polygons 28010, memory quota 117 MB, estimated BVH size 304 MB, n_batches 3
[LIBGPUSPATIAL] [ 12000][17:59:35:246129][info  ] PIP(Used 2096 MB), Batch 0
[LIBGPUSPATIAL] [ 12000][17:59:35:254795][info  ] PIP(Used 2082 MB), Batch 1
[LIBGPUSPATIAL] [ 11996][17:59:35:263191][info  ] PIP(Used 2106 MB), Batch 2
[LIBGPUSPATIAL] [ 12000][17:59:35:280362][info  ] PIP(Used 2062 MB), Batch 2
5.72s (454710 rows)

================================================================================
BENCHMARK SUMMARY
================================================================================
Query     sedonadb_gpu   
-------------------------
q10       5.72s          
-------------------------
Total     5.72s         

Results saved to results_mem_SF_10/sedonadb_gpu_q10_results.json
