Data paths:
  building: benchmark-data-sf10/building
  customer: benchmark-data-sf10/customer
  driver: benchmark-data-sf10/driver
  trip: benchmark-data-sf10/trip
  vehicle: benchmark-data-sf10/vehicle
  zone: benchmark-data-sf10/zone

============================================================
Running Sedonadb Gpu Benchmark
============================================================
Sedonadb Gpu version: 0.3.0
  Running q11... [LIBGPUSPATIAL] [ 56182][17:31:32:628458][info  ] Initializing GpuSpatialRuntime on device 0, PTX root /mnt/data/sedona-db/target/release/build/sedona-libgpuspatial-49614f8a870dbe66/out/share/gpuspatial/shaders
[LIBGPUSPATIAL] [ 56182][17:31:32:781540][info  ] Init Memory Manager
[LIBGPUSPATIAL] [ 56182][17:31:32:781734][info  ] Creating RMM pool memory resource with size 22511 MB
[LIBGPUSPATIAL] [ 56182][17:31:32:827099][info  ] Initialize RTEngine
[LIBGPUSPATIAL] [ 56182][17:31:32:955458][info  ] Create RTSpatialIndex 0x71c41c00a800, fast_build = 0, compact = 0, concurrency = 8
[LIBGPUSPATIAL] [ 56182][17:31:32:958366][info  ] Create RTSpatialRefiner 0x71c41fd2a4e0, fast_build = 0, compact = 0, parsing_threads = 8, concurrency = 8, pipeline_batches = 1, wkb_parser_memory_quota = 0.80, relate_engine_memory_quota = 0.10
[LIBGPUSPATIAL] [ 56182][17:31:33:477723][info  ] RTSpatialRefiner 0x71c41fd2a4e0 (Used 1946 MB), FinishBuilding Refiner, Total geoms: 454710
[LIBGPUSPATIAL] [ 56182][17:31:33:477777][info  ] RTSpatialIndex 0x71c41c00a800 (Used 1946 MB), PushBuild, Rectangles 454710
[LIBGPUSPATIAL] [ 56182][17:31:33:479693][info  ] RTSpatialIndex 0x71c41c00a800 (Used 1980 MB), FinishBuilding Index on Rectangles, Total geoms: 454710
[LIBGPUSPATIAL] [ 56183][17:31:33:735677][info  ] RTSpatialIndex 0x71c41c00a800 (Used 1980 MB), Allocate result buffer, memory consumption 12 MB, capacity 1648934
[LIBGPUSPATIAL] [ 56183][17:31:33:749595][info  ] RTSpatialIndex 0x71c41c00a800 (Used 2033 MB), Probe Points, Size: 1333333, Results: 1648934
[LIBGPUSPATIAL] [ 56182][17:31:33:759161][info  ] RTSpatialIndex 0x71c41c00a800 (Used 2039 MB), Allocate result buffer, memory consumption 12 MB, capacity 1644220
[LIBGPUSPATIAL] [ 56187][17:31:33:759459][info  ] RTSpatialIndex 0x71c41c00a800 (Used 2046 MB), Allocate result buffer, memory consumption 12 MB, capacity 1645951
[LIBGPUSPATIAL] [ 56188][17:31:33:759764][info  ] RTSpatialIndex 0x71c41c00a800 (Used 2064 MB), Allocate result buffer, memory consumption 12 MB, capacity 1646306
[LIBGPUSPATIAL] [ 56185][17:31:33:760167][info  ] RTSpatialIndex 0x71c41c00a800 (Used 2071 MB), Allocate result buffer, memory consumption 12 MB, capacity 1646756
[LIBGPUSPATIAL] [ 56184][17:31:33:760662][info  ] RTSpatialIndex 0x71c41c00a800 (Used 2083 MB), Allocate result buffer, memory consumption 12 MB, capacity 1645337
[LIBGPUSPATIAL] [ 56185][17:31:33:772780][info  ] RTSpatialIndex 0x71c41c00a800 (Used 2119 MB), Probe Points, Size: 1333333, Results: 1646756
[LIBGPUSPATIAL] [ 56182][17:31:33:773414][info  ] RTSpatialIndex 0x71c41c00a800 (Used 2119 MB), Probe Points, Size: 1333333, Results: 1644220
[LIBGPUSPATIAL] [ 56188][17:31:33:774385][info  ] RTSpatialIndex 0x71c41c00a800 (Used 2119 MB), Probe Points, Size: 1333333, Results: 1646306
[LIBGPUSPATIAL] [ 56187][17:31:33:779241][info  ] RTSpatialIndex 0x71c41c00a800 (Used 2139 MB), Probe Points, Size: 1333333, Results: 1645951
[LIBGPUSPATIAL] [ 56184][17:31:33:779782][info  ] RTSpatialIndex 0x71c41c00a800 (Used 2159 MB), Probe Points, Size: 1333333, Results: 1645337
[LIBGPUSPATIAL] [ 56183][17:31:33:782873][info  ] RTSpatialRefiner 0x71c41fd2a4e0 (Used 2091 MB), Loaded Geometries, ProbeArray 1333333, Loaded 840623, Type Point
[LIBGPUSPATIAL] [ 56183][17:31:33:783767][info  ] RTSpatialRefiner 0x71c41fd2a4e0 (Used 2075 MB), Evaluating 1648934 Geometry Pairs with Predicate Contains
[LIBGPUSPATIAL] [ 56181][17:31:33:812597][info  ] RTSpatialIndex 0x71c41c00a800 (Used 2126 MB), Allocate result buffer, memory consumption 12 MB, capacity 1646781
[LIBGPUSPATIAL] [ 56186][17:31:33:812864][info  ] RTSpatialIndex 0x71c41c00a800 (Used 2132 MB), Allocate result buffer, memory consumption 12 MB, capacity 1647885
[LIBGPUSPATIAL] [ 56183][17:31:33:812876][info  ] Unique multi-polygons 27961, memory quota 234 MB, estimated BVH size 306 MB, n_batches 2
[LIBGPUSPATIAL] [ 56186][17:31:33:828753][info  ] RTSpatialIndex 0x71c41c00a800 (Used 2380 MB), Probe Points, Size: 1333333, Results: 1647885
[LIBGPUSPATIAL] [ 56182][17:31:33:857654][info  ] RTSpatialRefiner 0x71c41fd2a4e0 (Used 2234 MB), Loaded Geometries, ProbeArray 1333333, Loaded 838626, Type Point
[LIBGPUSPATIAL] [ 56181][17:31:33:858124][info  ] RTSpatialIndex 0x71c41c00a800 (Used 2292 MB), Probe Points, Size: 1333333, Results: 1646781
[LIBGPUSPATIAL] [ 56185][17:31:33:860238][info  ] RTSpatialRefiner 0x71c41fd2a4e0 (Used 2282 MB), Loaded Geometries, ProbeArray 1333333, Loaded 840229, Type Point
[LIBGPUSPATIAL] [ 56184][17:31:33:861134][info  ] RTSpatialRefiner 0x71c41fd2a4e0 (Used 2282 MB), Loaded Geometries, ProbeArray 1333333, Loaded 839184, Type Point
[LIBGPUSPATIAL] [ 56182][17:31:33:861232][info  ] RTSpatialRefiner 0x71c41fd2a4e0 (Used 2282 MB), Evaluating 1644220 Geometry Pairs with Predicate Contains
[LIBGPUSPATIAL] [ 56188][17:31:33:863527][info  ] RTSpatialRefiner 0x71c41fd2a4e0 (Used 2238 MB), Loaded Geometries, ProbeArray 1333333, Loaded 839769, Type Point
[LIBGPUSPATIAL] [ 56184][17:31:33:867102][info  ] RTSpatialRefiner 0x71c41fd2a4e0 (Used 2257 MB), Evaluating 1645337 Geometry Pairs with Predicate Contains
[LIBGPUSPATIAL] [ 56188][17:31:33:872313][info  ] RTSpatialRefiner 0x71c41fd2a4e0 (Used 2257 MB), Evaluating 1646306 Geometry Pairs with Predicate Contains
[LIBGPUSPATIAL] [ 56185][17:31:33:872955][info  ] RTSpatialRefiner 0x71c41fd2a4e0 (Used 2257 MB), Evaluating 1646756 Geometry Pairs with Predicate Contains
[LIBGPUSPATIAL] [ 56187][17:31:33:875862][info  ] RTSpatialRefiner 0x71c41fd2a4e0 (Used 2282 MB), Loaded Geometries, ProbeArray 1333333, Loaded 839464, Type Point
[LIBGPUSPATIAL] [ 56184][17:31:33:876250][info  ] Unique multi-polygons 28133, memory quota 232 MB, estimated BVH size 306 MB, n_batches 2
[LIBGPUSPATIAL] [ 56188][17:31:33:876334][info  ] Unique multi-polygons 27923, memory quota 232 MB, estimated BVH size 306 MB, n_batches 2
[LIBGPUSPATIAL] [ 56187][17:31:33:876422][info  ] RTSpatialRefiner 0x71c41fd2a4e0 (Used 2295 MB), Evaluating 1645951 Geometry Pairs with Predicate Contains
[LIBGPUSPATIAL] [ 56182][17:31:33:876782][info  ] Unique multi-polygons 28027, memory quota 232 MB, estimated BVH size 306 MB, n_batches 2
[LIBGPUSPATIAL] [ 56185][17:31:33:880415][info  ] Unique multi-polygons 27757, memory quota 229 MB, estimated BVH size 303 MB, n_batches 2
[LIBGPUSPATIAL] [ 56187][17:31:33:880452][info  ] Unique multi-polygons 27959, memory quota 229 MB, estimated BVH size 306 MB, n_batches 2
[LIBGPUSPATIAL] [ 56186][17:31:33:882073][info  ] RTSpatialRefiner 0x71c41fd2a4e0 (Used 2733 MB), Loaded Geometries, ProbeArray 1333333, Loaded 839762, Type Point
[LIBGPUSPATIAL] [ 56186][17:31:33:882704][info  ] RTSpatialRefiner 0x71c41fd2a4e0 (Used 2698 MB), Evaluating 1647885 Geometry Pairs with Predicate Contains
[LIBGPUSPATIAL] [ 56181][17:31:33:902588][info  ] RTSpatialRefiner 0x71c41fd2a4e0 (Used 2279 MB), Loaded Geometries, ProbeArray 1333333, Loaded 840316, Type Point
[LIBGPUSPATIAL] [ 56186][17:31:33:912312][info  ] Unique multi-polygons 27972, memory quota 232 MB, estimated BVH size 305 MB, n_batches 2
[LIBGPUSPATIAL] [ 56181][17:31:33:931392][info  ] RTSpatialRefiner 0x71c41fd2a4e0 (Used 2821 MB), Evaluating 1646781 Geometry Pairs with Predicate Contains
[LIBGPUSPATIAL] [ 56181][17:31:33:943097][info  ] Unique multi-polygons 27800, memory quota 232 MB, estimated BVH size 306 MB, n_batches 2
[LIBGPUSPATIAL] [ 56183][17:31:34:309639][info  ] RTSpatialIndex 0x71c41c00a800 (Used 1980 MB), Allocate result buffer, memory consumption 12 MB, capacity 1646922
[LIBGPUSPATIAL] [ 56183][17:31:34:317347][info  ] RTSpatialIndex 0x71c41c00a800 (Used 1992 MB), Probe Points, Size: 1333333, Results: 1646922
[LIBGPUSPATIAL] [ 56183][17:31:34:353008][info  ] RTSpatialRefiner 0x71c41fd2a4e0 (Used 2005 MB), Loaded Geometries, ProbeArray 1333333, Loaded 839419, Type Point
[LIBGPUSPATIAL] [ 56183][17:31:34:353630][info  ] RTSpatialRefiner 0x71c41fd2a4e0 (Used 2011 MB), Evaluating 1646922 Geometry Pairs with Predicate Contains
[LIBGPUSPATIAL] [ 56183][17:31:34:354361][info  ] Unique multi-polygons 27979, memory quota 236 MB, estimated BVH size 303 MB, n_batches 2
[LIBGPUSPATIAL] [ 56188][17:31:34:391488][info  ] RTSpatialIndex 0x71c41c00a800 (Used 1980 MB), Allocate result buffer, memory consumption 12 MB, capacity 1648531
[LIBGPUSPATIAL] [ 56188][17:31:34:396331][info  ] RTSpatialIndex 0x71c41c00a800 (Used 1992 MB), Probe Points, Size: 1333333, Results: 1648531
[LIBGPUSPATIAL] [ 56184][17:31:34:411588][info  ] RTSpatialIndex 0x71c41c00a800 (Used 2015 MB), Allocate result buffer, memory consumption 12 MB, capacity 1647434
[LIBGPUSPATIAL] [ 56184][17:31:34:414624][info  ] RTSpatialIndex 0x71c41c00a800 (Used 2028 MB), Probe Points, Size: 1333333, Results: 1647434
[LIBGPUSPATIAL] [ 56188][17:31:34:433395][info  ] RTSpatialRefiner 0x71c41fd2a4e0 (Used 2041 MB), Loaded Geometries, ProbeArray 1333333, Loaded 841222, Type Point
[LIBGPUSPATIAL] [ 56188][17:31:34:434133][info  ] RTSpatialRefiner 0x71c41fd2a4e0 (Used 2047 MB), Evaluating 1648531 Geometry Pairs with Predicate Contains
[LIBGPUSPATIAL] [ 56188][17:31:34:434892][info  ] Unique multi-polygons 27847, memory quota 235 MB, estimated BVH size 308 MB, n_batches 2
[LIBGPUSPATIAL] [ 56184][17:31:34:454277][info  ] RTSpatialRefiner 0x71c41fd2a4e0 (Used 2050 MB), Loaded Geometries, ProbeArray 1333333, Loaded 839980, Type Point
[LIBGPUSPATIAL] [ 56184][17:31:34:455675][info  ] RTSpatialRefiner 0x71c41fd2a4e0 (Used 2057 MB), Evaluating 1647434 Geometry Pairs with Predicate Contains
[LIBGPUSPATIAL] [ 56184][17:31:34:456515][info  ] Unique multi-polygons 28078, memory quota 235 MB, estimated BVH size 304 MB, n_batches 2
[LIBGPUSPATIAL] [ 56185][17:31:34:497251][info  ] RTSpatialIndex 0x71c41c00a800 (Used 2234 MB), Allocate result buffer, memory consumption 12 MB, capacity 1647944
[LIBGPUSPATIAL] [ 56186][17:31:34:502608][info  ] RTSpatialIndex 0x71c41c00a800 (Used 2182 MB), Allocate result buffer, memory consumption 12 MB, capacity 1647217
[LIBGPUSPATIAL] [ 56187][17:31:34:502934][info  ] RTSpatialIndex 0x71c41c00a800 (Used 2194 MB), Allocate result buffer, memory consumption 12 MB, capacity 1650372
[LIBGPUSPATIAL] [ 56181][17:31:34:508678][info  ] RTSpatialIndex 0x71c41c00a800 (Used 2100 MB), Allocate result buffer, memory consumption 12 MB, capacity 1646511
[LIBGPUSPATIAL] [ 56182][17:31:34:508980][info  ] RTSpatialIndex 0x71c41c00a800 (Used 2106 MB), Allocate result buffer, memory consumption 12 MB, capacity 1647532
[LIBGPUSPATIAL] [ 56185][17:31:34:514374][info  ] RTSpatialIndex 0x71c41c00a800 (Used 2083 MB), Probe Points, Size: 1333333, Results: 1647944
[LIBGPUSPATIAL] [ 56186][17:31:34:514944][info  ] RTSpatialIndex 0x71c41c00a800 (Used 2073 MB), Probe Points, Size: 1333333, Results: 1647217
[LIBGPUSPATIAL] [ 56187][17:31:34:515573][info  ] RTSpatialIndex 0x71c41c00a800 (Used 2073 MB), Probe Points, Size: 1333333, Results: 1650372
[LIBGPUSPATIAL] [ 56181][17:31:34:516161][info  ] RTSpatialIndex 0x71c41c00a800 (Used 2073 MB), Probe Points, Size: 1333333, Results: 1646511
[LIBGPUSPATIAL] [ 56182][17:31:34:524588][info  ] RTSpatialIndex 0x71c41c00a800 (Used 2061 MB), Probe Points, Size: 1333333, Results: 1647532
[LIBGPUSPATIAL] [ 56185][17:31:34:554716][info  ] RTSpatialRefiner 0x71c41fd2a4e0 (Used 2148 MB), Loaded Geometries, ProbeArray 1333333, Loaded 839691, Type Point
[LIBGPUSPATIAL] [ 56185][17:31:34:555308][info  ] RTSpatialRefiner 0x71c41fd2a4e0 (Used 2154 MB), Evaluating 1647944 Geometry Pairs with Predicate Contains
[LIBGPUSPATIAL] [ 56185][17:31:34:556096][info  ] Unique multi-polygons 28031, memory quota 234 MB, estimated BVH size 305 MB, n_batches 2
[LIBGPUSPATIAL] [ 56181][17:31:34:563938][info  ] RTSpatialRefiner 0x71c41fd2a4e0 (Used 2157 MB), Loaded Geometries, ProbeArray 1333333, Loaded 839963, Type Point
[LIBGPUSPATIAL] [ 56181][17:31:34:564518][info  ] RTSpatialRefiner 0x71c41fd2a4e0 (Used 2164 MB), Evaluating 1646511 Geometry Pairs with Predicate Contains
[LIBGPUSPATIAL] [ 56181][17:31:34:571613][info  ] Unique multi-polygons 27657, memory quota 234 MB, estimated BVH size 304 MB, n_batches 2
[LIBGPUSPATIAL] [ 56187][17:31:34:572406][info  ] RTSpatialRefiner 0x71c41fd2a4e0 (Used 2217 MB), Loaded Geometries, ProbeArray 1333333, Loaded 841526, Type Point
[LIBGPUSPATIAL] [ 56187][17:31:34:573199][info  ] RTSpatialRefiner 0x71c41fd2a4e0 (Used 2223 MB), Evaluating 1650372 Geometry Pairs with Predicate Contains
[LIBGPUSPATIAL] [ 56186][17:31:34:579105][info  ] RTSpatialRefiner 0x71c41fd2a4e0 (Used 2186 MB), Loaded Geometries, ProbeArray 1333333, Loaded 839385, Type Point
[LIBGPUSPATIAL] [ 56186][17:31:34:579913][info  ] RTSpatialRefiner 0x71c41fd2a4e0 (Used 2179 MB), Evaluating 1647217 Geometry Pairs with Predicate Contains
[LIBGPUSPATIAL] [ 56187][17:31:34:579986][info  ] Unique multi-polygons 28128, memory quota 234 MB, estimated BVH size 306 MB, n_batches 2
[LIBGPUSPATIAL] [ 56186][17:31:34:581004][info  ] Unique multi-polygons 28033, memory quota 232 MB, estimated BVH size 306 MB, n_batches 2
[LIBGPUSPATIAL] [ 56182][17:31:34:582452][info  ] RTSpatialRefiner 0x71c41fd2a4e0 (Used 2186 MB), Loaded Geometries, ProbeArray 1333333, Loaded 840142, Type Point
[LIBGPUSPATIAL] [ 56182][17:31:34:583048][info  ] RTSpatialRefiner 0x71c41fd2a4e0 (Used 2505 MB), Evaluating 1647532 Geometry Pairs with Predicate Contains
[LIBGPUSPATIAL] [ 56182][17:31:34:594466][info  ] Unique multi-polygons 27830, memory quota 233 MB, estimated BVH size 304 MB, n_batches 2
[LIBGPUSPATIAL] [ 56183][17:31:34:864540][info  ] RTSpatialIndex 0x71c41c00a800 (Used 1980 MB), Allocate result buffer, memory consumption 12 MB, capacity 1646166
[LIBGPUSPATIAL] [ 56183][17:31:34:867311][info  ] RTSpatialIndex 0x71c41c00a800 (Used 1992 MB), Probe Points, Size: 1333333, Results: 1646166
[LIBGPUSPATIAL] [ 56183][17:31:34:901285][info  ] RTSpatialRefiner 0x71c41fd2a4e0 (Used 2005 MB), Loaded Geometries, ProbeArray 1333333, Loaded 840209, Type Point
[LIBGPUSPATIAL] [ 56183][17:31:34:902524][info  ] RTSpatialRefiner 0x71c41fd2a4e0 (Used 2011 MB), Evaluating 1646166 Geometry Pairs with Predicate Contains
[LIBGPUSPATIAL] [ 56183][17:31:34:903394][info  ] Unique multi-polygons 27841, memory quota 236 MB, estimated BVH size 305 MB, n_batches 2
[LIBGPUSPATIAL] [ 56188][17:31:34:989319][info  ] RTSpatialIndex 0x71c41c00a800 (Used 1980 MB), Allocate result buffer, memory consumption 12 MB, capacity 1645557
[LIBGPUSPATIAL] [ 56188][17:31:34:992922][info  ] RTSpatialIndex 0x71c41c00a800 (Used 2002 MB), Probe Points, Size: 1333333, Results: 1645557
[LIBGPUSPATIAL] [ 56184][17:31:34:993179][info  ] RTSpatialIndex 0x71c41c00a800 (Used 1980 MB), Allocate result buffer, memory consumption 12 MB, capacity 1648005
[LIBGPUSPATIAL] [ 56184][17:31:34:998306][info  ] RTSpatialIndex 0x71c41c00a800 (Used 2005 MB), Probe Points, Size: 1333333, Results: 1648005
[LIBGPUSPATIAL] [ 56184][17:31:35:043375][info  ] RTSpatialRefiner 0x71c41fd2a4e0 (Used 2041 MB), Loaded Geometries, ProbeArray 1333333, Loaded 840413, Type Point
[LIBGPUSPATIAL] [ 56188][17:31:35:045120][info  ] RTSpatialRefiner 0x71c41fd2a4e0 (Used 2047 MB), Loaded Geometries, ProbeArray 1333333, Loaded 839929, Type Point
[LIBGPUSPATIAL] [ 56188][17:31:35:045969][info  ] RTSpatialRefiner 0x71c41fd2a4e0 (Used 2053 MB), Evaluating 1645557 Geometry Pairs with Predicate Contains
[LIBGPUSPATIAL] [ 56188][17:31:35:046742][info  ] Unique multi-polygons 27739, memory quota 235 MB, estimated BVH size 304 MB, n_batches 2
[LIBGPUSPATIAL] [ 56184][17:31:35:047653][info  ] RTSpatialRefiner 0x71c41fd2a4e0 (Used 2057 MB), Evaluating 1648005 Geometry Pairs with Predicate Contains
[LIBGPUSPATIAL] [ 56184][17:31:35:048281][info  ] Unique multi-polygons 27907, memory quota 235 MB, estimated BVH size 305 MB, n_batches 2
[LIBGPUSPATIAL] [ 56182][17:31:35:114499][info  ] RTSpatialIndex 0x71c41c00a800 (Used 2047 MB), Allocate result buffer, memory consumption 12 MB, capacity 1646504
[LIBGPUSPATIAL] [ 56185][17:31:35:118291][info  ] RTSpatialIndex 0x71c41c00a800 (Used 2002 MB), Allocate result buffer, memory consumption 12 MB, capacity 1647602
[LIBGPUSPATIAL] [ 56182][17:31:35:121583][info  ] RTSpatialIndex 0x71c41c00a800 (Used 2015 MB), Probe Points, Size: 1333333, Results: 1646504
[LIBGPUSPATIAL] [ 56185][17:31:35:125375][info  ] RTSpatialIndex 0x71c41c00a800 (Used 2012 MB), Probe Points, Size: 1333333, Results: 1647602
[LIBGPUSPATIAL] [ 56186][17:31:35:135107][info  ] RTSpatialIndex 0x71c41c00a800 (Used 2017 MB), Allocate result buffer, memory consumption 12 MB, capacity 1648251
[LIBGPUSPATIAL] [ 56186][17:31:35:140231][info  ] RTSpatialIndex 0x71c41c00a800 (Used 2030 MB), Probe Points, Size: 1333333, Results: 1648251
[LIBGPUSPATIAL] [ 56181][17:31:35:154479][info  ] RTSpatialIndex 0x71c41c00a800 (Used 2074 MB), Allocate result buffer, memory consumption 12 MB, capacity 1646116
[LIBGPUSPATIAL] [ 56187][17:31:35:154772][info  ] RTSpatialIndex 0x71c41c00a800 (Used 2086 MB), Allocate result buffer, memory consumption 12 MB, capacity 1641655
[LIBGPUSPATIAL] [ 56181][17:31:35:157027][info  ] RTSpatialIndex 0x71c41c00a800 (Used 2099 MB), Probe Points, Size: 1333333, Results: 1646116
[LIBGPUSPATIAL] [ 56187][17:31:35:163966][info  ] RTSpatialIndex 0x71c41c00a800 (Used 2082 MB), Probe Points, Size: 1333333, Results: 1641655
[LIBGPUSPATIAL] [ 56185][17:31:35:167008][info  ] RTSpatialRefiner 0x71c41fd2a4e0 (Used 2060 MB), Loaded Geometries, ProbeArray 1333333, Loaded 840413, Type Point
[LIBGPUSPATIAL] [ 56185][17:31:35:167890][info  ] RTSpatialRefiner 0x71c41fd2a4e0 (Used 2066 MB), Evaluating 1647602 Geometry Pairs with Predicate Contains
[LIBGPUSPATIAL] [ 56185][17:31:35:168729][info  ] Unique multi-polygons 27940, memory quota 235 MB, estimated BVH size 305 MB, n_batches 2
[LIBGPUSPATIAL] [ 56182][17:31:35:171954][info  ] RTSpatialRefiner 0x71c41fd2a4e0 (Used 2252 MB), Loaded Geometries, ProbeArray 1333333, Loaded 839426, Type Point
[LIBGPUSPATIAL] [ 56182][17:31:35:172910][info  ] RTSpatialRefiner 0x71c41fd2a4e0 (Used 2265 MB), Evaluating 1646504 Geometry Pairs with Predicate Contains
[LIBGPUSPATIAL] [ 56182][17:31:35:179873][info  ] Unique multi-polygons 27627, memory quota 234 MB, estimated BVH size 303 MB, n_batches 2
[LIBGPUSPATIAL] [ 56186][17:31:35:189386][info  ] RTSpatialRefiner 0x71c41fd2a4e0 (Used 2167 MB), Loaded Geometries, ProbeArray 1333333, Loaded 840587, Type Point
[LIBGPUSPATIAL] [ 56186][17:31:35:189953][info  ] RTSpatialRefiner 0x71c41fd2a4e0 (Used 2173 MB), Evaluating 1648251 Geometry Pairs with Predicate Contains
[LIBGPUSPATIAL] [ 56186][17:31:35:190697][info  ] Unique multi-polygons 27851, memory quota 234 MB, estimated BVH size 304 MB, n_batches 2
[LIBGPUSPATIAL] [ 56181][17:31:35:211006][info  ] RTSpatialRefiner 0x71c41fd2a4e0 (Used 2173 MB), Loaded Geometries, ProbeArray 1333333, Loaded 839804, Type Point
[LIBGPUSPATIAL] [ 56187][17:31:35:212545][info  ] RTSpatialRefiner 0x71c41fd2a4e0 (Used 2179 MB), Loaded Geometries, ProbeArray 1333333, Loaded 838064, Type Point
[LIBGPUSPATIAL] [ 56181][17:31:35:213060][info  ] RTSpatialRefiner 0x71c41fd2a4e0 (Used 2185 MB), Evaluating 1646116 Geometry Pairs with Predicate Contains
[LIBGPUSPATIAL] [ 56187][17:31:35:213726][info  ] RTSpatialRefiner 0x71c41fd2a4e0 (Used 2192 MB), Evaluating 1641655 Geometry Pairs with Predicate Contains
[LIBGPUSPATIAL] [ 56187][17:31:35:216878][info  ] Unique multi-polygons 28017, memory quota 233 MB, estimated BVH size 306 MB, n_batches 2
[LIBGPUSPATIAL] [ 56181][17:31:35:216886][info  ] Unique multi-polygons 27682, memory quota 233 MB, estimated BVH size 304 MB, n_batches 2
[LIBGPUSPATIAL] [ 56183][17:31:35:427925][info  ] RTSpatialIndex 0x71c41c00a800 (Used 1980 MB), Allocate result buffer, memory consumption 12 MB, capacity 1645742
[LIBGPUSPATIAL] [ 56183][17:31:35:430370][info  ] RTSpatialIndex 0x71c41c00a800 (Used 1992 MB), Probe Points, Size: 1333348, Results: 1645742
[LIBGPUSPATIAL] [ 56183][17:31:35:459947][info  ] RTSpatialRefiner 0x71c41fd2a4e0 (Used 2005 MB), Loaded Geometries, ProbeArray 1333348, Loaded 839633, Type Point
[LIBGPUSPATIAL] [ 56183][17:31:35:460523][info  ] RTSpatialRefiner 0x71c41fd2a4e0 (Used 2011 MB), Evaluating 1645742 Geometry Pairs with Predicate Contains
[LIBGPUSPATIAL] [ 56183][17:31:35:461251][info  ] Unique multi-polygons 28150, memory quota 236 MB, estimated BVH size 306 MB, n_batches 2
[LIBGPUSPATIAL] [ 56184][17:31:35:552597][info  ] RTSpatialIndex 0x71c41c00a800 (Used 1980 MB), Allocate result buffer, memory consumption 12 MB, capacity 1645329
[LIBGPUSPATIAL] [ 56184][17:31:35:555961][info  ] RTSpatialIndex 0x71c41c00a800 (Used 1992 MB), Probe Points, Size: 1333333, Results: 1645329
[LIBGPUSPATIAL] [ 56184][17:31:35:595865][info  ] RTSpatialRefiner 0x71c41fd2a4e0 (Used 2005 MB), Loaded Geometries, ProbeArray 1333333, Loaded 839287, Type Point
[LIBGPUSPATIAL] [ 56184][17:31:35:596439][info  ] RTSpatialRefiner 0x71c41fd2a4e0 (Used 2011 MB), Evaluating 1645329 Geometry Pairs with Predicate Contains
[LIBGPUSPATIAL] [ 56184][17:31:35:597216][info  ] Unique multi-polygons 27625, memory quota 236 MB, estimated BVH size 303 MB, n_batches 2
[LIBGPUSPATIAL] [ 56188][17:31:35:623563][info  ] RTSpatialIndex 0x71c41c00a800 (Used 2025 MB), Allocate result buffer, memory consumption 12 MB, capacity 1648121
[LIBGPUSPATIAL] [ 56188][17:31:35:625945][info  ] RTSpatialIndex 0x71c41c00a800 (Used 2034 MB), Probe Points, Size: 1333333, Results: 1648121
[LIBGPUSPATIAL] [ 56188][17:31:35:663181][info  ] RTSpatialRefiner 0x71c41fd2a4e0 (Used 2005 MB), Loaded Geometries, ProbeArray 1333333, Loaded 840308, Type Point
[LIBGPUSPATIAL] [ 56188][17:31:35:663824][info  ] RTSpatialRefiner 0x71c41fd2a4e0 (Used 2011 MB), Evaluating 1648121 Geometry Pairs with Predicate Contains
[LIBGPUSPATIAL] [ 56188][17:31:35:664569][info  ] Unique multi-polygons 28005, memory quota 236 MB, estimated BVH size 304 MB, n_batches 2
[LIBGPUSPATIAL] [ 56185][17:31:35:707090][info  ] RTSpatialIndex 0x71c41c00a800 (Used 1980 MB), Allocate result buffer, memory consumption 12 MB, capacity 1646457
[LIBGPUSPATIAL] [ 56185][17:31:35:710461][info  ] RTSpatialIndex 0x71c41c00a800 (Used 1992 MB), Probe Points, Size: 1333333, Results: 1646457
[LIBGPUSPATIAL] [ 56186][17:31:35:719009][info  ] RTSpatialIndex 0x71c41c00a800 (Used 1998 MB), Allocate result buffer, memory consumption 12 MB, capacity 1648385
[LIBGPUSPATIAL] [ 56186][17:31:35:724176][info  ] RTSpatialIndex 0x71c41c00a800 (Used 2028 MB), Probe Points, Size: 1333333, Results: 1648385
[LIBGPUSPATIAL] [ 56185][17:31:35:747303][info  ] RTSpatialRefiner 0x71c41fd2a4e0 (Used 2081 MB), Loaded Geometries, ProbeArray 1333333, Loaded 839697, Type Point
[LIBGPUSPATIAL] [ 56185][17:31:35:749711][info  ] RTSpatialRefiner 0x71c41fd2a4e0 (Used 2078 MB), Evaluating 1646457 Geometry Pairs with Predicate Contains
[LIBGPUSPATIAL] [ 56185][17:31:35:750489][info  ] Unique multi-polygons 27930, memory quota 235 MB, estimated BVH size 304 MB, n_batches 2
[LIBGPUSPATIAL] [ 56181][17:31:35:754417][info  ] RTSpatialIndex 0x71c41c00a800 (Used 2222 MB), Allocate result buffer, memory consumption 12 MB, capacity 1645207
[LIBGPUSPATIAL] [ 56182][17:31:35:755167][info  ] RTSpatialIndex 0x71c41c00a800 (Used 2235 MB), Allocate result buffer, memory consumption 12 MB, capacity 1646862
[LIBGPUSPATIAL] [ 56181][17:31:35:758476][info  ] RTSpatialIndex 0x71c41c00a800 (Used 2247 MB), Probe Points, Size: 1333333, Results: 1645207
[LIBGPUSPATIAL] [ 56182][17:31:35:759297][info  ] RTSpatialIndex 0x71c41c00a800 (Used 2237 MB), Probe Points, Size: 1333333, Results: 1646862
[LIBGPUSPATIAL] [ 56186][17:31:35:759507][info  ] RTSpatialRefiner 0x71c41fd2a4e0 (Used 2224 MB), Loaded Geometries, ProbeArray 1333333, Loaded 840314, Type Point
[LIBGPUSPATIAL] [ 56186][17:31:35:761566][info  ] RTSpatialRefiner 0x71c41fd2a4e0 (Used 2123 MB), Evaluating 1648385 Geometry Pairs with Predicate Contains
[LIBGPUSPATIAL] [ 56187][17:31:35:761660][info  ] RTSpatialIndex 0x71c41c00a800 (Used 2136 MB), Allocate result buffer, memory consumption 12 MB, capacity 1646753
[LIBGPUSPATIAL] [ 56186][17:31:35:762373][info  ] Unique multi-polygons 28147, memory quota 235 MB, estimated BVH size 306 MB, n_batches 2
[LIBGPUSPATIAL] [ 56187][17:31:35:786686][info  ] RTSpatialIndex 0x71c41c00a800 (Used 2323 MB), Probe Points, Size: 1333333, Results: 1646753
[LIBGPUSPATIAL] [ 56181][17:31:35:814759][info  ] RTSpatialRefiner 0x71c41fd2a4e0 (Used 2105 MB), Loaded Geometries, ProbeArray 1333333, Loaded 839661, Type Point
[LIBGPUSPATIAL] [ 56181][17:31:35:816010][info  ] RTSpatialRefiner 0x71c41fd2a4e0 (Used 2111 MB), Evaluating 1645207 Geometry Pairs with Predicate Contains
[LIBGPUSPATIAL] [ 56181][17:31:35:816799][info  ] Unique multi-polygons 27762, memory quota 234 MB, estimated BVH size 304 MB, n_batches 2
[LIBGPUSPATIAL] [ 56182][17:31:35:822713][info  ] RTSpatialRefiner 0x71c41fd2a4e0 (Used 2131 MB), Loaded Geometries, ProbeArray 1333333, Loaded 839890, Type Point
[LIBGPUSPATIAL] [ 56182][17:31:35:825077][info  ] RTSpatialRefiner 0x71c41fd2a4e0 (Used 2137 MB), Evaluating 1646862 Geometry Pairs with Predicate Contains
[LIBGPUSPATIAL] [ 56182][17:31:35:831133][info  ] Unique multi-polygons 27970, memory quota 234 MB, estimated BVH size 307 MB, n_batches 2
[LIBGPUSPATIAL] [ 56187][17:31:35:836250][info  ] RTSpatialRefiner 0x71c41fd2a4e0 (Used 2137 MB), Loaded Geometries, ProbeArray 1333333, Loaded 840101, Type Point
[LIBGPUSPATIAL] [ 56187][17:31:35:836897][info  ] RTSpatialRefiner 0x71c41fd2a4e0 (Used 2144 MB), Evaluating 1646753 Geometry Pairs with Predicate Contains
[LIBGPUSPATIAL] [ 56187][17:31:35:838664][info  ] Unique multi-polygons 28203, memory quota 234 MB, estimated BVH size 307 MB, n_batches 2
[LIBGPUSPATIAL] [ 56183][17:31:35:994017][info  ] RTSpatialIndex 0x71c41c00a800 (Used 1980 MB), Allocate result buffer, memory consumption 12 MB, capacity 1648837
[LIBGPUSPATIAL] [ 56183][17:31:35:997318][info  ] RTSpatialIndex 0x71c41c00a800 (Used 1992 MB), Probe Points, Size: 1333333, Results: 1648837
[LIBGPUSPATIAL] [ 56183][17:31:36:031136][info  ] RTSpatialRefiner 0x71c41fd2a4e0 (Used 2005 MB), Loaded Geometries, ProbeArray 1333333, Loaded 841005, Type Point
[LIBGPUSPATIAL] [ 56183][17:31:36:031717][info  ] RTSpatialRefiner 0x71c41fd2a4e0 (Used 2011 MB), Evaluating 1648837 Geometry Pairs with Predicate Contains
[LIBGPUSPATIAL] [ 56183][17:31:36:032432][info  ] Unique multi-polygons 27902, memory quota 236 MB, estimated BVH size 304 MB, n_batches 2
[LIBGPUSPATIAL] [ 56184][17:31:36:106563][info  ] RTSpatialIndex 0x71c41c00a800 (Used 1980 MB), Allocate result buffer, memory consumption 12 MB, capacity 1645498
[LIBGPUSPATIAL] [ 56184][17:31:36:109064][info  ] RTSpatialIndex 0x71c41c00a800 (Used 1992 MB), Probe Points, Size: 1333333, Results: 1645498
[LIBGPUSPATIAL] [ 56184][17:31:36:140369][info  ] RTSpatialRefiner 0x71c41fd2a4e0 (Used 2005 MB), Loaded Geometries, ProbeArray 1333333, Loaded 839691, Type Point
[LIBGPUSPATIAL] [ 56184][17:31:36:141222][info  ] RTSpatialRefiner 0x71c41fd2a4e0 (Used 2011 MB), Evaluating 1645498 Geometry Pairs with Predicate Contains
[LIBGPUSPATIAL] [ 56184][17:31:36:142058][info  ] Unique multi-polygons 27910, memory quota 236 MB, estimated BVH size 305 MB, n_batches 2
[LIBGPUSPATIAL] [ 56188][17:31:36:178181][info  ] RTSpatialIndex 0x71c41c00a800 (Used 2027 MB), Allocate result buffer, memory consumption 12 MB, capacity 1649333
[LIBGPUSPATIAL] [ 56188][17:31:36:185686][info  ] RTSpatialIndex 0x71c41c00a800 (Used 1992 MB), Probe Points, Size: 1333333, Results: 1649333
[LIBGPUSPATIAL] [ 56188][17:31:36:222234][info  ] RTSpatialRefiner 0x71c41fd2a4e0 (Used 2005 MB), Loaded Geometries, ProbeArray 1333333, Loaded 840768, Type Point
[LIBGPUSPATIAL] [ 56188][17:31:36:222895][info  ] RTSpatialRefiner 0x71c41fd2a4e0 (Used 2011 MB), Evaluating 1649333 Geometry Pairs with Predicate Contains
[LIBGPUSPATIAL] [ 56188][17:31:36:223637][info  ] Unique multi-polygons 27774, memory quota 236 MB, estimated BVH size 305 MB, n_batches 2
[LIBGPUSPATIAL] [ 56185][17:31:36:248084][info  ] RTSpatialIndex 0x71c41c00a800 (Used 2025 MB), Allocate result buffer, memory consumption 12 MB, capacity 1647709
[LIBGPUSPATIAL] [ 56185][17:31:36:250582][info  ] RTSpatialIndex 0x71c41c00a800 (Used 2034 MB), Probe Points, Size: 1333333, Results: 1647709
[LIBGPUSPATIAL] [ 56186][17:31:36:281530][info  ] RTSpatialIndex 0x71c41c00a800 (Used 2015 MB), Allocate result buffer, memory consumption 12 MB, capacity 1644146
[LIBGPUSPATIAL] [ 56186][17:31:36:284940][info  ] RTSpatialIndex 0x71c41c00a800 (Used 2028 MB), Probe Points, Size: 1333333, Results: 1644146
[LIBGPUSPATIAL] [ 56185][17:31:36:290611][info  ] RTSpatialRefiner 0x71c41fd2a4e0 (Used 2024 MB), Loaded Geometries, ProbeArray 1333333, Loaded 839838, Type Point
[LIBGPUSPATIAL] [ 56185][17:31:36:291547][info  ] RTSpatialRefiner 0x71c41fd2a4e0 (Used 2030 MB), Evaluating 1647709 Geometry Pairs with Predicate Contains
[LIBGPUSPATIAL] [ 56185][17:31:36:292307][info  ] Unique multi-polygons 27796, memory quota 235 MB, estimated BVH size 304 MB, n_batches 2
[LIBGPUSPATIAL] [ 56181][17:31:36:318718][info  ] RTSpatialIndex 0x71c41c00a800 (Used 2060 MB), Allocate result buffer, memory consumption 12 MB, capacity 1645024
[LIBGPUSPATIAL] [ 56186][17:31:36:321096][info  ] RTSpatialRefiner 0x71c41fd2a4e0 (Used 2070 MB), Loaded Geometries, ProbeArray 1333333, Loaded 839022, Type Point
[LIBGPUSPATIAL] [ 56186][17:31:36:321850][info  ] RTSpatialRefiner 0x71c41fd2a4e0 (Used 2076 MB), Evaluating 1644146 Geometry Pairs with Predicate Contains
[LIBGPUSPATIAL] [ 56181][17:31:36:322255][info  ] RTSpatialIndex 0x71c41c00a800 (Used 2082 MB), Probe Points, Size: 1333333, Results: 1645024
[LIBGPUSPATIAL] [ 56186][17:31:36:329608][info  ] Unique multi-polygons 27804, memory quota 235 MB, estimated BVH size 304 MB, n_batches 2
[LIBGPUSPATIAL] [ 56181][17:31:36:363113][info  ] RTSpatialRefiner 0x71c41fd2a4e0 (Used 2047 MB), Loaded Geometries, ProbeArray 1333333, Loaded 838838, Type Point
[LIBGPUSPATIAL] [ 56181][17:31:36:364863][info  ] RTSpatialRefiner 0x71c41fd2a4e0 (Used 2074 MB), Evaluating 1645024 Geometry Pairs with Predicate Contains
[LIBGPUSPATIAL] [ 56181][17:31:36:369287][info  ] Unique multi-polygons 27870, memory quota 235 MB, estimated BVH size 306 MB, n_batches 2
[LIBGPUSPATIAL] [ 56187][17:31:36:369287][info  ] RTSpatialIndex 0x71c41c00a800 (Used 2069 MB), Allocate result buffer, memory consumption 12 MB, capacity 1645749
[LIBGPUSPATIAL] [ 56182][17:31:36:400068][info  ] RTSpatialIndex 0x71c41c00a800 (Used 2047 MB), Allocate result buffer, memory consumption 12 MB, capacity 1647960
[LIBGPUSPATIAL] [ 56187][17:31:36:404047][info  ] RTSpatialIndex 0x71c41c00a800 (Used 2232 MB), Probe Points, Size: 1333333, Results: 1645749
[LIBGPUSPATIAL] [ 56182][17:31:36:404589][info  ] RTSpatialIndex 0x71c41c00a800 (Used 2222 MB), Probe Points, Size: 1333333, Results: 1647960
[LIBGPUSPATIAL] [ 56182][17:31:36:445803][info  ] RTSpatialRefiner 0x71c41fd2a4e0 (Used 2041 MB), Loaded Geometries, ProbeArray 1333333, Loaded 840128, Type Point
[LIBGPUSPATIAL] [ 56182][17:31:36:446612][info  ] RTSpatialRefiner 0x71c41fd2a4e0 (Used 2047 MB), Evaluating 1647960 Geometry Pairs with Predicate Contains
[LIBGPUSPATIAL] [ 56182][17:31:36:447513][info  ] Unique multi-polygons 27836, memory quota 235 MB, estimated BVH size 305 MB, n_batches 2
[LIBGPUSPATIAL] [ 56187][17:31:36:449302][info  ] RTSpatialRefiner 0x71c41fd2a4e0 (Used 2050 MB), Loaded Geometries, ProbeArray 1333333, Loaded 839308, Type Point
[LIBGPUSPATIAL] [ 56187][17:31:36:450461][info  ] RTSpatialRefiner 0x71c41fd2a4e0 (Used 2056 MB), Evaluating 1645749 Geometry Pairs with Predicate Contains
[LIBGPUSPATIAL] [ 56187][17:31:36:452095][info  ] Unique multi-polygons 27726, memory quota 235 MB, estimated BVH size 303 MB, n_batches 2
[LIBGPUSPATIAL] [ 56183][17:31:36:538383][info  ] RTSpatialIndex 0x71c41c00a800 (Used 1980 MB), Allocate result buffer, memory consumption 12 MB, capacity 1648825
[LIBGPUSPATIAL] [ 56183][17:31:36:540539][info  ] RTSpatialIndex 0x71c41c00a800 (Used 1992 MB), Probe Points, Size: 1333333, Results: 1648825
[LIBGPUSPATIAL] [ 56183][17:31:36:577451][info  ] RTSpatialRefiner 0x71c41fd2a4e0 (Used 2005 MB), Loaded Geometries, ProbeArray 1333333, Loaded 840818, Type Point
[LIBGPUSPATIAL] [ 56183][17:31:36:578298][info  ] RTSpatialRefiner 0x71c41fd2a4e0 (Used 2011 MB), Evaluating 1648825 Geometry Pairs with Predicate Contains
[LIBGPUSPATIAL] [ 56183][17:31:36:579026][info  ] Unique multi-polygons 27734, memory quota 236 MB, estimated BVH size 304 MB, n_batches 2
[LIBGPUSPATIAL] [ 56184][17:31:36:657437][info  ] RTSpatialIndex 0x71c41c00a800 (Used 1980 MB), Allocate result buffer, memory consumption 12 MB, capacity 1645320
[LIBGPUSPATIAL] [ 56184][17:31:36:659797][info  ] RTSpatialIndex 0x71c41c00a800 (Used 1992 MB), Probe Points, Size: 1333333, Results: 1645320
[LIBGPUSPATIAL] [ 56184][17:31:36:686545][info  ] RTSpatialRefiner 0x71c41fd2a4e0 (Used 2005 MB), Loaded Geometries, ProbeArray 1333333, Loaded 839240, Type Point
[LIBGPUSPATIAL] [ 56184][17:31:36:687123][info  ] RTSpatialRefiner 0x71c41fd2a4e0 (Used 2011 MB), Evaluating 1645320 Geometry Pairs with Predicate Contains
[LIBGPUSPATIAL] [ 56184][17:31:36:687897][info  ] Unique multi-polygons 27848, memory quota 236 MB, estimated BVH size 303 MB, n_batches 2
[LIBGPUSPATIAL] [ 56188][17:31:36:722443][info  ] RTSpatialIndex 0x71c41c00a800 (Used 2027 MB), Allocate result buffer, memory consumption 12 MB, capacity 1644920
[LIBGPUSPATIAL] [ 56188][17:31:36:725698][info  ] RTSpatialIndex 0x71c41c00a800 (Used 1992 MB), Probe Points, Size: 1333333, Results: 1644920
[LIBGPUSPATIAL] [ 56188][17:31:36:749678][info  ] RTSpatialRefiner 0x71c41fd2a4e0 (Used 2005 MB), Loaded Geometries, ProbeArray 1333333, Loaded 838831, Type Point
[LIBGPUSPATIAL] [ 56188][17:31:36:750271][info  ] RTSpatialRefiner 0x71c41fd2a4e0 (Used 2011 MB), Evaluating 1644920 Geometry Pairs with Predicate Contains
[LIBGPUSPATIAL] [ 56188][17:31:36:750970][info  ] Unique multi-polygons 28010, memory quota 236 MB, estimated BVH size 304 MB, n_batches 2
[LIBGPUSPATIAL] [ 56186][17:31:36:784807][info  ] RTSpatialIndex 0x71c41c00a800 (Used 2027 MB), Allocate result buffer, memory consumption 12 MB, capacity 1649779
[LIBGPUSPATIAL] [ 56186][17:31:36:788631][info  ] RTSpatialIndex 0x71c41c00a800 (Used 2002 MB), Probe Points, Size: 1333333, Results: 1649779
[LIBGPUSPATIAL] [ 56185][17:31:36:788905][info  ] RTSpatialIndex 0x71c41c00a800 (Used 1980 MB), Allocate result buffer, memory consumption 12 MB, capacity 1647674
[LIBGPUSPATIAL] [ 56185][17:31:36:791721][info  ] RTSpatialIndex 0x71c41c00a800 (Used 2011 MB), Probe Points, Size: 1333333, Results: 1647674
[LIBGPUSPATIAL] [ 56186][17:31:36:818658][info  ] RTSpatialRefiner 0x71c41fd2a4e0 (Used 2041 MB), Loaded Geometries, ProbeArray 1333333, Loaded 840703, Type Point
[LIBGPUSPATIAL] [ 56186][17:31:36:819225][info  ] RTSpatialRefiner 0x71c41fd2a4e0 (Used 2047 MB), Evaluating 1649779 Geometry Pairs with Predicate Contains
[LIBGPUSPATIAL] [ 56186][17:31:36:819938][info  ] Unique multi-polygons 27934, memory quota 235 MB, estimated BVH size 305 MB, n_batches 2
[LIBGPUSPATIAL] [ 56185][17:31:36:821634][info  ] RTSpatialRefiner 0x71c41fd2a4e0 (Used 2050 MB), Loaded Geometries, ProbeArray 1333333, Loaded 840257, Type Point
[LIBGPUSPATIAL] [ 56185][17:31:36:822187][info  ] RTSpatialRefiner 0x71c41fd2a4e0 (Used 2057 MB), Evaluating 1647674 Geometry Pairs with Predicate Contains
[LIBGPUSPATIAL] [ 56185][17:31:36:824272][info  ] Unique multi-polygons 27834, memory quota 235 MB, estimated BVH size 305 MB, n_batches 2
[LIBGPUSPATIAL] [ 56185][17:31:37:115804][info  ] Create RTSpatialIndex 0x71c41c00a800, fast_build = 0, compact = 0, concurrency = 8
[LIBGPUSPATIAL] [ 56185][17:31:37:116179][info  ] Create RTSpatialRefiner 0x71c41fd2a4e0, fast_build = 0, compact = 0, parsing_threads = 8, concurrency = 8, pipeline_batches = 1, wkb_parser_memory_quota = 0.80, relate_engine_memory_quota = 0.10
[LIBGPUSPATIAL] [ 56185][17:31:38:278351][info  ] RTSpatialRefiner 0x71c41fd2a4e0 (Used 623 MB), FinishBuilding Refiner, Total geoms: 31140888
[LIBGPUSPATIAL] [ 56185][17:31:38:278400][info  ] RTSpatialIndex 0x71c41c00a800 (Used 623 MB), PushBuild, Rectangles 31140888
[LIBGPUSPATIAL] [ 56185][17:31:38:336114][info  ] RTSpatialIndex 0x71c41c00a800 (Used 1698 MB), FinishBuilding Index on Points, Total geoms: 31140888
[LIBGPUSPATIAL] [ 56185][17:31:38:516930][info  ] RTSpatialIndex 0x71c41c00a800 (Used 1610 MB), Allocate result buffer, memory consumption 34 MB, capacity 4457108
[LIBGPUSPATIAL] [ 56181][17:31:38:525594][info  ] RTSpatialIndex 0x71c41c00a800 (Used 1647 MB), Allocate result buffer, memory consumption 30 MB, capacity 4037327
[LIBGPUSPATIAL] [ 56186][17:31:38:529396][info  ] RTSpatialIndex 0x71c41c00a800 (Used 1681 MB), Allocate result buffer, memory consumption 22 MB, capacity 2951453
[LIBGPUSPATIAL] [ 56182][17:31:38:533694][info  ] RTSpatialIndex 0x71c41c00a800 (Used 1703 MB), Allocate result buffer, memory consumption 49 MB, capacity 6462532
[LIBGPUSPATIAL] [ 56183][17:31:38:537715][info  ] RTSpatialIndex 0x71c41c00a800 (Used 1756 MB), Allocate result buffer, memory consumption 14 MB, capacity 1900022
[LIBGPUSPATIAL] [ 56185][17:31:38:541207][info  ] RTSpatialIndex 0x71c41c00a800 (Used 1763 MB), Probe Rectangles, Size: 27195, Results: 4457108
[LIBGPUSPATIAL] [ 56184][17:31:38:548597][info  ] RTSpatialIndex 0x71c41c00a800 (Used 1738 MB), Allocate result buffer, memory consumption 23 MB, capacity 3035989
[LIBGPUSPATIAL] [ 56188][17:31:38:551099][info  ] RTSpatialIndex 0x71c41c00a800 (Used 1761 MB), Allocate result buffer, memory consumption 20 MB, capacity 2733975
[LIBGPUSPATIAL] [ 56186][17:31:38:552547][info  ] RTSpatialIndex 0x71c41c00a800 (Used 1771 MB), Probe Rectangles, Size: 27195, Results: 2951453
[LIBGPUSPATIAL] [ 56183][17:31:38:553206][info  ] RTSpatialIndex 0x71c41c00a800 (Used 1771 MB), Probe Rectangles, Size: 27195, Results: 1900022
[LIBGPUSPATIAL] [ 56181][17:31:38:554525][info  ] RTSpatialIndex 0x71c41c00a800 (Used 1771 MB), Probe Rectangles, Size: 27195, Results: 4037327
[LIBGPUSPATIAL] [ 56187][17:31:38:565081][info  ] RTSpatialIndex 0x71c41c00a800 (Used 1742 MB), Allocate result buffer, memory consumption 31 MB, capacity 4163912
[LIBGPUSPATIAL] [ 56184][17:31:38:569339][info  ] RTSpatialIndex 0x71c41c00a800 (Used 2012 MB), Probe Rectangles, Size: 27195, Results: 3035989
[LIBGPUSPATIAL] [ 56182][17:31:38:574991][info  ] RTSpatialIndex 0x71c41c00a800 (Used 2011 MB), Probe Rectangles, Size: 27195, Results: 6462532
[LIBGPUSPATIAL] [ 56188][17:31:38:576574][info  ] RTSpatialIndex 0x71c41c00a800 (Used 2011 MB), Probe Rectangles, Size: 27195, Results: 2733975
[LIBGPUSPATIAL] [ 56187][17:31:38:605269][info  ] RTSpatialIndex 0x71c41c00a800 (Used 2463 MB), Probe Rectangles, Size: 27195, Results: 4163912
[LIBGPUSPATIAL] [ 56185][17:31:38:623573][info  ] RTSpatialRefiner 0x71c41fd2a4e0 (Used 2430 MB), Loaded Geometries, ProbeArray 27195, Loaded 5779, Type MultiPolygon
[LIBGPUSPATIAL] [ 56183][17:31:38:625245][info  ] RTSpatialRefiner 0x71c41fd2a4e0 (Used 2447 MB), Loaded Geometries, ProbeArray 27195, Loaded 5825, Type MultiPolygon
[LIBGPUSPATIAL] [ 56185][17:31:38:630320][info  ] RTSpatialRefiner 0x71c41fd2a4e0 (Used 2454 MB), Evaluating 4457108 Geometry Pairs with Predicate Within
[LIBGPUSPATIAL] [ 56185][17:31:38:631214][info  ] Unique multi-polygons 5779, memory quota 230 MB, estimated BVH size 26 MB, n_batches 1
[LIBGPUSPATIAL] [ 56183][17:31:38:634662][info  ] RTSpatialRefiner 0x71c41fd2a4e0 (Used 2499 MB), Evaluating 1900022 Geometry Pairs with Predicate Within
[LIBGPUSPATIAL] [ 56183][17:31:38:635287][info  ] Unique multi-polygons 5825, memory quota 230 MB, estimated BVH size 29 MB, n_batches 1
[LIBGPUSPATIAL] [ 56186][17:31:38:651405][info  ] RTSpatialRefiner 0x71c41fd2a4e0 (Used 2621 MB), Loaded Geometries, ProbeArray 27195, Loaded 5871, Type MultiPolygon
[LIBGPUSPATIAL] [ 56186][17:31:38:662790][info  ] RTSpatialRefiner 0x71c41fd2a4e0 (Used 2750 MB), Evaluating 2951453 Geometry Pairs with Predicate Within
[LIBGPUSPATIAL] [ 56186][17:31:38:663400][info  ] Unique multi-polygons 5871, memory quota 226 MB, estimated BVH size 27 MB, n_batches 1
[LIBGPUSPATIAL] [ 56188][17:31:38:667993][info  ] RTSpatialRefiner 0x71c41fd2a4e0 (Used 2790 MB), Loaded Geometries, ProbeArray 27195, Loaded 5816, Type MultiPolygon
[LIBGPUSPATIAL] [ 56188][17:31:38:672189][info  ] RTSpatialRefiner 0x71c41fd2a4e0 (Used 2800 MB), Evaluating 2733975 Geometry Pairs with Predicate Within
[LIBGPUSPATIAL] [ 56188][17:31:38:672849][info  ] Unique multi-polygons 5816, memory quota 226 MB, estimated BVH size 27 MB, n_batches 1
[LIBGPUSPATIAL] [ 56181][17:31:38:683119][info  ] RTSpatialRefiner 0x71c41fd2a4e0 (Used 2839 MB), Loaded Geometries, ProbeArray 27195, Loaded 5706, Type MultiPolygon
[LIBGPUSPATIAL] [ 56184][17:31:38:684606][info  ] RTSpatialRefiner 0x71c41fd2a4e0 (Used 2854 MB), Loaded Geometries, ProbeArray 27195, Loaded 5737, Type MultiPolygon
[LIBGPUSPATIAL] [ 56184][17:31:38:685622][info  ] RTSpatialRefiner 0x71c41fd2a4e0 (Used 2866 MB), Evaluating 3035989 Geometry Pairs with Predicate Within
[LIBGPUSPATIAL] [ 56184][17:31:38:686318][info  ] Unique multi-polygons 5737, memory quota 225 MB, estimated BVH size 28 MB, n_batches 1
[LIBGPUSPATIAL] [ 56181][17:31:38:686908][info  ] RTSpatialRefiner 0x71c41fd2a4e0 (Used 2906 MB), Evaluating 4037327 Geometry Pairs with Predicate Within
[LIBGPUSPATIAL] [ 56181][17:31:38:688170][info  ] Unique multi-polygons 5706, memory quota 224 MB, estimated BVH size 27 MB, n_batches 1
[LIBGPUSPATIAL] [ 56187][17:31:38:713669][info  ] RTSpatialRefiner 0x71c41fd2a4e0 (Used 2724 MB), Loaded Geometries, ProbeArray 27195, Loaded 5820, Type MultiPolygon
[LIBGPUSPATIAL] [ 56182][17:31:38:713996][info  ] RTSpatialRefiner 0x71c41fd2a4e0 (Used 2755 MB), Loaded Geometries, ProbeArray 27195, Loaded 5789, Type MultiPolygon
[LIBGPUSPATIAL] [ 56187][17:31:38:750103][info  ] RTSpatialRefiner 0x71c41fd2a4e0 (Used 2764 MB), Evaluating 4163912 Geometry Pairs with Predicate Within
[LIBGPUSPATIAL] [ 56182][17:31:38:752109][info  ] RTSpatialRefiner 0x71c41fd2a4e0 (Used 2780 MB), Evaluating 6462532 Geometry Pairs with Predicate Within
[LIBGPUSPATIAL] [ 56187][17:31:38:765602][info  ] Unique multi-polygons 5820, memory quota 230 MB, estimated BVH size 26 MB, n_batches 1
[LIBGPUSPATIAL] [ 56182][17:31:38:766088][info  ] Unique multi-polygons 5789, memory quota 230 MB, estimated BVH size 27 MB, n_batches 1
[LIBGPUSPATIAL] [ 56183][17:31:39:184927][info  ] RTSpatialIndex 0x71c41c00a800 (Used 1610 MB), Allocate result buffer, memory consumption 20 MB, capacity 2720871
[LIBGPUSPATIAL] [ 56183][17:31:39:192786][info  ] RTSpatialIndex 0x71c41c00a800 (Used 1631 MB), Probe Rectangles, Size: 27195, Results: 2720871
[LIBGPUSPATIAL] [ 56183][17:31:39:219822][info  ] RTSpatialRefiner 0x71c41fd2a4e0 (Used 1730 MB), Loaded Geometries, ProbeArray 27195, Loaded 5770, Type MultiPolygon
[LIBGPUSPATIAL] [ 56183][17:31:39:220731][info  ] RTSpatialRefiner 0x71c41fd2a4e0 (Used 1741 MB), Evaluating 2720871 Geometry Pairs with Predicate Within
[LIBGPUSPATIAL] [ 56183][17:31:39:221382][info  ] Unique multi-polygons 5770, memory quota 239 MB, estimated BVH size 28 MB, n_batches 1
[LIBGPUSPATIAL] [ 56181][17:31:39:364220][info  ] RTSpatialIndex 0x71c41c00a800 (Used 1610 MB), Allocate result buffer, memory consumption 22 MB, capacity 2934184
[LIBGPUSPATIAL] [ 56181][17:31:39:378212][info  ] RTSpatialIndex 0x71c41c00a800 (Used 1632 MB), Probe Rectangles, Size: 27195, Results: 2934184
[LIBGPUSPATIAL] [ 56186][17:31:39:417866][info  ] RTSpatialIndex 0x71c41c00a800 (Used 1728 MB), Allocate result buffer, memory consumption 25 MB, capacity 3380882
[LIBGPUSPATIAL] [ 56181][17:31:39:417866][info  ] RTSpatialRefiner 0x71c41fd2a4e0 (Used 1728 MB), Loaded Geometries, ProbeArray 27195, Loaded 5742, Type MultiPolygon
[LIBGPUSPATIAL] [ 56181][17:31:39:419937][info  ] RTSpatialRefiner 0x71c41fd2a4e0 (Used 1765 MB), Evaluating 2934184 Geometry Pairs with Predicate Within
[LIBGPUSPATIAL] [ 56181][17:31:39:422441][info  ] Unique multi-polygons 5742, memory quota 239 MB, estimated BVH size 26 MB, n_batches 1
[LIBGPUSPATIAL] [ 56186][17:31:39:436926][info  ] RTSpatialIndex 0x71c41c00a800 (Used 1636 MB), Probe Rectangles, Size: 27195, Results: 3380882
[LIBGPUSPATIAL] [ 56186][17:31:39:474573][info  ] RTSpatialRefiner 0x71c41fd2a4e0 (Used 1738 MB), Loaded Geometries, ProbeArray 27195, Loaded 5670, Type MultiPolygon
[LIBGPUSPATIAL] [ 56186][17:31:39:475674][info  ] RTSpatialRefiner 0x71c41fd2a4e0 (Used 1751 MB), Evaluating 3380882 Geometry Pairs with Predicate Within
[LIBGPUSPATIAL] [ 56186][17:31:39:476294][info  ] Unique multi-polygons 5670, memory quota 239 MB, estimated BVH size 28 MB, n_batches 1
[LIBGPUSPATIAL] [ 56188][17:31:39:492884][info  ] RTSpatialIndex 0x71c41c00a800 (Used 1763 MB), Allocate result buffer, memory consumption 90 MB, capacity 11889359
[LIBGPUSPATIAL] [ 56184][17:31:39:511779][info  ] RTSpatialIndex 0x71c41c00a800 (Used 1702 MB), Allocate result buffer, memory consumption 28 MB, capacity 3707555
[LIBGPUSPATIAL] [ 56184][17:31:39:519921][info  ] RTSpatialIndex 0x71c41c00a800 (Used 1730 MB), Probe Rectangles, Size: 27195, Results: 3707555
[LIBGPUSPATIAL] [ 56184][17:31:39:558410][info  ] RTSpatialRefiner 0x71c41fd2a4e0 (Used 1827 MB), Loaded Geometries, ProbeArray 27195, Loaded 5702, Type MultiPolygon
[LIBGPUSPATIAL] [ 56184][17:31:39:559660][info  ] RTSpatialRefiner 0x71c41fd2a4e0 (Used 1841 MB), Evaluating 3707555 Geometry Pairs with Predicate Within
[LIBGPUSPATIAL] [ 56184][17:31:39:560270][info  ] Unique multi-polygons 5702, memory quota 238 MB, estimated BVH size 26 MB, n_batches 1
[LIBGPUSPATIAL] [ 56188][17:31:39:577463][info  ] RTSpatialIndex 0x71c41c00a800 (Used 1841 MB), Probe Rectangles, Size: 27195, Results: 11889359
[LIBGPUSPATIAL] [ 56188][17:31:39:620784][info  ] RTSpatialRefiner 0x71c41fd2a4e0 (Used 1832 MB), Loaded Geometries, ProbeArray 27195, Loaded 5663, Type MultiPolygon
[LIBGPUSPATIAL] [ 56188][17:31:39:624585][info  ] RTSpatialRefiner 0x71c41fd2a4e0 (Used 1877 MB), Evaluating 11889359 Geometry Pairs with Predicate Within
[LIBGPUSPATIAL] [ 56188][17:31:39:629630][info  ] Unique multi-polygons 5663, memory quota 237 MB, estimated BVH size 27 MB, n_batches 1
[LIBGPUSPATIAL] [ 56183][17:31:39:768052][info  ] RTSpatialIndex 0x71c41c00a800 (Used 1609 MB), Allocate result buffer, memory consumption 6 MB, capacity 814503
[LIBGPUSPATIAL] [ 56183][17:31:39:773291][info  ] RTSpatialIndex 0x71c41c00a800 (Used 1615 MB), Probe Rectangles, Size: 2449, Results: 814503
[LIBGPUSPATIAL] [ 56185][17:31:39:776508][info  ] RTSpatialIndex 0x71c41c00a800 (Used 1610 MB), Allocate result buffer, memory consumption 24 MB, capacity 3221977
[LIBGPUSPATIAL] [ 56183][17:31:39:790673][info  ] RTSpatialRefiner 0x71c41fd2a4e0 (Used 1654 MB), Loaded Geometries, ProbeArray 2449, Loaded 540, Type MultiPolygon
[LIBGPUSPATIAL] [ 56183][17:31:39:790984][info  ] RTSpatialRefiner 0x71c41fd2a4e0 (Used 1657 MB), Evaluating 814503 Geometry Pairs with Predicate Within
[LIBGPUSPATIAL] [ 56183][17:31:39:791324][info  ] Unique multi-polygons 540, memory quota 240 MB, estimated BVH size 3 MB, n_batches 1
[LIBGPUSPATIAL] [ 56185][17:31:39:792823][info  ] RTSpatialIndex 0x71c41c00a800 (Used 1657 MB), Probe Rectangles, Size: 27195, Results: 3221977
[LIBGPUSPATIAL] [ 56185][17:31:39:822832][info  ] RTSpatialRefiner 0x71c41fd2a4e0 (Used 1735 MB), Loaded Geometries, ProbeArray 27195, Loaded 5853, Type MultiPolygon
[LIBGPUSPATIAL] [ 56185][17:31:39:824184][info  ] RTSpatialRefiner 0x71c41fd2a4e0 (Used 1748 MB), Evaluating 3221977 Geometry Pairs with Predicate Within
[LIBGPUSPATIAL] [ 56185][17:31:39:825205][info  ] Unique multi-polygons 5853, memory quota 239 MB, estimated BVH size 28 MB, n_batches 1
[LIBGPUSPATIAL] [ 56181][17:31:40:046972][info  ] RTSpatialIndex 0x71c41c00a800 (Used 1609 MB), Allocate result buffer, memory consumption 0 MB, capacity 72722
[LIBGPUSPATIAL] [ 56181][17:31:40:048669][info  ] RTSpatialIndex 0x71c41c00a800 (Used 1609 MB), Probe Rectangles, Size: 2448, Results: 72722
[LIBGPUSPATIAL] [ 56181][17:31:40:051706][info  ] RTSpatialRefiner 0x71c41fd2a4e0 (Used 1616 MB), Loaded Geometries, ProbeArray 2448, Loaded 527, Type MultiPolygon
[LIBGPUSPATIAL] [ 56181][17:31:40:051781][info  ] RTSpatialRefiner 0x71c41fd2a4e0 (Used 1616 MB), Evaluating 72722 Geometry Pairs with Predicate Within
[LIBGPUSPATIAL] [ 56181][17:31:40:052005][info  ] Unique multi-polygons 527, memory quota 241 MB, estimated BVH size 2 MB, n_batches 1
[LIBGPUSPATIAL] [ 56187][17:31:40:077700][info  ] RTSpatialIndex 0x71c41c00a800 (Used 1610 MB), Allocate result buffer, memory consumption 28 MB, capacity 3723830
[LIBGPUSPATIAL] [ 56187][17:31:40:083821][info  ] RTSpatialIndex 0x71c41c00a800 (Used 1638 MB), Probe Rectangles, Size: 27195, Results: 3723830
[LIBGPUSPATIAL] [ 56186][17:31:40:118941][info  ] RTSpatialIndex 0x71c41c00a800 (Used 1741 MB), Allocate result buffer, memory consumption 0 MB, capacity 86567
[LIBGPUSPATIAL] [ 56187][17:31:40:122113][info  ] RTSpatialRefiner 0x71c41fd2a4e0 (Used 1741 MB), Loaded Geometries, ProbeArray 27195, Loaded 5834, Type MultiPolygon
[LIBGPUSPATIAL] [ 56186][17:31:40:122241][info  ] RTSpatialIndex 0x71c41c00a800 (Used 1756 MB), Probe Rectangles, Size: 2448, Results: 86567
[LIBGPUSPATIAL] [ 56187][17:31:40:123378][info  ] RTSpatialRefiner 0x71c41fd2a4e0 (Used 1755 MB), Evaluating 3723830 Geometry Pairs with Predicate Within
[LIBGPUSPATIAL] [ 56187][17:31:40:124002][info  ] Unique multi-polygons 5834, memory quota 239 MB, estimated BVH size 28 MB, n_batches 1
[LIBGPUSPATIAL] [ 56186][17:31:40:136551][info  ] RTSpatialRefiner 0x71c41fd2a4e0 (Used 1767 MB), Loaded Geometries, ProbeArray 2448, Loaded 510, Type MultiPolygon
[LIBGPUSPATIAL] [ 56186][17:31:40:136748][info  ] RTSpatialRefiner 0x71c41fd2a4e0 (Used 1767 MB), Evaluating 86567 Geometry Pairs with Predicate Within
[LIBGPUSPATIAL] [ 56186][17:31:40:137135][info  ] Unique multi-polygons 510, memory quota 239 MB, estimated BVH size 3 MB, n_batches 1
[LIBGPUSPATIAL] [ 56182][17:31:40:218746][info  ] RTSpatialIndex 0x71c41c00a800 (Used 1610 MB), Allocate result buffer, memory consumption 27 MB, capacity 3593158
[LIBGPUSPATIAL] [ 56182][17:31:40:230231][info  ] RTSpatialIndex 0x71c41c00a800 (Used 1637 MB), Probe Rectangles, Size: 27195, Results: 3593158
[LIBGPUSPATIAL] [ 56182][17:31:40:258937][info  ] RTSpatialRefiner 0x71c41fd2a4e0 (Used 1743 MB), Loaded Geometries, ProbeArray 27195, Loaded 5700, Type MultiPolygon
[LIBGPUSPATIAL] [ 56182][17:31:40:260097][info  ] RTSpatialRefiner 0x71c41fd2a4e0 (Used 1757 MB), Evaluating 3593158 Geometry Pairs with Predicate Within
[LIBGPUSPATIAL] [ 56182][17:31:40:260718][info  ] Unique multi-polygons 5700, memory quota 239 MB, estimated BVH size 29 MB, n_batches 1
[LIBGPUSPATIAL] [ 56184][17:31:40:426215][info  ] RTSpatialIndex 0x71c41c00a800 (Used 1609 MB), Allocate result buffer, memory consumption 0 MB, capacity 77342
[LIBGPUSPATIAL] [ 56184][17:31:40:427922][info  ] RTSpatialIndex 0x71c41c00a800 (Used 1609 MB), Probe Rectangles, Size: 2449, Results: 77342
[LIBGPUSPATIAL] [ 56184][17:31:40:430133][info  ] RTSpatialRefiner 0x71c41fd2a4e0 (Used 1617 MB), Loaded Geometries, ProbeArray 2449, Loaded 512, Type MultiPolygon
[LIBGPUSPATIAL] [ 56184][17:31:40:430205][info  ] RTSpatialRefiner 0x71c41fd2a4e0 (Used 1617 MB), Evaluating 77342 Geometry Pairs with Predicate Within
[LIBGPUSPATIAL] [ 56184][17:31:40:430414][info  ] Unique multi-polygons 512, memory quota 241 MB, estimated BVH size 2 MB, n_batches 1
[LIBGPUSPATIAL] [ 56185][17:31:40:712304][info  ] RTSpatialIndex 0x71c41c00a800 (Used 1609 MB), Allocate result buffer, memory consumption 0 MB, capacity 114178
[LIBGPUSPATIAL] [ 56185][17:31:40:714118][info  ] RTSpatialIndex 0x71c41c00a800 (Used 1609 MB), Probe Rectangles, Size: 2449, Results: 114178
[LIBGPUSPATIAL] [ 56185][17:31:40:716277][info  ] RTSpatialRefiner 0x71c41fd2a4e0 (Used 1618 MB), Loaded Geometries, ProbeArray 2449, Loaded 543, Type MultiPolygon
[LIBGPUSPATIAL] [ 56185][17:31:40:716353][info  ] RTSpatialRefiner 0x71c41fd2a4e0 (Used 1618 MB), Evaluating 114178 Geometry Pairs with Predicate Within
[LIBGPUSPATIAL] [ 56185][17:31:40:716609][info  ] Unique multi-polygons 543, memory quota 241 MB, estimated BVH size 2 MB, n_batches 1
[LIBGPUSPATIAL] [ 56182][17:31:40:833797][info  ] RTSpatialIndex 0x71c41c00a800 (Used 1609 MB), Allocate result buffer, memory consumption 0 MB, capacity 62652
[LIBGPUSPATIAL] [ 56182][17:31:40:835376][info  ] RTSpatialIndex 0x71c41c00a800 (Used 1609 MB), Probe Rectangles, Size: 2449, Results: 62652
[LIBGPUSPATIAL] [ 56182][17:31:40:837402][info  ] RTSpatialRefiner 0x71c41fd2a4e0 (Used 1616 MB), Loaded Geometries, ProbeArray 2449, Loaded 507, Type MultiPolygon
[LIBGPUSPATIAL] [ 56182][17:31:40:837459][info  ] RTSpatialRefiner 0x71c41fd2a4e0 (Used 1617 MB), Evaluating 62652 Geometry Pairs with Predicate Within
[LIBGPUSPATIAL] [ 56182][17:31:40:837646][info  ] Unique multi-polygons 507, memory quota 241 MB, estimated BVH size 2 MB, n_batches 1
[LIBGPUSPATIAL] [ 56187][17:31:40:934994][info  ] RTSpatialIndex 0x71c41c00a800 (Used 1609 MB), Allocate result buffer, memory consumption 1 MB, capacity 242572
[LIBGPUSPATIAL] [ 56187][17:31:40:936963][info  ] RTSpatialIndex 0x71c41c00a800 (Used 1610 MB), Probe Rectangles, Size: 2449, Results: 242572
[LIBGPUSPATIAL] [ 56187][17:31:40:939590][info  ] RTSpatialRefiner 0x71c41fd2a4e0 (Used 1621 MB), Loaded Geometries, ProbeArray 2449, Loaded 529, Type MultiPolygon
[LIBGPUSPATIAL] [ 56187][17:31:40:939697][info  ] RTSpatialRefiner 0x71c41fd2a4e0 (Used 1622 MB), Evaluating 242572 Geometry Pairs with Predicate Within
[LIBGPUSPATIAL] [ 56187][17:31:40:940110][info  ] Unique multi-polygons 529, memory quota 241 MB, estimated BVH size 3 MB, n_batches 1
[LIBGPUSPATIAL] [ 56188][17:31:41:168413][info  ] RTSpatialIndex 0x71c41c00a800 (Used 1609 MB), Allocate result buffer, memory consumption 0 MB, capacity 109608
[LIBGPUSPATIAL] [ 56188][17:31:41:170453][info  ] RTSpatialIndex 0x71c41c00a800 (Used 1609 MB), Probe Rectangles, Size: 2449, Results: 109608
[LIBGPUSPATIAL] [ 56188][17:31:41:172500][info  ] RTSpatialRefiner 0x71c41fd2a4e0 (Used 1617 MB), Loaded Geometries, ProbeArray 2449, Loaded 487, Type MultiPolygon
[LIBGPUSPATIAL] [ 56188][17:31:41:172589][info  ] RTSpatialRefiner 0x71c41fd2a4e0 (Used 1617 MB), Evaluating 109608 Geometry Pairs with Predicate Within
[LIBGPUSPATIAL] [ 56188][17:31:41:172890][info  ] Unique multi-polygons 487, memory quota 241 MB, estimated BVH size 2 MB, n_batches 1
9.61s (1 rows)

================================================================================
BENCHMARK SUMMARY
================================================================================
Query     sedonadb_gpu   
-------------------------
q11       9.61s          
-------------------------
Total     9.61s         

Results saved to results_mem_SF_10/sedonadb_gpu_q11_results.json
