Data paths:
  building: benchmark-data-sf10/building
  customer: benchmark-data-sf10/customer
  driver: benchmark-data-sf10/driver
  trip: benchmark-data-sf10/trip
  vehicle: benchmark-data-sf10/vehicle
  zone: benchmark-data-sf10/zone

============================================================
Running Sedonadb Gpu Benchmark
============================================================
Sedonadb Gpu version: 0.3.0
  Running q11... [LIBGPUSPATIAL] [ 13902][18:01:17:218435][info  ] Initializing GpuSpatialRuntime on device 0, PTX root /mnt/data/sedona-db/target/release/build/sedona-libgpuspatial-49614f8a870dbe66/out/share/gpuspatial/shaders
[LIBGPUSPATIAL] [ 13902][18:01:17:379086][info  ] Init Memory Manager
[LIBGPUSPATIAL] [ 13902][18:01:17:379262][info  ] Creating RMM pool memory resource with size 22511 MB
[LIBGPUSPATIAL] [ 13902][18:01:17:424382][info  ] Initialize RTEngine
[LIBGPUSPATIAL] [ 13902][18:01:17:547992][info  ] Create RTSpatialIndex 0x7cfe6400a800, fast_build = 0, compact = 0, concurrency = 8
[LIBGPUSPATIAL] [ 13902][18:01:17:550812][info  ] Create RTSpatialRefiner 0x7cfe67d29f90, fast_build = 0, compact = 0, parsing_threads = 8, concurrency = 8, pipeline_batches = 1, wkb_parser_memory_quota = 0.80, relate_engine_memory_quota = 0.09
[LIBGPUSPATIAL] [ 13902][18:01:18:063445][info  ] RTSpatialRefiner 0x7cfe67d29f90 (Used 1946 MB), FinishBuilding Refiner, Total geoms: 454710
[LIBGPUSPATIAL] [ 13902][18:01:18:063488][info  ] RTSpatialIndex 0x7cfe6400a800 (Used 1946 MB), PushBuild, Rectangles 454710
[LIBGPUSPATIAL] [ 13902][18:01:18:065385][info  ] RTSpatialIndex 0x7cfe6400a800 (Used 1980 MB), FinishBuilding Index on Rectangles, Total geoms: 454710
[LIBGPUSPATIAL] [ 13901][18:01:18:335003][info  ] RTSpatialIndex 0x7cfe6400a800 (Used 2020 MB), Allocate result buffer, memory consumption 12 MB, capacity 1646781
[LIBGPUSPATIAL] [ 13907][18:01:18:339675][info  ] RTSpatialIndex 0x7cfe6400a800 (Used 2033 MB), Allocate result buffer, memory consumption 12 MB, capacity 1646306
[LIBGPUSPATIAL] [ 13903][18:01:18:341673][info  ] RTSpatialIndex 0x7cfe6400a800 (Used 2025 MB), Allocate result buffer, memory consumption 12 MB, capacity 1645337
[LIBGPUSPATIAL] [ 13901][18:01:18:350653][info  ] RTSpatialIndex 0x7cfe6400a800 (Used 2078 MB), Probe Points, Size: 1333333, Results: 1646781
[LIBGPUSPATIAL] [ 13907][18:01:18:352123][info  ] RTSpatialIndex 0x7cfe6400a800 (Used 2099 MB), Probe Points, Size: 1333333, Results: 1646306
[LIBGPUSPATIAL] [ 13902][18:01:18:356250][info  ] RTSpatialIndex 0x7cfe6400a800 (Used 2084 MB), Allocate result buffer, memory consumption 12 MB, capacity 1648934
[LIBGPUSPATIAL] [ 13904][18:01:18:356595][info  ] RTSpatialIndex 0x7cfe6400a800 (Used 2090 MB), Allocate result buffer, memory consumption 12 MB, capacity 1644220
[LIBGPUSPATIAL] [ 13908][18:01:18:359073][info  ] RTSpatialIndex 0x7cfe6400a800 (Used 2106 MB), Allocate result buffer, memory consumption 12 MB, capacity 1647885
[LIBGPUSPATIAL] [ 13905][18:01:18:359672][info  ] RTSpatialIndex 0x7cfe6400a800 (Used 2106 MB), Allocate result buffer, memory consumption 12 MB, capacity 1646756
[LIBGPUSPATIAL] [ 13906][18:01:18:360142][info  ] RTSpatialIndex 0x7cfe6400a800 (Used 2112 MB), Allocate result buffer, memory consumption 12 MB, capacity 1645951
[LIBGPUSPATIAL] [ 13903][18:01:18:361743][info  ] RTSpatialIndex 0x7cfe6400a800 (Used 2143 MB), Probe Points, Size: 1333333, Results: 1645337
[LIBGPUSPATIAL] [ 13904][18:01:18:369519][info  ] RTSpatialIndex 0x7cfe6400a800 (Used 2154 MB), Probe Points, Size: 1333333, Results: 1644220
[LIBGPUSPATIAL] [ 13902][18:01:18:376208][info  ] RTSpatialIndex 0x7cfe6400a800 (Used 2144 MB), Probe Points, Size: 1333333, Results: 1648934
[LIBGPUSPATIAL] [ 13905][18:01:18:378536][info  ] RTSpatialIndex 0x7cfe6400a800 (Used 2144 MB), Probe Points, Size: 1333333, Results: 1646756
[LIBGPUSPATIAL] [ 13906][18:01:18:380520][info  ] RTSpatialIndex 0x7cfe6400a800 (Used 2144 MB), Probe Points, Size: 1333333, Results: 1645951
[LIBGPUSPATIAL] [ 13908][18:01:18:381499][info  ] RTSpatialIndex 0x7cfe6400a800 (Used 2144 MB), Probe Points, Size: 1333333, Results: 1647885
[LIBGPUSPATIAL] [ 13901][18:01:18:383035][info  ] RTSpatialRefiner 0x7cfe67d29f90 (Used 2109 MB), Loaded Geometries, ProbeArray 1333333, Loaded 840316, Type Point
[LIBGPUSPATIAL] [ 13901][18:01:18:384020][info  ] RTSpatialRefiner 0x7cfe67d29f90 (Used 2105 MB), Evaluating 1646781 Geometry Pairs with Predicate Contains
[LIBGPUSPATIAL] [ 13907][18:01:18:389200][info  ] RTSpatialRefiner 0x7cfe67d29f90 (Used 2072 MB), Loaded Geometries, ProbeArray 1333333, Loaded 839769, Type Point
[LIBGPUSPATIAL] [ 13907][18:01:18:391740][info  ] RTSpatialRefiner 0x7cfe67d29f90 (Used 2110 MB), Evaluating 1646306 Geometry Pairs with Predicate Contains
[LIBGPUSPATIAL] [ 13901][18:01:18:413504][info  ] Unique multi-polygons 27800, memory quota 210 MB, estimated BVH size 306 MB, n_batches 2
[LIBGPUSPATIAL] [ 13907][18:01:18:413506][info  ] Unique multi-polygons 27923, memory quota 210 MB, estimated BVH size 306 MB, n_batches 2
[LIBGPUSPATIAL] [ 13907][18:01:18:416136][info  ] PIP(Used 2261 MB), Batch 0
[LIBGPUSPATIAL] [ 13901][18:01:18:419436][info  ] PIP(Used 2240 MB), Batch 0
[LIBGPUSPATIAL] [ 13907][18:01:18:442280][info  ] PIP(Used 2335 MB), Batch 1
[LIBGPUSPATIAL] [ 13904][18:01:18:469785][info  ] RTSpatialRefiner 0x7cfe67d29f90 (Used 2442 MB), Loaded Geometries, ProbeArray 1333333, Loaded 838626, Type Point
[LIBGPUSPATIAL] [ 13905][18:01:18:470966][info  ] RTSpatialRefiner 0x7cfe67d29f90 (Used 2449 MB), Loaded Geometries, ProbeArray 1333333, Loaded 840229, Type Point
[LIBGPUSPATIAL] [ 13902][18:01:18:471976][info  ] RTSpatialRefiner 0x7cfe67d29f90 (Used 2455 MB), Loaded Geometries, ProbeArray 1333333, Loaded 840623, Type Point
[LIBGPUSPATIAL] [ 13906][18:01:18:472989][info  ] RTSpatialRefiner 0x7cfe67d29f90 (Used 2461 MB), Loaded Geometries, ProbeArray 1333333, Loaded 839464, Type Point
[LIBGPUSPATIAL] [ 13904][18:01:18:473386][info  ] RTSpatialRefiner 0x7cfe67d29f90 (Used 2467 MB), Evaluating 1644220 Geometry Pairs with Predicate Contains
[LIBGPUSPATIAL] [ 13904][18:01:18:474100][info  ] Unique multi-polygons 28027, memory quota 207 MB, estimated BVH size 306 MB, n_batches 2
[LIBGPUSPATIAL] [ 13908][18:01:18:474257][info  ] RTSpatialRefiner 0x7cfe67d29f90 (Used 2471 MB), Loaded Geometries, ProbeArray 1333333, Loaded 839762, Type Point
[LIBGPUSPATIAL] [ 13902][18:01:18:474664][info  ] RTSpatialRefiner 0x7cfe67d29f90 (Used 2618 MB), Evaluating 1648934 Geometry Pairs with Predicate Contains
[LIBGPUSPATIAL] [ 13902][18:01:18:475437][info  ] Unique multi-polygons 27961, memory quota 205 MB, estimated BVH size 306 MB, n_batches 2
[LIBGPUSPATIAL] [ 13903][18:01:18:475935][info  ] RTSpatialRefiner 0x7cfe67d29f90 (Used 2621 MB), Loaded Geometries, ProbeArray 1333333, Loaded 839184, Type Point
[LIBGPUSPATIAL] [ 13906][18:01:18:476364][info  ] RTSpatialRefiner 0x7cfe67d29f90 (Used 2627 MB), Evaluating 1645951 Geometry Pairs with Predicate Contains
[LIBGPUSPATIAL] [ 13908][18:01:18:476948][info  ] RTSpatialRefiner 0x7cfe67d29f90 (Used 2634 MB), Evaluating 1647885 Geometry Pairs with Predicate Contains
[LIBGPUSPATIAL] [ 13905][18:01:18:477534][info  ] RTSpatialRefiner 0x7cfe67d29f90 (Used 2782 MB), Evaluating 1646756 Geometry Pairs with Predicate Contains
[LIBGPUSPATIAL] [ 13906][18:01:18:478031][info  ] Unique multi-polygons 27959, memory quota 203 MB, estimated BVH size 306 MB, n_batches 2
[LIBGPUSPATIAL] [ 13908][18:01:18:478105][info  ] Unique multi-polygons 27972, memory quota 203 MB, estimated BVH size 305 MB, n_batches 2
[LIBGPUSPATIAL] [ 13903][18:01:18:478132][info  ] RTSpatialRefiner 0x7cfe67d29f90 (Used 2776 MB), Evaluating 1645337 Geometry Pairs with Predicate Contains
[LIBGPUSPATIAL] [ 13905][18:01:18:480148][info  ] Unique multi-polygons 27757, memory quota 203 MB, estimated BVH size 303 MB, n_batches 2
[LIBGPUSPATIAL] [ 13901][18:01:18:480278][info  ] PIP(Used 2680 MB), Batch 1
[LIBGPUSPATIAL] [ 13904][18:01:18:480368][info  ] PIP(Used 2584 MB), Batch 0
[LIBGPUSPATIAL] [ 13903][18:01:18:482413][info  ] Unique multi-polygons 28133, memory quota 205 MB, estimated BVH size 306 MB, n_batches 2
[LIBGPUSPATIAL] [ 13902][18:01:18:483065][info  ] PIP(Used 2670 MB), Batch 0
[LIBGPUSPATIAL] [ 13906][18:01:18:483158][info  ] PIP(Used 2575 MB), Batch 0
[LIBGPUSPATIAL] [ 13908][18:01:18:483204][info  ] PIP(Used 2484 MB), Batch 0
[LIBGPUSPATIAL] [ 13905][18:01:18:483235][info  ] PIP(Used 2433 MB), Batch 0
[LIBGPUSPATIAL] [ 13903][18:01:18:486745][info  ] PIP(Used 2332 MB), Batch 0
[LIBGPUSPATIAL] [ 13904][18:01:18:520566][info  ] PIP(Used 2302 MB), Batch 1
[LIBGPUSPATIAL] [ 13902][18:01:18:529151][info  ] PIP(Used 2298 MB), Batch 1
[LIBGPUSPATIAL] [ 13905][18:01:18:533155][info  ] PIP(Used 2295 MB), Batch 1
[LIBGPUSPATIAL] [ 13906][18:01:18:537051][info  ] PIP(Used 2292 MB), Batch 1
[LIBGPUSPATIAL] [ 13908][18:01:18:547470][info  ] PIP(Used 2289 MB), Batch 1
[LIBGPUSPATIAL] [ 13903][18:01:18:600780][info  ] PIP(Used 2076 MB), Batch 1
[LIBGPUSPATIAL] [ 13907][18:01:18:906010][info  ] RTSpatialIndex 0x7cfe6400a800 (Used 1980 MB), Allocate result buffer, memory consumption 12 MB, capacity 1647434
[LIBGPUSPATIAL] [ 13907][18:01:18:910749][info  ] RTSpatialIndex 0x7cfe6400a800 (Used 1992 MB), Probe Points, Size: 1333333, Results: 1647434
[LIBGPUSPATIAL] [ 13901][18:01:18:925011][info  ] RTSpatialIndex 0x7cfe6400a800 (Used 1998 MB), Allocate result buffer, memory consumption 12 MB, capacity 1646511
[LIBGPUSPATIAL] [ 13901][18:01:18:932339][info  ] RTSpatialIndex 0x7cfe6400a800 (Used 2028 MB), Probe Points, Size: 1333333, Results: 1646511
[LIBGPUSPATIAL] [ 13907][18:01:18:950993][info  ] RTSpatialRefiner 0x7cfe67d29f90 (Used 2041 MB), Loaded Geometries, ProbeArray 1333333, Loaded 839980, Type Point
[LIBGPUSPATIAL] [ 13907][18:01:18:951641][info  ] RTSpatialRefiner 0x7cfe67d29f90 (Used 2047 MB), Evaluating 1647434 Geometry Pairs with Predicate Contains
[LIBGPUSPATIAL] [ 13907][18:01:18:952381][info  ] Unique multi-polygons 28078, memory quota 212 MB, estimated BVH size 304 MB, n_batches 2
[LIBGPUSPATIAL] [ 13907][18:01:18:953425][info  ] PIP(Used 2100 MB), Batch 0
[LIBGPUSPATIAL] [ 13901][18:01:18:969303][info  ] RTSpatialRefiner 0x7cfe67d29f90 (Used 2050 MB), Loaded Geometries, ProbeArray 1333333, Loaded 839963, Type Point
[LIBGPUSPATIAL] [ 13901][18:01:18:969890][info  ] RTSpatialRefiner 0x7cfe67d29f90 (Used 2056 MB), Evaluating 1646511 Geometry Pairs with Predicate Contains
[LIBGPUSPATIAL] [ 13901][18:01:18:970593][info  ] Unique multi-polygons 27657, memory quota 212 MB, estimated BVH size 304 MB, n_batches 2
[LIBGPUSPATIAL] [ 13901][18:01:18:971242][info  ] PIP(Used 2110 MB), Batch 0
[LIBGPUSPATIAL] [ 13907][18:01:18:982751][info  ] PIP(Used 2121 MB), Batch 1
[LIBGPUSPATIAL] [ 13904][18:01:19:003199][info  ] RTSpatialIndex 0x7cfe6400a800 (Used 2025 MB), Allocate result buffer, memory consumption 12 MB, capacity 1647532
[LIBGPUSPATIAL] [ 13901][18:01:19:003960][info  ] PIP(Used 2098 MB), Batch 1
[LIBGPUSPATIAL] [ 13904][18:01:19:006206][info  ] RTSpatialIndex 0x7cfe6400a800 (Used 2034 MB), Probe Points, Size: 1333333, Results: 1647532
[LIBGPUSPATIAL] [ 13904][18:01:19:047674][info  ] RTSpatialRefiner 0x7cfe67d29f90 (Used 2005 MB), Loaded Geometries, ProbeArray 1333333, Loaded 840142, Type Point
[LIBGPUSPATIAL] [ 13904][18:01:19:048391][info  ] RTSpatialRefiner 0x7cfe67d29f90 (Used 2011 MB), Evaluating 1647532 Geometry Pairs with Predicate Contains
[LIBGPUSPATIAL] [ 13904][18:01:19:049157][info  ] Unique multi-polygons 27830, memory quota 212 MB, estimated BVH size 304 MB, n_batches 2
[LIBGPUSPATIAL] [ 13904][18:01:19:049781][info  ] PIP(Used 2065 MB), Batch 0
[LIBGPUSPATIAL] [ 13908][18:01:19:072369][info  ] RTSpatialIndex 0x7cfe6400a800 (Used 2025 MB), Allocate result buffer, memory consumption 12 MB, capacity 1647217
[LIBGPUSPATIAL] [ 13904][18:01:19:073186][info  ] PIP(Used 2098 MB), Batch 1
[LIBGPUSPATIAL] [ 13908][18:01:19:075338][info  ] RTSpatialIndex 0x7cfe6400a800 (Used 2034 MB), Probe Points, Size: 1333333, Results: 1647217
[LIBGPUSPATIAL] [ 13905][18:01:19:086410][info  ] RTSpatialIndex 0x7cfe6400a800 (Used 1998 MB), Allocate result buffer, memory consumption 12 MB, capacity 1647944
[LIBGPUSPATIAL] [ 13905][18:01:19:091748][info  ] RTSpatialIndex 0x7cfe6400a800 (Used 2031 MB), Probe Points, Size: 1333333, Results: 1647944
[LIBGPUSPATIAL] [ 13906][18:01:19:095835][info  ] RTSpatialIndex 0x7cfe6400a800 (Used 2015 MB), Allocate result buffer, memory consumption 12 MB, capacity 1650372
[LIBGPUSPATIAL] [ 13906][18:01:19:101227][info  ] RTSpatialIndex 0x7cfe6400a800 (Used 2040 MB), Probe Points, Size: 1333333, Results: 1650372
[LIBGPUSPATIAL] [ 13908][18:01:19:122706][info  ] RTSpatialRefiner 0x7cfe67d29f90 (Used 2090 MB), Loaded Geometries, ProbeArray 1333333, Loaded 839385, Type Point
[LIBGPUSPATIAL] [ 13908][18:01:19:131361][info  ] RTSpatialRefiner 0x7cfe67d29f90 (Used 2103 MB), Evaluating 1647217 Geometry Pairs with Predicate Contains
[LIBGPUSPATIAL] [ 13908][18:01:19:132659][info  ] Unique multi-polygons 28033, memory quota 211 MB, estimated BVH size 306 MB, n_batches 2
[LIBGPUSPATIAL] [ 13903][18:01:19:131809][info  ] RTSpatialIndex 0x7cfe6400a800 (Used 2103 MB), Allocate result buffer, memory consumption 12 MB, capacity 1648531
[LIBGPUSPATIAL] [ 13905][18:01:19:133390][info  ] RTSpatialRefiner 0x7cfe67d29f90 (Used 2119 MB), Loaded Geometries, ProbeArray 1333333, Loaded 839691, Type Point
[LIBGPUSPATIAL] [ 13905][18:01:19:134124][info  ] RTSpatialRefiner 0x7cfe67d29f90 (Used 2267 MB), Evaluating 1647944 Geometry Pairs with Predicate Contains
[LIBGPUSPATIAL] [ 13905][18:01:19:141466][info  ] Unique multi-polygons 28031, memory quota 209 MB, estimated BVH size 305 MB, n_batches 2
[LIBGPUSPATIAL] [ 13908][18:01:19:142580][info  ] PIP(Used 2321 MB), Batch 0
[LIBGPUSPATIAL] [ 13902][18:01:19:145439][info  ] RTSpatialIndex 0x7cfe6400a800 (Used 2321 MB), Allocate result buffer, memory consumption 12 MB, capacity 1646922
[LIBGPUSPATIAL] [ 13903][18:01:19:146186][info  ] RTSpatialIndex 0x7cfe6400a800 (Used 2328 MB), Probe Points, Size: 1333333, Results: 1648531
[LIBGPUSPATIAL] [ 13905][18:01:19:146720][info  ] PIP(Used 2219 MB), Batch 0
[LIBGPUSPATIAL] [ 13906][18:01:19:148028][info  ] RTSpatialRefiner 0x7cfe67d29f90 (Used 2169 MB), Loaded Geometries, ProbeArray 1333333, Loaded 841526, Type Point
[LIBGPUSPATIAL] [ 13906][18:01:19:167543][info  ] RTSpatialRefiner 0x7cfe67d29f90 (Used 2233 MB), Evaluating 1650372 Geometry Pairs with Predicate Contains
[LIBGPUSPATIAL] [ 13906][18:01:19:168282][info  ] Unique multi-polygons 28128, memory quota 208 MB, estimated BVH size 306 MB, n_batches 2
[LIBGPUSPATIAL] [ 13908][18:01:19:169711][info  ] PIP(Used 2202 MB), Batch 1
[LIBGPUSPATIAL] [ 13902][18:01:19:170664][info  ] RTSpatialIndex 0x7cfe6400a800 (Used 2137 MB), Probe Points, Size: 1333333, Results: 1646922
[LIBGPUSPATIAL] [ 13906][18:01:19:194212][info  ] PIP(Used 2209 MB), Batch 0
[LIBGPUSPATIAL] [ 13905][18:01:19:194234][info  ] PIP(Used 2209 MB), Batch 1
[LIBGPUSPATIAL] [ 13906][18:01:19:220728][info  ] PIP(Used 2147 MB), Batch 1
[LIBGPUSPATIAL] [ 13902][18:01:19:227695][info  ] RTSpatialRefiner 0x7cfe67d29f90 (Used 2083 MB), Loaded Geometries, ProbeArray 1333333, Loaded 839419, Type Point
[LIBGPUSPATIAL] [ 13902][18:01:19:228341][info  ] RTSpatialRefiner 0x7cfe67d29f90 (Used 2089 MB), Evaluating 1646922 Geometry Pairs with Predicate Contains
[LIBGPUSPATIAL] [ 13902][18:01:19:229519][info  ] Unique multi-polygons 27979, memory quota 211 MB, estimated BVH size 303 MB, n_batches 2
[LIBGPUSPATIAL] [ 13903][18:01:19:229965][info  ] RTSpatialRefiner 0x7cfe67d29f90 (Used 2092 MB), Loaded Geometries, ProbeArray 1333333, Loaded 841222, Type Point
[LIBGPUSPATIAL] [ 13903][18:01:19:230581][info  ] RTSpatialRefiner 0x7cfe67d29f90 (Used 2239 MB), Evaluating 1648531 Geometry Pairs with Predicate Contains
[LIBGPUSPATIAL] [ 13902][18:01:19:231203][info  ] PIP(Used 2107 MB), Batch 0
[LIBGPUSPATIAL] [ 13903][18:01:19:232540][info  ] Unique multi-polygons 27847, memory quota 212 MB, estimated BVH size 308 MB, n_batches 2
[LIBGPUSPATIAL] [ 13903][18:01:19:233414][info  ] PIP(Used 2110 MB), Batch 0
[LIBGPUSPATIAL] [ 13902][18:01:19:257245][info  ] PIP(Used 2121 MB), Batch 1
[LIBGPUSPATIAL] [ 13903][18:01:19:282767][info  ] PIP(Used 2118 MB), Batch 1
[LIBGPUSPATIAL] [ 13907][18:01:19:439139][info  ] RTSpatialIndex 0x7cfe6400a800 (Used 1980 MB), Allocate result buffer, memory consumption 12 MB, capacity 1645557
[LIBGPUSPATIAL] [ 13907][18:01:19:443163][info  ] RTSpatialIndex 0x7cfe6400a800 (Used 1992 MB), Probe Points, Size: 1333333, Results: 1645557
[LIBGPUSPATIAL] [ 13907][18:01:19:478785][info  ] RTSpatialRefiner 0x7cfe67d29f90 (Used 2005 MB), Loaded Geometries, ProbeArray 1333333, Loaded 839929, Type Point
[LIBGPUSPATIAL] [ 13907][18:01:19:479826][info  ] RTSpatialRefiner 0x7cfe67d29f90 (Used 2011 MB), Evaluating 1645557 Geometry Pairs with Predicate Contains
[LIBGPUSPATIAL] [ 13907][18:01:19:480675][info  ] Unique multi-polygons 27739, memory quota 212 MB, estimated BVH size 304 MB, n_batches 2
[LIBGPUSPATIAL] [ 13907][18:01:19:481371][info  ] PIP(Used 2065 MB), Batch 0
[LIBGPUSPATIAL] [ 13901][18:01:19:503457][info  ] RTSpatialIndex 0x7cfe6400a800 (Used 2025 MB), Allocate result buffer, memory consumption 12 MB, capacity 1641655
[LIBGPUSPATIAL] [ 13907][18:01:19:504131][info  ] PIP(Used 2098 MB), Batch 1
[LIBGPUSPATIAL] [ 13901][18:01:19:506760][info  ] RTSpatialIndex 0x7cfe6400a800 (Used 2034 MB), Probe Points, Size: 1333333, Results: 1641655
[LIBGPUSPATIAL] [ 13904][18:01:19:543254][info  ] RTSpatialIndex 0x7cfe6400a800 (Used 2015 MB), Allocate result buffer, memory consumption 12 MB, capacity 1647602
[LIBGPUSPATIAL] [ 13904][18:01:19:549174][info  ] RTSpatialIndex 0x7cfe6400a800 (Used 2028 MB), Probe Points, Size: 1333333, Results: 1647602
[LIBGPUSPATIAL] [ 13901][18:01:19:550739][info  ] RTSpatialRefiner 0x7cfe67d29f90 (Used 2005 MB), Loaded Geometries, ProbeArray 1333333, Loaded 838064, Type Point
[LIBGPUSPATIAL] [ 13901][18:01:19:552183][info  ] RTSpatialRefiner 0x7cfe67d29f90 (Used 2011 MB), Evaluating 1641655 Geometry Pairs with Predicate Contains
[LIBGPUSPATIAL] [ 13901][18:01:19:553076][info  ] Unique multi-polygons 28017, memory quota 212 MB, estimated BVH size 306 MB, n_batches 2
[LIBGPUSPATIAL] [ 13901][18:01:19:553903][info  ] PIP(Used 2084 MB), Batch 0
[LIBGPUSPATIAL] [ 13901][18:01:19:578986][info  ] PIP(Used 2111 MB), Batch 1
[LIBGPUSPATIAL] [ 13904][18:01:19:581782][info  ] RTSpatialRefiner 0x7cfe67d29f90 (Used 2047 MB), Loaded Geometries, ProbeArray 1333333, Loaded 840413, Type Point
[LIBGPUSPATIAL] [ 13904][18:01:19:582404][info  ] RTSpatialRefiner 0x7cfe67d29f90 (Used 2053 MB), Evaluating 1647602 Geometry Pairs with Predicate Contains
[LIBGPUSPATIAL] [ 13904][18:01:19:587706][info  ] Unique multi-polygons 27940, memory quota 212 MB, estimated BVH size 305 MB, n_batches 2
[LIBGPUSPATIAL] [ 13904][18:01:19:588449][info  ] PIP(Used 2107 MB), Batch 0
[LIBGPUSPATIAL] [ 13904][18:01:19:615511][info  ] PIP(Used 2076 MB), Batch 1
[LIBGPUSPATIAL] [ 13908][18:01:19:646599][info  ] RTSpatialIndex 0x7cfe6400a800 (Used 1980 MB), Allocate result buffer, memory consumption 12 MB, capacity 1648251
[LIBGPUSPATIAL] [ 13908][18:01:19:649231][info  ] RTSpatialIndex 0x7cfe6400a800 (Used 1992 MB), Probe Points, Size: 1333333, Results: 1648251
[LIBGPUSPATIAL] [ 13906][18:01:19:670728][info  ] RTSpatialIndex 0x7cfe6400a800 (Used 2015 MB), Allocate result buffer, memory consumption 12 MB, capacity 1646504
[LIBGPUSPATIAL] [ 13906][18:01:19:673893][info  ] RTSpatialIndex 0x7cfe6400a800 (Used 2028 MB), Probe Points, Size: 1333333, Results: 1646504
[LIBGPUSPATIAL] [ 13908][18:01:19:680216][info  ] RTSpatialRefiner 0x7cfe67d29f90 (Used 2024 MB), Loaded Geometries, ProbeArray 1333333, Loaded 840587, Type Point
[LIBGPUSPATIAL] [ 13908][18:01:19:680961][info  ] RTSpatialRefiner 0x7cfe67d29f90 (Used 2030 MB), Evaluating 1648251 Geometry Pairs with Predicate Contains
[LIBGPUSPATIAL] [ 13908][18:01:19:681705][info  ] Unique multi-polygons 27851, memory quota 212 MB, estimated BVH size 304 MB, n_batches 2
[LIBGPUSPATIAL] [ 13908][18:01:19:682373][info  ] PIP(Used 2084 MB), Batch 0
[LIBGPUSPATIAL] [ 13905][18:01:19:707283][info  ] RTSpatialIndex 0x7cfe6400a800 (Used 2060 MB), Allocate result buffer, memory consumption 12 MB, capacity 1646116
[LIBGPUSPATIAL] [ 13908][18:01:19:710959][info  ] PIP(Used 2134 MB), Batch 1
[LIBGPUSPATIAL] [ 13906][18:01:19:712138][info  ] RTSpatialRefiner 0x7cfe67d29f90 (Used 2134 MB), Loaded Geometries, ProbeArray 1333333, Loaded 839426, Type Point
[LIBGPUSPATIAL] [ 13906][18:01:19:713472][info  ] RTSpatialRefiner 0x7cfe67d29f90 (Used 2140 MB), Evaluating 1646504 Geometry Pairs with Predicate Contains
[LIBGPUSPATIAL] [ 13906][18:01:19:717980][info  ] Unique multi-polygons 27627, memory quota 211 MB, estimated BVH size 303 MB, n_batches 2
[LIBGPUSPATIAL] [ 13905][18:01:19:719012][info  ] RTSpatialIndex 0x7cfe6400a800 (Used 2129 MB), Probe Points, Size: 1333333, Results: 1646116
[LIBGPUSPATIAL] [ 13906][18:01:19:719031][info  ] PIP(Used 2129 MB), Batch 0
[LIBGPUSPATIAL] [ 13906][18:01:19:746155][info  ] PIP(Used 2111 MB), Batch 1
[LIBGPUSPATIAL] [ 13902][18:01:19:757767][info  ] RTSpatialIndex 0x7cfe6400a800 (Used 2025 MB), Allocate result buffer, memory consumption 12 MB, capacity 1646166
[LIBGPUSPATIAL] [ 13903][18:01:19:758017][info  ] RTSpatialIndex 0x7cfe6400a800 (Used 2038 MB), Allocate result buffer, memory consumption 12 MB, capacity 1648005
[LIBGPUSPATIAL] [ 13905][18:01:19:761401][info  ] RTSpatialRefiner 0x7cfe67d29f90 (Used 2051 MB), Loaded Geometries, ProbeArray 1333333, Loaded 839804, Type Point
[LIBGPUSPATIAL] [ 13902][18:01:19:761411][info  ] RTSpatialIndex 0x7cfe6400a800 (Used 2051 MB), Probe Points, Size: 1333333, Results: 1646166
[LIBGPUSPATIAL] [ 13905][18:01:19:762162][info  ] RTSpatialRefiner 0x7cfe67d29f90 (Used 2047 MB), Evaluating 1646116 Geometry Pairs with Predicate Contains
[LIBGPUSPATIAL] [ 13903][18:01:19:762189][info  ] RTSpatialIndex 0x7cfe6400a800 (Used 2047 MB), Probe Points, Size: 1333333, Results: 1648005
[LIBGPUSPATIAL] [ 13905][18:01:19:762973][info  ] Unique multi-polygons 27682, memory quota 212 MB, estimated BVH size 304 MB, n_batches 2
[LIBGPUSPATIAL] [ 13905][18:01:19:763668][info  ] PIP(Used 2065 MB), Batch 0
[LIBGPUSPATIAL] [ 13905][18:01:19:788523][info  ] PIP(Used 2130 MB), Batch 1
[LIBGPUSPATIAL] [ 13902][18:01:19:797384][info  ] RTSpatialRefiner 0x7cfe67d29f90 (Used 2083 MB), Loaded Geometries, ProbeArray 1333333, Loaded 840209, Type Point
[LIBGPUSPATIAL] [ 13902][18:01:19:798012][info  ] RTSpatialRefiner 0x7cfe67d29f90 (Used 2089 MB), Evaluating 1646166 Geometry Pairs with Predicate Contains
[LIBGPUSPATIAL] [ 13902][18:01:19:798857][info  ] Unique multi-polygons 27841, memory quota 212 MB, estimated BVH size 305 MB, n_batches 2
[LIBGPUSPATIAL] [ 13902][18:01:19:799547][info  ] PIP(Used 2100 MB), Batch 0
[LIBGPUSPATIAL] [ 13903][18:01:19:812977][info  ] RTSpatialRefiner 0x7cfe67d29f90 (Used 2050 MB), Loaded Geometries, ProbeArray 1333333, Loaded 840413, Type Point
[LIBGPUSPATIAL] [ 13903][18:01:19:813811][info  ] RTSpatialRefiner 0x7cfe67d29f90 (Used 2056 MB), Evaluating 1648005 Geometry Pairs with Predicate Contains
[LIBGPUSPATIAL] [ 13903][18:01:19:825333][info  ] Unique multi-polygons 27907, memory quota 210 MB, estimated BVH size 305 MB, n_batches 2
[LIBGPUSPATIAL] [ 13903][18:01:19:825953][info  ] PIP(Used 2172 MB), Batch 0
[LIBGPUSPATIAL] [ 13902][18:01:19:826233][info  ] PIP(Used 2121 MB), Batch 1
[LIBGPUSPATIAL] [ 13903][18:01:19:860202][info  ] PIP(Used 2076 MB), Batch 1
[LIBGPUSPATIAL] [ 13907][18:01:19:986136][info  ] RTSpatialIndex 0x7cfe6400a800 (Used 1980 MB), Allocate result buffer, memory consumption 12 MB, capacity 1648121
[LIBGPUSPATIAL] [ 13907][18:01:19:988544][info  ] RTSpatialIndex 0x7cfe6400a800 (Used 1992 MB), Probe Points, Size: 1333333, Results: 1648121
[LIBGPUSPATIAL] [ 13907][18:01:20:034939][info  ] RTSpatialRefiner 0x7cfe67d29f90 (Used 2005 MB), Loaded Geometries, ProbeArray 1333333, Loaded 840308, Type Point
[LIBGPUSPATIAL] [ 13907][18:01:20:036243][info  ] RTSpatialRefiner 0x7cfe67d29f90 (Used 2011 MB), Evaluating 1648121 Geometry Pairs with Predicate Contains
[LIBGPUSPATIAL] [ 13907][18:01:20:037116][info  ] Unique multi-polygons 28005, memory quota 212 MB, estimated BVH size 304 MB, n_batches 2
[LIBGPUSPATIAL] [ 13907][18:01:20:037933][info  ] PIP(Used 2065 MB), Batch 0
[LIBGPUSPATIAL] [ 13907][18:01:20:063569][info  ] PIP(Used 2076 MB), Batch 1
[LIBGPUSPATIAL] [ 13901][18:01:20:102228][info  ] RTSpatialIndex 0x7cfe6400a800 (Used 1980 MB), Allocate result buffer, memory consumption 12 MB, capacity 1646753
[LIBGPUSPATIAL] [ 13901][18:01:20:106106][info  ] RTSpatialIndex 0x7cfe6400a800 (Used 1992 MB), Probe Points, Size: 1333333, Results: 1646753
[LIBGPUSPATIAL] [ 13904][18:01:20:111809][info  ] RTSpatialIndex 0x7cfe6400a800 (Used 1986 MB), Allocate result buffer, memory consumption 12 MB, capacity 1646457
[LIBGPUSPATIAL] [ 13904][18:01:20:115965][info  ] RTSpatialIndex 0x7cfe6400a800 (Used 2011 MB), Probe Points, Size: 1333333, Results: 1646457
[LIBGPUSPATIAL] [ 13901][18:01:20:141411][info  ] RTSpatialRefiner 0x7cfe67d29f90 (Used 2041 MB), Loaded Geometries, ProbeArray 1333333, Loaded 840101, Type Point
[LIBGPUSPATIAL] [ 13901][18:01:20:144745][info  ] RTSpatialRefiner 0x7cfe67d29f90 (Used 2047 MB), Evaluating 1646753 Geometry Pairs with Predicate Contains
[LIBGPUSPATIAL] [ 13901][18:01:20:151387][info  ] Unique multi-polygons 28203, memory quota 212 MB, estimated BVH size 307 MB, n_batches 2
[LIBGPUSPATIAL] [ 13901][18:01:20:152061][info  ] PIP(Used 2101 MB), Batch 0
[LIBGPUSPATIAL] [ 13904][18:01:20:159547][info  ] RTSpatialRefiner 0x7cfe67d29f90 (Used 2050 MB), Loaded Geometries, ProbeArray 1333333, Loaded 839697, Type Point
[LIBGPUSPATIAL] [ 13904][18:01:20:160305][info  ] RTSpatialRefiner 0x7cfe67d29f90 (Used 2056 MB), Evaluating 1646457 Geometry Pairs with Predicate Contains
[LIBGPUSPATIAL] [ 13904][18:01:20:163471][info  ] Unique multi-polygons 27930, memory quota 212 MB, estimated BVH size 304 MB, n_batches 2
[LIBGPUSPATIAL] [ 13904][18:01:20:164187][info  ] PIP(Used 2110 MB), Batch 0
[LIBGPUSPATIAL] [ 13901][18:01:20:182701][info  ] PIP(Used 2121 MB), Batch 1
[LIBGPUSPATIAL] [ 13904][18:01:20:194427][info  ] PIP(Used 2076 MB), Batch 1
[LIBGPUSPATIAL] [ 13906][18:01:20:204068][info  ] RTSpatialIndex 0x7cfe6400a800 (Used 2027 MB), Allocate result buffer, memory consumption 12 MB, capacity 1648385
[LIBGPUSPATIAL] [ 13906][18:01:20:208017][info  ] RTSpatialIndex 0x7cfe6400a800 (Used 1992 MB), Probe Points, Size: 1333333, Results: 1648385
[LIBGPUSPATIAL] [ 13908][18:01:20:213759][info  ] RTSpatialIndex 0x7cfe6400a800 (Used 1992 MB), Allocate result buffer, memory consumption 12 MB, capacity 1646862
[LIBGPUSPATIAL] [ 13908][18:01:20:217030][info  ] RTSpatialIndex 0x7cfe6400a800 (Used 2011 MB), Probe Points, Size: 1333333, Results: 1646862
[LIBGPUSPATIAL] [ 13906][18:01:20:246049][info  ] RTSpatialRefiner 0x7cfe67d29f90 (Used 2041 MB), Loaded Geometries, ProbeArray 1333333, Loaded 840314, Type Point
[LIBGPUSPATIAL] [ 13906][18:01:20:246686][info  ] RTSpatialRefiner 0x7cfe67d29f90 (Used 2047 MB), Evaluating 1648385 Geometry Pairs with Predicate Contains
[LIBGPUSPATIAL] [ 13906][18:01:20:247412][info  ] Unique multi-polygons 28147, memory quota 212 MB, estimated BVH size 306 MB, n_batches 2
[LIBGPUSPATIAL] [ 13906][18:01:20:252426][info  ] PIP(Used 2101 MB), Batch 0
[LIBGPUSPATIAL] [ 13908][18:01:20:257754][info  ] RTSpatialRefiner 0x7cfe67d29f90 (Used 2050 MB), Loaded Geometries, ProbeArray 1333333, Loaded 839890, Type Point
[LIBGPUSPATIAL] [ 13908][18:01:20:258677][info  ] RTSpatialRefiner 0x7cfe67d29f90 (Used 2056 MB), Evaluating 1646862 Geometry Pairs with Predicate Contains
[LIBGPUSPATIAL] [ 13908][18:01:20:262655][info  ] Unique multi-polygons 27970, memory quota 212 MB, estimated BVH size 307 MB, n_batches 2
[LIBGPUSPATIAL] [ 13908][18:01:20:263322][info  ] PIP(Used 2110 MB), Batch 0
[LIBGPUSPATIAL] [ 13905][18:01:20:290996][info  ] RTSpatialIndex 0x7cfe6400a800 (Used 2070 MB), Allocate result buffer, memory consumption 12 MB, capacity 1645207
[LIBGPUSPATIAL] [ 13908][18:01:20:291958][info  ] PIP(Used 2317 MB), Batch 1
[LIBGPUSPATIAL] [ 13906][18:01:20:292127][info  ] PIP(Used 2141 MB), Batch 1
[LIBGPUSPATIAL] [ 13905][18:01:20:295011][info  ] RTSpatialIndex 0x7cfe6400a800 (Used 2076 MB), Probe Points, Size: 1333333, Results: 1645207
[LIBGPUSPATIAL] [ 13902][18:01:20:310416][info  ] RTSpatialIndex 0x7cfe6400a800 (Used 1992 MB), Allocate result buffer, memory consumption 12 MB, capacity 1645742
[LIBGPUSPATIAL] [ 13902][18:01:20:313484][info  ] RTSpatialIndex 0x7cfe6400a800 (Used 2011 MB), Probe Points, Size: 1333348, Results: 1645742
[LIBGPUSPATIAL] [ 13905][18:01:20:340030][info  ] RTSpatialRefiner 0x7cfe67d29f90 (Used 2041 MB), Loaded Geometries, ProbeArray 1333333, Loaded 839661, Type Point
[LIBGPUSPATIAL] [ 13905][18:01:20:341414][info  ] RTSpatialRefiner 0x7cfe67d29f90 (Used 2047 MB), Evaluating 1645207 Geometry Pairs with Predicate Contains
[LIBGPUSPATIAL] [ 13905][18:01:20:342231][info  ] Unique multi-polygons 27762, memory quota 212 MB, estimated BVH size 304 MB, n_batches 2
[LIBGPUSPATIAL] [ 13905][18:01:20:342956][info  ] PIP(Used 2100 MB), Batch 0
[LIBGPUSPATIAL] [ 13903][18:01:20:367126][info  ] RTSpatialIndex 0x7cfe6400a800 (Used 2060 MB), Allocate result buffer, memory consumption 12 MB, capacity 1645329
[LIBGPUSPATIAL] [ 13905][18:01:20:370608][info  ] PIP(Used 2134 MB), Batch 1
[LIBGPUSPATIAL] [ 13902][18:01:20:372349][info  ] RTSpatialRefiner 0x7cfe67d29f90 (Used 2134 MB), Loaded Geometries, ProbeArray 1333348, Loaded 839633, Type Point
[LIBGPUSPATIAL] [ 13902][18:01:20:373181][info  ] RTSpatialRefiner 0x7cfe67d29f90 (Used 2140 MB), Evaluating 1645742 Geometry Pairs with Predicate Contains
[LIBGPUSPATIAL] [ 13903][18:01:20:375243][info  ] RTSpatialIndex 0x7cfe6400a800 (Used 2076 MB), Probe Points, Size: 1333333, Results: 1645329
[LIBGPUSPATIAL] [ 13902][18:01:20:379452][info  ] Unique multi-polygons 28150, memory quota 211 MB, estimated BVH size 306 MB, n_batches 2
[LIBGPUSPATIAL] [ 13902][18:01:20:380442][info  ] PIP(Used 2078 MB), Batch 0
[LIBGPUSPATIAL] [ 13902][18:01:20:404198][info  ] PIP(Used 2111 MB), Batch 1
[LIBGPUSPATIAL] [ 13903][18:01:20:408336][info  ] RTSpatialRefiner 0x7cfe67d29f90 (Used 2047 MB), Loaded Geometries, ProbeArray 1333333, Loaded 839287, Type Point
[LIBGPUSPATIAL] [ 13903][18:01:20:408932][info  ] RTSpatialRefiner 0x7cfe67d29f90 (Used 2053 MB), Evaluating 1645329 Geometry Pairs with Predicate Contains
[LIBGPUSPATIAL] [ 13903][18:01:20:412985][info  ] Unique multi-polygons 27625, memory quota 212 MB, estimated BVH size 303 MB, n_batches 2
[LIBGPUSPATIAL] [ 13903][18:01:20:413787][info  ] PIP(Used 2107 MB), Batch 0
[LIBGPUSPATIAL] [ 13903][18:01:20:440399][info  ] PIP(Used 2075 MB), Batch 1
[LIBGPUSPATIAL] [ 13907][18:01:20:540731][info  ] RTSpatialIndex 0x7cfe6400a800 (Used 1980 MB), Allocate result buffer, memory consumption 12 MB, capacity 1649333
[LIBGPUSPATIAL] [ 13907][18:01:20:543191][info  ] RTSpatialIndex 0x7cfe6400a800 (Used 1992 MB), Probe Points, Size: 1333333, Results: 1649333
[LIBGPUSPATIAL] [ 13907][18:01:20:572348][info  ] RTSpatialRefiner 0x7cfe67d29f90 (Used 2005 MB), Loaded Geometries, ProbeArray 1333333, Loaded 840768, Type Point
[LIBGPUSPATIAL] [ 13907][18:01:20:573407][info  ] RTSpatialRefiner 0x7cfe67d29f90 (Used 2011 MB), Evaluating 1649333 Geometry Pairs with Predicate Contains
[LIBGPUSPATIAL] [ 13907][18:01:20:574228][info  ] Unique multi-polygons 27774, memory quota 212 MB, estimated BVH size 305 MB, n_batches 2
[LIBGPUSPATIAL] [ 13907][18:01:20:574915][info  ] PIP(Used 2065 MB), Batch 0
[LIBGPUSPATIAL] [ 13907][18:01:20:598980][info  ] PIP(Used 2076 MB), Batch 1
[LIBGPUSPATIAL] [ 13901][18:01:20:657673][info  ] RTSpatialIndex 0x7cfe6400a800 (Used 1980 MB), Allocate result buffer, memory consumption 12 MB, capacity 1647709
[LIBGPUSPATIAL] [ 13901][18:01:20:660533][info  ] RTSpatialIndex 0x7cfe6400a800 (Used 2012 MB), Probe Points, Size: 1333333, Results: 1647709
[LIBGPUSPATIAL] [ 13904][18:01:20:662536][info  ] RTSpatialIndex 0x7cfe6400a800 (Used 1980 MB), Allocate result buffer, memory consumption 12 MB, capacity 1645749
[LIBGPUSPATIAL] [ 13904][18:01:20:665669][info  ] RTSpatialIndex 0x7cfe6400a800 (Used 1998 MB), Probe Points, Size: 1333333, Results: 1645749
[LIBGPUSPATIAL] [ 13904][18:01:20:706542][info  ] RTSpatialRefiner 0x7cfe67d29f90 (Used 2041 MB), Loaded Geometries, ProbeArray 1333333, Loaded 839308, Type Point
[LIBGPUSPATIAL] [ 13904][18:01:20:707466][info  ] RTSpatialRefiner 0x7cfe67d29f90 (Used 2047 MB), Evaluating 1645749 Geometry Pairs with Predicate Contains
[LIBGPUSPATIAL] [ 13904][18:01:20:708369][info  ] Unique multi-polygons 27726, memory quota 212 MB, estimated BVH size 303 MB, n_batches 2
[LIBGPUSPATIAL] [ 13901][18:01:20:708748][info  ] RTSpatialRefiner 0x7cfe67d29f90 (Used 2050 MB), Loaded Geometries, ProbeArray 1333333, Loaded 839838, Type Point
[LIBGPUSPATIAL] [ 13901][18:01:20:709726][info  ] RTSpatialRefiner 0x7cfe67d29f90 (Used 2197 MB), Evaluating 1647709 Geometry Pairs with Predicate Contains
[LIBGPUSPATIAL] [ 13904][18:01:20:709865][info  ] PIP(Used 2119 MB), Batch 0
[LIBGPUSPATIAL] [ 13901][18:01:20:711779][info  ] Unique multi-polygons 27796, memory quota 212 MB, estimated BVH size 304 MB, n_batches 2
[LIBGPUSPATIAL] [ 13901][18:01:20:712761][info  ] PIP(Used 2110 MB), Batch 0
[LIBGPUSPATIAL] [ 13904][18:01:20:735273][info  ] PIP(Used 2121 MB), Batch 1
[LIBGPUSPATIAL] [ 13901][18:01:20:747520][info  ] PIP(Used 2075 MB), Batch 1
[LIBGPUSPATIAL] [ 13906][18:01:20:758355][info  ] RTSpatialIndex 0x7cfe6400a800 (Used 1980 MB), Allocate result buffer, memory consumption 12 MB, capacity 1644146
[LIBGPUSPATIAL] [ 13906][18:01:20:761213][info  ] RTSpatialIndex 0x7cfe6400a800 (Used 1992 MB), Probe Points, Size: 1333333, Results: 1644146
[LIBGPUSPATIAL] [ 13906][18:01:20:790081][info  ] RTSpatialRefiner 0x7cfe67d29f90 (Used 2005 MB), Loaded Geometries, ProbeArray 1333333, Loaded 839022, Type Point
[LIBGPUSPATIAL] [ 13906][18:01:20:790778][info  ] RTSpatialRefiner 0x7cfe67d29f90 (Used 2011 MB), Evaluating 1644146 Geometry Pairs with Predicate Contains
[LIBGPUSPATIAL] [ 13906][18:01:20:791506][info  ] Unique multi-polygons 27804, memory quota 212 MB, estimated BVH size 304 MB, n_batches 2
[LIBGPUSPATIAL] [ 13906][18:01:20:792407][info  ] PIP(Used 2065 MB), Batch 0
[LIBGPUSPATIAL] [ 13908][18:01:20:821432][info  ] RTSpatialIndex 0x7cfe6400a800 (Used 2025 MB), Allocate result buffer, memory consumption 12 MB, capacity 1647960
[LIBGPUSPATIAL] [ 13906][18:01:20:822159][info  ] PIP(Used 2098 MB), Batch 1
[LIBGPUSPATIAL] [ 13908][18:01:20:823967][info  ] RTSpatialIndex 0x7cfe6400a800 (Used 2034 MB), Probe Points, Size: 1333333, Results: 1647960
[LIBGPUSPATIAL] [ 13908][18:01:20:863423][info  ] RTSpatialRefiner 0x7cfe67d29f90 (Used 2025 MB), Loaded Geometries, ProbeArray 1333333, Loaded 840128, Type Point
[LIBGPUSPATIAL] [ 13908][18:01:20:865957][info  ] RTSpatialRefiner 0x7cfe67d29f90 (Used 2022 MB), Evaluating 1647960 Geometry Pairs with Predicate Contains
[LIBGPUSPATIAL] [ 13902][18:01:20:866255][info  ] RTSpatialIndex 0x7cfe6400a800 (Used 2028 MB), Allocate result buffer, memory consumption 12 MB, capacity 1648837
[LIBGPUSPATIAL] [ 13908][18:01:20:867087][info  ] Unique multi-polygons 27836, memory quota 212 MB, estimated BVH size 305 MB, n_batches 2
[LIBGPUSPATIAL] [ 13908][18:01:20:868071][info  ] PIP(Used 2088 MB), Batch 0
[LIBGPUSPATIAL] [ 13902][18:01:20:869557][info  ] RTSpatialIndex 0x7cfe6400a800 (Used 2037 MB), Probe Points, Size: 1333333, Results: 1648837
[LIBGPUSPATIAL] [ 13908][18:01:20:896057][info  ] PIP(Used 2115 MB), Batch 1
[LIBGPUSPATIAL] [ 13905][18:01:20:903717][info  ] RTSpatialIndex 0x7cfe6400a800 (Used 2046 MB), Allocate result buffer, memory consumption 12 MB, capacity 1645024
[LIBGPUSPATIAL] [ 13905][18:01:20:911533][info  ] RTSpatialIndex 0x7cfe6400a800 (Used 2028 MB), Probe Points, Size: 1333333, Results: 1645024
[LIBGPUSPATIAL] [ 13903][18:01:20:917773][info  ] RTSpatialIndex 0x7cfe6400a800 (Used 2015 MB), Allocate result buffer, memory consumption 12 MB, capacity 1645498
[LIBGPUSPATIAL] [ 13903][18:01:20:920707][info  ] RTSpatialIndex 0x7cfe6400a800 (Used 2028 MB), Probe Points, Size: 1333333, Results: 1645498
[LIBGPUSPATIAL] [ 13902][18:01:20:927323][info  ] RTSpatialRefiner 0x7cfe67d29f90 (Used 2043 MB), Loaded Geometries, ProbeArray 1333333, Loaded 841005, Type Point
[LIBGPUSPATIAL] [ 13902][18:01:20:928133][info  ] RTSpatialRefiner 0x7cfe67d29f90 (Used 2049 MB), Evaluating 1648837 Geometry Pairs with Predicate Contains
[LIBGPUSPATIAL] [ 13902][18:01:20:928976][info  ] Unique multi-polygons 27902, memory quota 212 MB, estimated BVH size 304 MB, n_batches 2
[LIBGPUSPATIAL] [ 13902][18:01:20:929622][info  ] PIP(Used 2102 MB), Batch 0
[LIBGPUSPATIAL] [ 13902][18:01:20:953894][info  ] PIP(Used 2147 MB), Batch 1
[LIBGPUSPATIAL] [ 13905][18:01:20:966280][info  ] RTSpatialRefiner 0x7cfe67d29f90 (Used 2041 MB), Loaded Geometries, ProbeArray 1333333, Loaded 838838, Type Point
[LIBGPUSPATIAL] [ 13905][18:01:20:967008][info  ] RTSpatialRefiner 0x7cfe67d29f90 (Used 2047 MB), Evaluating 1645024 Geometry Pairs with Predicate Contains
[LIBGPUSPATIAL] [ 13905][18:01:20:967900][info  ] Unique multi-polygons 27870, memory quota 212 MB, estimated BVH size 306 MB, n_batches 2
[LIBGPUSPATIAL] [ 13905][18:01:20:968816][info  ] PIP(Used 2101 MB), Batch 0
[LIBGPUSPATIAL] [ 13903][18:01:20:968822][info  ] RTSpatialRefiner 0x7cfe67d29f90 (Used 2101 MB), Loaded Geometries, ProbeArray 1333333, Loaded 839691, Type Point
[LIBGPUSPATIAL] [ 13903][18:01:20:970428][info  ] RTSpatialRefiner 0x7cfe67d29f90 (Used 2056 MB), Evaluating 1645498 Geometry Pairs with Predicate Contains
[LIBGPUSPATIAL] [ 13903][18:01:20:978055][info  ] Unique multi-polygons 27910, memory quota 212 MB, estimated BVH size 305 MB, n_batches 2
[LIBGPUSPATIAL] [ 13903][18:01:20:979897][info  ] PIP(Used 2110 MB), Batch 0
[LIBGPUSPATIAL] [ 13905][18:01:20:999306][info  ] PIP(Used 2121 MB), Batch 1
[LIBGPUSPATIAL] [ 13903][18:01:21:025124][info  ] PIP(Used 2075 MB), Batch 1
[LIBGPUSPATIAL] [ 13907][18:01:21:073901][info  ] RTSpatialIndex 0x7cfe6400a800 (Used 1980 MB), Allocate result buffer, memory consumption 12 MB, capacity 1644920
[LIBGPUSPATIAL] [ 13907][18:01:21:076177][info  ] RTSpatialIndex 0x7cfe6400a800 (Used 1992 MB), Probe Points, Size: 1333333, Results: 1644920
[LIBGPUSPATIAL] [ 13907][18:01:21:110504][info  ] RTSpatialRefiner 0x7cfe67d29f90 (Used 2005 MB), Loaded Geometries, ProbeArray 1333333, Loaded 838831, Type Point
[LIBGPUSPATIAL] [ 13907][18:01:21:111424][info  ] RTSpatialRefiner 0x7cfe67d29f90 (Used 2011 MB), Evaluating 1644920 Geometry Pairs with Predicate Contains
[LIBGPUSPATIAL] [ 13907][18:01:21:112200][info  ] Unique multi-polygons 28010, memory quota 212 MB, estimated BVH size 304 MB, n_batches 2
[LIBGPUSPATIAL] [ 13907][18:01:21:112862][info  ] PIP(Used 2064 MB), Batch 0
[LIBGPUSPATIAL] [ 13907][18:01:21:136634][info  ] PIP(Used 2076 MB), Batch 1
[LIBGPUSPATIAL] [ 13901][18:01:21:211634][info  ] RTSpatialIndex 0x7cfe6400a800 (Used 1980 MB), Allocate result buffer, memory consumption 12 MB, capacity 1647674
[LIBGPUSPATIAL] [ 13901][18:01:21:214485][info  ] RTSpatialIndex 0x7cfe6400a800 (Used 1992 MB), Probe Points, Size: 1333333, Results: 1647674
[LIBGPUSPATIAL] [ 13901][18:01:21:245331][info  ] RTSpatialRefiner 0x7cfe67d29f90 (Used 2015 MB), Loaded Geometries, ProbeArray 1333333, Loaded 840257, Type Point
[LIBGPUSPATIAL] [ 13906][18:01:21:245330][info  ] RTSpatialIndex 0x7cfe6400a800 (Used 2015 MB), Allocate result buffer, memory consumption 12 MB, capacity 1649779
[LIBGPUSPATIAL] [ 13901][18:01:21:246253][info  ] RTSpatialRefiner 0x7cfe67d29f90 (Used 2034 MB), Evaluating 1647674 Geometry Pairs with Predicate Contains
[LIBGPUSPATIAL] [ 13901][18:01:21:247349][info  ] Unique multi-polygons 27834, memory quota 212 MB, estimated BVH size 305 MB, n_batches 2
[LIBGPUSPATIAL] [ 13901][18:01:21:248339][info  ] PIP(Used 2087 MB), Batch 0
[LIBGPUSPATIAL] [ 13906][18:01:21:249443][info  ] RTSpatialIndex 0x7cfe6400a800 (Used 2037 MB), Probe Points, Size: 1333333, Results: 1649779
[LIBGPUSPATIAL] [ 13901][18:01:21:272062][info  ] PIP(Used 2088 MB), Batch 1
[LIBGPUSPATIAL] [ 13906][18:01:21:290686][info  ] RTSpatialRefiner 0x7cfe67d29f90 (Used 2005 MB), Loaded Geometries, ProbeArray 1333333, Loaded 840703, Type Point
[LIBGPUSPATIAL] [ 13906][18:01:21:291391][info  ] RTSpatialRefiner 0x7cfe67d29f90 (Used 2011 MB), Evaluating 1649779 Geometry Pairs with Predicate Contains
[LIBGPUSPATIAL] [ 13906][18:01:21:292131][info  ] Unique multi-polygons 27934, memory quota 212 MB, estimated BVH size 305 MB, n_batches 2
[LIBGPUSPATIAL] [ 13906][18:01:21:292760][info  ] PIP(Used 2065 MB), Batch 0
[LIBGPUSPATIAL] [ 13906][18:01:21:314999][info  ] PIP(Used 2076 MB), Batch 1
[LIBGPUSPATIAL] [ 13902][18:01:21:327395][info  ] RTSpatialIndex 0x7cfe6400a800 (Used 1980 MB), Allocate result buffer, memory consumption 12 MB, capacity 1648825
[LIBGPUSPATIAL] [ 13902][18:01:21:330103][info  ] RTSpatialIndex 0x7cfe6400a800 (Used 1992 MB), Probe Points, Size: 1333333, Results: 1648825
[LIBGPUSPATIAL] [ 13902][18:01:21:353028][info  ] RTSpatialRefiner 0x7cfe67d29f90 (Used 2005 MB), Loaded Geometries, ProbeArray 1333333, Loaded 840818, Type Point
[LIBGPUSPATIAL] [ 13902][18:01:21:353584][info  ] RTSpatialRefiner 0x7cfe67d29f90 (Used 2011 MB), Evaluating 1648825 Geometry Pairs with Predicate Contains
[LIBGPUSPATIAL] [ 13902][18:01:21:354312][info  ] Unique multi-polygons 27734, memory quota 212 MB, estimated BVH size 304 MB, n_batches 2
[LIBGPUSPATIAL] [ 13902][18:01:21:354922][info  ] PIP(Used 2064 MB), Batch 0
[LIBGPUSPATIAL] [ 13902][18:01:21:379534][info  ] PIP(Used 2076 MB), Batch 1
[LIBGPUSPATIAL] [ 13903][18:01:21:421282][info  ] RTSpatialIndex 0x7cfe6400a800 (Used 1980 MB), Allocate result buffer, memory consumption 12 MB, capacity 1645320
[LIBGPUSPATIAL] [ 13903][18:01:21:423693][info  ] RTSpatialIndex 0x7cfe6400a800 (Used 1992 MB), Probe Points, Size: 1333333, Results: 1645320
[LIBGPUSPATIAL] [ 13903][18:01:21:443047][info  ] RTSpatialRefiner 0x7cfe67d29f90 (Used 2005 MB), Loaded Geometries, ProbeArray 1333333, Loaded 839240, Type Point
[LIBGPUSPATIAL] [ 13903][18:01:21:443611][info  ] RTSpatialRefiner 0x7cfe67d29f90 (Used 2011 MB), Evaluating 1645320 Geometry Pairs with Predicate Contains
[LIBGPUSPATIAL] [ 13903][18:01:21:444393][info  ] Unique multi-polygons 27848, memory quota 212 MB, estimated BVH size 303 MB, n_batches 2
[LIBGPUSPATIAL] [ 13903][18:01:21:445041][info  ] PIP(Used 2065 MB), Batch 0
[LIBGPUSPATIAL] [ 13903][18:01:21:469379][info  ] PIP(Used 2075 MB), Batch 1
[LIBGPUSPATIAL] [ 13903][18:01:21:705199][info  ] Create RTSpatialIndex 0x7cfe6400a800, fast_build = 0, compact = 0, concurrency = 8
[LIBGPUSPATIAL] [ 13903][18:01:21:705569][info  ] Create RTSpatialRefiner 0x7cfe67d29f90, fast_build = 0, compact = 0, parsing_threads = 8, concurrency = 8, pipeline_batches = 1, wkb_parser_memory_quota = 0.80, relate_engine_memory_quota = 0.09
[LIBGPUSPATIAL] [ 13903][18:01:22:873095][info  ] RTSpatialRefiner 0x7cfe67d29f90 (Used 623 MB), FinishBuilding Refiner, Total geoms: 31140888
[LIBGPUSPATIAL] [ 13903][18:01:22:873138][info  ] RTSpatialIndex 0x7cfe6400a800 (Used 623 MB), PushBuild, Rectangles 31140888
[LIBGPUSPATIAL] [ 13903][18:01:22:930784][info  ] RTSpatialIndex 0x7cfe6400a800 (Used 1698 MB), FinishBuilding Index on Points, Total geoms: 31140888
[LIBGPUSPATIAL] [ 13906][18:01:23:110606][info  ] RTSpatialIndex 0x7cfe6400a800 (Used 1610 MB), Allocate result buffer, memory consumption 23 MB, capacity 3035989
[LIBGPUSPATIAL] [ 13901][18:01:23:115392][info  ] RTSpatialIndex 0x7cfe6400a800 (Used 1636 MB), Allocate result buffer, memory consumption 31 MB, capacity 4163912
[LIBGPUSPATIAL] [ 13907][18:01:23:117228][info  ] RTSpatialIndex 0x7cfe6400a800 (Used 1652 MB), Allocate result buffer, memory consumption 22 MB, capacity 2951453
[LIBGPUSPATIAL] [ 13905][18:01:23:125180][info  ] RTSpatialIndex 0x7cfe6400a800 (Used 1705 MB), Allocate result buffer, memory consumption 34 MB, capacity 4457108
[LIBGPUSPATIAL] [ 13908][18:01:23:127184][info  ] RTSpatialIndex 0x7cfe6400a800 (Used 1722 MB), Allocate result buffer, memory consumption 49 MB, capacity 6462532
[LIBGPUSPATIAL] [ 13906][18:01:23:128041][info  ] RTSpatialIndex 0x7cfe6400a800 (Used 1746 MB), Probe Rectangles, Size: 27195, Results: 3035989
[LIBGPUSPATIAL] [ 13904][18:01:23:133066][info  ] RTSpatialIndex 0x7cfe6400a800 (Used 1756 MB), Allocate result buffer, memory consumption 30 MB, capacity 4037327
[LIBGPUSPATIAL] [ 13902][18:01:23:134923][info  ] RTSpatialIndex 0x7cfe6400a800 (Used 1787 MB), Allocate result buffer, memory consumption 20 MB, capacity 2733975
[LIBGPUSPATIAL] [ 13903][18:01:23:136731][info  ] RTSpatialIndex 0x7cfe6400a800 (Used 1807 MB), Allocate result buffer, memory consumption 14 MB, capacity 1900022
[LIBGPUSPATIAL] [ 13907][18:01:23:138373][info  ] RTSpatialIndex 0x7cfe6400a800 (Used 1807 MB), Probe Rectangles, Size: 27195, Results: 2951453
[LIBGPUSPATIAL] [ 13901][18:01:23:139731][info  ] RTSpatialIndex 0x7cfe6400a800 (Used 1819 MB), Probe Rectangles, Size: 27195, Results: 4163912
[LIBGPUSPATIAL] [ 13902][18:01:23:148123][info  ] RTSpatialIndex 0x7cfe6400a800 (Used 1823 MB), Probe Rectangles, Size: 27195, Results: 2733975
[LIBGPUSPATIAL] [ 13903][18:01:23:159080][info  ] RTSpatialIndex 0x7cfe6400a800 (Used 1866 MB), Probe Rectangles, Size: 27195, Results: 1900022
[LIBGPUSPATIAL] [ 13904][18:01:23:168736][info  ] RTSpatialIndex 0x7cfe6400a800 (Used 1882 MB), Probe Rectangles, Size: 27195, Results: 4037327
[LIBGPUSPATIAL] [ 13905][18:01:23:178122][info  ] RTSpatialIndex 0x7cfe6400a800 (Used 2106 MB), Probe Rectangles, Size: 27195, Results: 4457108
[LIBGPUSPATIAL] [ 13908][18:01:23:184477][info  ] RTSpatialIndex 0x7cfe6400a800 (Used 2106 MB), Probe Rectangles, Size: 27195, Results: 6462532
[LIBGPUSPATIAL] [ 13906][18:01:23:206111][info  ] RTSpatialRefiner 0x7cfe67d29f90 (Used 2224 MB), Loaded Geometries, ProbeArray 27195, Loaded 5737, Type MultiPolygon
[LIBGPUSPATIAL] [ 13906][18:01:23:207773][info  ] RTSpatialRefiner 0x7cfe67d29f90 (Used 2236 MB), Evaluating 3035989 Geometry Pairs with Predicate Within
[LIBGPUSPATIAL] [ 13906][18:01:23:208478][info  ] Unique multi-polygons 5737, memory quota 210 MB, estimated BVH size 28 MB, n_batches 1
[LIBGPUSPATIAL] [ 13906][18:01:23:222110][info  ] PIP(Used 2547 MB), Batch 0
[LIBGPUSPATIAL] [ 13902][18:01:23:222162][info  ] RTSpatialRefiner 0x7cfe67d29f90 (Used 2547 MB), Loaded Geometries, ProbeArray 27195, Loaded 5816, Type MultiPolygon
[LIBGPUSPATIAL] [ 13902][18:01:23:231945][info  ] RTSpatialRefiner 0x7cfe67d29f90 (Used 2607 MB), Evaluating 2733975 Geometry Pairs with Predicate Within
[LIBGPUSPATIAL] [ 13902][18:01:23:232731][info  ] Unique multi-polygons 5816, memory quota 205 MB, estimated BVH size 27 MB, n_batches 1
[LIBGPUSPATIAL] [ 13904][18:01:23:252341][info  ] RTSpatialRefiner 0x7cfe67d29f90 (Used 2733 MB), Loaded Geometries, ProbeArray 27195, Loaded 5706, Type MultiPolygon
[LIBGPUSPATIAL] [ 13904][18:01:23:257356][info  ] RTSpatialRefiner 0x7cfe67d29f90 (Used 2748 MB), Evaluating 4037327 Geometry Pairs with Predicate Within
[LIBGPUSPATIAL] [ 13904][18:01:23:258178][info  ] Unique multi-polygons 5706, memory quota 204 MB, estimated BVH size 27 MB, n_batches 1
[LIBGPUSPATIAL] [ 13907][18:01:23:261061][info  ] RTSpatialRefiner 0x7cfe67d29f90 (Used 2792 MB), Loaded Geometries, ProbeArray 27195, Loaded 5871, Type MultiPolygon
[LIBGPUSPATIAL] [ 13907][18:01:23:265395][info  ] RTSpatialRefiner 0x7cfe67d29f90 (Used 2803 MB), Evaluating 2951453 Geometry Pairs with Predicate Within
[LIBGPUSPATIAL] [ 13907][18:01:23:265935][info  ] Unique multi-polygons 5871, memory quota 203 MB, estimated BVH size 27 MB, n_batches 1
[LIBGPUSPATIAL] [ 13903][18:01:23:270868][info  ] RTSpatialRefiner 0x7cfe67d29f90 (Used 2843 MB), Loaded Geometries, ProbeArray 27195, Loaded 5825, Type MultiPolygon
[LIBGPUSPATIAL] [ 13901][18:01:23:273422][info  ] RTSpatialRefiner 0x7cfe67d29f90 (Used 2850 MB), Loaded Geometries, ProbeArray 27195, Loaded 5820, Type MultiPolygon
[LIBGPUSPATIAL] [ 13903][18:01:23:273885][info  ] RTSpatialRefiner 0x7cfe67d29f90 (Used 2866 MB), Evaluating 1900022 Geometry Pairs with Predicate Within
[LIBGPUSPATIAL] [ 13903][18:01:23:274320][info  ] Unique multi-polygons 5825, memory quota 202 MB, estimated BVH size 29 MB, n_batches 1
[LIBGPUSPATIAL] [ 13901][18:01:23:276868][info  ] RTSpatialRefiner 0x7cfe67d29f90 (Used 2903 MB), Evaluating 4163912 Geometry Pairs with Predicate Within
[LIBGPUSPATIAL] [ 13901][18:01:23:277569][info  ] Unique multi-polygons 5820, memory quota 202 MB, estimated BVH size 26 MB, n_batches 1
[LIBGPUSPATIAL] [ 13905][18:01:23:278742][info  ] RTSpatialRefiner 0x7cfe67d29f90 (Used 2947 MB), Loaded Geometries, ProbeArray 27195, Loaded 5779, Type MultiPolygon
[LIBGPUSPATIAL] [ 13905][18:01:23:280817][info  ] RTSpatialRefiner 0x7cfe67d29f90 (Used 2964 MB), Evaluating 4457108 Geometry Pairs with Predicate Within
[LIBGPUSPATIAL] [ 13902][18:01:23:281055][info  ] PIP(Used 2941 MB), Batch 0
[LIBGPUSPATIAL] [ 13904][18:01:23:281113][info  ] PIP(Used 2923 MB), Batch 0
[LIBGPUSPATIAL] [ 13907][18:01:23:281167][info  ] PIP(Used 2905 MB), Batch 0
[LIBGPUSPATIAL] [ 13903][18:01:23:281250][info  ] PIP(Used 2864 MB), Batch 0
[LIBGPUSPATIAL] [ 13901][18:01:23:284952][info  ] PIP(Used 2808 MB), Batch 0
[LIBGPUSPATIAL] [ 13908][18:01:23:355607][info  ] RTSpatialRefiner 0x7cfe67d29f90 (Used 2767 MB), Loaded Geometries, ProbeArray 27195, Loaded 5789, Type MultiPolygon
[LIBGPUSPATIAL] [ 13905][18:01:23:357309][info  ] Unique multi-polygons 5779, memory quota 204 MB, estimated BVH size 26 MB, n_batches 1
[LIBGPUSPATIAL] [ 13908][18:01:23:357859][info  ] RTSpatialRefiner 0x7cfe67d29f90 (Used 2808 MB), Evaluating 6462532 Geometry Pairs with Predicate Within
[LIBGPUSPATIAL] [ 13908][18:01:23:359961][info  ] Unique multi-polygons 5789, memory quota 205 MB, estimated BVH size 27 MB, n_batches 1
[LIBGPUSPATIAL] [ 13905][18:01:23:364292][info  ] PIP(Used 2027 MB), Batch 0
[LIBGPUSPATIAL] [ 13908][18:01:23:364347][info  ] PIP(Used 2009 MB), Batch 0
[LIBGPUSPATIAL] [ 13903][18:01:23:773557][info  ] RTSpatialIndex 0x7cfe6400a800 (Used 1610 MB), Allocate result buffer, memory consumption 20 MB, capacity 2720871
[LIBGPUSPATIAL] [ 13903][18:01:23:784515][info  ] RTSpatialIndex 0x7cfe6400a800 (Used 1631 MB), Probe Rectangles, Size: 27195, Results: 2720871
[LIBGPUSPATIAL] [ 13903][18:01:23:808543][info  ] RTSpatialRefiner 0x7cfe67d29f90 (Used 1730 MB), Loaded Geometries, ProbeArray 27195, Loaded 5770, Type MultiPolygon
[LIBGPUSPATIAL] [ 13903][18:01:23:809505][info  ] RTSpatialRefiner 0x7cfe67d29f90 (Used 1741 MB), Evaluating 2720871 Geometry Pairs with Predicate Within
[LIBGPUSPATIAL] [ 13903][18:01:23:810173][info  ] Unique multi-polygons 5770, memory quota 215 MB, estimated BVH size 28 MB, n_batches 1
[LIBGPUSPATIAL] [ 13903][18:01:23:810960][info  ] PIP(Used 1761 MB), Batch 0
[LIBGPUSPATIAL] [ 13904][18:01:23:934861][info  ] RTSpatialIndex 0x7cfe6400a800 (Used 1610 MB), Allocate result buffer, memory consumption 22 MB, capacity 2934184
[LIBGPUSPATIAL] [ 13904][18:01:23:943760][info  ] RTSpatialIndex 0x7cfe6400a800 (Used 1632 MB), Probe Rectangles, Size: 27195, Results: 2934184
[LIBGPUSPATIAL] [ 13907][18:01:23:948724][info  ] RTSpatialIndex 0x7cfe6400a800 (Used 1610 MB), Allocate result buffer, memory consumption 25 MB, capacity 3380882
[LIBGPUSPATIAL] [ 13907][18:01:23:963355][info  ] RTSpatialIndex 0x7cfe6400a800 (Used 1753 MB), Probe Rectangles, Size: 27195, Results: 3380882
[LIBGPUSPATIAL] [ 13904][18:01:23:978793][info  ] RTSpatialRefiner 0x7cfe67d29f90 (Used 1856 MB), Loaded Geometries, ProbeArray 27195, Loaded 5742, Type MultiPolygon
[LIBGPUSPATIAL] [ 13904][18:01:23:980167][info  ] RTSpatialRefiner 0x7cfe67d29f90 (Used 1867 MB), Evaluating 2934184 Geometry Pairs with Predicate Within
[LIBGPUSPATIAL] [ 13904][18:01:23:980956][info  ] Unique multi-polygons 5742, memory quota 214 MB, estimated BVH size 26 MB, n_batches 1
[LIBGPUSPATIAL] [ 13904][18:01:23:981558][info  ] PIP(Used 1888 MB), Batch 0
[LIBGPUSPATIAL] [ 13906][18:01:23:999546][info  ] RTSpatialIndex 0x7cfe6400a800 (Used 1740 MB), Allocate result buffer, memory consumption 90 MB, capacity 11889359
[LIBGPUSPATIAL] [ 13907][18:01:24:003990][info  ] RTSpatialRefiner 0x7cfe67d29f90 (Used 1830 MB), Loaded Geometries, ProbeArray 27195, Loaded 5670, Type MultiPolygon
[LIBGPUSPATIAL] [ 13907][18:01:24:005144][info  ] RTSpatialRefiner 0x7cfe67d29f90 (Used 1843 MB), Evaluating 3380882 Geometry Pairs with Predicate Within
[LIBGPUSPATIAL] [ 13907][18:01:24:005796][info  ] Unique multi-polygons 5670, memory quota 214 MB, estimated BVH size 28 MB, n_batches 1
[LIBGPUSPATIAL] [ 13907][18:01:24:006393][info  ] PIP(Used 1867 MB), Batch 0
[LIBGPUSPATIAL] [ 13906][18:01:24:057410][info  ] RTSpatialIndex 0x7cfe6400a800 (Used 1701 MB), Probe Rectangles, Size: 27195, Results: 11889359
[LIBGPUSPATIAL] [ 13906][18:01:24:097343][info  ] RTSpatialRefiner 0x7cfe67d29f90 (Used 1832 MB), Loaded Geometries, ProbeArray 27195, Loaded 5663, Type MultiPolygon
[LIBGPUSPATIAL] [ 13906][18:01:24:101380][info  ] RTSpatialRefiner 0x7cfe67d29f90 (Used 1877 MB), Evaluating 11889359 Geometry Pairs with Predicate Within
[LIBGPUSPATIAL] [ 13906][18:01:24:106428][info  ] Unique multi-polygons 5663, memory quota 214 MB, estimated BVH size 27 MB, n_batches 1
[LIBGPUSPATIAL] [ 13906][18:01:24:107107][info  ] PIP(Used 1932 MB), Batch 0
[LIBGPUSPATIAL] [ 13902][18:01:24:242050][info  ] RTSpatialIndex 0x7cfe6400a800 (Used 1911 MB), Allocate result buffer, memory consumption 28 MB, capacity 3707555
[LIBGPUSPATIAL] [ 13902][18:01:24:255268][info  ] RTSpatialIndex 0x7cfe6400a800 (Used 1638 MB), Probe Rectangles, Size: 27195, Results: 3707555
[LIBGPUSPATIAL] [ 13902][18:01:24:285299][info  ] RTSpatialRefiner 0x7cfe67d29f90 (Used 1734 MB), Loaded Geometries, ProbeArray 27195, Loaded 5702, Type MultiPolygon
[LIBGPUSPATIAL] [ 13902][18:01:24:287037][info  ] RTSpatialRefiner 0x7cfe67d29f90 (Used 1749 MB), Evaluating 3707555 Geometry Pairs with Predicate Within
[LIBGPUSPATIAL] [ 13902][18:01:24:287661][info  ] Unique multi-polygons 5702, memory quota 215 MB, estimated BVH size 26 MB, n_batches 1
[LIBGPUSPATIAL] [ 13902][18:01:24:288079][info  ] PIP(Used 1772 MB), Batch 0
[LIBGPUSPATIAL] [ 13903][18:01:24:309577][info  ] RTSpatialIndex 0x7cfe6400a800 (Used 1609 MB), Allocate result buffer, memory consumption 6 MB, capacity 814503
[LIBGPUSPATIAL] [ 13903][18:01:24:313310][info  ] RTSpatialIndex 0x7cfe6400a800 (Used 1615 MB), Probe Rectangles, Size: 2449, Results: 814503
[LIBGPUSPATIAL] [ 13903][18:01:24:318160][info  ] RTSpatialRefiner 0x7cfe67d29f90 (Used 1628 MB), Loaded Geometries, ProbeArray 2449, Loaded 540, Type MultiPolygon
[LIBGPUSPATIAL] [ 13903][18:01:24:318619][info  ] RTSpatialRefiner 0x7cfe67d29f90 (Used 1631 MB), Evaluating 814503 Geometry Pairs with Predicate Within
[LIBGPUSPATIAL] [ 13903][18:01:24:319028][info  ] Unique multi-polygons 540, memory quota 216 MB, estimated BVH size 3 MB, n_batches 1
[LIBGPUSPATIAL] [ 13903][18:01:24:319424][info  ] PIP(Used 1636 MB), Batch 0
[LIBGPUSPATIAL] [ 13905][18:01:24:376463][info  ] RTSpatialIndex 0x7cfe6400a800 (Used 1610 MB), Allocate result buffer, memory consumption 24 MB, capacity 3221977
[LIBGPUSPATIAL] [ 13905][18:01:24:389989][info  ] RTSpatialIndex 0x7cfe6400a800 (Used 1634 MB), Probe Rectangles, Size: 27195, Results: 3221977
[LIBGPUSPATIAL] [ 13905][18:01:24:419605][info  ] RTSpatialRefiner 0x7cfe67d29f90 (Used 1735 MB), Loaded Geometries, ProbeArray 27195, Loaded 5853, Type MultiPolygon
[LIBGPUSPATIAL] [ 13905][18:01:24:420732][info  ] RTSpatialRefiner 0x7cfe67d29f90 (Used 1748 MB), Evaluating 3221977 Geometry Pairs with Predicate Within
[LIBGPUSPATIAL] [ 13905][18:01:24:421551][info  ] Unique multi-polygons 5853, memory quota 215 MB, estimated BVH size 28 MB, n_batches 1
[LIBGPUSPATIAL] [ 13905][18:01:24:422187][info  ] PIP(Used 1770 MB), Batch 0
[LIBGPUSPATIAL] [ 13907][18:01:24:561564][info  ] RTSpatialIndex 0x7cfe6400a800 (Used 1613 MB), Allocate result buffer, memory consumption 0 MB, capacity 86567
[LIBGPUSPATIAL] [ 13901][18:01:24:563724][info  ] RTSpatialIndex 0x7cfe6400a800 (Used 1611 MB), Allocate result buffer, memory consumption 28 MB, capacity 3723830
[LIBGPUSPATIAL] [ 13907][18:01:24:566146][info  ] RTSpatialIndex 0x7cfe6400a800 (Used 1639 MB), Probe Rectangles, Size: 2448, Results: 86567
[LIBGPUSPATIAL] [ 13907][18:01:24:573607][info  ] RTSpatialRefiner 0x7cfe67d29f90 (Used 1650 MB), Loaded Geometries, ProbeArray 2448, Loaded 510, Type MultiPolygon
[LIBGPUSPATIAL] [ 13907][18:01:24:573731][info  ] RTSpatialRefiner 0x7cfe67d29f90 (Used 1650 MB), Evaluating 86567 Geometry Pairs with Predicate Within
[LIBGPUSPATIAL] [ 13907][18:01:24:574048][info  ] Unique multi-polygons 510, memory quota 216 MB, estimated BVH size 3 MB, n_batches 1
[LIBGPUSPATIAL] [ 13907][18:01:24:574440][info  ] PIP(Used 1652 MB), Batch 0
[LIBGPUSPATIAL] [ 13901][18:01:24:578819][info  ] RTSpatialIndex 0x7cfe6400a800 (Used 1638 MB), Probe Rectangles, Size: 27195, Results: 3723830
[LIBGPUSPATIAL] [ 13901][18:01:24:604057][info  ] RTSpatialRefiner 0x7cfe67d29f90 (Used 1741 MB), Loaded Geometries, ProbeArray 27195, Loaded 5834, Type MultiPolygon
[LIBGPUSPATIAL] [ 13901][18:01:24:605264][info  ] RTSpatialRefiner 0x7cfe67d29f90 (Used 1755 MB), Evaluating 3723830 Geometry Pairs with Predicate Within
[LIBGPUSPATIAL] [ 13904][18:01:24:607177][info  ] RTSpatialIndex 0x7cfe6400a800 (Used 1755 MB), Allocate result buffer, memory consumption 0 MB, capacity 72722
[LIBGPUSPATIAL] [ 13901][18:01:24:608639][info  ] Unique multi-polygons 5834, memory quota 215 MB, estimated BVH size 28 MB, n_batches 1
[LIBGPUSPATIAL] [ 13904][18:01:24:608782][info  ] RTSpatialIndex 0x7cfe6400a800 (Used 1770 MB), Probe Rectangles, Size: 2448, Results: 72722
[LIBGPUSPATIAL] [ 13901][18:01:24:609032][info  ] PIP(Used 1780 MB), Batch 0
[LIBGPUSPATIAL] [ 13904][18:01:24:621184][info  ] RTSpatialRefiner 0x7cfe67d29f90 (Used 1762 MB), Loaded Geometries, ProbeArray 2448, Loaded 527, Type MultiPolygon
[LIBGPUSPATIAL] [ 13904][18:01:24:621271][info  ] RTSpatialRefiner 0x7cfe67d29f90 (Used 1762 MB), Evaluating 72722 Geometry Pairs with Predicate Within
[LIBGPUSPATIAL] [ 13904][18:01:24:621500][info  ] Unique multi-polygons 527, memory quota 215 MB, estimated BVH size 2 MB, n_batches 1
[LIBGPUSPATIAL] [ 13904][18:01:24:623414][info  ] PIP(Used 1617 MB), Batch 0
[LIBGPUSPATIAL] [ 13908][18:01:24:793652][info  ] RTSpatialIndex 0x7cfe6400a800 (Used 1610 MB), Allocate result buffer, memory consumption 27 MB, capacity 3593158
[LIBGPUSPATIAL] [ 13908][18:01:24:808719][info  ] RTSpatialIndex 0x7cfe6400a800 (Used 1637 MB), Probe Rectangles, Size: 27195, Results: 3593158
[LIBGPUSPATIAL] [ 13908][18:01:24:827988][info  ] RTSpatialRefiner 0x7cfe67d29f90 (Used 1743 MB), Loaded Geometries, ProbeArray 27195, Loaded 5700, Type MultiPolygon
[LIBGPUSPATIAL] [ 13908][18:01:24:829141][info  ] RTSpatialRefiner 0x7cfe67d29f90 (Used 1757 MB), Evaluating 3593158 Geometry Pairs with Predicate Within
[LIBGPUSPATIAL] [ 13908][18:01:24:829778][info  ] Unique multi-polygons 5700, memory quota 215 MB, estimated BVH size 29 MB, n_batches 1
[LIBGPUSPATIAL] [ 13908][18:01:24:830217][info  ] PIP(Used 1782 MB), Batch 0
[LIBGPUSPATIAL] [ 13902][18:01:25:067416][info  ] RTSpatialIndex 0x7cfe6400a800 (Used 1609 MB), Allocate result buffer, memory consumption 0 MB, capacity 77342
[LIBGPUSPATIAL] [ 13902][18:01:25:069112][info  ] RTSpatialIndex 0x7cfe6400a800 (Used 1609 MB), Probe Rectangles, Size: 2449, Results: 77342
[LIBGPUSPATIAL] [ 13902][18:01:25:071504][info  ] RTSpatialRefiner 0x7cfe67d29f90 (Used 1617 MB), Loaded Geometries, ProbeArray 2449, Loaded 512, Type MultiPolygon
[LIBGPUSPATIAL] [ 13902][18:01:25:071579][info  ] RTSpatialRefiner 0x7cfe67d29f90 (Used 1617 MB), Evaluating 77342 Geometry Pairs with Predicate Within
[LIBGPUSPATIAL] [ 13902][18:01:25:071780][info  ] Unique multi-polygons 512, memory quota 216 MB, estimated BVH size 2 MB, n_batches 1
[LIBGPUSPATIAL] [ 13902][18:01:25:072037][info  ] PIP(Used 1618 MB), Batch 0
[LIBGPUSPATIAL] [ 13905][18:01:25:221482][info  ] RTSpatialIndex 0x7cfe6400a800 (Used 1609 MB), Allocate result buffer, memory consumption 0 MB, capacity 114178
[LIBGPUSPATIAL] [ 13905][18:01:25:223273][info  ] RTSpatialIndex 0x7cfe6400a800 (Used 1609 MB), Probe Rectangles, Size: 2449, Results: 114178
[LIBGPUSPATIAL] [ 13905][18:01:25:225516][info  ] RTSpatialRefiner 0x7cfe67d29f90 (Used 1618 MB), Loaded Geometries, ProbeArray 2449, Loaded 543, Type MultiPolygon
[LIBGPUSPATIAL] [ 13905][18:01:25:225595][info  ] RTSpatialRefiner 0x7cfe67d29f90 (Used 1618 MB), Evaluating 114178 Geometry Pairs with Predicate Within
[LIBGPUSPATIAL] [ 13905][18:01:25:225864][info  ] Unique multi-polygons 543, memory quota 216 MB, estimated BVH size 2 MB, n_batches 1
[LIBGPUSPATIAL] [ 13905][18:01:25:226151][info  ] PIP(Used 1619 MB), Batch 0
[LIBGPUSPATIAL] [ 13901][18:01:25:376956][info  ] RTSpatialIndex 0x7cfe6400a800 (Used 1609 MB), Allocate result buffer, memory consumption 1 MB, capacity 242572
[LIBGPUSPATIAL] [ 13901][18:01:25:378903][info  ] RTSpatialIndex 0x7cfe6400a800 (Used 1610 MB), Probe Rectangles, Size: 2449, Results: 242572
[LIBGPUSPATIAL] [ 13901][18:01:25:381571][info  ] RTSpatialRefiner 0x7cfe67d29f90 (Used 1621 MB), Loaded Geometries, ProbeArray 2449, Loaded 529, Type MultiPolygon
[LIBGPUSPATIAL] [ 13901][18:01:25:381678][info  ] RTSpatialRefiner 0x7cfe67d29f90 (Used 1622 MB), Evaluating 242572 Geometry Pairs with Predicate Within
[LIBGPUSPATIAL] [ 13901][18:01:25:382081][info  ] Unique multi-polygons 529, memory quota 216 MB, estimated BVH size 3 MB, n_batches 1
[LIBGPUSPATIAL] [ 13901][18:01:25:382514][info  ] PIP(Used 1625 MB), Batch 0
[LIBGPUSPATIAL] [ 13908][18:01:25:398308][info  ] RTSpatialIndex 0x7cfe6400a800 (Used 1609 MB), Allocate result buffer, memory consumption 0 MB, capacity 62652
[LIBGPUSPATIAL] [ 13908][18:01:25:399884][info  ] RTSpatialIndex 0x7cfe6400a800 (Used 1609 MB), Probe Rectangles, Size: 2449, Results: 62652
[LIBGPUSPATIAL] [ 13908][18:01:25:401803][info  ] RTSpatialRefiner 0x7cfe67d29f90 (Used 1616 MB), Loaded Geometries, ProbeArray 2449, Loaded 507, Type MultiPolygon
[LIBGPUSPATIAL] [ 13908][18:01:25:401878][info  ] RTSpatialRefiner 0x7cfe67d29f90 (Used 1617 MB), Evaluating 62652 Geometry Pairs with Predicate Within
[LIBGPUSPATIAL] [ 13908][18:01:25:402046][info  ] Unique multi-polygons 507, memory quota 216 MB, estimated BVH size 2 MB, n_batches 1
[LIBGPUSPATIAL] [ 13908][18:01:25:402264][info  ] PIP(Used 1618 MB), Batch 0
[LIBGPUSPATIAL] [ 13906][18:01:25:612890][info  ] RTSpatialIndex 0x7cfe6400a800 (Used 1609 MB), Allocate result buffer, memory consumption 0 MB, capacity 109608
[LIBGPUSPATIAL] [ 13906][18:01:25:614911][info  ] RTSpatialIndex 0x7cfe6400a800 (Used 1609 MB), Probe Rectangles, Size: 2449, Results: 109608
[LIBGPUSPATIAL] [ 13906][18:01:25:616642][info  ] RTSpatialRefiner 0x7cfe67d29f90 (Used 1617 MB), Loaded Geometries, ProbeArray 2449, Loaded 487, Type MultiPolygon
[LIBGPUSPATIAL] [ 13906][18:01:25:616708][info  ] RTSpatialRefiner 0x7cfe67d29f90 (Used 1617 MB), Evaluating 109608 Geometry Pairs with Predicate Within
[LIBGPUSPATIAL] [ 13906][18:01:25:617019][info  ] Unique multi-polygons 487, memory quota 216 MB, estimated BVH size 2 MB, n_batches 1
[LIBGPUSPATIAL] [ 13906][18:01:25:617350][info  ] PIP(Used 1619 MB), Batch 0
9.44s (1 rows)

================================================================================
BENCHMARK SUMMARY
================================================================================
Query     sedonadb_gpu   
-------------------------
q11       9.44s          
-------------------------
Total     9.44s         

Results saved to results_mem_SF_10/sedonadb_gpu_q11_results.json
