Data paths:
  building: benchmark-data-sf10/building
  customer: benchmark-data-sf10/customer
  driver: benchmark-data-sf10/driver
  trip: benchmark-data-sf10/trip
  vehicle: benchmark-data-sf10/vehicle
  zone: benchmark-data-sf10/zone

============================================================
Running Sedonadb Gpu Benchmark
============================================================
Sedonadb Gpu version: 0.3.0
  Running q11... [LIBGPUSPATIAL] [ 22511][18:18:57:012133][info  ] Initializing GpuSpatialRuntime on device 0, PTX root /mnt/data/sedona-db/target/release/build/sedona-libgpuspatial-49614f8a870dbe66/out/share/gpuspatial/shaders
[LIBGPUSPATIAL] [ 22511][18:18:57:167112][info  ] Init Memory Manager
[LIBGPUSPATIAL] [ 22511][18:18:57:167299][info  ] Creating RMM pool memory resource with size 22511 MB
[LIBGPUSPATIAL] [ 22511][18:18:57:211886][info  ] Initialize RTEngine
[LIBGPUSPATIAL] [ 22511][18:18:57:336948][info  ] Create RTSpatialIndex 0x78372c00a800, fast_build = 0, compact = 0, concurrency = 8
[LIBGPUSPATIAL] [ 22511][18:18:57:339763][info  ] Create RTSpatialRefiner 0x78372fd2a1b0, fast_build = 0, compact = 0, parsing_threads = 8, concurrency = 8, pipeline_batches = 1, wkb_parser_memory_quota = 0.80, relate_engine_memory_quota = 0.03
[LIBGPUSPATIAL] [ 22511][18:18:57:853173][info  ] RTSpatialRefiner 0x78372fd2a1b0 (Used 1946 MB), FinishBuilding Refiner, Total geoms: 454710
[LIBGPUSPATIAL] [ 22511][18:18:57:853216][info  ] RTSpatialIndex 0x78372c00a800 (Used 1946 MB), PushBuild, Rectangles 454710
[LIBGPUSPATIAL] [ 22511][18:18:57:855106][info  ] RTSpatialIndex 0x78372c00a800 (Used 1980 MB), FinishBuilding Index on Rectangles, Total geoms: 454710
[LIBGPUSPATIAL] [ 22511][18:18:58:127108][info  ] RTSpatialIndex 0x78372c00a800 (Used 2020 MB), Allocate result buffer, memory consumption 12 MB, capacity 1644220
[LIBGPUSPATIAL] [ 22510][18:18:58:141681][info  ] RTSpatialIndex 0x78372c00a800 (Used 2043 MB), Allocate result buffer, memory consumption 12 MB, capacity 1648934
[LIBGPUSPATIAL] [ 22512][18:18:58:142925][info  ] RTSpatialIndex 0x78372c00a800 (Used 2076 MB), Allocate result buffer, memory consumption 12 MB, capacity 1646781
[LIBGPUSPATIAL] [ 22509][18:18:58:146093][info  ] RTSpatialIndex 0x78372c00a800 (Used 2089 MB), Allocate result buffer, memory consumption 12 MB, capacity 1645951
[LIBGPUSPATIAL] [ 22513][18:18:58:146984][info  ] RTSpatialIndex 0x78372c00a800 (Used 2091 MB), Allocate result buffer, memory consumption 12 MB, capacity 1645337
[LIBGPUSPATIAL] [ 22507][18:18:58:147353][info  ] RTSpatialIndex 0x78372c00a800 (Used 2103 MB), Allocate result buffer, memory consumption 12 MB, capacity 1647885
[LIBGPUSPATIAL] [ 22514][18:18:58:149829][info  ] RTSpatialIndex 0x78372c00a800 (Used 2126 MB), Allocate result buffer, memory consumption 12 MB, capacity 1646306
[LIBGPUSPATIAL] [ 22508][18:18:58:151381][info  ] RTSpatialIndex 0x78372c00a800 (Used 2139 MB), Allocate result buffer, memory consumption 12 MB, capacity 1646756
[LIBGPUSPATIAL] [ 22511][18:18:58:154067][info  ] RTSpatialIndex 0x78372c00a800 (Used 2151 MB), Probe Points, Size: 1333333, Results: 1644220
[LIBGPUSPATIAL] [ 22509][18:18:58:155517][info  ] RTSpatialIndex 0x78372c00a800 (Used 2141 MB), Probe Points, Size: 1333333, Results: 1645951
[LIBGPUSPATIAL] [ 22513][18:18:58:157668][info  ] RTSpatialIndex 0x78372c00a800 (Used 2141 MB), Probe Points, Size: 1333333, Results: 1645337
[LIBGPUSPATIAL] [ 22512][18:18:58:160442][info  ] RTSpatialIndex 0x78372c00a800 (Used 2141 MB), Probe Points, Size: 1333333, Results: 1646781
[LIBGPUSPATIAL] [ 22507][18:18:58:162313][info  ] RTSpatialIndex 0x78372c00a800 (Used 2129 MB), Probe Points, Size: 1333333, Results: 1647885
[LIBGPUSPATIAL] [ 22510][18:18:58:162689][info  ] RTSpatialIndex 0x78372c00a800 (Used 2118 MB), Probe Points, Size: 1333333, Results: 1648934
[LIBGPUSPATIAL] [ 22514][18:18:58:164342][info  ] RTSpatialIndex 0x78372c00a800 (Used 2083 MB), Probe Points, Size: 1333333, Results: 1646306
[LIBGPUSPATIAL] [ 22508][18:18:58:172045][info  ] RTSpatialIndex 0x78372c00a800 (Used 2043 MB), Probe Points, Size: 1333333, Results: 1646756
[LIBGPUSPATIAL] [ 22510][18:18:58:228564][info  ] RTSpatialRefiner 0x78372fd2a1b0 (Used 2255 MB), Loaded Geometries, ProbeArray 1333333, Loaded 840623, Type Point
[LIBGPUSPATIAL] [ 22510][18:18:58:229152][info  ] RTSpatialRefiner 0x78372fd2a1b0 (Used 2261 MB), Evaluating 1648934 Geometry Pairs with Predicate Contains
[LIBGPUSPATIAL] [ 22512][18:18:58:232741][info  ] RTSpatialRefiner 0x78372fd2a1b0 (Used 2274 MB), Loaded Geometries, ProbeArray 1333333, Loaded 840316, Type Point
[LIBGPUSPATIAL] [ 22512][18:18:58:233342][info  ] RTSpatialRefiner 0x78372fd2a1b0 (Used 2280 MB), Evaluating 1646781 Geometry Pairs with Predicate Contains
[LIBGPUSPATIAL] [ 22511][18:18:58:244331][info  ] RTSpatialRefiner 0x78372fd2a1b0 (Used 2292 MB), Loaded Geometries, ProbeArray 1333333, Loaded 838626, Type Point
[LIBGPUSPATIAL] [ 22511][18:18:58:244948][info  ] RTSpatialRefiner 0x78372fd2a1b0 (Used 2299 MB), Evaluating 1644220 Geometry Pairs with Predicate Contains
[LIBGPUSPATIAL] [ 22513][18:18:58:250631][info  ] RTSpatialRefiner 0x78372fd2a1b0 (Used 2311 MB), Loaded Geometries, ProbeArray 1333333, Loaded 839184, Type Point
[LIBGPUSPATIAL] [ 22513][18:18:58:251182][info  ] RTSpatialRefiner 0x78372fd2a1b0 (Used 2318 MB), Evaluating 1645337 Geometry Pairs with Predicate Contains
[LIBGPUSPATIAL] [ 22509][18:18:58:261154][info  ] RTSpatialRefiner 0x78372fd2a1b0 (Used 2330 MB), Loaded Geometries, ProbeArray 1333333, Loaded 839464, Type Point
[LIBGPUSPATIAL] [ 22509][18:18:58:263407][info  ] RTSpatialRefiner 0x78372fd2a1b0 (Used 2336 MB), Evaluating 1645951 Geometry Pairs with Predicate Contains
[LIBGPUSPATIAL] [ 22507][18:18:58:269037][info  ] RTSpatialRefiner 0x78372fd2a1b0 (Used 2349 MB), Loaded Geometries, ProbeArray 1333333, Loaded 839762, Type Point
[LIBGPUSPATIAL] [ 22507][18:18:58:272415][info  ] RTSpatialRefiner 0x78372fd2a1b0 (Used 2355 MB), Evaluating 1647885 Geometry Pairs with Predicate Contains
[LIBGPUSPATIAL] [ 22508][18:18:58:277960][info  ] RTSpatialRefiner 0x78372fd2a1b0 (Used 2368 MB), Loaded Geometries, ProbeArray 1333333, Loaded 840229, Type Point
[LIBGPUSPATIAL] [ 22514][18:18:58:279190][info  ] RTSpatialRefiner 0x78372fd2a1b0 (Used 2374 MB), Loaded Geometries, ProbeArray 1333333, Loaded 839769, Type Point
[LIBGPUSPATIAL] [ 22508][18:18:58:279577][info  ] RTSpatialRefiner 0x78372fd2a1b0 (Used 2380 MB), Evaluating 1646756 Geometry Pairs with Predicate Contains
[LIBGPUSPATIAL] [ 22514][18:18:58:280115][info  ] RTSpatialRefiner 0x78372fd2a1b0 (Used 2393 MB), Evaluating 1646306 Geometry Pairs with Predicate Contains
[LIBGPUSPATIAL] [ 22509][18:18:58:288427][info  ] Unique multi-polygons 27959, memory quota 69 MB, estimated BVH size 306 MB, n_batches 5
[LIBGPUSPATIAL] [ 22510][18:18:58:288634][info  ] Unique multi-polygons 27961, memory quota 69 MB, estimated BVH size 306 MB, n_batches 5
[LIBGPUSPATIAL] [ 22513][18:18:58:288679][info  ] Unique multi-polygons 28133, memory quota 69 MB, estimated BVH size 306 MB, n_batches 5
[LIBGPUSPATIAL] [ 22512][18:18:58:288771][info  ] Unique multi-polygons 27800, memory quota 69 MB, estimated BVH size 306 MB, n_batches 5
[LIBGPUSPATIAL] [ 22511][18:18:58:288805][info  ] Unique multi-polygons 28027, memory quota 69 MB, estimated BVH size 306 MB, n_batches 5
[LIBGPUSPATIAL] [ 22507][18:18:58:289079][info  ] Unique multi-polygons 27972, memory quota 69 MB, estimated BVH size 305 MB, n_batches 5
[LIBGPUSPATIAL] [ 22514][18:18:58:289098][info  ] Unique multi-polygons 27923, memory quota 69 MB, estimated BVH size 306 MB, n_batches 5
[LIBGPUSPATIAL] [ 22508][18:18:58:290080][info  ] Unique multi-polygons 27757, memory quota 69 MB, estimated BVH size 303 MB, n_batches 5
[LIBGPUSPATIAL] [ 22509][18:18:58:290335][info  ] PIP(Used 2430 MB), Batch 0
[LIBGPUSPATIAL] [ 22513][18:18:58:290597][info  ] PIP(Used 2370 MB), Batch 0
[LIBGPUSPATIAL] [ 22511][18:18:58:290633][info  ] PIP(Used 2370 MB), Batch 0
[LIBGPUSPATIAL] [ 22512][18:18:58:291073][info  ] PIP(Used 2338 MB), Batch 0
[LIBGPUSPATIAL] [ 22514][18:18:58:296423][info  ] PIP(Used 2466 MB), Batch 0
[LIBGPUSPATIAL] [ 22508][18:18:58:297752][info  ] PIP(Used 2466 MB), Batch 0
[LIBGPUSPATIAL] [ 22509][18:18:58:297987][info  ] PIP(Used 2470 MB), Batch 1
[LIBGPUSPATIAL] [ 22510][18:18:58:299941][info  ] PIP(Used 2402 MB), Batch 0
[LIBGPUSPATIAL] [ 22507][18:18:58:300220][info  ] PIP(Used 2338 MB), Batch 0
[LIBGPUSPATIAL] [ 22513][18:18:58:304213][info  ] PIP(Used 2342 MB), Batch 1
[LIBGPUSPATIAL] [ 22511][18:18:58:305068][info  ] PIP(Used 2342 MB), Batch 1
[LIBGPUSPATIAL] [ 22512][18:18:58:311863][info  ] PIP(Used 2342 MB), Batch 1
[LIBGPUSPATIAL] [ 22514][18:18:58:320495][info  ] PIP(Used 2342 MB), Batch 1
[LIBGPUSPATIAL] [ 22507][18:18:58:320916][info  ] PIP(Used 2342 MB), Batch 1
[LIBGPUSPATIAL] [ 22508][18:18:58:326020][info  ] PIP(Used 2418 MB), Batch 1
[LIBGPUSPATIAL] [ 22510][18:18:58:329889][info  ] PIP(Used 2342 MB), Batch 1
[LIBGPUSPATIAL] [ 22509][18:18:58:420879][info  ] PIP(Used 2322 MB), Batch 2
[LIBGPUSPATIAL] [ 22514][18:18:58:421267][info  ] PIP(Used 2379 MB), Batch 2
[LIBGPUSPATIAL] [ 22511][18:18:58:421401][info  ] PIP(Used 2416 MB), Batch 2
[LIBGPUSPATIAL] [ 22508][18:18:58:421551][info  ] PIP(Used 2397 MB), Batch 2
[LIBGPUSPATIAL] [ 22510][18:18:58:421582][info  ] PIP(Used 2397 MB), Batch 2
[LIBGPUSPATIAL] [ 22512][18:18:58:421639][info  ] PIP(Used 2384 MB), Batch 2
[LIBGPUSPATIAL] [ 22507][18:18:58:421836][info  ] PIP(Used 2357 MB), Batch 2
[LIBGPUSPATIAL] [ 22513][18:18:58:422186][info  ] PIP(Used 2322 MB), Batch 2
[LIBGPUSPATIAL] [ 22508][18:18:58:461059][info  ] PIP(Used 2462 MB), Batch 3
[LIBGPUSPATIAL] [ 22509][18:18:58:461714][info  ] PIP(Used 2463 MB), Batch 3
[LIBGPUSPATIAL] [ 22511][18:18:58:462643][info  ] PIP(Used 2462 MB), Batch 3
[LIBGPUSPATIAL] [ 22510][18:18:58:463305][info  ] PIP(Used 2462 MB), Batch 3
[LIBGPUSPATIAL] [ 22507][18:18:58:463532][info  ] PIP(Used 2462 MB), Batch 3
[LIBGPUSPATIAL] [ 22512][18:18:58:464185][info  ] PIP(Used 2387 MB), Batch 3
[LIBGPUSPATIAL] [ 22513][18:18:58:464406][info  ] PIP(Used 2364 MB), Batch 3
[LIBGPUSPATIAL] [ 22514][18:18:58:465037][info  ] PIP(Used 2342 MB), Batch 3
[LIBGPUSPATIAL] [ 22509][18:18:58:478279][info  ] PIP(Used 2366 MB), Batch 4
[LIBGPUSPATIAL] [ 22508][18:18:58:478679][info  ] PIP(Used 2341 MB), Batch 4
[LIBGPUSPATIAL] [ 22513][18:18:58:493920][info  ] PIP(Used 2455 MB), Batch 4
[LIBGPUSPATIAL] [ 22511][18:18:58:494118][info  ] PIP(Used 2451 MB), Batch 4
[LIBGPUSPATIAL] [ 22510][18:18:58:506285][info  ] PIP(Used 2521 MB), Batch 4
[LIBGPUSPATIAL] [ 22514][18:18:58:508695][info  ] PIP(Used 2427 MB), Batch 4
[LIBGPUSPATIAL] [ 22507][18:18:58:508950][info  ] PIP(Used 2347 MB), Batch 4
[LIBGPUSPATIAL] [ 22512][18:18:58:512464][info  ] PIP(Used 2267 MB), Batch 4
[LIBGPUSPATIAL] [ 22508][18:18:58:927744][info  ] RTSpatialIndex 0x78372c00a800 (Used 1980 MB), Allocate result buffer, memory consumption 12 MB, capacity 1647944
[LIBGPUSPATIAL] [ 22508][18:18:58:930752][info  ] RTSpatialIndex 0x78372c00a800 (Used 1992 MB), Probe Points, Size: 1333333, Results: 1647944
[LIBGPUSPATIAL] [ 22511][18:18:58:955960][info  ] RTSpatialIndex 0x78372c00a800 (Used 2015 MB), Allocate result buffer, memory consumption 12 MB, capacity 1647532
[LIBGPUSPATIAL] [ 22508][18:18:58:959423][info  ] RTSpatialRefiner 0x78372fd2a1b0 (Used 2028 MB), Loaded Geometries, ProbeArray 1333333, Loaded 839691, Type Point
[LIBGPUSPATIAL] [ 22511][18:18:58:960171][info  ] RTSpatialIndex 0x78372c00a800 (Used 2034 MB), Probe Points, Size: 1333333, Results: 1647532
[LIBGPUSPATIAL] [ 22508][18:18:58:960210][info  ] RTSpatialRefiner 0x78372fd2a1b0 (Used 2011 MB), Evaluating 1647944 Geometry Pairs with Predicate Contains
[LIBGPUSPATIAL] [ 22508][18:18:58:960964][info  ] Unique multi-polygons 28031, memory quota 70 MB, estimated BVH size 305 MB, n_batches 5
[LIBGPUSPATIAL] [ 22508][18:18:58:961486][info  ] PIP(Used 2035 MB), Batch 0
[LIBGPUSPATIAL] [ 22508][18:18:58:968372][info  ] PIP(Used 2059 MB), Batch 1
[LIBGPUSPATIAL] [ 22508][18:18:58:990025][info  ] PIP(Used 2096 MB), Batch 2
[LIBGPUSPATIAL] [ 22512][18:18:58:998178][info  ] RTSpatialIndex 0x78372c00a800 (Used 2079 MB), Allocate result buffer, memory consumption 12 MB, capacity 1646511
[LIBGPUSPATIAL] [ 22511][18:18:59:000985][info  ] RTSpatialRefiner 0x78372fd2a1b0 (Used 2156 MB), Loaded Geometries, ProbeArray 1333333, Loaded 840142, Type Point
[LIBGPUSPATIAL] [ 22507][18:18:59:001345][info  ] RTSpatialIndex 0x78372c00a800 (Used 2162 MB), Allocate result buffer, memory consumption 12 MB, capacity 1650372
[LIBGPUSPATIAL] [ 22511][18:18:59:001793][info  ] RTSpatialRefiner 0x78372fd2a1b0 (Used 2168 MB), Evaluating 1647532 Geometry Pairs with Predicate Contains
[LIBGPUSPATIAL] [ 22508][18:18:59:002388][info  ] PIP(Used 2121 MB), Batch 3
[LIBGPUSPATIAL] [ 22511][18:18:59:003256][info  ] Unique multi-polygons 27830, memory quota 70 MB, estimated BVH size 304 MB, n_batches 5
[LIBGPUSPATIAL] [ 22512][18:18:59:003990][info  ] RTSpatialIndex 0x78372c00a800 (Used 2191 MB), Probe Points, Size: 1333333, Results: 1646511
[LIBGPUSPATIAL] [ 22511][18:18:59:004323][info  ] PIP(Used 2101 MB), Batch 0
[LIBGPUSPATIAL] [ 22507][18:18:59:016091][info  ] RTSpatialIndex 0x78372c00a800 (Used 2196 MB), Probe Points, Size: 1333333, Results: 1650372
[LIBGPUSPATIAL] [ 22509][18:18:59:019745][info  ] RTSpatialIndex 0x78372c00a800 (Used 2186 MB), Allocate result buffer, memory consumption 12 MB, capacity 1647217
[LIBGPUSPATIAL] [ 22508][18:18:59:021096][info  ] PIP(Used 2201 MB), Batch 4
[LIBGPUSPATIAL] [ 22511][18:18:59:023760][info  ] PIP(Used 2123 MB), Batch 1
[LIBGPUSPATIAL] [ 22509][18:18:59:026143][info  ] RTSpatialIndex 0x78372c00a800 (Used 2113 MB), Probe Points, Size: 1333333, Results: 1647217
[LIBGPUSPATIAL] [ 22511][18:18:59:044811][info  ] PIP(Used 2087 MB), Batch 2
[LIBGPUSPATIAL] [ 22512][18:18:59:045391][info  ] RTSpatialRefiner 0x78372fd2a1b0 (Used 2087 MB), Loaded Geometries, ProbeArray 1333333, Loaded 839963, Type Point
[LIBGPUSPATIAL] [ 22512][18:18:59:045996][info  ] RTSpatialRefiner 0x78372fd2a1b0 (Used 2099 MB), Evaluating 1646511 Geometry Pairs with Predicate Contains
[LIBGPUSPATIAL] [ 22512][18:18:59:051062][info  ] Unique multi-polygons 27657, memory quota 70 MB, estimated BVH size 304 MB, n_batches 5
[LIBGPUSPATIAL] [ 22511][18:18:59:051794][info  ] PIP(Used 2200 MB), Batch 3
[LIBGPUSPATIAL] [ 22512][18:18:59:051871][info  ] PIP(Used 2160 MB), Batch 0
[LIBGPUSPATIAL] [ 22511][18:18:59:059918][info  ] PIP(Used 2231 MB), Batch 4
[LIBGPUSPATIAL] [ 22512][18:18:59:062163][info  ] PIP(Used 2153 MB), Batch 1
[LIBGPUSPATIAL] [ 22507][18:18:59:078819][info  ] RTSpatialRefiner 0x78372fd2a1b0 (Used 2084 MB), Loaded Geometries, ProbeArray 1333333, Loaded 841526, Type Point
[LIBGPUSPATIAL] [ 22507][18:18:59:080166][info  ] RTSpatialRefiner 0x78372fd2a1b0 (Used 2090 MB), Evaluating 1650372 Geometry Pairs with Predicate Contains
[LIBGPUSPATIAL] [ 22507][18:18:59:081064][info  ] Unique multi-polygons 28128, memory quota 70 MB, estimated BVH size 306 MB, n_batches 5
[LIBGPUSPATIAL] [ 22507][18:18:59:082318][info  ] PIP(Used 2114 MB), Batch 0
[LIBGPUSPATIAL] [ 22509][18:18:59:082574][info  ] RTSpatialRefiner 0x78372fd2a1b0 (Used 2092 MB), Loaded Geometries, ProbeArray 1333333, Loaded 839385, Type Point
[LIBGPUSPATIAL] [ 22509][18:18:59:083291][info  ] RTSpatialRefiner 0x78372fd2a1b0 (Used 2118 MB), Evaluating 1647217 Geometry Pairs with Predicate Contains
[LIBGPUSPATIAL] [ 22509][18:18:59:084031][info  ] Unique multi-polygons 28033, memory quota 70 MB, estimated BVH size 306 MB, n_batches 5
[LIBGPUSPATIAL] [ 22509][18:18:59:092317][info  ] PIP(Used 2172 MB), Batch 0
[LIBGPUSPATIAL] [ 22513][18:18:59:094076][info  ] RTSpatialIndex 0x78372c00a800 (Used 2172 MB), Allocate result buffer, memory consumption 12 MB, capacity 1648531
[LIBGPUSPATIAL] [ 22512][18:18:59:094223][info  ] PIP(Used 2172 MB), Batch 2
[LIBGPUSPATIAL] [ 22510][18:18:59:108542][info  ] RTSpatialIndex 0x78372c00a800 (Used 2322 MB), Allocate result buffer, memory consumption 12 MB, capacity 1647434
[LIBGPUSPATIAL] [ 22507][18:18:59:108594][info  ] PIP(Used 2326 MB), Batch 1
[LIBGPUSPATIAL] [ 22512][18:18:59:110108][info  ] PIP(Used 2284 MB), Batch 3
[LIBGPUSPATIAL] [ 22509][18:18:59:110156][info  ] PIP(Used 2236 MB), Batch 1
[LIBGPUSPATIAL] [ 22514][18:18:59:112208][info  ] RTSpatialIndex 0x78372c00a800 (Used 2236 MB), Allocate result buffer, memory consumption 12 MB, capacity 1646922
[LIBGPUSPATIAL] [ 22513][18:18:59:112817][info  ] RTSpatialIndex 0x78372c00a800 (Used 2242 MB), Probe Points, Size: 1333333, Results: 1648531
[LIBGPUSPATIAL] [ 22510][18:18:59:133098][info  ] RTSpatialIndex 0x78372c00a800 (Used 2238 MB), Probe Points, Size: 1333333, Results: 1647434
[LIBGPUSPATIAL] [ 22514][18:18:59:153012][info  ] RTSpatialIndex 0x78372c00a800 (Used 2295 MB), Probe Points, Size: 1333333, Results: 1646922
[LIBGPUSPATIAL] [ 22507][18:18:59:153138][info  ] PIP(Used 2209 MB), Batch 2
[LIBGPUSPATIAL] [ 22512][18:18:59:153164][info  ] PIP(Used 2209 MB), Batch 4
[LIBGPUSPATIAL] [ 22513][18:18:59:153297][info  ] RTSpatialRefiner 0x78372fd2a1b0 (Used 2201 MB), Loaded Geometries, ProbeArray 1333333, Loaded 841222, Type Point
[LIBGPUSPATIAL] [ 22513][18:18:59:154172][info  ] RTSpatialRefiner 0x78372fd2a1b0 (Used 2179 MB), Evaluating 1648531 Geometry Pairs with Predicate Contains
[LIBGPUSPATIAL] [ 22509][18:18:59:154436][info  ] PIP(Used 2172 MB), Batch 2
[LIBGPUSPATIAL] [ 22513][18:18:59:165689][info  ] Unique multi-polygons 27847, memory quota 70 MB, estimated BVH size 308 MB, n_batches 5
[LIBGPUSPATIAL] [ 22509][18:18:59:166107][info  ] PIP(Used 2242 MB), Batch 3
[LIBGPUSPATIAL] [ 22513][18:18:59:166236][info  ] PIP(Used 2245 MB), Batch 0
[LIBGPUSPATIAL] [ 22507][18:18:59:173503][info  ] PIP(Used 2180 MB), Batch 3
[LIBGPUSPATIAL] [ 22509][18:18:59:174680][info  ] PIP(Used 2182 MB), Batch 4
[LIBGPUSPATIAL] [ 22513][18:18:59:179177][info  ] PIP(Used 2197 MB), Batch 1
[LIBGPUSPATIAL] [ 22510][18:18:59:181723][info  ] RTSpatialRefiner 0x78372fd2a1b0 (Used 2197 MB), Loaded Geometries, ProbeArray 1333333, Loaded 839980, Type Point
[LIBGPUSPATIAL] [ 22510][18:18:59:182318][info  ] RTSpatialRefiner 0x78372fd2a1b0 (Used 2203 MB), Evaluating 1647434 Geometry Pairs with Predicate Contains
[LIBGPUSPATIAL] [ 22510][18:18:59:189156][info  ] Unique multi-polygons 28078, memory quota 70 MB, estimated BVH size 304 MB, n_batches 5
[LIBGPUSPATIAL] [ 22507][18:18:59:189172][info  ] PIP(Used 2162 MB), Batch 4
[LIBGPUSPATIAL] [ 22510][18:18:59:190401][info  ] PIP(Used 2156 MB), Batch 0
[LIBGPUSPATIAL] [ 22514][18:18:59:193022][info  ] RTSpatialRefiner 0x78372fd2a1b0 (Used 2134 MB), Loaded Geometries, ProbeArray 1333333, Loaded 839419, Type Point
[LIBGPUSPATIAL] [ 22514][18:18:59:193602][info  ] RTSpatialRefiner 0x78372fd2a1b0 (Used 2140 MB), Evaluating 1646922 Geometry Pairs with Predicate Contains
[LIBGPUSPATIAL] [ 22514][18:18:59:196115][info  ] Unique multi-polygons 27979, memory quota 70 MB, estimated BVH size 303 MB, n_batches 5
[LIBGPUSPATIAL] [ 22514][18:18:59:196702][info  ] PIP(Used 2122 MB), Batch 0
[LIBGPUSPATIAL] [ 22510][18:18:59:200104][info  ] PIP(Used 2126 MB), Batch 1
[LIBGPUSPATIAL] [ 22514][18:18:59:203813][info  ] PIP(Used 2126 MB), Batch 1
[LIBGPUSPATIAL] [ 22513][18:18:59:209629][info  ] PIP(Used 2106 MB), Batch 2
[LIBGPUSPATIAL] [ 22513][18:18:59:218029][info  ] PIP(Used 2126 MB), Batch 3
[LIBGPUSPATIAL] [ 22513][18:18:59:224252][info  ] PIP(Used 2127 MB), Batch 4
[LIBGPUSPATIAL] [ 22514][18:18:59:230024][info  ] PIP(Used 2063 MB), Batch 2
[LIBGPUSPATIAL] [ 22510][18:18:59:237132][info  ] PIP(Used 2063 MB), Batch 2
[LIBGPUSPATIAL] [ 22514][18:18:59:237625][info  ] PIP(Used 2083 MB), Batch 3
[LIBGPUSPATIAL] [ 22510][18:18:59:246669][info  ] PIP(Used 2083 MB), Batch 3
[LIBGPUSPATIAL] [ 22514][18:18:59:250350][info  ] PIP(Used 2084 MB), Batch 4
[LIBGPUSPATIAL] [ 22510][18:18:59:254274][info  ] PIP(Used 2083 MB), Batch 4
[LIBGPUSPATIAL] [ 22508][18:18:59:461246][info  ] RTSpatialIndex 0x78372c00a800 (Used 1980 MB), Allocate result buffer, memory consumption 12 MB, capacity 1646504
[LIBGPUSPATIAL] [ 22508][18:18:59:464807][info  ] RTSpatialIndex 0x78372c00a800 (Used 1992 MB), Probe Points, Size: 1333333, Results: 1646504
[LIBGPUSPATIAL] [ 22511][18:18:59:497862][info  ] RTSpatialIndex 0x78372c00a800 (Used 2015 MB), Allocate result buffer, memory consumption 12 MB, capacity 1647602
[LIBGPUSPATIAL] [ 22511][18:18:59:501032][info  ] RTSpatialIndex 0x78372c00a800 (Used 2028 MB), Probe Points, Size: 1333333, Results: 1647602
[LIBGPUSPATIAL] [ 22508][18:18:59:503320][info  ] RTSpatialRefiner 0x78372fd2a1b0 (Used 2018 MB), Loaded Geometries, ProbeArray 1333333, Loaded 839426, Type Point
[LIBGPUSPATIAL] [ 22508][18:18:59:507467][info  ] RTSpatialRefiner 0x78372fd2a1b0 (Used 2030 MB), Evaluating 1646504 Geometry Pairs with Predicate Contains
[LIBGPUSPATIAL] [ 22508][18:18:59:508193][info  ] Unique multi-polygons 27627, memory quota 70 MB, estimated BVH size 303 MB, n_batches 5
[LIBGPUSPATIAL] [ 22508][18:18:59:509137][info  ] PIP(Used 2054 MB), Batch 0
[LIBGPUSPATIAL] [ 22508][18:18:59:515859][info  ] PIP(Used 2075 MB), Batch 1
[LIBGPUSPATIAL] [ 22508][18:18:59:538199][info  ] PIP(Used 2056 MB), Batch 2
[LIBGPUSPATIAL] [ 22511][18:18:59:543977][info  ] RTSpatialRefiner 0x78372fd2a1b0 (Used 2048 MB), Loaded Geometries, ProbeArray 1333333, Loaded 840413, Type Point
[LIBGPUSPATIAL] [ 22511][18:18:59:544834][info  ] RTSpatialRefiner 0x78372fd2a1b0 (Used 2055 MB), Evaluating 1647602 Geometry Pairs with Predicate Contains
[LIBGPUSPATIAL] [ 22511][18:18:59:545592][info  ] Unique multi-polygons 27940, memory quota 70 MB, estimated BVH size 305 MB, n_batches 5
[LIBGPUSPATIAL] [ 22508][18:18:59:545946][info  ] PIP(Used 2083 MB), Batch 3
[LIBGPUSPATIAL] [ 22511][18:18:59:547516][info  ] PIP(Used 2079 MB), Batch 0
[LIBGPUSPATIAL] [ 22508][18:18:59:553168][info  ] PIP(Used 2084 MB), Batch 4
[LIBGPUSPATIAL] [ 22511][18:18:59:556954][info  ] PIP(Used 2081 MB), Batch 1
[LIBGPUSPATIAL] [ 22511][18:18:59:578289][info  ] PIP(Used 2020 MB), Batch 2
[LIBGPUSPATIAL] [ 22511][18:18:59:586156][info  ] PIP(Used 2039 MB), Batch 3
[LIBGPUSPATIAL] [ 22511][18:18:59:592125][info  ] PIP(Used 2041 MB), Batch 4
[LIBGPUSPATIAL] [ 22512][18:18:59:609812][info  ] RTSpatialIndex 0x78372c00a800 (Used 1980 MB), Allocate result buffer, memory consumption 12 MB, capacity 1641655
[LIBGPUSPATIAL] [ 22512][18:18:59:612081][info  ] RTSpatialIndex 0x78372c00a800 (Used 1992 MB), Probe Points, Size: 1333333, Results: 1641655
[LIBGPUSPATIAL] [ 22512][18:18:59:642631][info  ] RTSpatialRefiner 0x78372fd2a1b0 (Used 2005 MB), Loaded Geometries, ProbeArray 1333333, Loaded 838064, Type Point
[LIBGPUSPATIAL] [ 22512][18:18:59:643582][info  ] RTSpatialRefiner 0x78372fd2a1b0 (Used 2011 MB), Evaluating 1641655 Geometry Pairs with Predicate Contains
[LIBGPUSPATIAL] [ 22512][18:18:59:644338][info  ] Unique multi-polygons 28017, memory quota 70 MB, estimated BVH size 306 MB, n_batches 5
[LIBGPUSPATIAL] [ 22512][18:18:59:645040][info  ] PIP(Used 2035 MB), Batch 0
[LIBGPUSPATIAL] [ 22509][18:18:59:651168][info  ] RTSpatialIndex 0x78372c00a800 (Used 2045 MB), Allocate result buffer, memory consumption 12 MB, capacity 1648251
[LIBGPUSPATIAL] [ 22512][18:18:59:653300][info  ] PIP(Used 2062 MB), Batch 1
[LIBGPUSPATIAL] [ 22509][18:18:59:655657][info  ] RTSpatialIndex 0x78372c00a800 (Used 2035 MB), Probe Points, Size: 1333333, Results: 1648251
[LIBGPUSPATIAL] [ 22512][18:18:59:676689][info  ] PIP(Used 2059 MB), Batch 2
[LIBGPUSPATIAL] [ 22507][18:18:59:683654][info  ] RTSpatialIndex 0x78372c00a800 (Used 2117 MB), Allocate result buffer, memory consumption 12 MB, capacity 1646116
[LIBGPUSPATIAL] [ 22512][18:18:59:683777][info  ] PIP(Used 2075 MB), Batch 3
[LIBGPUSPATIAL] [ 22512][18:18:59:698948][info  ] PIP(Used 2099 MB), Batch 4
[LIBGPUSPATIAL] [ 22507][18:18:59:698948][info  ] RTSpatialIndex 0x78372c00a800 (Used 2099 MB), Probe Points, Size: 1333333, Results: 1646116
[LIBGPUSPATIAL] [ 22509][18:18:59:705322][info  ] RTSpatialRefiner 0x78372fd2a1b0 (Used 2011 MB), Loaded Geometries, ProbeArray 1333333, Loaded 840587, Type Point
[LIBGPUSPATIAL] [ 22509][18:18:59:706783][info  ] RTSpatialRefiner 0x78372fd2a1b0 (Used 2024 MB), Evaluating 1648251 Geometry Pairs with Predicate Contains
[LIBGPUSPATIAL] [ 22509][18:18:59:707540][info  ] Unique multi-polygons 27851, memory quota 70 MB, estimated BVH size 304 MB, n_batches 5
[LIBGPUSPATIAL] [ 22509][18:18:59:708080][info  ] PIP(Used 2054 MB), Batch 0
[LIBGPUSPATIAL] [ 22509][18:18:59:714903][info  ] PIP(Used 2096 MB), Batch 1
[LIBGPUSPATIAL] [ 22513][18:18:59:735360][info  ] RTSpatialIndex 0x78372c00a800 (Used 2079 MB), Allocate result buffer, memory consumption 12 MB, capacity 1648005
[LIBGPUSPATIAL] [ 22509][18:18:59:737711][info  ] PIP(Used 2088 MB), Batch 2
[LIBGPUSPATIAL] [ 22507][18:18:59:738682][info  ] RTSpatialRefiner 0x78372fd2a1b0 (Used 2088 MB), Loaded Geometries, ProbeArray 1333333, Loaded 839804, Type Point
[LIBGPUSPATIAL] [ 22514][18:18:59:738908][info  ] RTSpatialIndex 0x78372c00a800 (Used 2095 MB), Allocate result buffer, memory consumption 12 MB, capacity 1646166
[LIBGPUSPATIAL] [ 22507][18:18:59:739306][info  ] RTSpatialRefiner 0x78372fd2a1b0 (Used 2101 MB), Evaluating 1646116 Geometry Pairs with Predicate Contains
[LIBGPUSPATIAL] [ 22507][18:18:59:740512][info  ] Unique multi-polygons 27682, memory quota 70 MB, estimated BVH size 304 MB, n_batches 5
[LIBGPUSPATIAL] [ 22513][18:18:59:742952][info  ] RTSpatialIndex 0x78372c00a800 (Used 2202 MB), Probe Points, Size: 1333333, Results: 1648005
[LIBGPUSPATIAL] [ 22507][18:18:59:743477][info  ] PIP(Used 2111 MB), Batch 0
[LIBGPUSPATIAL] [ 22510][18:18:59:753890][info  ] RTSpatialIndex 0x78372c00a800 (Used 2177 MB), Allocate result buffer, memory consumption 12 MB, capacity 1645557
[LIBGPUSPATIAL] [ 22514][18:18:59:754634][info  ] RTSpatialIndex 0x78372c00a800 (Used 2190 MB), Probe Points, Size: 1333333, Results: 1646166
[LIBGPUSPATIAL] [ 22509][18:18:59:754947][info  ] PIP(Used 2147 MB), Batch 3
[LIBGPUSPATIAL] [ 22507][18:18:59:755994][info  ] PIP(Used 2125 MB), Batch 1
[LIBGPUSPATIAL] [ 22510][18:18:59:758112][info  ] RTSpatialIndex 0x78372c00a800 (Used 2110 MB), Probe Points, Size: 1333333, Results: 1645557
[LIBGPUSPATIAL] [ 22507][18:18:59:778263][info  ] PIP(Used 2134 MB), Batch 2
[LIBGPUSPATIAL] [ 22509][18:18:59:780805][info  ] PIP(Used 2157 MB), Batch 4
[LIBGPUSPATIAL] [ 22507][18:18:59:788429][info  ] PIP(Used 2171 MB), Batch 3
[LIBGPUSPATIAL] [ 22513][18:18:59:790250][info  ] RTSpatialRefiner 0x78372fd2a1b0 (Used 2162 MB), Loaded Geometries, ProbeArray 1333333, Loaded 840413, Type Point
[LIBGPUSPATIAL] [ 22513][18:18:59:791076][info  ] RTSpatialRefiner 0x78372fd2a1b0 (Used 2168 MB), Evaluating 1648005 Geometry Pairs with Predicate Contains
[LIBGPUSPATIAL] [ 22507][18:18:59:806158][info  ] PIP(Used 2154 MB), Batch 4
[LIBGPUSPATIAL] [ 22513][18:18:59:806600][info  ] Unique multi-polygons 27907, memory quota 70 MB, estimated BVH size 305 MB, n_batches 5
[LIBGPUSPATIAL] [ 22513][18:18:59:808221][info  ] PIP(Used 2148 MB), Batch 0
[LIBGPUSPATIAL] [ 22514][18:18:59:811564][info  ] RTSpatialRefiner 0x78372fd2a1b0 (Used 2126 MB), Loaded Geometries, ProbeArray 1333333, Loaded 840209, Type Point
[LIBGPUSPATIAL] [ 22514][18:18:59:812286][info  ] RTSpatialRefiner 0x78372fd2a1b0 (Used 2132 MB), Evaluating 1646166 Geometry Pairs with Predicate Contains
[LIBGPUSPATIAL] [ 22514][18:18:59:813063][info  ] Unique multi-polygons 27841, memory quota 70 MB, estimated BVH size 305 MB, n_batches 5
[LIBGPUSPATIAL] [ 22514][18:18:59:813972][info  ] PIP(Used 2114 MB), Batch 0
[LIBGPUSPATIAL] [ 22510][18:18:59:814022][info  ] RTSpatialRefiner 0x78372fd2a1b0 (Used 2114 MB), Loaded Geometries, ProbeArray 1333333, Loaded 839929, Type Point
[LIBGPUSPATIAL] [ 22510][18:18:59:814687][info  ] RTSpatialRefiner 0x78372fd2a1b0 (Used 2098 MB), Evaluating 1645557 Geometry Pairs with Predicate Contains
[LIBGPUSPATIAL] [ 22513][18:18:59:815594][info  ] PIP(Used 2125 MB), Batch 1
[LIBGPUSPATIAL] [ 22510][18:18:59:816852][info  ] Unique multi-polygons 27739, memory quota 70 MB, estimated BVH size 304 MB, n_batches 5
[LIBGPUSPATIAL] [ 22510][18:18:59:818016][info  ] PIP(Used 2122 MB), Batch 0
[LIBGPUSPATIAL] [ 22514][18:18:59:823241][info  ] PIP(Used 2126 MB), Batch 1
[LIBGPUSPATIAL] [ 22510][18:18:59:826365][info  ] PIP(Used 2126 MB), Batch 1
[LIBGPUSPATIAL] [ 22513][18:18:59:842909][info  ] PIP(Used 2106 MB), Batch 2
[LIBGPUSPATIAL] [ 22510][18:18:59:850135][info  ] PIP(Used 2106 MB), Batch 2
[LIBGPUSPATIAL] [ 22513][18:18:59:851198][info  ] PIP(Used 2126 MB), Batch 3
[LIBGPUSPATIAL] [ 22510][18:18:59:858543][info  ] PIP(Used 2126 MB), Batch 3
[LIBGPUSPATIAL] [ 22510][18:18:59:864686][info  ] PIP(Used 2127 MB), Batch 4
[LIBGPUSPATIAL] [ 22514][18:18:59:868809][info  ] PIP(Used 2105 MB), Batch 2
[LIBGPUSPATIAL] [ 22513][18:18:59:876428][info  ] PIP(Used 2083 MB), Batch 4
[LIBGPUSPATIAL] [ 22514][18:18:59:878244][info  ] PIP(Used 2082 MB), Batch 3
[LIBGPUSPATIAL] [ 22514][18:18:59:886649][info  ] PIP(Used 2041 MB), Batch 4
[LIBGPUSPATIAL] [ 22508][18:19:00:014452][info  ] RTSpatialIndex 0x78372c00a800 (Used 1980 MB), Allocate result buffer, memory consumption 12 MB, capacity 1648385
[LIBGPUSPATIAL] [ 22508][18:19:00:017393][info  ] RTSpatialIndex 0x78372c00a800 (Used 1992 MB), Probe Points, Size: 1333333, Results: 1648385
[LIBGPUSPATIAL] [ 22511][18:19:00:052531][info  ] RTSpatialIndex 0x78372c00a800 (Used 2015 MB), Allocate result buffer, memory consumption 12 MB, capacity 1646457
[LIBGPUSPATIAL] [ 22508][18:19:00:055771][info  ] RTSpatialRefiner 0x78372fd2a1b0 (Used 2028 MB), Loaded Geometries, ProbeArray 1333333, Loaded 840314, Type Point
[LIBGPUSPATIAL] [ 22511][18:19:00:056049][info  ] RTSpatialIndex 0x78372c00a800 (Used 2034 MB), Probe Points, Size: 1333333, Results: 1646457
[LIBGPUSPATIAL] [ 22508][18:19:00:056542][info  ] RTSpatialRefiner 0x78372fd2a1b0 (Used 2011 MB), Evaluating 1648385 Geometry Pairs with Predicate Contains
[LIBGPUSPATIAL] [ 22508][18:19:00:057306][info  ] Unique multi-polygons 28147, memory quota 70 MB, estimated BVH size 306 MB, n_batches 5
[LIBGPUSPATIAL] [ 22508][18:19:00:057883][info  ] PIP(Used 2035 MB), Batch 0
[LIBGPUSPATIAL] [ 22508][18:19:00:063752][info  ] PIP(Used 2059 MB), Batch 1
[LIBGPUSPATIAL] [ 22508][18:19:00:086774][info  ] PIP(Used 2056 MB), Batch 2
[LIBGPUSPATIAL] [ 22511][18:19:00:087407][info  ] RTSpatialRefiner 0x78372fd2a1b0 (Used 2048 MB), Loaded Geometries, ProbeArray 1333333, Loaded 839697, Type Point
[LIBGPUSPATIAL] [ 22511][18:19:00:088010][info  ] RTSpatialRefiner 0x78372fd2a1b0 (Used 2055 MB), Evaluating 1646457 Geometry Pairs with Predicate Contains
[LIBGPUSPATIAL] [ 22511][18:19:00:093422][info  ] Unique multi-polygons 27930, memory quota 70 MB, estimated BVH size 304 MB, n_batches 5
[LIBGPUSPATIAL] [ 22511][18:19:00:094095][info  ] PIP(Used 2105 MB), Batch 0
[LIBGPUSPATIAL] [ 22508][18:19:00:094120][info  ] PIP(Used 2105 MB), Batch 3
[LIBGPUSPATIAL] [ 22511][18:19:00:102481][info  ] PIP(Used 2111 MB), Batch 1
[LIBGPUSPATIAL] [ 22508][18:19:00:102484][info  ] PIP(Used 2111 MB), Batch 4
[LIBGPUSPATIAL] [ 22511][18:19:00:125872][info  ] PIP(Used 2020 MB), Batch 2
[LIBGPUSPATIAL] [ 22511][18:19:00:133911][info  ] PIP(Used 2039 MB), Batch 3
[LIBGPUSPATIAL] [ 22511][18:19:00:140215][info  ] PIP(Used 2041 MB), Batch 4
[LIBGPUSPATIAL] [ 22512][18:19:00:149810][info  ] RTSpatialIndex 0x78372c00a800 (Used 1980 MB), Allocate result buffer, memory consumption 12 MB, capacity 1646753
[LIBGPUSPATIAL] [ 22512][18:19:00:153715][info  ] RTSpatialIndex 0x78372c00a800 (Used 1992 MB), Probe Points, Size: 1333333, Results: 1646753
[LIBGPUSPATIAL] [ 22512][18:19:00:186512][info  ] RTSpatialRefiner 0x78372fd2a1b0 (Used 2005 MB), Loaded Geometries, ProbeArray 1333333, Loaded 840101, Type Point
[LIBGPUSPATIAL] [ 22512][18:19:00:187101][info  ] RTSpatialRefiner 0x78372fd2a1b0 (Used 2011 MB), Evaluating 1646753 Geometry Pairs with Predicate Contains
[LIBGPUSPATIAL] [ 22512][18:19:00:187815][info  ] Unique multi-polygons 28203, memory quota 70 MB, estimated BVH size 307 MB, n_batches 5
[LIBGPUSPATIAL] [ 22512][18:19:00:188412][info  ] PIP(Used 2035 MB), Batch 0
[LIBGPUSPATIAL] [ 22512][18:19:00:195308][info  ] PIP(Used 2040 MB), Batch 1
[LIBGPUSPATIAL] [ 22512][18:19:00:219179][info  ] PIP(Used 2020 MB), Batch 2
[LIBGPUSPATIAL] [ 22512][18:19:00:226913][info  ] PIP(Used 2039 MB), Batch 3
[LIBGPUSPATIAL] [ 22509][18:19:00:232566][info  ] RTSpatialIndex 0x78372c00a800 (Used 2023 MB), Allocate result buffer, memory consumption 12 MB, capacity 1646862
[LIBGPUSPATIAL] [ 22512][18:19:00:233285][info  ] PIP(Used 2064 MB), Batch 4
[LIBGPUSPATIAL] [ 22509][18:19:00:235042][info  ] RTSpatialIndex 0x78372c00a800 (Used 2034 MB), Probe Points, Size: 1333333, Results: 1646862
[LIBGPUSPATIAL] [ 22509][18:19:00:268345][info  ] RTSpatialRefiner 0x78372fd2a1b0 (Used 2005 MB), Loaded Geometries, ProbeArray 1333333, Loaded 839890, Type Point
[LIBGPUSPATIAL] [ 22509][18:19:00:269266][info  ] RTSpatialRefiner 0x78372fd2a1b0 (Used 2011 MB), Evaluating 1646862 Geometry Pairs with Predicate Contains
[LIBGPUSPATIAL] [ 22509][18:19:00:270035][info  ] Unique multi-polygons 27970, memory quota 70 MB, estimated BVH size 307 MB, n_batches 5
[LIBGPUSPATIAL] [ 22509][18:19:00:270600][info  ] PIP(Used 2035 MB), Batch 0
[LIBGPUSPATIAL] [ 22509][18:19:00:279184][info  ] PIP(Used 2060 MB), Batch 1
[LIBGPUSPATIAL] [ 22507][18:19:00:280434][info  ] RTSpatialIndex 0x78372c00a800 (Used 2022 MB), Allocate result buffer, memory consumption 12 MB, capacity 1645207
[LIBGPUSPATIAL] [ 22509][18:19:00:302929][info  ] PIP(Used 2063 MB), Batch 2
[LIBGPUSPATIAL] [ 22507][18:19:00:303493][info  ] RTSpatialIndex 0x78372c00a800 (Used 2053 MB), Probe Points, Size: 1333333, Results: 1645207
[LIBGPUSPATIAL] [ 22510][18:19:00:309513][info  ] RTSpatialIndex 0x78372c00a800 (Used 2027 MB), Allocate result buffer, memory consumption 12 MB, capacity 1648121
[LIBGPUSPATIAL] [ 22509][18:19:00:310433][info  ] PIP(Used 2062 MB), Batch 3
[LIBGPUSPATIAL] [ 22510][18:19:00:312856][info  ] RTSpatialIndex 0x78372c00a800 (Used 2048 MB), Probe Points, Size: 1333333, Results: 1648121
[LIBGPUSPATIAL] [ 22509][18:19:00:317480][info  ] PIP(Used 2072 MB), Batch 4
[LIBGPUSPATIAL] [ 22514][18:19:00:329828][info  ] RTSpatialIndex 0x78372c00a800 (Used 2051 MB), Allocate result buffer, memory consumption 12 MB, capacity 1645742
[LIBGPUSPATIAL] [ 22514][18:19:00:333213][info  ] RTSpatialIndex 0x78372c00a800 (Used 2063 MB), Probe Points, Size: 1333348, Results: 1645742
[LIBGPUSPATIAL] [ 22507][18:19:00:355404][info  ] RTSpatialRefiner 0x78372fd2a1b0 (Used 2060 MB), Loaded Geometries, ProbeArray 1333333, Loaded 839661, Type Point
[LIBGPUSPATIAL] [ 22507][18:19:00:356424][info  ] RTSpatialRefiner 0x78372fd2a1b0 (Used 2066 MB), Evaluating 1645207 Geometry Pairs with Predicate Contains
[LIBGPUSPATIAL] [ 22507][18:19:00:357476][info  ] Unique multi-polygons 27762, memory quota 70 MB, estimated BVH size 304 MB, n_batches 5
[LIBGPUSPATIAL] [ 22507][18:19:00:358358][info  ] PIP(Used 2106 MB), Batch 0
[LIBGPUSPATIAL] [ 22510][18:19:00:361494][info  ] RTSpatialRefiner 0x78372fd2a1b0 (Used 2084 MB), Loaded Geometries, ProbeArray 1333333, Loaded 840308, Type Point
[LIBGPUSPATIAL] [ 22510][18:19:00:362491][info  ] RTSpatialRefiner 0x78372fd2a1b0 (Used 2090 MB), Evaluating 1648121 Geometry Pairs with Predicate Contains
[LIBGPUSPATIAL] [ 22510][18:19:00:363356][info  ] Unique multi-polygons 28005, memory quota 70 MB, estimated BVH size 304 MB, n_batches 5
[LIBGPUSPATIAL] [ 22510][18:19:00:363952][info  ] PIP(Used 2125 MB), Batch 0
[LIBGPUSPATIAL] [ 22507][18:19:00:364204][info  ] PIP(Used 2141 MB), Batch 1
[LIBGPUSPATIAL] [ 22513][18:19:00:367773][info  ] RTSpatialIndex 0x78372c00a800 (Used 2151 MB), Allocate result buffer, memory consumption 12 MB, capacity 1645329
[LIBGPUSPATIAL] [ 22507][18:19:00:393399][info  ] PIP(Used 2148 MB), Batch 2
[LIBGPUSPATIAL] [ 22510][18:19:00:393424][info  ] PIP(Used 2148 MB), Batch 1
[LIBGPUSPATIAL] [ 22514][18:19:00:393402][info  ] RTSpatialRefiner 0x78372fd2a1b0 (Used 2148 MB), Loaded Geometries, ProbeArray 1333348, Loaded 839633, Type Point
[LIBGPUSPATIAL] [ 22514][18:19:00:394167][info  ] RTSpatialRefiner 0x78372fd2a1b0 (Used 2155 MB), Evaluating 1645742 Geometry Pairs with Predicate Contains
[LIBGPUSPATIAL] [ 22513][18:19:00:394292][info  ] RTSpatialIndex 0x78372c00a800 (Used 2167 MB), Probe Points, Size: 1333333, Results: 1645329
[LIBGPUSPATIAL] [ 22514][18:19:00:402363][info  ] Unique multi-polygons 28150, memory quota 70 MB, estimated BVH size 306 MB, n_batches 5
[LIBGPUSPATIAL] [ 22507][18:19:00:402711][info  ] PIP(Used 2145 MB), Batch 3
[LIBGPUSPATIAL] [ 22514][18:19:00:403607][info  ] PIP(Used 2141 MB), Batch 0
[LIBGPUSPATIAL] [ 22507][18:19:00:409578][info  ] PIP(Used 2162 MB), Batch 4
[LIBGPUSPATIAL] [ 22514][18:19:00:413508][info  ] PIP(Used 2161 MB), Batch 1
[LIBGPUSPATIAL] [ 22510][18:19:00:424628][info  ] PIP(Used 2099 MB), Batch 2
[LIBGPUSPATIAL] [ 22513][18:19:00:430087][info  ] RTSpatialRefiner 0x78372fd2a1b0 (Used 2091 MB), Loaded Geometries, ProbeArray 1333333, Loaded 839287, Type Point
[LIBGPUSPATIAL] [ 22513][18:19:00:431119][info  ] RTSpatialRefiner 0x78372fd2a1b0 (Used 2098 MB), Evaluating 1645329 Geometry Pairs with Predicate Contains
[LIBGPUSPATIAL] [ 22513][18:19:00:432082][info  ] Unique multi-polygons 27625, memory quota 70 MB, estimated BVH size 303 MB, n_batches 5
[LIBGPUSPATIAL] [ 22510][18:19:00:432449][info  ] PIP(Used 2144 MB), Batch 3
[LIBGPUSPATIAL] [ 22513][18:19:00:432602][info  ] PIP(Used 2148 MB), Batch 0
[LIBGPUSPATIAL] [ 22514][18:19:00:439154][info  ] PIP(Used 2106 MB), Batch 2
[LIBGPUSPATIAL] [ 22510][18:19:00:440001][info  ] PIP(Used 2127 MB), Batch 4
[LIBGPUSPATIAL] [ 22513][18:19:00:446935][info  ] PIP(Used 2125 MB), Batch 1
[LIBGPUSPATIAL] [ 22514][18:19:00:449228][info  ] PIP(Used 2124 MB), Batch 3
[LIBGPUSPATIAL] [ 22514][18:19:00:456497][info  ] PIP(Used 2084 MB), Batch 4
[LIBGPUSPATIAL] [ 22513][18:19:00:470410][info  ] PIP(Used 2020 MB), Batch 2
[LIBGPUSPATIAL] [ 22513][18:19:00:478174][info  ] PIP(Used 2039 MB), Batch 3
[LIBGPUSPATIAL] [ 22513][18:19:00:484233][info  ] PIP(Used 2040 MB), Batch 4
[LIBGPUSPATIAL] [ 22508][18:19:00:581633][info  ] RTSpatialIndex 0x78372c00a800 (Used 1980 MB), Allocate result buffer, memory consumption 12 MB, capacity 1644146
[LIBGPUSPATIAL] [ 22508][18:19:00:585390][info  ] RTSpatialIndex 0x78372c00a800 (Used 1992 MB), Probe Points, Size: 1333333, Results: 1644146
[LIBGPUSPATIAL] [ 22508][18:19:00:616215][info  ] RTSpatialRefiner 0x78372fd2a1b0 (Used 2005 MB), Loaded Geometries, ProbeArray 1333333, Loaded 839022, Type Point
[LIBGPUSPATIAL] [ 22508][18:19:00:617045][info  ] RTSpatialRefiner 0x78372fd2a1b0 (Used 2011 MB), Evaluating 1644146 Geometry Pairs with Predicate Contains
[LIBGPUSPATIAL] [ 22508][18:19:00:617795][info  ] Unique multi-polygons 27804, memory quota 70 MB, estimated BVH size 304 MB, n_batches 5
[LIBGPUSPATIAL] [ 22508][18:19:00:618453][info  ] PIP(Used 2035 MB), Batch 0
[LIBGPUSPATIAL] [ 22508][18:19:00:625023][info  ] PIP(Used 2040 MB), Batch 1
[LIBGPUSPATIAL] [ 22511][18:19:00:648304][info  ] RTSpatialIndex 0x78372c00a800 (Used 2023 MB), Allocate result buffer, memory consumption 12 MB, capacity 1647709
[LIBGPUSPATIAL] [ 22508][18:19:00:649026][info  ] PIP(Used 2042 MB), Batch 2
[LIBGPUSPATIAL] [ 22511][18:19:00:650875][info  ] RTSpatialIndex 0x78372c00a800 (Used 2035 MB), Probe Points, Size: 1333333, Results: 1647709
[LIBGPUSPATIAL] [ 22508][18:19:00:656749][info  ] PIP(Used 2052 MB), Batch 3
[LIBGPUSPATIAL] [ 22508][18:19:00:663186][info  ] PIP(Used 2059 MB), Batch 4
[LIBGPUSPATIAL] [ 22511][18:19:00:686224][info  ] RTSpatialRefiner 0x78372fd2a1b0 (Used 2005 MB), Loaded Geometries, ProbeArray 1333333, Loaded 839838, Type Point
[LIBGPUSPATIAL] [ 22511][18:19:00:686965][info  ] RTSpatialRefiner 0x78372fd2a1b0 (Used 2011 MB), Evaluating 1647709 Geometry Pairs with Predicate Contains
[LIBGPUSPATIAL] [ 22511][18:19:00:687726][info  ] Unique multi-polygons 27796, memory quota 70 MB, estimated BVH size 304 MB, n_batches 5
[LIBGPUSPATIAL] [ 22511][18:19:00:688377][info  ] PIP(Used 2035 MB), Batch 0
[LIBGPUSPATIAL] [ 22511][18:19:00:696106][info  ] PIP(Used 2039 MB), Batch 1
[LIBGPUSPATIAL] [ 22512][18:19:00:717635][info  ] RTSpatialIndex 0x78372c00a800 (Used 2023 MB), Allocate result buffer, memory consumption 12 MB, capacity 1645749
[LIBGPUSPATIAL] [ 22511][18:19:00:718480][info  ] PIP(Used 2043 MB), Batch 2
[LIBGPUSPATIAL] [ 22512][18:19:00:720887][info  ] RTSpatialIndex 0x78372c00a800 (Used 2035 MB), Probe Points, Size: 1333333, Results: 1645749
[LIBGPUSPATIAL] [ 22511][18:19:00:726565][info  ] PIP(Used 2052 MB), Batch 3
[LIBGPUSPATIAL] [ 22511][18:19:00:734638][info  ] PIP(Used 2076 MB), Batch 4
[LIBGPUSPATIAL] [ 22512][18:19:00:756429][info  ] RTSpatialRefiner 0x78372fd2a1b0 (Used 2005 MB), Loaded Geometries, ProbeArray 1333333, Loaded 839308, Type Point
[LIBGPUSPATIAL] [ 22512][18:19:00:757369][info  ] RTSpatialRefiner 0x78372fd2a1b0 (Used 2011 MB), Evaluating 1645749 Geometry Pairs with Predicate Contains
[LIBGPUSPATIAL] [ 22512][18:19:00:758133][info  ] Unique multi-polygons 27726, memory quota 70 MB, estimated BVH size 303 MB, n_batches 5
[LIBGPUSPATIAL] [ 22512][18:19:00:758705][info  ] PIP(Used 2035 MB), Batch 0
[LIBGPUSPATIAL] [ 22512][18:19:00:765893][info  ] PIP(Used 2040 MB), Batch 1
[LIBGPUSPATIAL] [ 22512][18:19:00:785892][info  ] PIP(Used 2020 MB), Batch 2
[LIBGPUSPATIAL] [ 22512][18:19:00:793768][info  ] PIP(Used 2040 MB), Batch 3
[LIBGPUSPATIAL] [ 22512][18:19:00:801059][info  ] PIP(Used 2040 MB), Batch 4
[LIBGPUSPATIAL] [ 22509][18:19:00:807735][info  ] RTSpatialIndex 0x78372c00a800 (Used 1980 MB), Allocate result buffer, memory consumption 12 MB, capacity 1647960
[LIBGPUSPATIAL] [ 22509][18:19:00:810152][info  ] RTSpatialIndex 0x78372c00a800 (Used 1992 MB), Probe Points, Size: 1333333, Results: 1647960
[LIBGPUSPATIAL] [ 22509][18:19:00:837012][info  ] RTSpatialRefiner 0x78372fd2a1b0 (Used 2005 MB), Loaded Geometries, ProbeArray 1333333, Loaded 840128, Type Point
[LIBGPUSPATIAL] [ 22509][18:19:00:837689][info  ] RTSpatialRefiner 0x78372fd2a1b0 (Used 2011 MB), Evaluating 1647960 Geometry Pairs with Predicate Contains
[LIBGPUSPATIAL] [ 22509][18:19:00:838425][info  ] Unique multi-polygons 27836, memory quota 70 MB, estimated BVH size 305 MB, n_batches 5
[LIBGPUSPATIAL] [ 22509][18:19:00:838978][info  ] PIP(Used 2035 MB), Batch 0
[LIBGPUSPATIAL] [ 22509][18:19:00:845604][info  ] PIP(Used 2040 MB), Batch 1
[LIBGPUSPATIAL] [ 22509][18:19:00:866381][info  ] PIP(Used 2020 MB), Batch 2
[LIBGPUSPATIAL] [ 22509][18:19:00:874051][info  ] PIP(Used 2039 MB), Batch 3
[LIBGPUSPATIAL] [ 22509][18:19:00:880242][info  ] PIP(Used 2041 MB), Batch 4
[LIBGPUSPATIAL] [ 22507][18:19:00:913953][info  ] RTSpatialIndex 0x78372c00a800 (Used 1980 MB), Allocate result buffer, memory consumption 12 MB, capacity 1645024
[LIBGPUSPATIAL] [ 22507][18:19:00:916708][info  ] RTSpatialIndex 0x78372c00a800 (Used 1992 MB), Probe Points, Size: 1333333, Results: 1645024
[LIBGPUSPATIAL] [ 22510][18:19:00:921005][info  ] RTSpatialIndex 0x78372c00a800 (Used 1992 MB), Allocate result buffer, memory consumption 12 MB, capacity 1649333
[LIBGPUSPATIAL] [ 22510][18:19:00:923899][info  ] RTSpatialIndex 0x78372c00a800 (Used 2011 MB), Probe Points, Size: 1333333, Results: 1649333
[LIBGPUSPATIAL] [ 22514][18:19:00:940108][info  ] RTSpatialIndex 0x78372c00a800 (Used 2034 MB), Allocate result buffer, memory consumption 12 MB, capacity 1648837
[LIBGPUSPATIAL] [ 22514][18:19:00:946738][info  ] RTSpatialIndex 0x78372c00a800 (Used 2063 MB), Probe Points, Size: 1333333, Results: 1648837
[LIBGPUSPATIAL] [ 22507][18:19:00:951803][info  ] RTSpatialRefiner 0x78372fd2a1b0 (Used 2060 MB), Loaded Geometries, ProbeArray 1333333, Loaded 838838, Type Point
[LIBGPUSPATIAL] [ 22507][18:19:00:952762][info  ] RTSpatialRefiner 0x78372fd2a1b0 (Used 2066 MB), Evaluating 1645024 Geometry Pairs with Predicate Contains
[LIBGPUSPATIAL] [ 22507][18:19:00:953507][info  ] Unique multi-polygons 27870, memory quota 70 MB, estimated BVH size 306 MB, n_batches 5
[LIBGPUSPATIAL] [ 22507][18:19:00:961531][info  ] PIP(Used 2090 MB), Batch 0
[LIBGPUSPATIAL] [ 22510][18:19:00:978749][info  ] RTSpatialRefiner 0x78372fd2a1b0 (Used 2170 MB), Loaded Geometries, ProbeArray 1333333, Loaded 840768, Type Point
[LIBGPUSPATIAL] [ 22510][18:19:00:979814][info  ] RTSpatialRefiner 0x78372fd2a1b0 (Used 2176 MB), Evaluating 1649333 Geometry Pairs with Predicate Contains
[LIBGPUSPATIAL] [ 22513][18:19:00:980645][info  ] RTSpatialIndex 0x78372c00a800 (Used 2176 MB), Allocate result buffer, memory consumption 12 MB, capacity 1645498
[LIBGPUSPATIAL] [ 22510][18:19:00:980655][info  ] Unique multi-polygons 27774, memory quota 70 MB, estimated BVH size 305 MB, n_batches 5
[LIBGPUSPATIAL] [ 22507][18:19:00:981525][info  ] PIP(Used 2204 MB), Batch 1
[LIBGPUSPATIAL] [ 22514][18:19:00:981587][info  ] RTSpatialRefiner 0x78372fd2a1b0 (Used 2204 MB), Loaded Geometries, ProbeArray 1333333, Loaded 841005, Type Point
[LIBGPUSPATIAL] [ 22514][18:19:00:983895][info  ] RTSpatialRefiner 0x78372fd2a1b0 (Used 2172 MB), Evaluating 1648837 Geometry Pairs with Predicate Contains
[LIBGPUSPATIAL] [ 22510][18:19:00:983927][info  ] PIP(Used 2183 MB), Batch 0
[LIBGPUSPATIAL] [ 22513][18:19:00:985554][info  ] RTSpatialIndex 0x78372c00a800 (Used 2121 MB), Probe Points, Size: 1333333, Results: 1645498
[LIBGPUSPATIAL] [ 22514][18:19:01:005658][info  ] Unique multi-polygons 27902, memory quota 70 MB, estimated BVH size 304 MB, n_batches 5
[LIBGPUSPATIAL] [ 22510][18:19:01:006602][info  ] PIP(Used 2182 MB), Batch 1
[LIBGPUSPATIAL] [ 22514][18:19:01:006610][info  ] PIP(Used 2182 MB), Batch 0
[LIBGPUSPATIAL] [ 22507][18:19:01:007301][info  ] PIP(Used 2175 MB), Batch 2
[LIBGPUSPATIAL] [ 22514][18:19:01:017644][info  ] PIP(Used 2145 MB), Batch 1
[LIBGPUSPATIAL] [ 22507][18:19:01:019139][info  ] PIP(Used 2161 MB), Batch 3
[LIBGPUSPATIAL] [ 22507][18:19:01:027812][info  ] PIP(Used 2163 MB), Batch 4
[LIBGPUSPATIAL] [ 22510][18:19:01:033414][info  ] PIP(Used 2099 MB), Batch 2
[LIBGPUSPATIAL] [ 22513][18:19:01:038836][info  ] RTSpatialRefiner 0x78372fd2a1b0 (Used 2092 MB), Loaded Geometries, ProbeArray 1333333, Loaded 839691, Type Point
[LIBGPUSPATIAL] [ 22513][18:19:01:039411][info  ] RTSpatialRefiner 0x78372fd2a1b0 (Used 2098 MB), Evaluating 1645498 Geometry Pairs with Predicate Contains
[LIBGPUSPATIAL] [ 22513][18:19:01:040362][info  ] Unique multi-polygons 27910, memory quota 70 MB, estimated BVH size 305 MB, n_batches 5
[LIBGPUSPATIAL] [ 22513][18:19:01:041780][info  ] PIP(Used 2155 MB), Batch 0
[LIBGPUSPATIAL] [ 22510][18:19:01:041788][info  ] PIP(Used 2155 MB), Batch 3
[LIBGPUSPATIAL] [ 22514][18:19:01:043556][info  ] PIP(Used 2106 MB), Batch 2
[LIBGPUSPATIAL] [ 22513][18:19:01:053068][info  ] PIP(Used 2126 MB), Batch 1
[LIBGPUSPATIAL] [ 22514][18:19:01:054756][info  ] PIP(Used 2126 MB), Batch 3
[LIBGPUSPATIAL] [ 22510][18:19:01:056627][info  ] PIP(Used 2127 MB), Batch 4
[LIBGPUSPATIAL] [ 22514][18:19:01:063432][info  ] PIP(Used 2126 MB), Batch 4
[LIBGPUSPATIAL] [ 22513][18:19:01:080389][info  ] PIP(Used 2020 MB), Batch 2
[LIBGPUSPATIAL] [ 22513][18:19:01:087805][info  ] PIP(Used 2039 MB), Batch 3
[LIBGPUSPATIAL] [ 22513][18:19:01:093864][info  ] PIP(Used 2040 MB), Batch 4
[LIBGPUSPATIAL] [ 22508][18:19:01:161489][info  ] RTSpatialIndex 0x78372c00a800 (Used 1980 MB), Allocate result buffer, memory consumption 12 MB, capacity 1649779
[LIBGPUSPATIAL] [ 22508][18:19:01:163731][info  ] RTSpatialIndex 0x78372c00a800 (Used 1992 MB), Probe Points, Size: 1333333, Results: 1649779
[LIBGPUSPATIAL] [ 22508][18:19:01:188809][info  ] RTSpatialRefiner 0x78372fd2a1b0 (Used 2005 MB), Loaded Geometries, ProbeArray 1333333, Loaded 840703, Type Point
[LIBGPUSPATIAL] [ 22508][18:19:01:189465][info  ] RTSpatialRefiner 0x78372fd2a1b0 (Used 2011 MB), Evaluating 1649779 Geometry Pairs with Predicate Contains
[LIBGPUSPATIAL] [ 22508][18:19:01:190204][info  ] Unique multi-polygons 27934, memory quota 70 MB, estimated BVH size 305 MB, n_batches 5
[LIBGPUSPATIAL] [ 22508][18:19:01:190764][info  ] PIP(Used 2035 MB), Batch 0
[LIBGPUSPATIAL] [ 22508][18:19:01:197363][info  ] PIP(Used 2040 MB), Batch 1
[LIBGPUSPATIAL] [ 22508][18:19:01:216795][info  ] PIP(Used 2020 MB), Batch 2
[LIBGPUSPATIAL] [ 22508][18:19:01:226109][info  ] PIP(Used 2060 MB), Batch 3
[LIBGPUSPATIAL] [ 22511][18:19:01:230730][info  ] RTSpatialIndex 0x78372c00a800 (Used 2023 MB), Allocate result buffer, memory consumption 12 MB, capacity 1647674
[LIBGPUSPATIAL] [ 22508][18:19:01:231511][info  ] PIP(Used 2063 MB), Batch 4
[LIBGPUSPATIAL] [ 22511][18:19:01:233487][info  ] RTSpatialIndex 0x78372c00a800 (Used 2034 MB), Probe Points, Size: 1333333, Results: 1647674
[LIBGPUSPATIAL] [ 22511][18:19:01:260254][info  ] RTSpatialRefiner 0x78372fd2a1b0 (Used 2005 MB), Loaded Geometries, ProbeArray 1333333, Loaded 840257, Type Point
[LIBGPUSPATIAL] [ 22511][18:19:01:260827][info  ] RTSpatialRefiner 0x78372fd2a1b0 (Used 2011 MB), Evaluating 1647674 Geometry Pairs with Predicate Contains
[LIBGPUSPATIAL] [ 22511][18:19:01:261580][info  ] Unique multi-polygons 27834, memory quota 70 MB, estimated BVH size 305 MB, n_batches 5
[LIBGPUSPATIAL] [ 22511][18:19:01:262099][info  ] PIP(Used 2035 MB), Batch 0
[LIBGPUSPATIAL] [ 22511][18:19:01:268501][info  ] PIP(Used 2040 MB), Batch 1
[LIBGPUSPATIAL] [ 22511][18:19:01:289437][info  ] PIP(Used 2020 MB), Batch 2
[LIBGPUSPATIAL] [ 22511][18:19:01:297344][info  ] PIP(Used 2040 MB), Batch 3
[LIBGPUSPATIAL] [ 22511][18:19:01:303484][info  ] PIP(Used 2041 MB), Batch 4
[LIBGPUSPATIAL] [ 22510][18:19:01:385148][info  ] RTSpatialIndex 0x78372c00a800 (Used 1980 MB), Allocate result buffer, memory consumption 12 MB, capacity 1644920
[LIBGPUSPATIAL] [ 22510][18:19:01:387647][info  ] RTSpatialIndex 0x78372c00a800 (Used 1992 MB), Probe Points, Size: 1333333, Results: 1644920
[LIBGPUSPATIAL] [ 22510][18:19:01:408678][info  ] RTSpatialRefiner 0x78372fd2a1b0 (Used 2005 MB), Loaded Geometries, ProbeArray 1333333, Loaded 838831, Type Point
[LIBGPUSPATIAL] [ 22510][18:19:01:409259][info  ] RTSpatialRefiner 0x78372fd2a1b0 (Used 2011 MB), Evaluating 1644920 Geometry Pairs with Predicate Contains
[LIBGPUSPATIAL] [ 22510][18:19:01:409970][info  ] Unique multi-polygons 28010, memory quota 70 MB, estimated BVH size 304 MB, n_batches 5
[LIBGPUSPATIAL] [ 22510][18:19:01:410487][info  ] PIP(Used 2035 MB), Batch 0
[LIBGPUSPATIAL] [ 22510][18:19:01:416598][info  ] PIP(Used 2039 MB), Batch 1
[LIBGPUSPATIAL] [ 22510][18:19:01:439563][info  ] PIP(Used 2020 MB), Batch 2
[LIBGPUSPATIAL] [ 22510][18:19:01:447267][info  ] PIP(Used 2040 MB), Batch 3
[LIBGPUSPATIAL] [ 22510][18:19:01:453124][info  ] PIP(Used 2040 MB), Batch 4
[LIBGPUSPATIAL] [ 22513][18:19:01:469563][info  ] RTSpatialIndex 0x78372c00a800 (Used 1980 MB), Allocate result buffer, memory consumption 12 MB, capacity 1645320
[LIBGPUSPATIAL] [ 22513][18:19:01:472604][info  ] RTSpatialIndex 0x78372c00a800 (Used 2012 MB), Probe Points, Size: 1333333, Results: 1645320
[LIBGPUSPATIAL] [ 22514][18:19:01:473557][info  ] RTSpatialIndex 0x78372c00a800 (Used 1980 MB), Allocate result buffer, memory consumption 12 MB, capacity 1648825
[LIBGPUSPATIAL] [ 22514][18:19:01:476001][info  ] RTSpatialIndex 0x78372c00a800 (Used 1992 MB), Probe Points, Size: 1333333, Results: 1648825
[LIBGPUSPATIAL] [ 22513][18:19:01:498912][info  ] RTSpatialRefiner 0x78372fd2a1b0 (Used 2041 MB), Loaded Geometries, ProbeArray 1333333, Loaded 839240, Type Point
[LIBGPUSPATIAL] [ 22513][18:19:01:499477][info  ] RTSpatialRefiner 0x78372fd2a1b0 (Used 2047 MB), Evaluating 1645320 Geometry Pairs with Predicate Contains
[LIBGPUSPATIAL] [ 22513][18:19:01:500271][info  ] Unique multi-polygons 27848, memory quota 70 MB, estimated BVH size 303 MB, n_batches 5
[LIBGPUSPATIAL] [ 22513][18:19:01:500770][info  ] PIP(Used 2071 MB), Batch 0
[LIBGPUSPATIAL] [ 22514][18:19:01:502110][info  ] RTSpatialRefiner 0x78372fd2a1b0 (Used 2048 MB), Loaded Geometries, ProbeArray 1333333, Loaded 840818, Type Point
[LIBGPUSPATIAL] [ 22514][18:19:01:502664][info  ] RTSpatialRefiner 0x78372fd2a1b0 (Used 2055 MB), Evaluating 1648825 Geometry Pairs with Predicate Contains
[LIBGPUSPATIAL] [ 22514][18:19:01:504813][info  ] Unique multi-polygons 27734, memory quota 70 MB, estimated BVH size 304 MB, n_batches 5
[LIBGPUSPATIAL] [ 22514][18:19:01:505301][info  ] PIP(Used 2078 MB), Batch 0
[LIBGPUSPATIAL] [ 22513][18:19:01:509081][info  ] PIP(Used 2083 MB), Batch 1
[LIBGPUSPATIAL] [ 22514][18:19:01:513256][info  ] PIP(Used 2082 MB), Batch 1
[LIBGPUSPATIAL] [ 22513][18:19:01:530013][info  ] PIP(Used 2063 MB), Batch 2
[LIBGPUSPATIAL] [ 22514][18:19:01:536754][info  ] PIP(Used 2063 MB), Batch 2
[LIBGPUSPATIAL] [ 22513][18:19:01:537485][info  ] PIP(Used 2082 MB), Batch 3
[LIBGPUSPATIAL] [ 22514][18:19:01:546418][info  ] PIP(Used 2083 MB), Batch 3
[LIBGPUSPATIAL] [ 22513][18:19:01:550187][info  ] PIP(Used 2083 MB), Batch 4
[LIBGPUSPATIAL] [ 22514][18:19:01:553780][info  ] PIP(Used 2083 MB), Batch 4
[LIBGPUSPATIAL] [ 22514][18:19:01:797007][info  ] Create RTSpatialIndex 0x78372c00a800, fast_build = 0, compact = 0, concurrency = 8
[LIBGPUSPATIAL] [ 22514][18:19:01:797314][info  ] Create RTSpatialRefiner 0x78372fd2a1b0, fast_build = 0, compact = 0, parsing_threads = 8, concurrency = 8, pipeline_batches = 1, wkb_parser_memory_quota = 0.80, relate_engine_memory_quota = 0.03
[LIBGPUSPATIAL] [ 22514][18:19:02:943686][info  ] RTSpatialRefiner 0x78372fd2a1b0 (Used 623 MB), FinishBuilding Refiner, Total geoms: 31140888
[LIBGPUSPATIAL] [ 22514][18:19:02:943730][info  ] RTSpatialIndex 0x78372c00a800 (Used 623 MB), PushBuild, Rectangles 31140888
[LIBGPUSPATIAL] [ 22514][18:19:03:001311][info  ] RTSpatialIndex 0x78372c00a800 (Used 1698 MB), FinishBuilding Index on Points, Total geoms: 31140888
[LIBGPUSPATIAL] [ 22510][18:19:03:179833][info  ] RTSpatialIndex 0x78372c00a800 (Used 1612 MB), Allocate result buffer, memory consumption 30 MB, capacity 4037327
[LIBGPUSPATIAL] [ 22508][18:19:03:181637][info  ] RTSpatialIndex 0x78372c00a800 (Used 1643 MB), Allocate result buffer, memory consumption 31 MB, capacity 4163912
[LIBGPUSPATIAL] [ 22514][18:19:03:185894][info  ] RTSpatialIndex 0x78372c00a800 (Used 1676 MB), Allocate result buffer, memory consumption 34 MB, capacity 4457108
[LIBGPUSPATIAL] [ 22512][18:19:03:189939][info  ] RTSpatialIndex 0x78372c00a800 (Used 1712 MB), Allocate result buffer, memory consumption 23 MB, capacity 3035989
[LIBGPUSPATIAL] [ 22511][18:19:03:197909][info  ] RTSpatialIndex 0x78372c00a800 (Used 1737 MB), Allocate result buffer, memory consumption 49 MB, capacity 6462532
[LIBGPUSPATIAL] [ 22513][18:19:03:200971][info  ] RTSpatialIndex 0x78372c00a800 (Used 1786 MB), Allocate result buffer, memory consumption 14 MB, capacity 1900022
[LIBGPUSPATIAL] [ 22510][18:19:03:203776][info  ] RTSpatialIndex 0x78372c00a800 (Used 1793 MB), Probe Rectangles, Size: 27195, Results: 4037327
[LIBGPUSPATIAL] [ 22508][18:19:03:208574][info  ] RTSpatialIndex 0x78372c00a800 (Used 1778 MB), Probe Rectangles, Size: 27195, Results: 4163912
[LIBGPUSPATIAL] [ 22514][18:19:03:212963][info  ] RTSpatialIndex 0x78372c00a800 (Used 1738 MB), Probe Rectangles, Size: 27195, Results: 4457108
[LIBGPUSPATIAL] [ 22512][18:19:03:214083][info  ] RTSpatialIndex 0x78372c00a800 (Used 1737 MB), Probe Rectangles, Size: 27195, Results: 3035989
[LIBGPUSPATIAL] [ 22509][18:19:03:216671][info  ] RTSpatialIndex 0x78372c00a800 (Used 1737 MB), Allocate result buffer, memory consumption 22 MB, capacity 2951453
[LIBGPUSPATIAL] [ 22513][18:19:03:217665][info  ] RTSpatialIndex 0x78372c00a800 (Used 1737 MB), Probe Rectangles, Size: 27195, Results: 1900022
[LIBGPUSPATIAL] [ 22507][18:19:03:219516][info  ] RTSpatialIndex 0x78372c00a800 (Used 1703 MB), Allocate result buffer, memory consumption 20 MB, capacity 2733975
[LIBGPUSPATIAL] [ 22511][18:19:03:248799][info  ] RTSpatialIndex 0x78372c00a800 (Used 2345 MB), Probe Rectangles, Size: 27195, Results: 6462532
[LIBGPUSPATIAL] [ 22509][18:19:03:252981][info  ] RTSpatialIndex 0x78372c00a800 (Used 2345 MB), Probe Rectangles, Size: 27195, Results: 2951453
[LIBGPUSPATIAL] [ 22507][18:19:03:259413][info  ] RTSpatialIndex 0x78372c00a800 (Used 2295 MB), Probe Rectangles, Size: 27195, Results: 2733975
[LIBGPUSPATIAL] [ 22510][18:19:03:293692][info  ] RTSpatialRefiner 0x78372fd2a1b0 (Used 2317 MB), Loaded Geometries, ProbeArray 27195, Loaded 5706, Type MultiPolygon
[LIBGPUSPATIAL] [ 22508][18:19:03:293711][info  ] RTSpatialRefiner 0x78372fd2a1b0 (Used 2317 MB), Loaded Geometries, ProbeArray 27195, Loaded 5820, Type MultiPolygon
[LIBGPUSPATIAL] [ 22513][18:19:03:293716][info  ] RTSpatialRefiner 0x78372fd2a1b0 (Used 2317 MB), Loaded Geometries, ProbeArray 27195, Loaded 5825, Type MultiPolygon
[LIBGPUSPATIAL] [ 22510][18:19:03:304715][info  ] RTSpatialRefiner 0x78372fd2a1b0 (Used 2601 MB), Evaluating 4037327 Geometry Pairs with Predicate Within
[LIBGPUSPATIAL] [ 22510][18:19:03:305682][info  ] Unique multi-polygons 5706, memory quota 68 MB, estimated BVH size 27 MB, n_batches 1
[LIBGPUSPATIAL] [ 22513][18:19:03:306996][info  ] RTSpatialRefiner 0x78372fd2a1b0 (Used 2732 MB), Evaluating 1900022 Geometry Pairs with Predicate Within
[LIBGPUSPATIAL] [ 22513][18:19:03:307573][info  ] Unique multi-polygons 5825, memory quota 68 MB, estimated BVH size 29 MB, n_batches 1
[LIBGPUSPATIAL] [ 22508][18:19:03:315310][info  ] RTSpatialRefiner 0x78372fd2a1b0 (Used 2770 MB), Evaluating 4163912 Geometry Pairs with Predicate Within
[LIBGPUSPATIAL] [ 22508][18:19:03:316077][info  ] Unique multi-polygons 5820, memory quota 67 MB, estimated BVH size 26 MB, n_batches 1
[LIBGPUSPATIAL] [ 22512][18:19:03:334029][info  ] RTSpatialRefiner 0x78372fd2a1b0 (Used 2813 MB), Loaded Geometries, ProbeArray 27195, Loaded 5737, Type MultiPolygon
[LIBGPUSPATIAL] [ 22514][18:19:03:337057][info  ] RTSpatialRefiner 0x78372fd2a1b0 (Used 2825 MB), Loaded Geometries, ProbeArray 27195, Loaded 5779, Type MultiPolygon
[LIBGPUSPATIAL] [ 22512][18:19:03:337810][info  ] RTSpatialRefiner 0x78372fd2a1b0 (Used 2842 MB), Evaluating 3035989 Geometry Pairs with Predicate Within
[LIBGPUSPATIAL] [ 22512][18:19:03:338441][info  ] Unique multi-polygons 5737, memory quota 67 MB, estimated BVH size 28 MB, n_batches 1
[LIBGPUSPATIAL] [ 22507][18:19:03:339737][info  ] RTSpatialRefiner 0x78372fd2a1b0 (Used 2882 MB), Loaded Geometries, ProbeArray 27195, Loaded 5816, Type MultiPolygon
[LIBGPUSPATIAL] [ 22514][18:19:03:341812][info  ] RTSpatialRefiner 0x78372fd2a1b0 (Used 2893 MB), Evaluating 4457108 Geometry Pairs with Predicate Within
[LIBGPUSPATIAL] [ 22514][18:19:03:342480][info  ] Unique multi-polygons 5779, memory quota 67 MB, estimated BVH size 26 MB, n_batches 1
[LIBGPUSPATIAL] [ 22507][18:19:03:343576][info  ] RTSpatialRefiner 0x78372fd2a1b0 (Used 2937 MB), Evaluating 2733975 Geometry Pairs with Predicate Within
[LIBGPUSPATIAL] [ 22507][18:19:03:344277][info  ] Unique multi-polygons 5816, memory quota 67 MB, estimated BVH size 27 MB, n_batches 1
[LIBGPUSPATIAL] [ 22510][18:19:03:349032][info  ] PIP(Used 2958 MB), Batch 0
[LIBGPUSPATIAL] [ 22513][18:19:03:349948][info  ] PIP(Used 2938 MB), Batch 0
[LIBGPUSPATIAL] [ 22508][18:19:03:350008][info  ] PIP(Used 2921 MB), Batch 0
[LIBGPUSPATIAL] [ 22512][18:19:03:350063][info  ] PIP(Used 2902 MB), Batch 0
[LIBGPUSPATIAL] [ 22514][18:19:03:350156][info  ] PIP(Used 2863 MB), Batch 0
[LIBGPUSPATIAL] [ 22507][18:19:03:350505][info  ] PIP(Used 2767 MB), Batch 0
[LIBGPUSPATIAL] [ 22509][18:19:03:363902][info  ] RTSpatialRefiner 0x78372fd2a1b0 (Used 2728 MB), Loaded Geometries, ProbeArray 27195, Loaded 5871, Type MultiPolygon
[LIBGPUSPATIAL] [ 22511][18:19:03:363911][info  ] RTSpatialRefiner 0x78372fd2a1b0 (Used 2728 MB), Loaded Geometries, ProbeArray 27195, Loaded 5789, Type MultiPolygon
[LIBGPUSPATIAL] [ 22509][18:19:03:427855][info  ] RTSpatialRefiner 0x78372fd2a1b0 (Used 2764 MB), Evaluating 2951453 Geometry Pairs with Predicate Within
[LIBGPUSPATIAL] [ 22509][18:19:03:428477][info  ] Unique multi-polygons 5871, memory quota 68 MB, estimated BVH size 27 MB, n_batches 1
[LIBGPUSPATIAL] [ 22511][18:19:03:430267][info  ] RTSpatialRefiner 0x78372fd2a1b0 (Used 2668 MB), Evaluating 6462532 Geometry Pairs with Predicate Within
[LIBGPUSPATIAL] [ 22511][18:19:03:432310][info  ] Unique multi-polygons 5789, memory quota 68 MB, estimated BVH size 27 MB, n_batches 1
[LIBGPUSPATIAL] [ 22509][18:19:03:435210][info  ] PIP(Used 2003 MB), Batch 0
[LIBGPUSPATIAL] [ 22511][18:19:03:435271][info  ] PIP(Used 1985 MB), Batch 0
[LIBGPUSPATIAL] [ 22513][18:19:03:890401][info  ] RTSpatialIndex 0x78372c00a800 (Used 1610 MB), Allocate result buffer, memory consumption 20 MB, capacity 2720871
[LIBGPUSPATIAL] [ 22513][18:19:03:902075][info  ] RTSpatialIndex 0x78372c00a800 (Used 1631 MB), Probe Rectangles, Size: 27195, Results: 2720871
[LIBGPUSPATIAL] [ 22513][18:19:03:936716][info  ] RTSpatialRefiner 0x78372fd2a1b0 (Used 1730 MB), Loaded Geometries, ProbeArray 27195, Loaded 5770, Type MultiPolygon
[LIBGPUSPATIAL] [ 22513][18:19:03:938103][info  ] RTSpatialRefiner 0x78372fd2a1b0 (Used 1741 MB), Evaluating 2720871 Geometry Pairs with Predicate Within
[LIBGPUSPATIAL] [ 22513][18:19:03:938859][info  ] Unique multi-polygons 5770, memory quota 71 MB, estimated BVH size 28 MB, n_batches 1
[LIBGPUSPATIAL] [ 22513][18:19:03:939471][info  ] PIP(Used 1761 MB), Batch 0
[LIBGPUSPATIAL] [ 22510][18:19:04:012583][info  ] RTSpatialIndex 0x78372c00a800 (Used 1610 MB), Allocate result buffer, memory consumption 22 MB, capacity 2934184
[LIBGPUSPATIAL] [ 22510][18:19:04:025456][info  ] RTSpatialIndex 0x78372c00a800 (Used 1632 MB), Probe Rectangles, Size: 27195, Results: 2934184
[LIBGPUSPATIAL] [ 22510][18:19:04:054479][info  ] RTSpatialRefiner 0x78372fd2a1b0 (Used 1726 MB), Loaded Geometries, ProbeArray 27195, Loaded 5742, Type MultiPolygon
[LIBGPUSPATIAL] [ 22510][18:19:04:055569][info  ] RTSpatialRefiner 0x78372fd2a1b0 (Used 1738 MB), Evaluating 2934184 Geometry Pairs with Predicate Within
[LIBGPUSPATIAL] [ 22510][18:19:04:056160][info  ] Unique multi-polygons 5742, memory quota 71 MB, estimated BVH size 26 MB, n_batches 1
[LIBGPUSPATIAL] [ 22510][18:19:04:056610][info  ] PIP(Used 1759 MB), Batch 0
[LIBGPUSPATIAL] [ 22512][18:19:04:069794][info  ] RTSpatialIndex 0x78372c00a800 (Used 1740 MB), Allocate result buffer, memory consumption 25 MB, capacity 3380882
[LIBGPUSPATIAL] [ 22509][18:19:04:072249][info  ] RTSpatialIndex 0x78372c00a800 (Used 1753 MB), Allocate result buffer, memory consumption 90 MB, capacity 11889359
[LIBGPUSPATIAL] [ 22512][18:19:04:087786][info  ] RTSpatialIndex 0x78372c00a800 (Used 1728 MB), Probe Rectangles, Size: 27195, Results: 3380882
[LIBGPUSPATIAL] [ 22512][18:19:04:132188][info  ] RTSpatialRefiner 0x78372fd2a1b0 (Used 1830 MB), Loaded Geometries, ProbeArray 27195, Loaded 5670, Type MultiPolygon
[LIBGPUSPATIAL] [ 22512][18:19:04:133490][info  ] RTSpatialRefiner 0x78372fd2a1b0 (Used 1843 MB), Evaluating 3380882 Geometry Pairs with Predicate Within
[LIBGPUSPATIAL] [ 22512][18:19:04:134323][info  ] Unique multi-polygons 5670, memory quota 71 MB, estimated BVH size 28 MB, n_batches 1
[LIBGPUSPATIAL] [ 22509][18:19:04:134673][info  ] RTSpatialIndex 0x78372c00a800 (Used 1856 MB), Probe Rectangles, Size: 27195, Results: 11889359
[LIBGPUSPATIAL] [ 22512][18:19:04:134942][info  ] PIP(Used 1775 MB), Batch 0
[LIBGPUSPATIAL] [ 22507][18:19:04:150340][info  ] RTSpatialIndex 0x78372c00a800 (Used 1763 MB), Allocate result buffer, memory consumption 28 MB, capacity 3707555
[LIBGPUSPATIAL] [ 22507][18:19:04:161886][info  ] RTSpatialIndex 0x78372c00a800 (Used 1861 MB), Probe Rectangles, Size: 27195, Results: 3707555
[LIBGPUSPATIAL] [ 22509][18:19:04:190530][info  ] RTSpatialRefiner 0x78372fd2a1b0 (Used 1958 MB), Loaded Geometries, ProbeArray 27195, Loaded 5663, Type MultiPolygon
[LIBGPUSPATIAL] [ 22509][18:19:04:195056][info  ] RTSpatialRefiner 0x78372fd2a1b0 (Used 2003 MB), Evaluating 11889359 Geometry Pairs with Predicate Within
[LIBGPUSPATIAL] [ 22507][18:19:04:199007][info  ] RTSpatialRefiner 0x78372fd2a1b0 (Used 2048 MB), Loaded Geometries, ProbeArray 27195, Loaded 5702, Type MultiPolygon
[LIBGPUSPATIAL] [ 22509][18:19:04:200146][info  ] Unique multi-polygons 5663, memory quota 70 MB, estimated BVH size 27 MB, n_batches 1
[LIBGPUSPATIAL] [ 22507][18:19:04:200748][info  ] RTSpatialRefiner 0x78372fd2a1b0 (Used 2091 MB), Evaluating 3707555 Geometry Pairs with Predicate Within
[LIBGPUSPATIAL] [ 22509][18:19:04:200968][info  ] PIP(Used 2101 MB), Batch 0
[LIBGPUSPATIAL] [ 22507][18:19:04:201498][info  ] Unique multi-polygons 5702, memory quota 70 MB, estimated BVH size 26 MB, n_batches 1
[LIBGPUSPATIAL] [ 22507][18:19:04:202207][info  ] PIP(Used 2041 MB), Batch 0
[LIBGPUSPATIAL] [ 22514][18:19:04:404268][info  ] RTSpatialIndex 0x78372c00a800 (Used 1610 MB), Allocate result buffer, memory consumption 24 MB, capacity 3221977
[LIBGPUSPATIAL] [ 22513][18:19:04:406086][info  ] RTSpatialIndex 0x78372c00a800 (Used 1622 MB), Allocate result buffer, memory consumption 6 MB, capacity 814503
[LIBGPUSPATIAL] [ 22513][18:19:04:411771][info  ] RTSpatialIndex 0x78372c00a800 (Used 1641 MB), Probe Rectangles, Size: 2449, Results: 814503
[LIBGPUSPATIAL] [ 22513][18:19:04:419836][info  ] RTSpatialRefiner 0x78372fd2a1b0 (Used 1654 MB), Loaded Geometries, ProbeArray 2449, Loaded 540, Type MultiPolygon
[LIBGPUSPATIAL] [ 22513][18:19:04:420255][info  ] RTSpatialRefiner 0x78372fd2a1b0 (Used 1657 MB), Evaluating 814503 Geometry Pairs with Predicate Within
[LIBGPUSPATIAL] [ 22513][18:19:04:420710][info  ] Unique multi-polygons 540, memory quota 72 MB, estimated BVH size 3 MB, n_batches 1
[LIBGPUSPATIAL] [ 22514][18:19:04:420781][info  ] RTSpatialIndex 0x78372c00a800 (Used 1660 MB), Probe Rectangles, Size: 27195, Results: 3221977
[LIBGPUSPATIAL] [ 22513][18:19:04:421095][info  ] PIP(Used 1636 MB), Batch 0
[LIBGPUSPATIAL] [ 22514][18:19:04:461809][info  ] RTSpatialRefiner 0x78372fd2a1b0 (Used 1735 MB), Loaded Geometries, ProbeArray 27195, Loaded 5853, Type MultiPolygon
[LIBGPUSPATIAL] [ 22514][18:19:04:462887][info  ] RTSpatialRefiner 0x78372fd2a1b0 (Used 1748 MB), Evaluating 3221977 Geometry Pairs with Predicate Within
[LIBGPUSPATIAL] [ 22514][18:19:04:463660][info  ] Unique multi-polygons 5853, memory quota 71 MB, estimated BVH size 28 MB, n_batches 1
[LIBGPUSPATIAL] [ 22514][18:19:04:464259][info  ] PIP(Used 1770 MB), Batch 0
[LIBGPUSPATIAL] [ 22512][18:19:04:664126][info  ] RTSpatialIndex 0x78372c00a800 (Used 1609 MB), Allocate result buffer, memory consumption 0 MB, capacity 72722
[LIBGPUSPATIAL] [ 22512][18:19:04:665728][info  ] RTSpatialIndex 0x78372c00a800 (Used 1609 MB), Probe Rectangles, Size: 2448, Results: 72722
[LIBGPUSPATIAL] [ 22510][18:19:04:669194][info  ] RTSpatialIndex 0x78372c00a800 (Used 1616 MB), Allocate result buffer, memory consumption 0 MB, capacity 86567
[LIBGPUSPATIAL] [ 22510][18:19:04:671980][info  ] RTSpatialIndex 0x78372c00a800 (Used 1616 MB), Probe Rectangles, Size: 2448, Results: 86567
[LIBGPUSPATIAL] [ 22512][18:19:04:672148][info  ] RTSpatialRefiner 0x78372fd2a1b0 (Used 1616 MB), Loaded Geometries, ProbeArray 2448, Loaded 527, Type MultiPolygon
[LIBGPUSPATIAL] [ 22512][18:19:04:672217][info  ] RTSpatialRefiner 0x78372fd2a1b0 (Used 1616 MB), Evaluating 72722 Geometry Pairs with Predicate Within
[LIBGPUSPATIAL] [ 22512][18:19:04:672438][info  ] Unique multi-polygons 527, memory quota 72 MB, estimated BVH size 2 MB, n_batches 1
[LIBGPUSPATIAL] [ 22512][18:19:04:672745][info  ] PIP(Used 1629 MB), Batch 0
[LIBGPUSPATIAL] [ 22510][18:19:04:675578][info  ] RTSpatialRefiner 0x78372fd2a1b0 (Used 1620 MB), Loaded Geometries, ProbeArray 2448, Loaded 510, Type MultiPolygon
[LIBGPUSPATIAL] [ 22510][18:19:04:675656][info  ] RTSpatialRefiner 0x78372fd2a1b0 (Used 1621 MB), Evaluating 86567 Geometry Pairs with Predicate Within
[LIBGPUSPATIAL] [ 22510][18:19:04:675895][info  ] Unique multi-polygons 510, memory quota 72 MB, estimated BVH size 3 MB, n_batches 1
[LIBGPUSPATIAL] [ 22510][18:19:04:676172][info  ] PIP(Used 1622 MB), Batch 0
[LIBGPUSPATIAL] [ 22508][18:19:04:684474][info  ] RTSpatialIndex 0x78372c00a800 (Used 1610 MB), Allocate result buffer, memory consumption 28 MB, capacity 3723830
[LIBGPUSPATIAL] [ 22508][18:19:04:700234][info  ] RTSpatialIndex 0x78372c00a800 (Used 1638 MB), Probe Rectangles, Size: 27195, Results: 3723830
[LIBGPUSPATIAL] [ 22508][18:19:04:726420][info  ] RTSpatialRefiner 0x78372fd2a1b0 (Used 1741 MB), Loaded Geometries, ProbeArray 27195, Loaded 5834, Type MultiPolygon
[LIBGPUSPATIAL] [ 22508][18:19:04:727694][info  ] RTSpatialRefiner 0x78372fd2a1b0 (Used 1755 MB), Evaluating 3723830 Geometry Pairs with Predicate Within
[LIBGPUSPATIAL] [ 22508][18:19:04:728364][info  ] Unique multi-polygons 5834, memory quota 71 MB, estimated BVH size 28 MB, n_batches 1
[LIBGPUSPATIAL] [ 22508][18:19:04:728770][info  ] PIP(Used 1779 MB), Batch 0
[LIBGPUSPATIAL] [ 22511][18:19:04:865521][info  ] RTSpatialIndex 0x78372c00a800 (Used 1610 MB), Allocate result buffer, memory consumption 27 MB, capacity 3593158
[LIBGPUSPATIAL] [ 22511][18:19:04:877815][info  ] RTSpatialIndex 0x78372c00a800 (Used 1637 MB), Probe Rectangles, Size: 27195, Results: 3593158
[LIBGPUSPATIAL] [ 22511][18:19:04:904787][info  ] RTSpatialRefiner 0x78372fd2a1b0 (Used 1743 MB), Loaded Geometries, ProbeArray 27195, Loaded 5700, Type MultiPolygon
[LIBGPUSPATIAL] [ 22511][18:19:04:905974][info  ] RTSpatialRefiner 0x78372fd2a1b0 (Used 1757 MB), Evaluating 3593158 Geometry Pairs with Predicate Within
[LIBGPUSPATIAL] [ 22511][18:19:04:906612][info  ] Unique multi-polygons 5700, memory quota 71 MB, estimated BVH size 29 MB, n_batches 1
[LIBGPUSPATIAL] [ 22511][18:19:04:907052][info  ] PIP(Used 1782 MB), Batch 0
[LIBGPUSPATIAL] [ 22507][18:19:05:138860][info  ] RTSpatialIndex 0x78372c00a800 (Used 1609 MB), Allocate result buffer, memory consumption 0 MB, capacity 77342
[LIBGPUSPATIAL] [ 22507][18:19:05:140568][info  ] RTSpatialIndex 0x78372c00a800 (Used 1609 MB), Probe Rectangles, Size: 2449, Results: 77342
[LIBGPUSPATIAL] [ 22507][18:19:05:142859][info  ] RTSpatialRefiner 0x78372fd2a1b0 (Used 1617 MB), Loaded Geometries, ProbeArray 2449, Loaded 512, Type MultiPolygon
[LIBGPUSPATIAL] [ 22507][18:19:05:142929][info  ] RTSpatialRefiner 0x78372fd2a1b0 (Used 1617 MB), Evaluating 77342 Geometry Pairs with Predicate Within
[LIBGPUSPATIAL] [ 22507][18:19:05:143142][info  ] Unique multi-polygons 512, memory quota 72 MB, estimated BVH size 2 MB, n_batches 1
[LIBGPUSPATIAL] [ 22507][18:19:05:143409][info  ] PIP(Used 1618 MB), Batch 0
[LIBGPUSPATIAL] [ 22514][18:19:05:287227][info  ] RTSpatialIndex 0x78372c00a800 (Used 1609 MB), Allocate result buffer, memory consumption 0 MB, capacity 114178
[LIBGPUSPATIAL] [ 22514][18:19:05:289030][info  ] RTSpatialIndex 0x78372c00a800 (Used 1609 MB), Probe Rectangles, Size: 2449, Results: 114178
[LIBGPUSPATIAL] [ 22514][18:19:05:291088][info  ] RTSpatialRefiner 0x78372fd2a1b0 (Used 1618 MB), Loaded Geometries, ProbeArray 2449, Loaded 543, Type MultiPolygon
[LIBGPUSPATIAL] [ 22514][18:19:05:291170][info  ] RTSpatialRefiner 0x78372fd2a1b0 (Used 1618 MB), Evaluating 114178 Geometry Pairs with Predicate Within
[LIBGPUSPATIAL] [ 22514][18:19:05:291416][info  ] Unique multi-polygons 543, memory quota 72 MB, estimated BVH size 2 MB, n_batches 1
[LIBGPUSPATIAL] [ 22514][18:19:05:291699][info  ] PIP(Used 1619 MB), Batch 0
[LIBGPUSPATIAL] [ 22508][18:19:05:432715][info  ] RTSpatialIndex 0x78372c00a800 (Used 1609 MB), Allocate result buffer, memory consumption 1 MB, capacity 242572
[LIBGPUSPATIAL] [ 22508][18:19:05:434685][info  ] RTSpatialIndex 0x78372c00a800 (Used 1610 MB), Probe Rectangles, Size: 2449, Results: 242572
[LIBGPUSPATIAL] [ 22508][18:19:05:437294][info  ] RTSpatialRefiner 0x78372fd2a1b0 (Used 1621 MB), Loaded Geometries, ProbeArray 2449, Loaded 529, Type MultiPolygon
[LIBGPUSPATIAL] [ 22508][18:19:05:437393][info  ] RTSpatialRefiner 0x78372fd2a1b0 (Used 1622 MB), Evaluating 242572 Geometry Pairs with Predicate Within
[LIBGPUSPATIAL] [ 22508][18:19:05:437804][info  ] Unique multi-polygons 529, memory quota 72 MB, estimated BVH size 3 MB, n_batches 1
[LIBGPUSPATIAL] [ 22508][18:19:05:438242][info  ] PIP(Used 1625 MB), Batch 0
[LIBGPUSPATIAL] [ 22511][18:19:05:468437][info  ] RTSpatialIndex 0x78372c00a800 (Used 1609 MB), Allocate result buffer, memory consumption 0 MB, capacity 62652
[LIBGPUSPATIAL] [ 22511][18:19:05:470019][info  ] RTSpatialIndex 0x78372c00a800 (Used 1609 MB), Probe Rectangles, Size: 2449, Results: 62652
[LIBGPUSPATIAL] [ 22511][18:19:05:471804][info  ] RTSpatialRefiner 0x78372fd2a1b0 (Used 1616 MB), Loaded Geometries, ProbeArray 2449, Loaded 507, Type MultiPolygon
[LIBGPUSPATIAL] [ 22511][18:19:05:471881][info  ] RTSpatialRefiner 0x78372fd2a1b0 (Used 1617 MB), Evaluating 62652 Geometry Pairs with Predicate Within
[LIBGPUSPATIAL] [ 22511][18:19:05:472091][info  ] Unique multi-polygons 507, memory quota 72 MB, estimated BVH size 2 MB, n_batches 1
[LIBGPUSPATIAL] [ 22511][18:19:05:472338][info  ] PIP(Used 1618 MB), Batch 0
[LIBGPUSPATIAL] [ 22509][18:19:05:745775][info  ] RTSpatialIndex 0x78372c00a800 (Used 1609 MB), Allocate result buffer, memory consumption 0 MB, capacity 109608
[LIBGPUSPATIAL] [ 22509][18:19:05:747808][info  ] RTSpatialIndex 0x78372c00a800 (Used 1609 MB), Probe Rectangles, Size: 2449, Results: 109608
[LIBGPUSPATIAL] [ 22509][18:19:05:749825][info  ] RTSpatialRefiner 0x78372fd2a1b0 (Used 1617 MB), Loaded Geometries, ProbeArray 2449, Loaded 487, Type MultiPolygon
[LIBGPUSPATIAL] [ 22509][18:19:05:749925][info  ] RTSpatialRefiner 0x78372fd2a1b0 (Used 1617 MB), Evaluating 109608 Geometry Pairs with Predicate Within
[LIBGPUSPATIAL] [ 22509][18:19:05:750258][info  ] Unique multi-polygons 487, memory quota 72 MB, estimated BVH size 2 MB, n_batches 1
[LIBGPUSPATIAL] [ 22509][18:19:05:750650][info  ] PIP(Used 1619 MB), Batch 0
9.78s (1 rows)

================================================================================
BENCHMARK SUMMARY
================================================================================
Query     sedonadb_gpu   
-------------------------
q11       9.78s          
-------------------------
Total     9.78s         

Results saved to results_mem_SF_10/sedonadb_gpu_q11_results.json
