Data paths:
  building: benchmark-data-sf10/building
  customer: benchmark-data-sf10/customer
  driver: benchmark-data-sf10/driver
  trip: benchmark-data-sf10/trip
  vehicle: benchmark-data-sf10/vehicle
  zone: benchmark-data-sf10/zone

============================================================
Running Sedonadb Gpu Benchmark
============================================================
Sedonadb Gpu version: 0.3.0
  Running q9... [LIBGPUSPATIAL] [ 11008][17:58:38:552829][info  ] Initializing GpuSpatialRuntime on device 0, PTX root /mnt/data/sedona-db/target/release/build/sedona-libgpuspatial-49614f8a870dbe66/out/share/gpuspatial/shaders
[LIBGPUSPATIAL] [ 11008][17:58:38:727958][info  ] Init Memory Manager
[LIBGPUSPATIAL] [ 11008][17:58:38:728146][info  ] Creating RMM pool memory resource with size 22511 MB
[LIBGPUSPATIAL] [ 11008][17:58:38:773198][info  ] Initialize RTEngine
[LIBGPUSPATIAL] [ 11008][17:58:38:911628][info  ] Create RTSpatialIndex 0x771ed800a800, fast_build = 0, compact = 0, concurrency = 1
[LIBGPUSPATIAL] [ 11008][17:58:38:914403][info  ] Create RTSpatialRefiner 0x771edbce99b0, fast_build = 0, compact = 0, parsing_threads = 8, concurrency = 1, pipeline_batches = 1, wkb_parser_memory_quota = 0.80, relate_engine_memory_quota = 0.03
[LIBGPUSPATIAL] [ 11008][17:58:38:925336][info  ] RTSpatialRefiner 0x771edbce99b0 (Used 10 MB), FinishBuilding Refiner, Total geoms: 86438
[LIBGPUSPATIAL] [ 11008][17:58:38:925383][info  ] RTSpatialIndex 0x771ed800a800 (Used 10 MB), PushBuild, Rectangles 86438
[LIBGPUSPATIAL] [ 11008][17:58:38:926187][info  ] RTSpatialIndex 0x771ed800a800 (Used 17 MB), FinishBuilding Index on Rectangles, Total geoms: 86438
[LIBGPUSPATIAL] [ 11007][17:58:38:953806][info  ] RTSpatialIndex 0x771ed800a800 (Used 19 MB), Allocate result buffer, memory consumption 0 MB, capacity 87894
[LIBGPUSPATIAL] [ 11007][17:58:38:954496][info  ] RTSpatialIndex 0x771ed800a800 (Used 20 MB), Probe Rectangles, Size: 86438, Results: 87894
[LIBGPUSPATIAL] [ 11007][17:58:38:959109][info  ] RTSpatialRefiner 0x771edbce99b0 (Used 27 MB), Loaded Geometries, ProbeArray 86438, Loaded 86438, Type Polygon
[LIBGPUSPATIAL] [ 11007][17:58:38:959172][info  ] RTSpatialRefiner 0x771edbce99b0 (Used 27 MB), Evaluating 87894 Geometry Pairs with Predicate Intersects
[LIBGPUSPATIAL] [ 11007][17:58:38:959187][warning] Evaluate Polygon-Polygon relate with the GPU, which is not well-tested and the performance may be poor.
0.76s (675 rows)

================================================================================
BENCHMARK SUMMARY
================================================================================
Query     sedonadb_gpu   
-------------------------
q9        0.76s          
-------------------------
Total     0.76s         

Results saved to results_mem_SF_10/sedonadb_gpu_q9_results.json
