Data paths:
  building: benchmark-data-sf10/building
  customer: benchmark-data-sf10/customer
  driver: benchmark-data-sf10/driver
  trip: benchmark-data-sf10/trip
  vehicle: benchmark-data-sf10/vehicle
  zone: benchmark-data-sf10/zone

============================================================
Running Sedonadb Gpu Benchmark
============================================================
Sedonadb Gpu version: 0.3.0
  Running q11... [LIBGPUSPATIAL] [ 12097][17:59:37:087112][info  ] Initializing GpuSpatialRuntime on device 0, PTX root /mnt/data/sedona-db/target/release/build/sedona-libgpuspatial-49614f8a870dbe66/out/share/gpuspatial/shaders
[LIBGPUSPATIAL] [ 12097][17:59:37:247377][info  ] Init Memory Manager
[LIBGPUSPATIAL] [ 12097][17:59:37:247555][info  ] Creating RMM pool memory resource with size 22511 MB
[LIBGPUSPATIAL] [ 12097][17:59:37:292886][info  ] Initialize RTEngine
[LIBGPUSPATIAL] [ 12097][17:59:37:431551][info  ] Create RTSpatialIndex 0x7ab6f000a800, fast_build = 0, compact = 0, concurrency = 8
[LIBGPUSPATIAL] [ 12097][17:59:37:434445][info  ] Create RTSpatialRefiner 0x7ab6f3d2aac0, fast_build = 0, compact = 0, parsing_threads = 8, concurrency = 8, pipeline_batches = 1, wkb_parser_memory_quota = 0.80, relate_engine_memory_quota = 0.05
[LIBGPUSPATIAL] [ 12097][17:59:37:946995][info  ] RTSpatialRefiner 0x7ab6f3d2aac0 (Used 1946 MB), FinishBuilding Refiner, Total geoms: 454710
[LIBGPUSPATIAL] [ 12097][17:59:37:947044][info  ] RTSpatialIndex 0x7ab6f000a800 (Used 1946 MB), PushBuild, Rectangles 454710
[LIBGPUSPATIAL] [ 12097][17:59:37:948937][info  ] RTSpatialIndex 0x7ab6f000a800 (Used 1980 MB), FinishBuilding Index on Rectangles, Total geoms: 454710
[LIBGPUSPATIAL] [ 12094][17:59:38:238924][info  ] RTSpatialIndex 0x7ab6f000a800 (Used 2061 MB), Allocate result buffer, memory consumption 12 MB, capacity 1645951
[LIBGPUSPATIAL] [ 12099][17:59:38:239389][info  ] RTSpatialIndex 0x7ab6f000a800 (Used 2063 MB), Allocate result buffer, memory consumption 12 MB, capacity 1646756
[LIBGPUSPATIAL] [ 12092][17:59:38:239698][info  ] RTSpatialIndex 0x7ab6f000a800 (Used 2076 MB), Allocate result buffer, memory consumption 12 MB, capacity 1644220
[LIBGPUSPATIAL] [ 12097][17:59:38:240250][info  ] RTSpatialIndex 0x7ab6f000a800 (Used 2088 MB), Allocate result buffer, memory consumption 12 MB, capacity 1648934
[LIBGPUSPATIAL] [ 12096][17:59:38:240826][info  ] RTSpatialIndex 0x7ab6f000a800 (Used 2101 MB), Allocate result buffer, memory consumption 12 MB, capacity 1647885
[LIBGPUSPATIAL] [ 12093][17:59:38:241399][info  ] RTSpatialIndex 0x7ab6f000a800 (Used 2114 MB), Allocate result buffer, memory consumption 12 MB, capacity 1645337
[LIBGPUSPATIAL] [ 12095][17:59:38:241669][info  ] RTSpatialIndex 0x7ab6f000a800 (Used 2126 MB), Allocate result buffer, memory consumption 12 MB, capacity 1646781
[LIBGPUSPATIAL] [ 12098][17:59:38:241982][info  ] RTSpatialIndex 0x7ab6f000a800 (Used 2139 MB), Allocate result buffer, memory consumption 12 MB, capacity 1646306
[LIBGPUSPATIAL] [ 12099][17:59:38:248980][info  ] RTSpatialIndex 0x7ab6f000a800 (Used 2151 MB), Probe Points, Size: 1333333, Results: 1646756
[LIBGPUSPATIAL] [ 12092][17:59:38:249559][info  ] RTSpatialIndex 0x7ab6f000a800 (Used 2141 MB), Probe Points, Size: 1333333, Results: 1644220
[LIBGPUSPATIAL] [ 12094][17:59:38:250167][info  ] RTSpatialIndex 0x7ab6f000a800 (Used 2141 MB), Probe Points, Size: 1333333, Results: 1645951
[LIBGPUSPATIAL] [ 12095][17:59:38:251334][info  ] RTSpatialIndex 0x7ab6f000a800 (Used 2141 MB), Probe Points, Size: 1333333, Results: 1646781
[LIBGPUSPATIAL] [ 12096][17:59:38:251924][info  ] RTSpatialIndex 0x7ab6f000a800 (Used 2141 MB), Probe Points, Size: 1333333, Results: 1647885
[LIBGPUSPATIAL] [ 12098][17:59:38:252525][info  ] RTSpatialIndex 0x7ab6f000a800 (Used 2141 MB), Probe Points, Size: 1333333, Results: 1646306
[LIBGPUSPATIAL] [ 12097][17:59:38:253109][info  ] RTSpatialIndex 0x7ab6f000a800 (Used 2106 MB), Probe Points, Size: 1333333, Results: 1648934
[LIBGPUSPATIAL] [ 12093][17:59:38:256348][info  ] RTSpatialIndex 0x7ab6f000a800 (Used 1992 MB), Probe Points, Size: 1333333, Results: 1645337
[LIBGPUSPATIAL] [ 12097][17:59:38:302836][info  ] RTSpatialRefiner 0x7ab6f3d2aac0 (Used 2255 MB), Loaded Geometries, ProbeArray 1333333, Loaded 840623, Type Point
[LIBGPUSPATIAL] [ 12097][17:59:38:303483][info  ] RTSpatialRefiner 0x7ab6f3d2aac0 (Used 2261 MB), Evaluating 1648934 Geometry Pairs with Predicate Contains
[LIBGPUSPATIAL] [ 12098][17:59:38:307957][info  ] RTSpatialRefiner 0x7ab6f3d2aac0 (Used 2274 MB), Loaded Geometries, ProbeArray 1333333, Loaded 839769, Type Point
[LIBGPUSPATIAL] [ 12098][17:59:38:308604][info  ] RTSpatialRefiner 0x7ab6f3d2aac0 (Used 2280 MB), Evaluating 1646306 Geometry Pairs with Predicate Contains
[LIBGPUSPATIAL] [ 12093][17:59:38:314946][info  ] RTSpatialRefiner 0x7ab6f3d2aac0 (Used 2292 MB), Loaded Geometries, ProbeArray 1333333, Loaded 839184, Type Point
[LIBGPUSPATIAL] [ 12093][17:59:38:315508][info  ] RTSpatialRefiner 0x7ab6f3d2aac0 (Used 2299 MB), Evaluating 1645337 Geometry Pairs with Predicate Contains
[LIBGPUSPATIAL] [ 12095][17:59:38:319650][info  ] RTSpatialRefiner 0x7ab6f3d2aac0 (Used 2311 MB), Loaded Geometries, ProbeArray 1333333, Loaded 840316, Type Point
[LIBGPUSPATIAL] [ 12095][17:59:38:320225][info  ] RTSpatialRefiner 0x7ab6f3d2aac0 (Used 2318 MB), Evaluating 1646781 Geometry Pairs with Predicate Contains
[LIBGPUSPATIAL] [ 12094][17:59:38:326373][info  ] RTSpatialRefiner 0x7ab6f3d2aac0 (Used 2330 MB), Loaded Geometries, ProbeArray 1333333, Loaded 839464, Type Point
[LIBGPUSPATIAL] [ 12094][17:59:38:330321][info  ] RTSpatialRefiner 0x7ab6f3d2aac0 (Used 2336 MB), Evaluating 1645951 Geometry Pairs with Predicate Contains
[LIBGPUSPATIAL] [ 12092][17:59:38:331696][info  ] RTSpatialRefiner 0x7ab6f3d2aac0 (Used 2349 MB), Loaded Geometries, ProbeArray 1333333, Loaded 838626, Type Point
[LIBGPUSPATIAL] [ 12092][17:59:38:332256][info  ] RTSpatialRefiner 0x7ab6f3d2aac0 (Used 2355 MB), Evaluating 1644220 Geometry Pairs with Predicate Contains
[LIBGPUSPATIAL] [ 12099][17:59:38:335640][info  ] RTSpatialRefiner 0x7ab6f3d2aac0 (Used 2368 MB), Loaded Geometries, ProbeArray 1333333, Loaded 840229, Type Point
[LIBGPUSPATIAL] [ 12099][17:59:38:336216][info  ] RTSpatialRefiner 0x7ab6f3d2aac0 (Used 2374 MB), Evaluating 1646756 Geometry Pairs with Predicate Contains
[LIBGPUSPATIAL] [ 12096][17:59:38:338500][info  ] RTSpatialRefiner 0x7ab6f3d2aac0 (Used 2387 MB), Loaded Geometries, ProbeArray 1333333, Loaded 839762, Type Point
[LIBGPUSPATIAL] [ 12096][17:59:38:339061][info  ] RTSpatialRefiner 0x7ab6f3d2aac0 (Used 2393 MB), Evaluating 1647885 Geometry Pairs with Predicate Contains
[LIBGPUSPATIAL] [ 12098][17:59:38:350140][info  ] Unique multi-polygons 27923, memory quota 115 MB, estimated BVH size 306 MB, n_batches 3
[LIBGPUSPATIAL] [ 12092][17:59:38:351176][info  ] Unique multi-polygons 28027, memory quota 116 MB, estimated BVH size 306 MB, n_batches 3
[LIBGPUSPATIAL] [ 12099][17:59:38:351225][info  ] Unique multi-polygons 27757, memory quota 116 MB, estimated BVH size 303 MB, n_batches 3
[LIBGPUSPATIAL] [ 12095][17:59:38:352605][info  ] Unique multi-polygons 27800, memory quota 115 MB, estimated BVH size 306 MB, n_batches 3
[LIBGPUSPATIAL] [ 12094][17:59:38:352668][info  ] Unique multi-polygons 27959, memory quota 115 MB, estimated BVH size 306 MB, n_batches 3
[LIBGPUSPATIAL] [ 12097][17:59:38:352699][info  ] Unique multi-polygons 27961, memory quota 115 MB, estimated BVH size 306 MB, n_batches 3
[LIBGPUSPATIAL] [ 12093][17:59:38:352673][info  ] Unique multi-polygons 28133, memory quota 115 MB, estimated BVH size 306 MB, n_batches 3
[LIBGPUSPATIAL] [ 12092][17:59:38:352981][info  ] PIP(Used 2396 MB), Batch 0
[LIBGPUSPATIAL] [ 12098][17:59:38:362305][info  ] PIP(Used 2391 MB), Batch 0
[LIBGPUSPATIAL] [ 12096][17:59:38:362540][info  ] Unique multi-polygons 27972, memory quota 115 MB, estimated BVH size 305 MB, n_batches 3
[LIBGPUSPATIAL] [ 12099][17:59:38:362930][info  ] PIP(Used 2635 MB), Batch 0
[LIBGPUSPATIAL] [ 12092][17:59:38:363420][info  ] PIP(Used 2737 MB), Batch 1
[LIBGPUSPATIAL] [ 12097][17:59:38:363426][info  ] PIP(Used 2694 MB), Batch 0
[LIBGPUSPATIAL] [ 12093][17:59:38:363470][info  ] PIP(Used 2622 MB), Batch 0
[LIBGPUSPATIAL] [ 12095][17:59:38:363504][info  ] PIP(Used 2622 MB), Batch 0
[LIBGPUSPATIAL] [ 12096][17:59:38:363877][info  ] PIP(Used 2507 MB), Batch 0
[LIBGPUSPATIAL] [ 12094][17:59:38:366995][info  ] PIP(Used 2360 MB), Batch 0
[LIBGPUSPATIAL] [ 12099][17:59:38:376863][info  ] PIP(Used 2415 MB), Batch 1
[LIBGPUSPATIAL] [ 12098][17:59:38:379931][info  ] PIP(Used 2346 MB), Batch 1
[LIBGPUSPATIAL] [ 12097][17:59:38:395968][info  ] PIP(Used 2346 MB), Batch 1
[LIBGPUSPATIAL] [ 12095][17:59:38:396242][info  ] PIP(Used 2346 MB), Batch 1
[LIBGPUSPATIAL] [ 12093][17:59:38:399884][info  ] PIP(Used 2346 MB), Batch 1
[LIBGPUSPATIAL] [ 12094][17:59:38:407200][info  ] PIP(Used 2553 MB), Batch 1
[LIBGPUSPATIAL] [ 12092][17:59:38:407250][info  ] PIP(Used 2465 MB), Batch 2
[LIBGPUSPATIAL] [ 12096][17:59:38:407296][info  ] PIP(Used 2420 MB), Batch 1
[LIBGPUSPATIAL] [ 12093][17:59:38:475463][info  ] PIP(Used 3145 MB), Batch 2
[LIBGPUSPATIAL] [ 12099][17:59:38:475515][info  ] PIP(Used 3058 MB), Batch 2
[LIBGPUSPATIAL] [ 12098][17:59:38:475568][info  ] PIP(Used 2970 MB), Batch 2
[LIBGPUSPATIAL] [ 12096][17:59:38:475629][info  ] PIP(Used 2794 MB), Batch 2
[LIBGPUSPATIAL] [ 12094][17:59:38:475648][info  ] PIP(Used 2794 MB), Batch 2
[LIBGPUSPATIAL] [ 12097][17:59:38:475925][info  ] PIP(Used 2503 MB), Batch 2
[LIBGPUSPATIAL] [ 12095][17:59:38:476954][info  ] PIP(Used 2314 MB), Batch 2
[LIBGPUSPATIAL] [ 12092][17:59:38:889665][info  ] RTSpatialIndex 0x7ab6f000a800 (Used 1980 MB), Allocate result buffer, memory consumption 12 MB, capacity 1647532
[LIBGPUSPATIAL] [ 12092][17:59:38:892114][info  ] RTSpatialIndex 0x7ab6f000a800 (Used 1992 MB), Probe Points, Size: 1333333, Results: 1647532
[LIBGPUSPATIAL] [ 12092][17:59:38:924368][info  ] RTSpatialRefiner 0x7ab6f3d2aac0 (Used 2005 MB), Loaded Geometries, ProbeArray 1333333, Loaded 840142, Type Point
[LIBGPUSPATIAL] [ 12092][17:59:38:925101][info  ] RTSpatialRefiner 0x7ab6f3d2aac0 (Used 2011 MB), Evaluating 1647532 Geometry Pairs with Predicate Contains
[LIBGPUSPATIAL] [ 12092][17:59:38:925891][info  ] Unique multi-polygons 27830, memory quota 118 MB, estimated BVH size 304 MB, n_batches 3
[LIBGPUSPATIAL] [ 12092][17:59:38:926588][info  ] PIP(Used 2052 MB), Batch 0
[LIBGPUSPATIAL] [ 12092][17:59:38:935393][info  ] PIP(Used 2038 MB), Batch 1
[LIBGPUSPATIAL] [ 12092][17:59:38:955377][info  ] PIP(Used 2062 MB), Batch 2
[LIBGPUSPATIAL] [ 12094][17:59:38:966711][info  ] RTSpatialIndex 0x7ab6f000a800 (Used 1980 MB), Allocate result buffer, memory consumption 12 MB, capacity 1650372
[LIBGPUSPATIAL] [ 12094][17:59:38:973014][info  ] RTSpatialIndex 0x7ab6f000a800 (Used 2002 MB), Probe Points, Size: 1333333, Results: 1650372
[LIBGPUSPATIAL] [ 12096][17:59:38:973327][info  ] RTSpatialIndex 0x7ab6f000a800 (Used 1992 MB), Allocate result buffer, memory consumption 12 MB, capacity 1647944
[LIBGPUSPATIAL] [ 12096][17:59:38:980075][info  ] RTSpatialIndex 0x7ab6f000a800 (Used 2012 MB), Probe Points, Size: 1333333, Results: 1647944
[LIBGPUSPATIAL] [ 12097][17:59:38:983765][info  ] RTSpatialIndex 0x7ab6f000a800 (Used 1992 MB), Allocate result buffer, memory consumption 12 MB, capacity 1647217
[LIBGPUSPATIAL] [ 12097][17:59:38:994606][info  ] RTSpatialIndex 0x7ab6f000a800 (Used 2048 MB), Probe Points, Size: 1333333, Results: 1647217
[LIBGPUSPATIAL] [ 12093][17:59:38:997874][info  ] RTSpatialIndex 0x7ab6f000a800 (Used 2048 MB), Allocate result buffer, memory consumption 12 MB, capacity 1646922
[LIBGPUSPATIAL] [ 12099][17:59:38:998346][info  ] RTSpatialIndex 0x7ab6f000a800 (Used 2044 MB), Allocate result buffer, memory consumption 12 MB, capacity 1647434
[LIBGPUSPATIAL] [ 12099][17:59:39:003612][info  ] RTSpatialIndex 0x7ab6f000a800 (Used 2082 MB), Probe Points, Size: 1333333, Results: 1647434
[LIBGPUSPATIAL] [ 12093][17:59:39:007709][info  ] RTSpatialIndex 0x7ab6f000a800 (Used 2059 MB), Probe Points, Size: 1333333, Results: 1646922
[LIBGPUSPATIAL] [ 12094][17:59:39:022491][info  ] RTSpatialRefiner 0x7ab6f3d2aac0 (Used 2135 MB), Loaded Geometries, ProbeArray 1333333, Loaded 841526, Type Point
[LIBGPUSPATIAL] [ 12094][17:59:39:023111][info  ] RTSpatialRefiner 0x7ab6f3d2aac0 (Used 2141 MB), Evaluating 1650372 Geometry Pairs with Predicate Contains
[LIBGPUSPATIAL] [ 12094][17:59:39:023821][info  ] Unique multi-polygons 28128, memory quota 117 MB, estimated BVH size 306 MB, n_batches 3
[LIBGPUSPATIAL] [ 12098][17:59:39:024481][info  ] RTSpatialIndex 0x7ab6f000a800 (Used 2175 MB), Allocate result buffer, memory consumption 12 MB, capacity 1648531
[LIBGPUSPATIAL] [ 12098][17:59:39:034240][info  ] RTSpatialIndex 0x7ab6f000a800 (Used 2263 MB), Probe Points, Size: 1333333, Results: 1648531
[LIBGPUSPATIAL] [ 12094][17:59:39:036942][info  ] PIP(Used 2194 MB), Batch 0
[LIBGPUSPATIAL] [ 12095][17:59:39:037140][info  ] RTSpatialIndex 0x7ab6f000a800 (Used 2211 MB), Allocate result buffer, memory consumption 12 MB, capacity 1646511
[LIBGPUSPATIAL] [ 12097][17:59:39:037271][info  ] RTSpatialRefiner 0x7ab6f3d2aac0 (Used 2217 MB), Loaded Geometries, ProbeArray 1333333, Loaded 839385, Type Point
[LIBGPUSPATIAL] [ 12097][17:59:39:037969][info  ] RTSpatialRefiner 0x7ab6f3d2aac0 (Used 2217 MB), Evaluating 1647217 Geometry Pairs with Predicate Contains
[LIBGPUSPATIAL] [ 12097][17:59:39:046434][info  ] Unique multi-polygons 28033, memory quota 116 MB, estimated BVH size 306 MB, n_batches 3
[LIBGPUSPATIAL] [ 12096][17:59:39:047608][info  ] RTSpatialRefiner 0x7ab6f3d2aac0 (Used 2372 MB), Loaded Geometries, ProbeArray 1333333, Loaded 839691, Type Point
[LIBGPUSPATIAL] [ 12096][17:59:39:051411][info  ] RTSpatialRefiner 0x7ab6f3d2aac0 (Used 2384 MB), Evaluating 1647944 Geometry Pairs with Predicate Contains
[LIBGPUSPATIAL] [ 12094][17:59:39:051994][info  ] PIP(Used 2346 MB), Batch 1
[LIBGPUSPATIAL] [ 12097][17:59:39:052102][info  ] PIP(Used 2276 MB), Batch 0
[LIBGPUSPATIAL] [ 12096][17:59:39:052152][info  ] Unique multi-polygons 28031, memory quota 116 MB, estimated BVH size 305 MB, n_batches 3
[LIBGPUSPATIAL] [ 12093][17:59:39:073386][info  ] RTSpatialRefiner 0x7ab6f3d2aac0 (Used 2356 MB), Loaded Geometries, ProbeArray 1333333, Loaded 839419, Type Point
[LIBGPUSPATIAL] [ 12093][17:59:39:074112][info  ] RTSpatialRefiner 0x7ab6f3d2aac0 (Used 2504 MB), Evaluating 1646922 Geometry Pairs with Predicate Contains
[LIBGPUSPATIAL] [ 12099][17:59:39:075638][info  ] RTSpatialRefiner 0x7ab6f3d2aac0 (Used 2472 MB), Loaded Geometries, ProbeArray 1333333, Loaded 839980, Type Point
[LIBGPUSPATIAL] [ 12095][17:59:39:076209][info  ] RTSpatialIndex 0x7ab6f000a800 (Used 2478 MB), Probe Points, Size: 1333333, Results: 1646511
[LIBGPUSPATIAL] [ 12099][17:59:39:076293][info  ] RTSpatialRefiner 0x7ab6f3d2aac0 (Used 2468 MB), Evaluating 1647434 Geometry Pairs with Predicate Contains
[LIBGPUSPATIAL] [ 12094][17:59:39:076575][info  ] PIP(Used 2380 MB), Batch 2
[LIBGPUSPATIAL] [ 12096][17:59:39:079605][info  ] PIP(Used 2260 MB), Batch 0
[LIBGPUSPATIAL] [ 12093][17:59:39:081828][info  ] Unique multi-polygons 27979, memory quota 116 MB, estimated BVH size 303 MB, n_batches 3
[LIBGPUSPATIAL] [ 12097][17:59:39:081973][info  ] PIP(Used 2265 MB), Batch 1
[LIBGPUSPATIAL] [ 12093][17:59:39:087247][info  ] PIP(Used 2272 MB), Batch 0
[LIBGPUSPATIAL] [ 12099][17:59:39:088101][info  ] Unique multi-polygons 28078, memory quota 116 MB, estimated BVH size 304 MB, n_batches 3
[LIBGPUSPATIAL] [ 12099][17:59:39:088925][info  ] PIP(Used 2274 MB), Batch 0
[LIBGPUSPATIAL] [ 12096][17:59:39:097179][info  ] PIP(Used 2225 MB), Batch 1
[LIBGPUSPATIAL] [ 12098][17:59:39:104026][info  ] RTSpatialRefiner 0x7ab6f3d2aac0 (Used 2217 MB), Loaded Geometries, ProbeArray 1333333, Loaded 841222, Type Point
[LIBGPUSPATIAL] [ 12098][17:59:39:104657][info  ] RTSpatialRefiner 0x7ab6f3d2aac0 (Used 2223 MB), Evaluating 1648531 Geometry Pairs with Predicate Contains
[LIBGPUSPATIAL] [ 12099][17:59:39:110036][info  ] PIP(Used 2268 MB), Batch 1
[LIBGPUSPATIAL] [ 12098][17:59:39:113941][info  ] Unique multi-polygons 27847, memory quota 116 MB, estimated BVH size 308 MB, n_batches 3
[LIBGPUSPATIAL] [ 12093][17:59:39:113976][info  ] PIP(Used 2250 MB), Batch 1
[LIBGPUSPATIAL] [ 12097][17:59:39:119227][info  ] PIP(Used 2383 MB), Batch 2
[LIBGPUSPATIAL] [ 12098][17:59:39:119947][info  ] PIP(Used 2262 MB), Batch 0
[LIBGPUSPATIAL] [ 12095][17:59:39:122587][info  ] RTSpatialRefiner 0x7ab6f3d2aac0 (Used 2223 MB), Loaded Geometries, ProbeArray 1333333, Loaded 839963, Type Point
[LIBGPUSPATIAL] [ 12095][17:59:39:123131][info  ] RTSpatialRefiner 0x7ab6f3d2aac0 (Used 2230 MB), Evaluating 1646511 Geometry Pairs with Predicate Contains
[LIBGPUSPATIAL] [ 12095][17:59:39:134705][info  ] Unique multi-polygons 27657, memory quota 115 MB, estimated BVH size 304 MB, n_batches 3
[LIBGPUSPATIAL] [ 12096][17:59:39:135105][info  ] PIP(Used 2238 MB), Batch 2
[LIBGPUSPATIAL] [ 12095][17:59:39:135374][info  ] PIP(Used 2226 MB), Batch 0
[LIBGPUSPATIAL] [ 12099][17:59:39:142372][info  ] PIP(Used 2236 MB), Batch 2
[LIBGPUSPATIAL] [ 12098][17:59:39:145047][info  ] PIP(Used 2210 MB), Batch 1
[LIBGPUSPATIAL] [ 12093][17:59:39:152201][info  ] PIP(Used 2192 MB), Batch 2
[LIBGPUSPATIAL] [ 12095][17:59:39:156084][info  ] PIP(Used 2124 MB), Batch 1
[LIBGPUSPATIAL] [ 12098][17:59:39:177911][info  ] PIP(Used 2107 MB), Batch 2
[LIBGPUSPATIAL] [ 12095][17:59:39:200813][info  ] PIP(Used 2104 MB), Batch 2
[LIBGPUSPATIAL] [ 12092][17:59:39:411956][info  ] RTSpatialIndex 0x7ab6f000a800 (Used 1980 MB), Allocate result buffer, memory consumption 12 MB, capacity 1647602
[LIBGPUSPATIAL] [ 12092][17:59:39:414568][info  ] RTSpatialIndex 0x7ab6f000a800 (Used 1992 MB), Probe Points, Size: 1333333, Results: 1647602
[LIBGPUSPATIAL] [ 12092][17:59:39:452743][info  ] RTSpatialRefiner 0x7ab6f3d2aac0 (Used 2005 MB), Loaded Geometries, ProbeArray 1333333, Loaded 840413, Type Point
[LIBGPUSPATIAL] [ 12092][17:59:39:454165][info  ] RTSpatialRefiner 0x7ab6f3d2aac0 (Used 2011 MB), Evaluating 1647602 Geometry Pairs with Predicate Contains
[LIBGPUSPATIAL] [ 12092][17:59:39:455155][info  ] Unique multi-polygons 27940, memory quota 118 MB, estimated BVH size 305 MB, n_batches 3
[LIBGPUSPATIAL] [ 12092][17:59:39:455991][info  ] PIP(Used 2052 MB), Batch 0
[LIBGPUSPATIAL] [ 12092][17:59:39:464818][info  ] PIP(Used 2038 MB), Batch 1
[LIBGPUSPATIAL] [ 12092][17:59:39:486800][info  ] PIP(Used 2062 MB), Batch 2
[LIBGPUSPATIAL] [ 12094][17:59:39:529799][info  ] RTSpatialIndex 0x7ab6f000a800 (Used 1980 MB), Allocate result buffer, memory consumption 12 MB, capacity 1646116
[LIBGPUSPATIAL] [ 12094][17:59:39:532165][info  ] RTSpatialIndex 0x7ab6f000a800 (Used 1992 MB), Probe Points, Size: 1333333, Results: 1646116
[LIBGPUSPATIAL] [ 12097][17:59:39:551172][info  ] RTSpatialIndex 0x7ab6f000a800 (Used 2015 MB), Allocate result buffer, memory consumption 12 MB, capacity 1648251
[LIBGPUSPATIAL] [ 12097][17:59:39:557574][info  ] RTSpatialIndex 0x7ab6f000a800 (Used 2028 MB), Probe Points, Size: 1333333, Results: 1648251
[LIBGPUSPATIAL] [ 12094][17:59:39:566921][info  ] RTSpatialRefiner 0x7ab6f3d2aac0 (Used 2024 MB), Loaded Geometries, ProbeArray 1333333, Loaded 839804, Type Point
[LIBGPUSPATIAL] [ 12094][17:59:39:567899][info  ] RTSpatialRefiner 0x7ab6f3d2aac0 (Used 2047 MB), Evaluating 1646116 Geometry Pairs with Predicate Contains
[LIBGPUSPATIAL] [ 12094][17:59:39:568649][info  ] Unique multi-polygons 27682, memory quota 117 MB, estimated BVH size 304 MB, n_batches 3
[LIBGPUSPATIAL] [ 12094][17:59:39:569315][info  ] PIP(Used 2088 MB), Batch 0
[LIBGPUSPATIAL] [ 12094][17:59:39:580298][info  ] PIP(Used 2074 MB), Batch 1
[LIBGPUSPATIAL] [ 12097][17:59:39:586177][info  ] RTSpatialRefiner 0x7ab6f3d2aac0 (Used 2049 MB), Loaded Geometries, ProbeArray 1333333, Loaded 840587, Type Point
[LIBGPUSPATIAL] [ 12097][17:59:39:586765][info  ] RTSpatialRefiner 0x7ab6f3d2aac0 (Used 2055 MB), Evaluating 1648251 Geometry Pairs with Predicate Contains
[LIBGPUSPATIAL] [ 12097][17:59:39:588903][info  ] Unique multi-polygons 27851, memory quota 117 MB, estimated BVH size 304 MB, n_batches 3
[LIBGPUSPATIAL] [ 12097][17:59:39:589572][info  ] PIP(Used 2096 MB), Batch 0
[LIBGPUSPATIAL] [ 12097][17:59:39:598630][info  ] PIP(Used 2082 MB), Batch 1
[LIBGPUSPATIAL] [ 12096][17:59:39:620636][info  ] RTSpatialIndex 0x7ab6f000a800 (Used 2214 MB), Allocate result buffer, memory consumption 12 MB, capacity 1646504
[LIBGPUSPATIAL] [ 12099][17:59:39:624288][info  ] RTSpatialIndex 0x7ab6f000a800 (Used 2383 MB), Allocate result buffer, memory consumption 12 MB, capacity 1645557
[LIBGPUSPATIAL] [ 12094][17:59:39:624382][info  ] PIP(Used 2308 MB), Batch 2
[LIBGPUSPATIAL] [ 12097][17:59:39:625868][info  ] PIP(Used 2210 MB), Batch 2
[LIBGPUSPATIAL] [ 12093][17:59:39:632176][info  ] RTSpatialIndex 0x7ab6f000a800 (Used 2165 MB), Allocate result buffer, memory consumption 12 MB, capacity 1646166
[LIBGPUSPATIAL] [ 12096][17:59:39:634620][info  ] RTSpatialIndex 0x7ab6f000a800 (Used 2124 MB), Probe Points, Size: 1333333, Results: 1646504
[LIBGPUSPATIAL] [ 12099][17:59:39:635327][info  ] RTSpatialIndex 0x7ab6f000a800 (Used 2114 MB), Probe Points, Size: 1333333, Results: 1645557
[LIBGPUSPATIAL] [ 12093][17:59:39:647132][info  ] RTSpatialIndex 0x7ab6f000a800 (Used 2030 MB), Probe Points, Size: 1333333, Results: 1646166
[LIBGPUSPATIAL] [ 12098][17:59:39:672653][info  ] RTSpatialIndex 0x7ab6f000a800 (Used 2070 MB), Allocate result buffer, memory consumption 12 MB, capacity 1648005
[LIBGPUSPATIAL] [ 12098][17:59:39:678000][info  ] RTSpatialIndex 0x7ab6f000a800 (Used 2099 MB), Probe Points, Size: 1333333, Results: 1648005
[LIBGPUSPATIAL] [ 12096][17:59:39:678021][info  ] RTSpatialRefiner 0x7ab6f3d2aac0 (Used 2099 MB), Loaded Geometries, ProbeArray 1333333, Loaded 839426, Type Point
[LIBGPUSPATIAL] [ 12096][17:59:39:679315][info  ] RTSpatialRefiner 0x7ab6f3d2aac0 (Used 2083 MB), Evaluating 1646504 Geometry Pairs with Predicate Contains
[LIBGPUSPATIAL] [ 12096][17:59:39:680186][info  ] Unique multi-polygons 27627, memory quota 117 MB, estimated BVH size 303 MB, n_batches 3
[LIBGPUSPATIAL] [ 12099][17:59:39:681138][info  ] RTSpatialRefiner 0x7ab6f3d2aac0 (Used 2198 MB), Loaded Geometries, ProbeArray 1333333, Loaded 839929, Type Point
[LIBGPUSPATIAL] [ 12099][17:59:39:681736][info  ] RTSpatialRefiner 0x7ab6f3d2aac0 (Used 2204 MB), Evaluating 1645557 Geometry Pairs with Predicate Contains
[LIBGPUSPATIAL] [ 12096][17:59:39:683153][info  ] PIP(Used 2155 MB), Batch 0
[LIBGPUSPATIAL] [ 12099][17:59:39:683699][info  ] Unique multi-polygons 27739, memory quota 117 MB, estimated BVH size 304 MB, n_batches 3
[LIBGPUSPATIAL] [ 12095][17:59:39:693250][info  ] RTSpatialIndex 0x7ab6f000a800 (Used 2161 MB), Allocate result buffer, memory consumption 12 MB, capacity 1641655
[LIBGPUSPATIAL] [ 12099][17:59:39:693256][info  ] PIP(Used 2161 MB), Batch 0
[LIBGPUSPATIAL] [ 12093][17:59:39:701110][info  ] RTSpatialRefiner 0x7ab6f3d2aac0 (Used 2290 MB), Loaded Geometries, ProbeArray 1333333, Loaded 840209, Type Point
[LIBGPUSPATIAL] [ 12093][17:59:39:701863][info  ] RTSpatialRefiner 0x7ab6f3d2aac0 (Used 2296 MB), Evaluating 1646166 Geometry Pairs with Predicate Contains
[LIBGPUSPATIAL] [ 12093][17:59:39:703029][info  ] Unique multi-polygons 27841, memory quota 116 MB, estimated BVH size 305 MB, n_batches 3
[LIBGPUSPATIAL] [ 12095][17:59:39:706107][info  ] RTSpatialIndex 0x7ab6f000a800 (Used 2361 MB), Probe Points, Size: 1333333, Results: 1641655
[LIBGPUSPATIAL] [ 12099][17:59:39:706136][info  ] PIP(Used 2338 MB), Batch 1
[LIBGPUSPATIAL] [ 12096][17:59:39:707280][info  ] PIP(Used 2269 MB), Batch 1
[LIBGPUSPATIAL] [ 12093][17:59:39:710960][info  ] PIP(Used 2188 MB), Batch 0
[LIBGPUSPATIAL] [ 12098][17:59:39:716146][info  ] RTSpatialRefiner 0x7ab6f3d2aac0 (Used 2156 MB), Loaded Geometries, ProbeArray 1333333, Loaded 840413, Type Point
[LIBGPUSPATIAL] [ 12098][17:59:39:716740][info  ] RTSpatialRefiner 0x7ab6f3d2aac0 (Used 2162 MB), Evaluating 1648005 Geometry Pairs with Predicate Contains
[LIBGPUSPATIAL] [ 12098][17:59:39:722126][info  ] Unique multi-polygons 27907, memory quota 117 MB, estimated BVH size 305 MB, n_batches 3
[LIBGPUSPATIAL] [ 12098][17:59:39:722780][info  ] PIP(Used 2203 MB), Batch 0
[LIBGPUSPATIAL] [ 12099][17:59:39:728590][info  ] PIP(Used 2229 MB), Batch 2
[LIBGPUSPATIAL] [ 12093][17:59:39:731083][info  ] PIP(Used 2204 MB), Batch 1
[LIBGPUSPATIAL] [ 12098][17:59:39:742326][info  ] PIP(Used 2162 MB), Batch 1
[LIBGPUSPATIAL] [ 12095][17:59:39:744450][info  ] RTSpatialRefiner 0x7ab6f3d2aac0 (Used 2272 MB), Loaded Geometries, ProbeArray 1333333, Loaded 838064, Type Point
[LIBGPUSPATIAL] [ 12095][17:59:39:745227][info  ] RTSpatialRefiner 0x7ab6f3d2aac0 (Used 2279 MB), Evaluating 1641655 Geometry Pairs with Predicate Contains
[LIBGPUSPATIAL] [ 12096][17:59:39:747005][info  ] PIP(Used 2198 MB), Batch 2
[LIBGPUSPATIAL] [ 12095][17:59:39:752105][info  ] Unique multi-polygons 28017, memory quota 117 MB, estimated BVH size 306 MB, n_batches 3
[LIBGPUSPATIAL] [ 12095][17:59:39:755241][info  ] PIP(Used 2182 MB), Batch 0
[LIBGPUSPATIAL] [ 12093][17:59:39:760871][info  ] PIP(Used 2150 MB), Batch 2
[LIBGPUSPATIAL] [ 12098][17:59:39:774705][info  ] PIP(Used 2106 MB), Batch 2
[LIBGPUSPATIAL] [ 12095][17:59:39:783032][info  ] PIP(Used 2080 MB), Batch 1
[LIBGPUSPATIAL] [ 12095][17:59:39:805077][info  ] PIP(Used 2062 MB), Batch 2
[LIBGPUSPATIAL] [ 12092][17:59:39:927581][info  ] RTSpatialIndex 0x7ab6f000a800 (Used 1980 MB), Allocate result buffer, memory consumption 12 MB, capacity 1646457
[LIBGPUSPATIAL] [ 12092][17:59:39:930338][info  ] RTSpatialIndex 0x7ab6f000a800 (Used 1992 MB), Probe Points, Size: 1333333, Results: 1646457
[LIBGPUSPATIAL] [ 12092][17:59:39:967776][info  ] RTSpatialRefiner 0x7ab6f3d2aac0 (Used 2005 MB), Loaded Geometries, ProbeArray 1333333, Loaded 839697, Type Point
[LIBGPUSPATIAL] [ 12092][17:59:39:968568][info  ] RTSpatialRefiner 0x7ab6f3d2aac0 (Used 2011 MB), Evaluating 1646457 Geometry Pairs with Predicate Contains
[LIBGPUSPATIAL] [ 12092][17:59:39:969509][info  ] Unique multi-polygons 27930, memory quota 118 MB, estimated BVH size 304 MB, n_batches 3
[LIBGPUSPATIAL] [ 12092][17:59:39:971073][info  ] PIP(Used 2052 MB), Batch 0
[LIBGPUSPATIAL] [ 12092][17:59:39:982793][info  ] PIP(Used 2038 MB), Batch 1
[LIBGPUSPATIAL] [ 12092][17:59:40:005345][info  ] PIP(Used 2062 MB), Batch 2
[LIBGPUSPATIAL] [ 12097][17:59:40:125274][info  ] RTSpatialIndex 0x7ab6f000a800 (Used 1980 MB), Allocate result buffer, memory consumption 12 MB, capacity 1645207
[LIBGPUSPATIAL] [ 12097][17:59:40:128333][info  ] RTSpatialIndex 0x7ab6f000a800 (Used 1992 MB), Probe Points, Size: 1333333, Results: 1645207
[LIBGPUSPATIAL] [ 12094][17:59:40:134725][info  ] RTSpatialIndex 0x7ab6f000a800 (Used 1998 MB), Allocate result buffer, memory consumption 12 MB, capacity 1646862
[LIBGPUSPATIAL] [ 12094][17:59:40:139410][info  ] RTSpatialIndex 0x7ab6f000a800 (Used 2028 MB), Probe Points, Size: 1333333, Results: 1646862
[LIBGPUSPATIAL] [ 12097][17:59:40:164445][info  ] RTSpatialRefiner 0x7ab6f3d2aac0 (Used 2041 MB), Loaded Geometries, ProbeArray 1333333, Loaded 839661, Type Point
[LIBGPUSPATIAL] [ 12097][17:59:40:165070][info  ] RTSpatialRefiner 0x7ab6f3d2aac0 (Used 2047 MB), Evaluating 1645207 Geometry Pairs with Predicate Contains
[LIBGPUSPATIAL] [ 12097][17:59:40:165835][info  ] Unique multi-polygons 27762, memory quota 117 MB, estimated BVH size 304 MB, n_batches 3
[LIBGPUSPATIAL] [ 12097][17:59:40:170651][info  ] PIP(Used 2087 MB), Batch 0
[LIBGPUSPATIAL] [ 12094][17:59:40:178237][info  ] RTSpatialRefiner 0x7ab6f3d2aac0 (Used 2049 MB), Loaded Geometries, ProbeArray 1333333, Loaded 839890, Type Point
[LIBGPUSPATIAL] [ 12094][17:59:40:178955][info  ] RTSpatialRefiner 0x7ab6f3d2aac0 (Used 2055 MB), Evaluating 1646862 Geometry Pairs with Predicate Contains
[LIBGPUSPATIAL] [ 12097][17:59:40:179448][info  ] PIP(Used 2080 MB), Batch 1
[LIBGPUSPATIAL] [ 12094][17:59:40:179740][info  ] Unique multi-polygons 27970, memory quota 117 MB, estimated BVH size 307 MB, n_batches 3
[LIBGPUSPATIAL] [ 12094][17:59:40:180413][info  ] PIP(Used 2096 MB), Batch 0
[LIBGPUSPATIAL] [ 12094][17:59:40:195347][info  ] PIP(Used 2082 MB), Batch 1
[LIBGPUSPATIAL] [ 12096][17:59:40:218305][info  ] RTSpatialIndex 0x7ab6f000a800 (Used 2088 MB), Allocate result buffer, memory consumption 12 MB, capacity 1648385
[LIBGPUSPATIAL] [ 12094][17:59:40:220703][info  ] PIP(Used 2198 MB), Batch 2
[LIBGPUSPATIAL] [ 12097][17:59:40:220723][info  ] PIP(Used 2198 MB), Batch 2
[LIBGPUSPATIAL] [ 12096][17:59:40:227917][info  ] RTSpatialIndex 0x7ab6f000a800 (Used 2218 MB), Probe Points, Size: 1333333, Results: 1648385
[LIBGPUSPATIAL] [ 12093][17:59:40:233204][info  ] RTSpatialIndex 0x7ab6f000a800 (Used 2157 MB), Allocate result buffer, memory consumption 12 MB, capacity 1645742
[LIBGPUSPATIAL] [ 12098][17:59:40:239328][info  ] RTSpatialIndex 0x7ab6f000a800 (Used 2025 MB), Allocate result buffer, memory consumption 12 MB, capacity 1645329
[LIBGPUSPATIAL] [ 12099][17:59:40:239571][info  ] RTSpatialIndex 0x7ab6f000a800 (Used 2038 MB), Allocate result buffer, memory consumption 12 MB, capacity 1648121
[LIBGPUSPATIAL] [ 12093][17:59:40:245200][info  ] RTSpatialIndex 0x7ab6f000a800 (Used 2056 MB), Probe Points, Size: 1333348, Results: 1645742
[LIBGPUSPATIAL] [ 12099][17:59:40:246053][info  ] RTSpatialIndex 0x7ab6f000a800 (Used 2046 MB), Probe Points, Size: 1333333, Results: 1648121
[LIBGPUSPATIAL] [ 12098][17:59:40:248033][info  ] RTSpatialIndex 0x7ab6f000a800 (Used 2028 MB), Probe Points, Size: 1333333, Results: 1645329
[LIBGPUSPATIAL] [ 12096][17:59:40:269500][info  ] RTSpatialRefiner 0x7ab6f3d2aac0 (Used 2055 MB), Loaded Geometries, ProbeArray 1333333, Loaded 840314, Type Point
[LIBGPUSPATIAL] [ 12096][17:59:40:270924][info  ] RTSpatialRefiner 0x7ab6f3d2aac0 (Used 2105 MB), Evaluating 1648385 Geometry Pairs with Predicate Contains
[LIBGPUSPATIAL] [ 12096][17:59:40:271886][info  ] Unique multi-polygons 28147, memory quota 117 MB, estimated BVH size 306 MB, n_batches 3
[LIBGPUSPATIAL] [ 12096][17:59:40:274402][info  ] PIP(Used 2162 MB), Batch 0
[LIBGPUSPATIAL] [ 12095][17:59:40:281245][info  ] RTSpatialIndex 0x7ab6f000a800 (Used 2131 MB), Allocate result buffer, memory consumption 12 MB, capacity 1646753
[LIBGPUSPATIAL] [ 12095][17:59:40:283773][info  ] RTSpatialIndex 0x7ab6f000a800 (Used 2143 MB), Probe Points, Size: 1333333, Results: 1646753
[LIBGPUSPATIAL] [ 12096][17:59:40:284706][info  ] PIP(Used 2145 MB), Batch 1
[LIBGPUSPATIAL] [ 12099][17:59:40:299347][info  ] RTSpatialRefiner 0x7ab6f3d2aac0 (Used 2139 MB), Loaded Geometries, ProbeArray 1333333, Loaded 840308, Type Point
[LIBGPUSPATIAL] [ 12099][17:59:40:299969][info  ] RTSpatialRefiner 0x7ab6f3d2aac0 (Used 2146 MB), Evaluating 1648121 Geometry Pairs with Predicate Contains
[LIBGPUSPATIAL] [ 12099][17:59:40:300745][info  ] Unique multi-polygons 28005, memory quota 117 MB, estimated BVH size 304 MB, n_batches 3
[LIBGPUSPATIAL] [ 12098][17:59:40:306625][info  ] RTSpatialRefiner 0x7ab6f3d2aac0 (Used 2272 MB), Loaded Geometries, ProbeArray 1333333, Loaded 839287, Type Point
[LIBGPUSPATIAL] [ 12098][17:59:40:307242][info  ] RTSpatialRefiner 0x7ab6f3d2aac0 (Used 2278 MB), Evaluating 1645329 Geometry Pairs with Predicate Contains
[LIBGPUSPATIAL] [ 12099][17:59:40:307830][info  ] PIP(Used 2209 MB), Batch 0
[LIBGPUSPATIAL] [ 12093][17:59:40:309853][info  ] RTSpatialRefiner 0x7ab6f3d2aac0 (Used 2171 MB), Loaded Geometries, ProbeArray 1333348, Loaded 839633, Type Point
[LIBGPUSPATIAL] [ 12098][17:59:40:309922][info  ] Unique multi-polygons 27625, memory quota 117 MB, estimated BVH size 303 MB, n_batches 3
[LIBGPUSPATIAL] [ 12093][17:59:40:310556][info  ] RTSpatialRefiner 0x7ab6f3d2aac0 (Used 2349 MB), Evaluating 1645742 Geometry Pairs with Predicate Contains
[LIBGPUSPATIAL] [ 12096][17:59:40:310666][info  ] PIP(Used 2348 MB), Batch 2
[LIBGPUSPATIAL] [ 12098][17:59:40:310815][info  ] PIP(Used 2279 MB), Batch 0
[LIBGPUSPATIAL] [ 12093][17:59:40:321517][info  ] Unique multi-polygons 28150, memory quota 117 MB, estimated BVH size 306 MB, n_batches 3
[LIBGPUSPATIAL] [ 12093][17:59:40:322138][info  ] PIP(Used 2176 MB), Batch 0
[LIBGPUSPATIAL] [ 12099][17:59:40:323209][info  ] PIP(Used 2162 MB), Batch 1
[LIBGPUSPATIAL] [ 12095][17:59:40:325810][info  ] RTSpatialRefiner 0x7ab6f3d2aac0 (Used 2137 MB), Loaded Geometries, ProbeArray 1333333, Loaded 840101, Type Point
[LIBGPUSPATIAL] [ 12095][17:59:40:326440][info  ] RTSpatialRefiner 0x7ab6f3d2aac0 (Used 2144 MB), Evaluating 1646753 Geometry Pairs with Predicate Contains
[LIBGPUSPATIAL] [ 12098][17:59:40:329044][info  ] PIP(Used 2174 MB), Batch 1
[LIBGPUSPATIAL] [ 12095][17:59:40:335404][info  ] Unique multi-polygons 28203, memory quota 116 MB, estimated BVH size 307 MB, n_batches 3
[LIBGPUSPATIAL] [ 12093][17:59:40:335495][info  ] PIP(Used 2170 MB), Batch 1
[LIBGPUSPATIAL] [ 12095][17:59:40:336096][info  ] PIP(Used 2184 MB), Batch 0
[LIBGPUSPATIAL] [ 12099][17:59:40:354937][info  ] PIP(Used 2194 MB), Batch 2
[LIBGPUSPATIAL] [ 12098][17:59:40:361281][info  ] PIP(Used 2192 MB), Batch 2
[LIBGPUSPATIAL] [ 12093][17:59:40:366184][info  ] PIP(Used 2148 MB), Batch 2
[LIBGPUSPATIAL] [ 12095][17:59:40:373354][info  ] PIP(Used 2122 MB), Batch 1
[LIBGPUSPATIAL] [ 12095][17:59:40:399747][info  ] PIP(Used 2062 MB), Batch 2
[LIBGPUSPATIAL] [ 12092][17:59:40:461653][info  ] RTSpatialIndex 0x7ab6f000a800 (Used 1980 MB), Allocate result buffer, memory consumption 12 MB, capacity 1647709
[LIBGPUSPATIAL] [ 12092][17:59:40:464081][info  ] RTSpatialIndex 0x7ab6f000a800 (Used 1992 MB), Probe Points, Size: 1333333, Results: 1647709
[LIBGPUSPATIAL] [ 12092][17:59:40:494347][info  ] RTSpatialRefiner 0x7ab6f3d2aac0 (Used 2005 MB), Loaded Geometries, ProbeArray 1333333, Loaded 839838, Type Point
[LIBGPUSPATIAL] [ 12092][17:59:40:495394][info  ] RTSpatialRefiner 0x7ab6f3d2aac0 (Used 2011 MB), Evaluating 1647709 Geometry Pairs with Predicate Contains
[LIBGPUSPATIAL] [ 12092][17:59:40:496161][info  ] Unique multi-polygons 27796, memory quota 118 MB, estimated BVH size 304 MB, n_batches 3
[LIBGPUSPATIAL] [ 12092][17:59:40:496803][info  ] PIP(Used 2052 MB), Batch 0
[LIBGPUSPATIAL] [ 12092][17:59:40:506261][info  ] PIP(Used 2038 MB), Batch 1
[LIBGPUSPATIAL] [ 12092][17:59:40:527039][info  ] PIP(Used 2061 MB), Batch 2
[LIBGPUSPATIAL] [ 12097][17:59:40:680524][info  ] RTSpatialIndex 0x7ab6f000a800 (Used 1980 MB), Allocate result buffer, memory consumption 12 MB, capacity 1645024
[LIBGPUSPATIAL] [ 12097][17:59:40:683823][info  ] RTSpatialIndex 0x7ab6f000a800 (Used 1992 MB), Probe Points, Size: 1333333, Results: 1645024
[LIBGPUSPATIAL] [ 12094][17:59:40:709961][info  ] RTSpatialIndex 0x7ab6f000a800 (Used 2015 MB), Allocate result buffer, memory consumption 12 MB, capacity 1647960
[LIBGPUSPATIAL] [ 12094][17:59:40:712937][info  ] RTSpatialIndex 0x7ab6f000a800 (Used 2028 MB), Probe Points, Size: 1333333, Results: 1647960
[LIBGPUSPATIAL] [ 12097][17:59:40:717795][info  ] RTSpatialRefiner 0x7ab6f3d2aac0 (Used 2005 MB), Loaded Geometries, ProbeArray 1333333, Loaded 838838, Type Point
[LIBGPUSPATIAL] [ 12097][17:59:40:718630][info  ] RTSpatialRefiner 0x7ab6f3d2aac0 (Used 2011 MB), Evaluating 1645024 Geometry Pairs with Predicate Contains
[LIBGPUSPATIAL] [ 12097][17:59:40:719706][info  ] Unique multi-polygons 27870, memory quota 118 MB, estimated BVH size 306 MB, n_batches 3
[LIBGPUSPATIAL] [ 12097][17:59:40:720743][info  ] PIP(Used 2071 MB), Batch 0
[LIBGPUSPATIAL] [ 12097][17:59:40:730252][info  ] PIP(Used 2074 MB), Batch 1
[LIBGPUSPATIAL] [ 12097][17:59:40:754029][info  ] PIP(Used 2098 MB), Batch 2
[LIBGPUSPATIAL] [ 12094][17:59:40:755168][info  ] RTSpatialRefiner 0x7ab6f3d2aac0 (Used 2047 MB), Loaded Geometries, ProbeArray 1333333, Loaded 840128, Type Point
[LIBGPUSPATIAL] [ 12094][17:59:40:755953][info  ] RTSpatialRefiner 0x7ab6f3d2aac0 (Used 2053 MB), Evaluating 1647960 Geometry Pairs with Predicate Contains
[LIBGPUSPATIAL] [ 12096][17:59:40:760796][info  ] RTSpatialIndex 0x7ab6f000a800 (Used 2069 MB), Allocate result buffer, memory consumption 12 MB, capacity 1644146
[LIBGPUSPATIAL] [ 12094][17:59:40:761200][info  ] Unique multi-polygons 27836, memory quota 117 MB, estimated BVH size 305 MB, n_batches 3
[LIBGPUSPATIAL] [ 12094][17:59:40:762067][info  ] PIP(Used 2075 MB), Batch 0
[LIBGPUSPATIAL] [ 12096][17:59:40:763924][info  ] RTSpatialIndex 0x7ab6f000a800 (Used 2036 MB), Probe Points, Size: 1333333, Results: 1644146
[LIBGPUSPATIAL] [ 12094][17:59:40:771048][info  ] PIP(Used 2050 MB), Batch 1
[LIBGPUSPATIAL] [ 12094][17:59:40:791872][info  ] PIP(Used 2098 MB), Batch 2
[LIBGPUSPATIAL] [ 12096][17:59:40:802359][info  ] RTSpatialRefiner 0x7ab6f3d2aac0 (Used 2025 MB), Loaded Geometries, ProbeArray 1333333, Loaded 839022, Type Point
[LIBGPUSPATIAL] [ 12099][17:59:40:802376][info  ] RTSpatialIndex 0x7ab6f000a800 (Used 2025 MB), Allocate result buffer, memory consumption 12 MB, capacity 1649333
[LIBGPUSPATIAL] [ 12093][17:59:40:802579][info  ] RTSpatialIndex 0x7ab6f000a800 (Used 2038 MB), Allocate result buffer, memory consumption 12 MB, capacity 1648837
[LIBGPUSPATIAL] [ 12096][17:59:40:803158][info  ] RTSpatialRefiner 0x7ab6f3d2aac0 (Used 2044 MB), Evaluating 1644146 Geometry Pairs with Predicate Contains
[LIBGPUSPATIAL] [ 12096][17:59:40:804438][info  ] Unique multi-polygons 27804, memory quota 117 MB, estimated BVH size 304 MB, n_batches 3
[LIBGPUSPATIAL] [ 12093][17:59:40:807070][info  ] RTSpatialIndex 0x7ab6f000a800 (Used 2166 MB), Probe Points, Size: 1333333, Results: 1648837
[LIBGPUSPATIAL] [ 12099][17:59:40:807782][info  ] RTSpatialIndex 0x7ab6f000a800 (Used 2156 MB), Probe Points, Size: 1333333, Results: 1649333
[LIBGPUSPATIAL] [ 12096][17:59:40:807863][info  ] PIP(Used 2064 MB), Batch 0
[LIBGPUSPATIAL] [ 12096][17:59:40:817516][info  ] PIP(Used 2076 MB), Batch 1
[LIBGPUSPATIAL] [ 12098][17:59:40:838303][info  ] RTSpatialIndex 0x7ab6f000a800 (Used 2095 MB), Allocate result buffer, memory consumption 12 MB, capacity 1645498
[LIBGPUSPATIAL] [ 12096][17:59:40:838865][info  ] PIP(Used 2143 MB), Batch 2
[LIBGPUSPATIAL] [ 12098][17:59:40:846291][info  ] RTSpatialIndex 0x7ab6f000a800 (Used 2106 MB), Probe Points, Size: 1333333, Results: 1645498
[LIBGPUSPATIAL] [ 12099][17:59:40:849224][info  ] RTSpatialRefiner 0x7ab6f3d2aac0 (Used 2083 MB), Loaded Geometries, ProbeArray 1333333, Loaded 840768, Type Point
[LIBGPUSPATIAL] [ 12099][17:59:40:850372][info  ] RTSpatialRefiner 0x7ab6f3d2aac0 (Used 2047 MB), Evaluating 1649333 Geometry Pairs with Predicate Contains
[LIBGPUSPATIAL] [ 12099][17:59:40:851171][info  ] Unique multi-polygons 27774, memory quota 117 MB, estimated BVH size 305 MB, n_batches 3
[LIBGPUSPATIAL] [ 12099][17:59:40:852229][info  ] PIP(Used 2106 MB), Batch 0
[LIBGPUSPATIAL] [ 12093][17:59:40:852620][info  ] RTSpatialRefiner 0x7ab6f3d2aac0 (Used 2068 MB), Loaded Geometries, ProbeArray 1333333, Loaded 841005, Type Point
[LIBGPUSPATIAL] [ 12093][17:59:40:853266][info  ] RTSpatialRefiner 0x7ab6f3d2aac0 (Used 2074 MB), Evaluating 1648837 Geometry Pairs with Predicate Contains
[LIBGPUSPATIAL] [ 12093][17:59:40:858906][info  ] Unique multi-polygons 27902, memory quota 117 MB, estimated BVH size 304 MB, n_batches 3
[LIBGPUSPATIAL] [ 12093][17:59:40:859617][info  ] PIP(Used 2115 MB), Batch 0
[LIBGPUSPATIAL] [ 12099][17:59:40:861875][info  ] PIP(Used 2118 MB), Batch 1
[LIBGPUSPATIAL] [ 12095][17:59:40:883531][info  ] RTSpatialIndex 0x7ab6f000a800 (Used 2104 MB), Allocate result buffer, memory consumption 12 MB, capacity 1645749
[LIBGPUSPATIAL] [ 12099][17:59:40:887189][info  ] PIP(Used 2234 MB), Batch 2
[LIBGPUSPATIAL] [ 12093][17:59:40:887460][info  ] PIP(Used 2189 MB), Batch 1
[LIBGPUSPATIAL] [ 12098][17:59:40:887522][info  ] RTSpatialRefiner 0x7ab6f3d2aac0 (Used 2189 MB), Loaded Geometries, ProbeArray 1333333, Loaded 839691, Type Point
[LIBGPUSPATIAL] [ 12098][17:59:40:889706][info  ] RTSpatialRefiner 0x7ab6f3d2aac0 (Used 2196 MB), Evaluating 1645498 Geometry Pairs with Predicate Contains
[LIBGPUSPATIAL] [ 12095][17:59:40:891235][info  ] RTSpatialIndex 0x7ab6f000a800 (Used 2120 MB), Probe Points, Size: 1333333, Results: 1645749
[LIBGPUSPATIAL] [ 12098][17:59:40:909745][info  ] Unique multi-polygons 27910, memory quota 117 MB, estimated BVH size 305 MB, n_batches 3
[LIBGPUSPATIAL] [ 12093][17:59:40:910679][info  ] PIP(Used 2151 MB), Batch 2
[LIBGPUSPATIAL] [ 12098][17:59:40:911028][info  ] PIP(Used 2164 MB), Batch 0
[LIBGPUSPATIAL] [ 12098][17:59:40:933623][info  ] PIP(Used 2073 MB), Batch 1
[LIBGPUSPATIAL] [ 12095][17:59:40:938150][info  ] RTSpatialRefiner 0x7ab6f3d2aac0 (Used 2049 MB), Loaded Geometries, ProbeArray 1333333, Loaded 839308, Type Point
[LIBGPUSPATIAL] [ 12095][17:59:40:938734][info  ] RTSpatialRefiner 0x7ab6f3d2aac0 (Used 2055 MB), Evaluating 1645749 Geometry Pairs with Predicate Contains
[LIBGPUSPATIAL] [ 12095][17:59:40:942115][info  ] Unique multi-polygons 27726, memory quota 117 MB, estimated BVH size 303 MB, n_batches 3
[LIBGPUSPATIAL] [ 12095][17:59:40:942749][info  ] PIP(Used 2096 MB), Batch 0
[LIBGPUSPATIAL] [ 12098][17:59:40:954974][info  ] PIP(Used 2106 MB), Batch 2
[LIBGPUSPATIAL] [ 12095][17:59:40:966443][info  ] PIP(Used 2080 MB), Batch 1
[LIBGPUSPATIAL] [ 12095][17:59:40:989657][info  ] PIP(Used 2062 MB), Batch 2
[LIBGPUSPATIAL] [ 12092][17:59:41:013483][info  ] RTSpatialIndex 0x7ab6f000a800 (Used 1980 MB), Allocate result buffer, memory consumption 12 MB, capacity 1647674
[LIBGPUSPATIAL] [ 12092][17:59:41:015851][info  ] RTSpatialIndex 0x7ab6f000a800 (Used 1992 MB), Probe Points, Size: 1333333, Results: 1647674
[LIBGPUSPATIAL] [ 12092][17:59:41:046626][info  ] RTSpatialRefiner 0x7ab6f3d2aac0 (Used 2005 MB), Loaded Geometries, ProbeArray 1333333, Loaded 840257, Type Point
[LIBGPUSPATIAL] [ 12092][17:59:41:047334][info  ] RTSpatialRefiner 0x7ab6f3d2aac0 (Used 2011 MB), Evaluating 1647674 Geometry Pairs with Predicate Contains
[LIBGPUSPATIAL] [ 12092][17:59:41:048076][info  ] Unique multi-polygons 27834, memory quota 118 MB, estimated BVH size 305 MB, n_batches 3
[LIBGPUSPATIAL] [ 12092][17:59:41:048700][info  ] PIP(Used 2052 MB), Batch 0
[LIBGPUSPATIAL] [ 12092][17:59:41:061742][info  ] PIP(Used 2038 MB), Batch 1
[LIBGPUSPATIAL] [ 12092][17:59:41:082126][info  ] PIP(Used 2062 MB), Batch 2
[LIBGPUSPATIAL] [ 12093][17:59:41:265212][info  ] RTSpatialIndex 0x7ab6f000a800 (Used 1980 MB), Allocate result buffer, memory consumption 12 MB, capacity 1644920
[LIBGPUSPATIAL] [ 12093][17:59:41:268373][info  ] RTSpatialIndex 0x7ab6f000a800 (Used 2023 MB), Probe Points, Size: 1333333, Results: 1644920
[LIBGPUSPATIAL] [ 12096][17:59:41:270193][info  ] RTSpatialIndex 0x7ab6f000a800 (Used 1990 MB), Allocate result buffer, memory consumption 12 MB, capacity 1649779
[LIBGPUSPATIAL] [ 12099][17:59:41:270497][info  ] RTSpatialIndex 0x7ab6f000a800 (Used 2002 MB), Allocate result buffer, memory consumption 12 MB, capacity 1648825
[LIBGPUSPATIAL] [ 12096][17:59:41:273524][info  ] RTSpatialIndex 0x7ab6f000a800 (Used 2034 MB), Probe Points, Size: 1333333, Results: 1649779
[LIBGPUSPATIAL] [ 12099][17:59:41:274104][info  ] RTSpatialIndex 0x7ab6f000a800 (Used 2011 MB), Probe Points, Size: 1333333, Results: 1648825
[LIBGPUSPATIAL] [ 12093][17:59:41:292266][info  ] RTSpatialRefiner 0x7ab6f3d2aac0 (Used 2076 MB), Loaded Geometries, ProbeArray 1333333, Loaded 838831, Type Point
[LIBGPUSPATIAL] [ 12093][17:59:41:292931][info  ] RTSpatialRefiner 0x7ab6f3d2aac0 (Used 2083 MB), Evaluating 1644920 Geometry Pairs with Predicate Contains
[LIBGPUSPATIAL] [ 12093][17:59:41:293664][info  ] Unique multi-polygons 28010, memory quota 117 MB, estimated BVH size 304 MB, n_batches 3
[LIBGPUSPATIAL] [ 12093][17:59:41:297216][info  ] PIP(Used 2123 MB), Batch 0
[LIBGPUSPATIAL] [ 12099][17:59:41:304576][info  ] RTSpatialRefiner 0x7ab6f3d2aac0 (Used 2085 MB), Loaded Geometries, ProbeArray 1333333, Loaded 840818, Type Point
[LIBGPUSPATIAL] [ 12099][17:59:41:305126][info  ] RTSpatialRefiner 0x7ab6f3d2aac0 (Used 2091 MB), Evaluating 1648825 Geometry Pairs with Predicate Contains
[LIBGPUSPATIAL] [ 12099][17:59:41:305800][info  ] Unique multi-polygons 27734, memory quota 117 MB, estimated BVH size 304 MB, n_batches 3
[LIBGPUSPATIAL] [ 12093][17:59:41:306002][info  ] PIP(Used 2118 MB), Batch 1
[LIBGPUSPATIAL] [ 12099][17:59:41:306322][info  ] PIP(Used 2131 MB), Batch 0
[LIBGPUSPATIAL] [ 12096][17:59:41:308679][info  ] RTSpatialRefiner 0x7ab6f3d2aac0 (Used 2093 MB), Loaded Geometries, ProbeArray 1333333, Loaded 840703, Type Point
[LIBGPUSPATIAL] [ 12096][17:59:41:309220][info  ] RTSpatialRefiner 0x7ab6f3d2aac0 (Used 2100 MB), Evaluating 1649779 Geometry Pairs with Predicate Contains
[LIBGPUSPATIAL] [ 12096][17:59:41:318317][info  ] Unique multi-polygons 27934, memory quota 117 MB, estimated BVH size 305 MB, n_batches 3
[LIBGPUSPATIAL] [ 12096][17:59:41:318948][info  ] PIP(Used 2140 MB), Batch 0
[LIBGPUSPATIAL] [ 12099][17:59:41:324573][info  ] PIP(Used 2126 MB), Batch 1
[LIBGPUSPATIAL] [ 12096][17:59:41:332869][info  ] PIP(Used 2126 MB), Batch 1
[LIBGPUSPATIAL] [ 12093][17:59:41:341162][info  ] PIP(Used 2150 MB), Batch 2
[LIBGPUSPATIAL] [ 12099][17:59:41:351280][info  ] PIP(Used 2106 MB), Batch 2
[LIBGPUSPATIAL] [ 12096][17:59:41:358085][info  ] PIP(Used 2104 MB), Batch 2
[LIBGPUSPATIAL] [ 12098][17:59:41:377775][info  ] RTSpatialIndex 0x7ab6f000a800 (Used 1980 MB), Allocate result buffer, memory consumption 12 MB, capacity 1645320
[LIBGPUSPATIAL] [ 12098][17:59:41:380074][info  ] RTSpatialIndex 0x7ab6f000a800 (Used 1992 MB), Probe Points, Size: 1333333, Results: 1645320
[LIBGPUSPATIAL] [ 12098][17:59:41:397769][info  ] RTSpatialRefiner 0x7ab6f3d2aac0 (Used 2005 MB), Loaded Geometries, ProbeArray 1333333, Loaded 839240, Type Point
[LIBGPUSPATIAL] [ 12098][17:59:41:398341][info  ] RTSpatialRefiner 0x7ab6f3d2aac0 (Used 2011 MB), Evaluating 1645320 Geometry Pairs with Predicate Contains
[LIBGPUSPATIAL] [ 12098][17:59:41:399108][info  ] Unique multi-polygons 27848, memory quota 118 MB, estimated BVH size 303 MB, n_batches 3
[LIBGPUSPATIAL] [ 12098][17:59:41:399713][info  ] PIP(Used 2052 MB), Batch 0
[LIBGPUSPATIAL] [ 12098][17:59:41:408870][info  ] PIP(Used 2038 MB), Batch 1
[LIBGPUSPATIAL] [ 12098][17:59:41:429157][info  ] PIP(Used 2061 MB), Batch 2
[LIBGPUSPATIAL] [ 12098][17:59:41:663363][info  ] Create RTSpatialIndex 0x7ab6f000a800, fast_build = 0, compact = 0, concurrency = 8
[LIBGPUSPATIAL] [ 12098][17:59:41:663700][info  ] Create RTSpatialRefiner 0x7ab6f3d2aac0, fast_build = 0, compact = 0, parsing_threads = 8, concurrency = 8, pipeline_batches = 1, wkb_parser_memory_quota = 0.80, relate_engine_memory_quota = 0.05
[LIBGPUSPATIAL] [ 12098][17:59:42:846183][info  ] RTSpatialRefiner 0x7ab6f3d2aac0 (Used 623 MB), FinishBuilding Refiner, Total geoms: 31140888
[LIBGPUSPATIAL] [ 12098][17:59:42:846227][info  ] RTSpatialIndex 0x7ab6f000a800 (Used 623 MB), PushBuild, Rectangles 31140888
[LIBGPUSPATIAL] [ 12098][17:59:42:903967][info  ] RTSpatialIndex 0x7ab6f000a800 (Used 1698 MB), FinishBuilding Index on Points, Total geoms: 31140888
[LIBGPUSPATIAL] [ 12093][17:59:43:079737][info  ] RTSpatialIndex 0x7ab6f000a800 (Used 1610 MB), Allocate result buffer, memory consumption 31 MB, capacity 4163912
[LIBGPUSPATIAL] [ 12096][17:59:43:086164][info  ] RTSpatialIndex 0x7ab6f000a800 (Used 1643 MB), Allocate result buffer, memory consumption 49 MB, capacity 6462532
[LIBGPUSPATIAL] [ 12095][17:59:43:090523][info  ] RTSpatialIndex 0x7ab6f000a800 (Used 1694 MB), Allocate result buffer, memory consumption 20 MB, capacity 2733975
[LIBGPUSPATIAL] [ 12098][17:59:43:096397][info  ] RTSpatialIndex 0x7ab6f000a800 (Used 1721 MB), Allocate result buffer, memory consumption 22 MB, capacity 2951453
[LIBGPUSPATIAL] [ 12094][17:59:43:098900][info  ] RTSpatialIndex 0x7ab6f000a800 (Used 1722 MB), Allocate result buffer, memory consumption 34 MB, capacity 4457108
[LIBGPUSPATIAL] [ 12093][17:59:43:104345][info  ] RTSpatialIndex 0x7ab6f000a800 (Used 1781 MB), Probe Rectangles, Size: 27195, Results: 4163912
[LIBGPUSPATIAL] [ 12095][17:59:43:107130][info  ] RTSpatialIndex 0x7ab6f000a800 (Used 1780 MB), Probe Rectangles, Size: 27195, Results: 2733975
[LIBGPUSPATIAL] [ 12092][17:59:43:109958][info  ] RTSpatialIndex 0x7ab6f000a800 (Used 1748 MB), Allocate result buffer, memory consumption 30 MB, capacity 4037327
[LIBGPUSPATIAL] [ 12099][17:59:43:111773][info  ] RTSpatialIndex 0x7ab6f000a800 (Used 1747 MB), Allocate result buffer, memory consumption 14 MB, capacity 1900022
[LIBGPUSPATIAL] [ 12096][17:59:43:116271][info  ] RTSpatialIndex 0x7ab6f000a800 (Used 1768 MB), Probe Rectangles, Size: 27195, Results: 6462532
[LIBGPUSPATIAL] [ 12098][17:59:43:117433][info  ] RTSpatialIndex 0x7ab6f000a800 (Used 1778 MB), Probe Rectangles, Size: 27195, Results: 2951453
[LIBGPUSPATIAL] [ 12097][17:59:43:124560][info  ] RTSpatialIndex 0x7ab6f000a800 (Used 1725 MB), Allocate result buffer, memory consumption 23 MB, capacity 3035989
[LIBGPUSPATIAL] [ 12099][17:59:43:125617][info  ] RTSpatialIndex 0x7ab6f000a800 (Used 1725 MB), Probe Rectangles, Size: 27195, Results: 1900022
[LIBGPUSPATIAL] [ 12094][17:59:43:139085][info  ] RTSpatialIndex 0x7ab6f000a800 (Used 1999 MB), Probe Rectangles, Size: 27195, Results: 4457108
[LIBGPUSPATIAL] [ 12092][17:59:43:141478][info  ] RTSpatialIndex 0x7ab6f000a800 (Used 1999 MB), Probe Rectangles, Size: 27195, Results: 4037327
[LIBGPUSPATIAL] [ 12097][17:59:43:156028][info  ] RTSpatialIndex 0x7ab6f000a800 (Used 2194 MB), Probe Rectangles, Size: 27195, Results: 3035989
[LIBGPUSPATIAL] [ 12093][17:59:43:169052][info  ] RTSpatialRefiner 0x7ab6f3d2aac0 (Used 2337 MB), Loaded Geometries, ProbeArray 27195, Loaded 5820, Type MultiPolygon
[LIBGPUSPATIAL] [ 12093][17:59:43:170730][info  ] RTSpatialRefiner 0x7ab6f3d2aac0 (Used 2370 MB), Evaluating 4163912 Geometry Pairs with Predicate Within
[LIBGPUSPATIAL] [ 12093][17:59:43:171437][info  ] Unique multi-polygons 5820, memory quota 115 MB, estimated BVH size 26 MB, n_batches 1
[LIBGPUSPATIAL] [ 12093][17:59:43:173429][info  ] PIP(Used 2430 MB), Batch 0
[LIBGPUSPATIAL] [ 12095][17:59:43:192502][info  ] RTSpatialRefiner 0x7ab6f3d2aac0 (Used 2405 MB), Loaded Geometries, ProbeArray 27195, Loaded 5816, Type MultiPolygon
[LIBGPUSPATIAL] [ 12095][17:59:43:204603][info  ] RTSpatialRefiner 0x7ab6f3d2aac0 (Used 2528 MB), Evaluating 2733975 Geometry Pairs with Predicate Within
[LIBGPUSPATIAL] [ 12095][17:59:43:205421][info  ] Unique multi-polygons 5816, memory quota 114 MB, estimated BVH size 27 MB, n_batches 1
[LIBGPUSPATIAL] [ 12098][17:59:43:209686][info  ] RTSpatialRefiner 0x7ab6f3d2aac0 (Used 2566 MB), Loaded Geometries, ProbeArray 27195, Loaded 5871, Type MultiPolygon
[LIBGPUSPATIAL] [ 12098][17:59:43:222921][info  ] RTSpatialRefiner 0x7ab6f3d2aac0 (Used 2577 MB), Evaluating 2951453 Geometry Pairs with Predicate Within
[LIBGPUSPATIAL] [ 12098][17:59:43:223631][info  ] Unique multi-polygons 5871, memory quota 114 MB, estimated BVH size 27 MB, n_batches 1
[LIBGPUSPATIAL] [ 12099][17:59:43:228042][info  ] RTSpatialRefiner 0x7ab6f3d2aac0 (Used 2617 MB), Loaded Geometries, ProbeArray 27195, Loaded 5825, Type MultiPolygon
[LIBGPUSPATIAL] [ 12099][17:59:43:231334][info  ] RTSpatialRefiner 0x7ab6f3d2aac0 (Used 2625 MB), Evaluating 1900022 Geometry Pairs with Predicate Within
[LIBGPUSPATIAL] [ 12099][17:59:43:231807][info  ] Unique multi-polygons 5825, memory quota 114 MB, estimated BVH size 29 MB, n_batches 1
[LIBGPUSPATIAL] [ 12096][17:59:43:232409][info  ] RTSpatialRefiner 0x7ab6f3d2aac0 (Used 2662 MB), Loaded Geometries, ProbeArray 27195, Loaded 5789, Type MultiPolygon
[LIBGPUSPATIAL] [ 12096][17:59:43:236552][info  ] RTSpatialRefiner 0x7ab6f3d2aac0 (Used 2687 MB), Evaluating 6462532 Geometry Pairs with Predicate Within
[LIBGPUSPATIAL] [ 12096][17:59:43:238135][info  ] Unique multi-polygons 5789, memory quota 113 MB, estimated BVH size 27 MB, n_batches 1
[LIBGPUSPATIAL] [ 12094][17:59:43:248671][info  ] RTSpatialRefiner 0x7ab6f3d2aac0 (Used 2740 MB), Loaded Geometries, ProbeArray 27195, Loaded 5779, Type MultiPolygon
[LIBGPUSPATIAL] [ 12094][17:59:43:251278][info  ] RTSpatialRefiner 0x7ab6f3d2aac0 (Used 2757 MB), Evaluating 4457108 Geometry Pairs with Predicate Within
[LIBGPUSPATIAL] [ 12094][17:59:43:251946][info  ] Unique multi-polygons 5779, memory quota 113 MB, estimated BVH size 26 MB, n_batches 1
[LIBGPUSPATIAL] [ 12092][17:59:43:252518][info  ] RTSpatialRefiner 0x7ab6f3d2aac0 (Used 2801 MB), Loaded Geometries, ProbeArray 27195, Loaded 5706, Type MultiPolygon
[LIBGPUSPATIAL] [ 12092][17:59:43:254521][info  ] RTSpatialRefiner 0x7ab6f3d2aac0 (Used 2816 MB), Evaluating 4037327 Geometry Pairs with Predicate Within
[LIBGPUSPATIAL] [ 12092][17:59:43:255320][info  ] Unique multi-polygons 5706, memory quota 113 MB, estimated BVH size 27 MB, n_batches 1
[LIBGPUSPATIAL] [ 12095][17:59:43:255558][info  ] PIP(Used 2814 MB), Batch 0
[LIBGPUSPATIAL] [ 12098][17:59:43:255629][info  ] PIP(Used 2795 MB), Batch 0
[LIBGPUSPATIAL] [ 12099][17:59:43:255692][info  ] PIP(Used 2776 MB), Batch 0
[LIBGPUSPATIAL] [ 12096][17:59:43:255744][info  ] PIP(Used 2758 MB), Batch 0
[LIBGPUSPATIAL] [ 12094][17:59:43:255817][info  ] PIP(Used 2740 MB), Batch 0
[LIBGPUSPATIAL] [ 12092][17:59:43:256264][info  ] PIP(Used 2629 MB), Batch 0
[LIBGPUSPATIAL] [ 12097][17:59:43:327384][info  ] RTSpatialRefiner 0x7ab6f3d2aac0 (Used 2604 MB), Loaded Geometries, ProbeArray 27195, Loaded 5737, Type MultiPolygon
[LIBGPUSPATIAL] [ 12097][17:59:43:342567][info  ] RTSpatialRefiner 0x7ab6f3d2aac0 (Used 2615 MB), Evaluating 3035989 Geometry Pairs with Predicate Within
[LIBGPUSPATIAL] [ 12097][17:59:43:343524][info  ] Unique multi-polygons 5737, memory quota 115 MB, estimated BVH size 28 MB, n_batches 1
[LIBGPUSPATIAL] [ 12097][17:59:43:349270][info  ] PIP(Used 1766 MB), Batch 0
[LIBGPUSPATIAL] [ 12099][17:59:43:765552][info  ] RTSpatialIndex 0x7ab6f000a800 (Used 1610 MB), Allocate result buffer, memory consumption 20 MB, capacity 2720871
[LIBGPUSPATIAL] [ 12099][17:59:43:776728][info  ] RTSpatialIndex 0x7ab6f000a800 (Used 1631 MB), Probe Rectangles, Size: 27195, Results: 2720871
[LIBGPUSPATIAL] [ 12099][17:59:43:801737][info  ] RTSpatialRefiner 0x7ab6f3d2aac0 (Used 1730 MB), Loaded Geometries, ProbeArray 27195, Loaded 5770, Type MultiPolygon
[LIBGPUSPATIAL] [ 12099][17:59:43:802718][info  ] RTSpatialRefiner 0x7ab6f3d2aac0 (Used 1741 MB), Evaluating 2720871 Geometry Pairs with Predicate Within
[LIBGPUSPATIAL] [ 12099][17:59:43:803386][info  ] Unique multi-polygons 5770, memory quota 119 MB, estimated BVH size 28 MB, n_batches 1
[LIBGPUSPATIAL] [ 12099][17:59:43:803913][info  ] PIP(Used 1761 MB), Batch 0
[LIBGPUSPATIAL] [ 12097][17:59:43:981499][info  ] RTSpatialIndex 0x7ab6f000a800 (Used 1614 MB), Allocate result buffer, memory consumption 22 MB, capacity 2934184
[LIBGPUSPATIAL] [ 12098][17:59:43:986289][info  ] RTSpatialIndex 0x7ab6f000a800 (Used 1634 MB), Allocate result buffer, memory consumption 90 MB, capacity 11889359
[LIBGPUSPATIAL] [ 12097][17:59:43:990933][info  ] RTSpatialIndex 0x7ab6f000a800 (Used 1724 MB), Probe Rectangles, Size: 27195, Results: 2934184
[LIBGPUSPATIAL] [ 12092][17:59:44:004034][info  ] RTSpatialIndex 0x7ab6f000a800 (Used 1820 MB), Allocate result buffer, memory consumption 25 MB, capacity 3380882
[LIBGPUSPATIAL] [ 12092][17:59:44:010814][info  ] RTSpatialIndex 0x7ab6f000a800 (Used 1846 MB), Probe Rectangles, Size: 27195, Results: 3380882
[LIBGPUSPATIAL] [ 12097][17:59:44:025384][info  ] RTSpatialRefiner 0x7ab6f3d2aac0 (Used 1952 MB), Loaded Geometries, ProbeArray 27195, Loaded 5742, Type MultiPolygon
[LIBGPUSPATIAL] [ 12097][17:59:44:027411][info  ] RTSpatialRefiner 0x7ab6f3d2aac0 (Used 1964 MB), Evaluating 2934184 Geometry Pairs with Predicate Within
[LIBGPUSPATIAL] [ 12097][17:59:44:028194][info  ] Unique multi-polygons 5742, memory quota 118 MB, estimated BVH size 26 MB, n_batches 1
[LIBGPUSPATIAL] [ 12097][17:59:44:031981][info  ] PIP(Used 1982 MB), Batch 0
[LIBGPUSPATIAL] [ 12095][17:59:44:036588][info  ] RTSpatialIndex 0x7ab6f000a800 (Used 1982 MB), Allocate result buffer, memory consumption 28 MB, capacity 3707555
[LIBGPUSPATIAL] [ 12092][17:59:44:049516][info  ] RTSpatialRefiner 0x7ab6f3d2aac0 (Used 2000 MB), Loaded Geometries, ProbeArray 27195, Loaded 5670, Type MultiPolygon
[LIBGPUSPATIAL] [ 12092][17:59:44:051038][info  ] RTSpatialRefiner 0x7ab6f3d2aac0 (Used 2002 MB), Evaluating 3380882 Geometry Pairs with Predicate Within
[LIBGPUSPATIAL] [ 12092][17:59:44:051663][info  ] Unique multi-polygons 5670, memory quota 118 MB, estimated BVH size 28 MB, n_batches 1
[LIBGPUSPATIAL] [ 12098][17:59:44:055879][info  ] RTSpatialIndex 0x7ab6f000a800 (Used 1915 MB), Probe Rectangles, Size: 27195, Results: 11889359
[LIBGPUSPATIAL] [ 12092][17:59:44:058044][info  ] PIP(Used 1804 MB), Batch 0
[LIBGPUSPATIAL] [ 12095][17:59:44:065679][info  ] RTSpatialIndex 0x7ab6f000a800 (Used 1781 MB), Probe Rectangles, Size: 27195, Results: 3707555
[LIBGPUSPATIAL] [ 12095][17:59:44:104078][info  ] RTSpatialRefiner 0x7ab6f3d2aac0 (Used 1958 MB), Loaded Geometries, ProbeArray 27195, Loaded 5702, Type MultiPolygon
[LIBGPUSPATIAL] [ 12095][17:59:44:105636][info  ] RTSpatialRefiner 0x7ab6f3d2aac0 (Used 1972 MB), Evaluating 3707555 Geometry Pairs with Predicate Within
[LIBGPUSPATIAL] [ 12095][17:59:44:106310][info  ] Unique multi-polygons 5702, memory quota 118 MB, estimated BVH size 26 MB, n_batches 1
[LIBGPUSPATIAL] [ 12095][17:59:44:107518][info  ] PIP(Used 1995 MB), Batch 0
[LIBGPUSPATIAL] [ 12098][17:59:44:123760][info  ] RTSpatialRefiner 0x7ab6f3d2aac0 (Used 1972 MB), Loaded Geometries, ProbeArray 27195, Loaded 5663, Type MultiPolygon
[LIBGPUSPATIAL] [ 12098][17:59:44:127965][info  ] RTSpatialRefiner 0x7ab6f3d2aac0 (Used 1877 MB), Evaluating 11889359 Geometry Pairs with Predicate Within
[LIBGPUSPATIAL] [ 12098][17:59:44:133015][info  ] Unique multi-polygons 5663, memory quota 118 MB, estimated BVH size 27 MB, n_batches 1
[LIBGPUSPATIAL] [ 12098][17:59:44:133718][info  ] PIP(Used 1932 MB), Batch 0
[LIBGPUSPATIAL] [ 12099][17:59:44:281989][info  ] RTSpatialIndex 0x7ab6f000a800 (Used 1609 MB), Allocate result buffer, memory consumption 6 MB, capacity 814503
[LIBGPUSPATIAL] [ 12099][17:59:44:288728][info  ] RTSpatialIndex 0x7ab6f000a800 (Used 1615 MB), Probe Rectangles, Size: 2449, Results: 814503
[LIBGPUSPATIAL] [ 12099][17:59:44:304095][info  ] RTSpatialRefiner 0x7ab6f3d2aac0 (Used 1628 MB), Loaded Geometries, ProbeArray 2449, Loaded 540, Type MultiPolygon
[LIBGPUSPATIAL] [ 12099][17:59:44:304530][info  ] RTSpatialRefiner 0x7ab6f3d2aac0 (Used 1631 MB), Evaluating 814503 Geometry Pairs with Predicate Within
[LIBGPUSPATIAL] [ 12099][17:59:44:304907][info  ] Unique multi-polygons 540, memory quota 120 MB, estimated BVH size 3 MB, n_batches 1
[LIBGPUSPATIAL] [ 12099][17:59:44:305284][info  ] PIP(Used 1636 MB), Batch 0
[LIBGPUSPATIAL] [ 12094][17:59:44:375416][info  ] RTSpatialIndex 0x7ab6f000a800 (Used 1610 MB), Allocate result buffer, memory consumption 24 MB, capacity 3221977
[LIBGPUSPATIAL] [ 12094][17:59:44:388776][info  ] RTSpatialIndex 0x7ab6f000a800 (Used 1634 MB), Probe Rectangles, Size: 27195, Results: 3221977
[LIBGPUSPATIAL] [ 12094][17:59:44:428676][info  ] RTSpatialRefiner 0x7ab6f3d2aac0 (Used 1735 MB), Loaded Geometries, ProbeArray 27195, Loaded 5853, Type MultiPolygon
[LIBGPUSPATIAL] [ 12094][17:59:44:429824][info  ] RTSpatialRefiner 0x7ab6f3d2aac0 (Used 1748 MB), Evaluating 3221977 Geometry Pairs with Predicate Within
[LIBGPUSPATIAL] [ 12094][17:59:44:430659][info  ] Unique multi-polygons 5853, memory quota 119 MB, estimated BVH size 28 MB, n_batches 1
[LIBGPUSPATIAL] [ 12094][17:59:44:431316][info  ] PIP(Used 1770 MB), Batch 0
[LIBGPUSPATIAL] [ 12093][17:59:44:517641][info  ] RTSpatialIndex 0x7ab6f000a800 (Used 1610 MB), Allocate result buffer, memory consumption 28 MB, capacity 3723830
[LIBGPUSPATIAL] [ 12093][17:59:44:531961][info  ] RTSpatialIndex 0x7ab6f000a800 (Used 1638 MB), Probe Rectangles, Size: 27195, Results: 3723830
[LIBGPUSPATIAL] [ 12093][17:59:44:555893][info  ] RTSpatialRefiner 0x7ab6f3d2aac0 (Used 1741 MB), Loaded Geometries, ProbeArray 27195, Loaded 5834, Type MultiPolygon
[LIBGPUSPATIAL] [ 12093][17:59:44:557133][info  ] RTSpatialRefiner 0x7ab6f3d2aac0 (Used 1755 MB), Evaluating 3723830 Geometry Pairs with Predicate Within
[LIBGPUSPATIAL] [ 12093][17:59:44:557745][info  ] Unique multi-polygons 5834, memory quota 119 MB, estimated BVH size 28 MB, n_batches 1
[LIBGPUSPATIAL] [ 12093][17:59:44:558168][info  ] PIP(Used 1779 MB), Batch 0
[LIBGPUSPATIAL] [ 12097][17:59:44:676081][info  ] RTSpatialIndex 0x7ab6f000a800 (Used 1609 MB), Allocate result buffer, memory consumption 0 MB, capacity 72722
[LIBGPUSPATIAL] [ 12097][17:59:44:677808][info  ] RTSpatialIndex 0x7ab6f000a800 (Used 1609 MB), Probe Rectangles, Size: 2448, Results: 72722
[LIBGPUSPATIAL] [ 12097][17:59:44:681229][info  ] RTSpatialRefiner 0x7ab6f3d2aac0 (Used 1616 MB), Loaded Geometries, ProbeArray 2448, Loaded 527, Type MultiPolygon
[LIBGPUSPATIAL] [ 12097][17:59:44:681364][info  ] RTSpatialRefiner 0x7ab6f3d2aac0 (Used 1616 MB), Evaluating 72722 Geometry Pairs with Predicate Within
[LIBGPUSPATIAL] [ 12097][17:59:44:681669][info  ] Unique multi-polygons 527, memory quota 120 MB, estimated BVH size 2 MB, n_batches 1
[LIBGPUSPATIAL] [ 12097][17:59:44:682042][info  ] PIP(Used 1617 MB), Batch 0
[LIBGPUSPATIAL] [ 12092][17:59:44:716191][info  ] RTSpatialIndex 0x7ab6f000a800 (Used 1609 MB), Allocate result buffer, memory consumption 0 MB, capacity 86567
[LIBGPUSPATIAL] [ 12092][17:59:44:718642][info  ] RTSpatialIndex 0x7ab6f000a800 (Used 1609 MB), Probe Rectangles, Size: 2448, Results: 86567
[LIBGPUSPATIAL] [ 12092][17:59:44:721829][info  ] RTSpatialRefiner 0x7ab6f3d2aac0 (Used 1620 MB), Loaded Geometries, ProbeArray 2448, Loaded 510, Type MultiPolygon
[LIBGPUSPATIAL] [ 12092][17:59:44:721927][info  ] RTSpatialRefiner 0x7ab6f3d2aac0 (Used 1621 MB), Evaluating 86567 Geometry Pairs with Predicate Within
[LIBGPUSPATIAL] [ 12092][17:59:44:722157][info  ] Unique multi-polygons 510, memory quota 120 MB, estimated BVH size 3 MB, n_batches 1
[LIBGPUSPATIAL] [ 12092][17:59:44:722439][info  ] PIP(Used 1622 MB), Batch 0
[LIBGPUSPATIAL] [ 12096][17:59:44:726345][info  ] RTSpatialIndex 0x7ab6f000a800 (Used 1610 MB), Allocate result buffer, memory consumption 27 MB, capacity 3593158
[LIBGPUSPATIAL] [ 12096][17:59:44:740306][info  ] RTSpatialIndex 0x7ab6f000a800 (Used 1637 MB), Probe Rectangles, Size: 27195, Results: 3593158
[LIBGPUSPATIAL] [ 12096][17:59:44:768062][info  ] RTSpatialRefiner 0x7ab6f3d2aac0 (Used 1743 MB), Loaded Geometries, ProbeArray 27195, Loaded 5700, Type MultiPolygon
[LIBGPUSPATIAL] [ 12096][17:59:44:769271][info  ] RTSpatialRefiner 0x7ab6f3d2aac0 (Used 1757 MB), Evaluating 3593158 Geometry Pairs with Predicate Within
[LIBGPUSPATIAL] [ 12096][17:59:44:769940][info  ] Unique multi-polygons 5700, memory quota 119 MB, estimated BVH size 29 MB, n_batches 1
[LIBGPUSPATIAL] [ 12096][17:59:44:770402][info  ] PIP(Used 1782 MB), Batch 0
[LIBGPUSPATIAL] [ 12095][17:59:44:944080][info  ] RTSpatialIndex 0x7ab6f000a800 (Used 1609 MB), Allocate result buffer, memory consumption 0 MB, capacity 77342
[LIBGPUSPATIAL] [ 12095][17:59:44:945768][info  ] RTSpatialIndex 0x7ab6f000a800 (Used 1609 MB), Probe Rectangles, Size: 2449, Results: 77342
[LIBGPUSPATIAL] [ 12095][17:59:44:948321][info  ] RTSpatialRefiner 0x7ab6f3d2aac0 (Used 1617 MB), Loaded Geometries, ProbeArray 2449, Loaded 512, Type MultiPolygon
[LIBGPUSPATIAL] [ 12095][17:59:44:948387][info  ] RTSpatialRefiner 0x7ab6f3d2aac0 (Used 1617 MB), Evaluating 77342 Geometry Pairs with Predicate Within
[LIBGPUSPATIAL] [ 12095][17:59:44:948630][info  ] Unique multi-polygons 512, memory quota 120 MB, estimated BVH size 2 MB, n_batches 1
[LIBGPUSPATIAL] [ 12095][17:59:44:948910][info  ] PIP(Used 1618 MB), Batch 0
[LIBGPUSPATIAL] [ 12094][17:59:45:224817][info  ] RTSpatialIndex 0x7ab6f000a800 (Used 1609 MB), Allocate result buffer, memory consumption 0 MB, capacity 114178
[LIBGPUSPATIAL] [ 12094][17:59:45:226637][info  ] RTSpatialIndex 0x7ab6f000a800 (Used 1609 MB), Probe Rectangles, Size: 2449, Results: 114178
[LIBGPUSPATIAL] [ 12094][17:59:45:228714][info  ] RTSpatialRefiner 0x7ab6f3d2aac0 (Used 1618 MB), Loaded Geometries, ProbeArray 2449, Loaded 543, Type MultiPolygon
[LIBGPUSPATIAL] [ 12094][17:59:45:228795][info  ] RTSpatialRefiner 0x7ab6f3d2aac0 (Used 1618 MB), Evaluating 114178 Geometry Pairs with Predicate Within
[LIBGPUSPATIAL] [ 12094][17:59:45:229028][info  ] Unique multi-polygons 543, memory quota 120 MB, estimated BVH size 2 MB, n_batches 1
[LIBGPUSPATIAL] [ 12094][17:59:45:229294][info  ] PIP(Used 1619 MB), Batch 0
[LIBGPUSPATIAL] [ 12096][17:59:45:265068][info  ] RTSpatialIndex 0x7ab6f000a800 (Used 1609 MB), Allocate result buffer, memory consumption 0 MB, capacity 62652
[LIBGPUSPATIAL] [ 12096][17:59:45:266639][info  ] RTSpatialIndex 0x7ab6f000a800 (Used 1609 MB), Probe Rectangles, Size: 2449, Results: 62652
[LIBGPUSPATIAL] [ 12096][17:59:45:268715][info  ] RTSpatialRefiner 0x7ab6f3d2aac0 (Used 1616 MB), Loaded Geometries, ProbeArray 2449, Loaded 507, Type MultiPolygon
[LIBGPUSPATIAL] [ 12096][17:59:45:268783][info  ] RTSpatialRefiner 0x7ab6f3d2aac0 (Used 1617 MB), Evaluating 62652 Geometry Pairs with Predicate Within
[LIBGPUSPATIAL] [ 12096][17:59:45:269003][info  ] Unique multi-polygons 507, memory quota 120 MB, estimated BVH size 2 MB, n_batches 1
[LIBGPUSPATIAL] [ 12096][17:59:45:269273][info  ] PIP(Used 1618 MB), Batch 0
[LIBGPUSPATIAL] [ 12093][17:59:45:343279][info  ] RTSpatialIndex 0x7ab6f000a800 (Used 1609 MB), Allocate result buffer, memory consumption 1 MB, capacity 242572
[LIBGPUSPATIAL] [ 12093][17:59:45:345237][info  ] RTSpatialIndex 0x7ab6f000a800 (Used 1610 MB), Probe Rectangles, Size: 2449, Results: 242572
[LIBGPUSPATIAL] [ 12093][17:59:45:347827][info  ] RTSpatialRefiner 0x7ab6f3d2aac0 (Used 1621 MB), Loaded Geometries, ProbeArray 2449, Loaded 529, Type MultiPolygon
[LIBGPUSPATIAL] [ 12093][17:59:45:347957][info  ] RTSpatialRefiner 0x7ab6f3d2aac0 (Used 1622 MB), Evaluating 242572 Geometry Pairs with Predicate Within
[LIBGPUSPATIAL] [ 12093][17:59:45:348371][info  ] Unique multi-polygons 529, memory quota 120 MB, estimated BVH size 3 MB, n_batches 1
[LIBGPUSPATIAL] [ 12093][17:59:45:348806][info  ] PIP(Used 1625 MB), Batch 0
[LIBGPUSPATIAL] [ 12098][17:59:45:625128][info  ] RTSpatialIndex 0x7ab6f000a800 (Used 1609 MB), Allocate result buffer, memory consumption 0 MB, capacity 109608
[LIBGPUSPATIAL] [ 12098][17:59:45:627148][info  ] RTSpatialIndex 0x7ab6f000a800 (Used 1609 MB), Probe Rectangles, Size: 2449, Results: 109608
[LIBGPUSPATIAL] [ 12098][17:59:45:628927][info  ] RTSpatialRefiner 0x7ab6f3d2aac0 (Used 1617 MB), Loaded Geometries, ProbeArray 2449, Loaded 487, Type MultiPolygon
[LIBGPUSPATIAL] [ 12098][17:59:45:628995][info  ] RTSpatialRefiner 0x7ab6f3d2aac0 (Used 1617 MB), Evaluating 109608 Geometry Pairs with Predicate Within
[LIBGPUSPATIAL] [ 12098][17:59:45:629284][info  ] Unique multi-polygons 487, memory quota 120 MB, estimated BVH size 2 MB, n_batches 1
[LIBGPUSPATIAL] [ 12098][17:59:45:629614][info  ] PIP(Used 1619 MB), Batch 0
9.56s (1 rows)

================================================================================
BENCHMARK SUMMARY
================================================================================
Query     sedonadb_gpu   
-------------------------
q11       9.56s          
-------------------------
Total     9.56s         

Results saved to results_mem_SF_10/sedonadb_gpu_q11_results.json
