Data paths:
  building: benchmark-data-sf10/building
  customer: benchmark-data-sf10/customer
  driver: benchmark-data-sf10/driver
  trip: benchmark-data-sf10/trip
  vehicle: benchmark-data-sf10/vehicle
  zone: benchmark-data-sf10/zone

============================================================
Running Sedonadb Gpu Benchmark
============================================================
Sedonadb Gpu version: 0.3.0
  Running q11... [LIBGPUSPATIAL] [ 11618][17:59:11:898808][info  ] Initializing GpuSpatialRuntime on device 0, PTX root /mnt/data/sedona-db/target/release/build/sedona-libgpuspatial-49614f8a870dbe66/out/share/gpuspatial/shaders
[LIBGPUSPATIAL] [ 11618][17:59:12:057234][info  ] Init Memory Manager
[LIBGPUSPATIAL] [ 11618][17:59:12:057408][info  ] Creating RMM pool memory resource with size 22511 MB
[LIBGPUSPATIAL] [ 11618][17:59:12:101906][info  ] Initialize RTEngine
[LIBGPUSPATIAL] [ 11618][17:59:12:240945][info  ] Create RTSpatialIndex 0x7e4ac000a800, fast_build = 0, compact = 0, concurrency = 8
[LIBGPUSPATIAL] [ 11618][17:59:12:243798][info  ] Create RTSpatialRefiner 0x7e4ac3d2a0f0, fast_build = 0, compact = 0, parsing_threads = 8, concurrency = 8, pipeline_batches = 1, wkb_parser_memory_quota = 0.80, relate_engine_memory_quota = 0.04
[LIBGPUSPATIAL] [ 11618][17:59:12:776561][info  ] RTSpatialRefiner 0x7e4ac3d2a0f0 (Used 1946 MB), FinishBuilding Refiner, Total geoms: 454710
[LIBGPUSPATIAL] [ 11618][17:59:12:776603][info  ] RTSpatialIndex 0x7e4ac000a800 (Used 1946 MB), PushBuild, Rectangles 454710
[LIBGPUSPATIAL] [ 11618][17:59:12:778459][info  ] RTSpatialIndex 0x7e4ac000a800 (Used 1980 MB), FinishBuilding Index on Rectangles, Total geoms: 454710
[LIBGPUSPATIAL] [ 11614][17:59:13:030601][info  ] RTSpatialIndex 0x7e4ac000a800 (Used 1980 MB), Allocate result buffer, memory consumption 12 MB, capacity 1646306
[LIBGPUSPATIAL] [ 11614][17:59:13:042257][info  ] RTSpatialIndex 0x7e4ac000a800 (Used 2043 MB), Probe Points, Size: 1333333, Results: 1646306
[LIBGPUSPATIAL] [ 11618][17:59:13:045351][info  ] RTSpatialIndex 0x7e4ac000a800 (Used 2041 MB), Allocate result buffer, memory consumption 12 MB, capacity 1646781
[LIBGPUSPATIAL] [ 11619][17:59:13:046479][info  ] RTSpatialIndex 0x7e4ac000a800 (Used 2023 MB), Allocate result buffer, memory consumption 12 MB, capacity 1648934
[LIBGPUSPATIAL] [ 11617][17:59:13:046717][info  ] RTSpatialIndex 0x7e4ac000a800 (Used 2029 MB), Allocate result buffer, memory consumption 12 MB, capacity 1645951
[LIBGPUSPATIAL] [ 11616][17:59:13:047001][info  ] RTSpatialIndex 0x7e4ac000a800 (Used 2048 MB), Allocate result buffer, memory consumption 12 MB, capacity 1644220
[LIBGPUSPATIAL] [ 11618][17:59:13:057347][info  ] RTSpatialIndex 0x7e4ac000a800 (Used 2079 MB), Probe Points, Size: 1333333, Results: 1646781
[LIBGPUSPATIAL] [ 11619][17:59:13:061467][info  ] RTSpatialIndex 0x7e4ac000a800 (Used 2073 MB), Probe Points, Size: 1333333, Results: 1648934
[LIBGPUSPATIAL] [ 11617][17:59:13:062918][info  ] RTSpatialIndex 0x7e4ac000a800 (Used 2063 MB), Probe Points, Size: 1333333, Results: 1645951
[LIBGPUSPATIAL] [ 11616][17:59:13:064283][info  ] RTSpatialIndex 0x7e4ac000a800 (Used 2034 MB), Probe Points, Size: 1333333, Results: 1644220
[LIBGPUSPATIAL] [ 11614][17:59:13:088537][info  ] RTSpatialRefiner 0x7e4ac3d2a0f0 (Used 2161 MB), Loaded Geometries, ProbeArray 1333333, Loaded 839769, Type Point
[LIBGPUSPATIAL] [ 11621][17:59:13:088766][info  ] RTSpatialIndex 0x7e4ac000a800 (Used 2168 MB), Allocate result buffer, memory consumption 12 MB, capacity 1647885
[LIBGPUSPATIAL] [ 11614][17:59:13:089296][info  ] RTSpatialRefiner 0x7e4ac3d2a0f0 (Used 2174 MB), Evaluating 1646306 Geometry Pairs with Predicate Contains
[LIBGPUSPATIAL] [ 11615][17:59:13:089613][info  ] RTSpatialIndex 0x7e4ac000a800 (Used 2193 MB), Allocate result buffer, memory consumption 12 MB, capacity 1646756
[LIBGPUSPATIAL] [ 11620][17:59:13:091274][info  ] RTSpatialIndex 0x7e4ac000a800 (Used 2222 MB), Allocate result buffer, memory consumption 12 MB, capacity 1645337
[LIBGPUSPATIAL] [ 11620][17:59:13:104289][info  ] RTSpatialIndex 0x7e4ac000a800 (Used 2235 MB), Probe Points, Size: 1333333, Results: 1645337
[LIBGPUSPATIAL] [ 11621][17:59:13:104977][info  ] RTSpatialIndex 0x7e4ac000a800 (Used 2225 MB), Probe Points, Size: 1333333, Results: 1647885
[LIBGPUSPATIAL] [ 11615][17:59:13:105666][info  ] RTSpatialIndex 0x7e4ac000a800 (Used 2212 MB), Probe Points, Size: 1333333, Results: 1646756
[LIBGPUSPATIAL] [ 11618][17:59:13:111468][info  ] RTSpatialRefiner 0x7e4ac3d2a0f0 (Used 2173 MB), Loaded Geometries, ProbeArray 1333333, Loaded 840316, Type Point
[LIBGPUSPATIAL] [ 11617][17:59:13:115330][info  ] RTSpatialRefiner 0x7e4ac3d2a0f0 (Used 2179 MB), Loaded Geometries, ProbeArray 1333333, Loaded 839464, Type Point
[LIBGPUSPATIAL] [ 11618][17:59:13:119062][info  ] RTSpatialRefiner 0x7e4ac3d2a0f0 (Used 2204 MB), Evaluating 1646781 Geometry Pairs with Predicate Contains
[LIBGPUSPATIAL] [ 11617][17:59:13:120424][info  ] RTSpatialRefiner 0x7e4ac3d2a0f0 (Used 2249 MB), Evaluating 1645951 Geometry Pairs with Predicate Contains
[LIBGPUSPATIAL] [ 11619][17:59:13:120978][info  ] RTSpatialRefiner 0x7e4ac3d2a0f0 (Used 2261 MB), Loaded Geometries, ProbeArray 1333333, Loaded 840623, Type Point
[LIBGPUSPATIAL] [ 11619][17:59:13:121503][info  ] RTSpatialRefiner 0x7e4ac3d2a0f0 (Used 2268 MB), Evaluating 1648934 Geometry Pairs with Predicate Contains
[LIBGPUSPATIAL] [ 11616][17:59:13:123872][info  ] RTSpatialRefiner 0x7e4ac3d2a0f0 (Used 2280 MB), Loaded Geometries, ProbeArray 1333333, Loaded 838626, Type Point
[LIBGPUSPATIAL] [ 11616][17:59:13:124402][info  ] RTSpatialRefiner 0x7e4ac3d2a0f0 (Used 2287 MB), Evaluating 1644220 Geometry Pairs with Predicate Contains
[LIBGPUSPATIAL] [ 11617][17:59:13:127767][info  ] Unique multi-polygons 27959, memory quota 93 MB, estimated BVH size 306 MB, n_batches 4
[LIBGPUSPATIAL] [ 11619][17:59:13:127778][info  ] Unique multi-polygons 27961, memory quota 93 MB, estimated BVH size 306 MB, n_batches 4
[LIBGPUSPATIAL] [ 11614][17:59:13:127790][info  ] Unique multi-polygons 27923, memory quota 93 MB, estimated BVH size 306 MB, n_batches 4
[LIBGPUSPATIAL] [ 11616][17:59:13:127796][info  ] Unique multi-polygons 28027, memory quota 93 MB, estimated BVH size 306 MB, n_batches 4
[LIBGPUSPATIAL] [ 11618][17:59:13:127805][info  ] Unique multi-polygons 27800, memory quota 93 MB, estimated BVH size 306 MB, n_batches 4
[LIBGPUSPATIAL] [ 11619][17:59:13:128576][info  ] PIP(Used 2552 MB), Batch 0
[LIBGPUSPATIAL] [ 11618][17:59:13:128628][info  ] PIP(Used 2537 MB), Batch 0
[LIBGPUSPATIAL] [ 11616][17:59:13:128683][info  ] PIP(Used 2463 MB), Batch 0
[LIBGPUSPATIAL] [ 11614][17:59:13:128734][info  ] PIP(Used 2448 MB), Batch 0
[LIBGPUSPATIAL] [ 11617][17:59:13:128883][info  ] PIP(Used 2394 MB), Batch 0
[LIBGPUSPATIAL] [ 11617][17:59:13:147808][info  ] PIP(Used 2314 MB), Batch 1
[LIBGPUSPATIAL] [ 11618][17:59:13:148443][info  ] PIP(Used 2314 MB), Batch 1
[LIBGPUSPATIAL] [ 11614][17:59:13:149954][info  ] PIP(Used 2314 MB), Batch 1
[LIBGPUSPATIAL] [ 11616][17:59:13:154794][info  ] PIP(Used 2314 MB), Batch 1
[LIBGPUSPATIAL] [ 11615][17:59:13:159829][info  ] RTSpatialRefiner 0x7e4ac3d2a0f0 (Used 2294 MB), Loaded Geometries, ProbeArray 1333333, Loaded 840229, Type Point
[LIBGPUSPATIAL] [ 11615][17:59:13:179001][info  ] RTSpatialRefiner 0x7e4ac3d2a0f0 (Used 2519 MB), Evaluating 1646756 Geometry Pairs with Predicate Contains
[LIBGPUSPATIAL] [ 11615][17:59:13:179913][info  ] Unique multi-polygons 27757, memory quota 91 MB, estimated BVH size 303 MB, n_batches 4
[LIBGPUSPATIAL] [ 11621][17:59:13:180421][info  ] RTSpatialRefiner 0x7e4ac3d2a0f0 (Used 2521 MB), Loaded Geometries, ProbeArray 1333333, Loaded 839762, Type Point
[LIBGPUSPATIAL] [ 11619][17:59:13:180513][info  ] PIP(Used 2490 MB), Batch 1
[LIBGPUSPATIAL] [ 11621][17:59:13:181009][info  ] RTSpatialRefiner 0x7e4ac3d2a0f0 (Used 2490 MB), Evaluating 1647885 Geometry Pairs with Predicate Contains
[LIBGPUSPATIAL] [ 11617][17:59:13:181386][info  ] PIP(Used 2528 MB), Batch 2
[LIBGPUSPATIAL] [ 11618][17:59:13:183074][info  ] PIP(Used 2470 MB), Batch 2
[LIBGPUSPATIAL] [ 11620][17:59:13:183448][info  ] RTSpatialRefiner 0x7e4ac3d2a0f0 (Used 2421 MB), Loaded Geometries, ProbeArray 1333333, Loaded 839184, Type Point
[LIBGPUSPATIAL] [ 11621][17:59:13:186831][info  ] Unique multi-polygons 27972, memory quota 92 MB, estimated BVH size 305 MB, n_batches 4
[LIBGPUSPATIAL] [ 11620][17:59:13:193507][info  ] RTSpatialRefiner 0x7e4ac3d2a0f0 (Used 2685 MB), Evaluating 1645337 Geometry Pairs with Predicate Contains
[LIBGPUSPATIAL] [ 11615][17:59:13:193550][info  ] PIP(Used 2644 MB), Batch 0
[LIBGPUSPATIAL] [ 11621][17:59:13:197027][info  ] PIP(Used 2524 MB), Batch 0
[LIBGPUSPATIAL] [ 11614][17:59:13:197080][info  ] PIP(Used 2473 MB), Batch 2
[LIBGPUSPATIAL] [ 11618][17:59:13:197146][info  ] PIP(Used 2414 MB), Batch 3
[LIBGPUSPATIAL] [ 11616][17:59:13:206501][info  ] PIP(Used 2344 MB), Batch 2
[LIBGPUSPATIAL] [ 11620][17:59:13:214376][info  ] Unique multi-polygons 28133, memory quota 92 MB, estimated BVH size 306 MB, n_batches 4
[LIBGPUSPATIAL] [ 11614][17:59:13:215031][info  ] PIP(Used 2652 MB), Batch 3
[LIBGPUSPATIAL] [ 11617][17:59:13:215037][info  ] PIP(Used 2652 MB), Batch 3
[LIBGPUSPATIAL] [ 11621][17:59:13:215180][info  ] PIP(Used 2675 MB), Batch 1
[LIBGPUSPATIAL] [ 11615][17:59:13:215233][info  ] PIP(Used 2638 MB), Batch 1
[LIBGPUSPATIAL] [ 11620][17:59:13:215541][info  ] PIP(Used 2474 MB), Batch 0
[LIBGPUSPATIAL] [ 11616][17:59:13:216949][info  ] PIP(Used 2384 MB), Batch 3
[LIBGPUSPATIAL] [ 11619][17:59:13:217377][info  ] PIP(Used 2298 MB), Batch 2
[LIBGPUSPATIAL] [ 11619][17:59:13:244814][info  ] PIP(Used 2176 MB), Batch 3
[LIBGPUSPATIAL] [ 11620][17:59:13:247512][info  ] PIP(Used 2162 MB), Batch 1
[LIBGPUSPATIAL] [ 11621][17:59:13:258949][info  ] PIP(Used 2157 MB), Batch 2
[LIBGPUSPATIAL] [ 11615][17:59:13:258953][info  ] PIP(Used 2157 MB), Batch 2
[LIBGPUSPATIAL] [ 11615][17:59:13:266289][info  ] PIP(Used 2132 MB), Batch 3
[LIBGPUSPATIAL] [ 11620][17:59:13:272184][info  ] PIP(Used 2127 MB), Batch 2
[LIBGPUSPATIAL] [ 11621][17:59:13:277236][info  ] PIP(Used 2131 MB), Batch 3
[LIBGPUSPATIAL] [ 11620][17:59:13:282648][info  ] PIP(Used 2130 MB), Batch 3
[LIBGPUSPATIAL] [ 11618][17:59:13:639026][info  ] RTSpatialIndex 0x7e4ac000a800 (Used 1980 MB), Allocate result buffer, memory consumption 12 MB, capacity 1646511
[LIBGPUSPATIAL] [ 11618][17:59:13:643708][info  ] RTSpatialIndex 0x7e4ac000a800 (Used 1992 MB), Probe Points, Size: 1333333, Results: 1646511
[LIBGPUSPATIAL] [ 11616][17:59:13:658131][info  ] RTSpatialIndex 0x7e4ac000a800 (Used 2015 MB), Allocate result buffer, memory consumption 12 MB, capacity 1647532
[LIBGPUSPATIAL] [ 11616][17:59:13:660816][info  ] RTSpatialIndex 0x7e4ac000a800 (Used 2028 MB), Probe Points, Size: 1333333, Results: 1647532
[LIBGPUSPATIAL] [ 11618][17:59:13:679678][info  ] RTSpatialRefiner 0x7e4ac3d2a0f0 (Used 2041 MB), Loaded Geometries, ProbeArray 1333333, Loaded 839963, Type Point
[LIBGPUSPATIAL] [ 11618][17:59:13:680811][info  ] RTSpatialRefiner 0x7e4ac3d2a0f0 (Used 2047 MB), Evaluating 1646511 Geometry Pairs with Predicate Contains
[LIBGPUSPATIAL] [ 11618][17:59:13:682583][info  ] Unique multi-polygons 27657, memory quota 94 MB, estimated BVH size 304 MB, n_batches 4
[LIBGPUSPATIAL] [ 11614][17:59:13:686937][info  ] RTSpatialIndex 0x7e4ac000a800 (Used 2142 MB), Allocate result buffer, memory consumption 12 MB, capacity 1647434
[LIBGPUSPATIAL] [ 11618][17:59:13:687065][info  ] PIP(Used 2089 MB), Batch 0
[LIBGPUSPATIAL] [ 11618][17:59:13:692362][info  ] PIP(Used 2092 MB), Batch 1
[LIBGPUSPATIAL] [ 11616][17:59:13:696980][info  ] RTSpatialRefiner 0x7e4ac3d2a0f0 (Used 2092 MB), Loaded Geometries, ProbeArray 1333333, Loaded 840142, Type Point
[LIBGPUSPATIAL] [ 11616][17:59:13:698220][info  ] RTSpatialRefiner 0x7e4ac3d2a0f0 (Used 2098 MB), Evaluating 1647532 Geometry Pairs with Predicate Contains
[LIBGPUSPATIAL] [ 11616][17:59:13:700695][info  ] Unique multi-polygons 27830, memory quota 93 MB, estimated BVH size 304 MB, n_batches 4
[LIBGPUSPATIAL] [ 11614][17:59:13:701162][info  ] RTSpatialIndex 0x7e4ac000a800 (Used 2110 MB), Probe Points, Size: 1333333, Results: 1647434
[LIBGPUSPATIAL] [ 11617][17:59:13:718004][info  ] RTSpatialIndex 0x7e4ac000a800 (Used 2126 MB), Allocate result buffer, memory consumption 12 MB, capacity 1646922
[LIBGPUSPATIAL] [ 11619][17:59:13:718205][info  ] RTSpatialIndex 0x7e4ac000a800 (Used 2254 MB), Allocate result buffer, memory consumption 12 MB, capacity 1650372
[LIBGPUSPATIAL] [ 11618][17:59:13:721633][info  ] PIP(Used 2221 MB), Batch 2
[LIBGPUSPATIAL] [ 11617][17:59:13:724001][info  ] RTSpatialIndex 0x7e4ac000a800 (Used 2205 MB), Probe Points, Size: 1333333, Results: 1646922
[LIBGPUSPATIAL] [ 11616][17:59:13:725414][info  ] PIP(Used 2128 MB), Batch 0
[LIBGPUSPATIAL] [ 11619][17:59:13:736514][info  ] RTSpatialIndex 0x7e4ac000a800 (Used 2303 MB), Probe Points, Size: 1333333, Results: 1650372
[LIBGPUSPATIAL] [ 11621][17:59:13:741412][info  ] RTSpatialIndex 0x7e4ac000a800 (Used 2289 MB), Allocate result buffer, memory consumption 12 MB, capacity 1647217
[LIBGPUSPATIAL] [ 11616][17:59:13:742049][info  ] PIP(Used 2264 MB), Batch 1
[LIBGPUSPATIAL] [ 11621][17:59:13:743880][info  ] RTSpatialIndex 0x7e4ac000a800 (Used 2244 MB), Probe Points, Size: 1333333, Results: 1647217
[LIBGPUSPATIAL] [ 11618][17:59:13:744919][info  ] PIP(Used 2162 MB), Batch 3
[LIBGPUSPATIAL] [ 11614][17:59:13:767339][info  ] RTSpatialRefiner 0x7e4ac3d2a0f0 (Used 2217 MB), Loaded Geometries, ProbeArray 1333333, Loaded 839980, Type Point
[LIBGPUSPATIAL] [ 11614][17:59:13:768009][info  ] RTSpatialRefiner 0x7e4ac3d2a0f0 (Used 2223 MB), Evaluating 1647434 Geometry Pairs with Predicate Contains
[LIBGPUSPATIAL] [ 11614][17:59:13:768769][info  ] Unique multi-polygons 28078, memory quota 93 MB, estimated BVH size 304 MB, n_batches 4
[LIBGPUSPATIAL] [ 11619][17:59:13:770172][info  ] RTSpatialRefiner 0x7e4ac3d2a0f0 (Used 2320 MB), Loaded Geometries, ProbeArray 1333333, Loaded 841526, Type Point
[LIBGPUSPATIAL] [ 11617][17:59:13:771959][info  ] RTSpatialRefiner 0x7e4ac3d2a0f0 (Used 2326 MB), Loaded Geometries, ProbeArray 1333333, Loaded 839419, Type Point
[LIBGPUSPATIAL] [ 11619][17:59:13:772461][info  ] RTSpatialRefiner 0x7e4ac3d2a0f0 (Used 2333 MB), Evaluating 1650372 Geometry Pairs with Predicate Contains
[LIBGPUSPATIAL] [ 11619][17:59:13:773837][info  ] Unique multi-polygons 28128, memory quota 92 MB, estimated BVH size 306 MB, n_batches 4
[LIBGPUSPATIAL] [ 11617][17:59:13:773913][info  ] RTSpatialRefiner 0x7e4ac3d2a0f0 (Used 2334 MB), Evaluating 1646922 Geometry Pairs with Predicate Contains
[LIBGPUSPATIAL] [ 11616][17:59:13:774407][info  ] PIP(Used 2289 MB), Batch 2
[LIBGPUSPATIAL] [ 11614][17:59:13:774510][info  ] PIP(Used 2235 MB), Batch 0
[LIBGPUSPATIAL] [ 11615][17:59:13:779607][info  ] RTSpatialIndex 0x7e4ac000a800 (Used 2224 MB), Allocate result buffer, memory consumption 12 MB, capacity 1647944
[LIBGPUSPATIAL] [ 11617][17:59:13:784808][info  ] Unique multi-polygons 27979, memory quota 92 MB, estimated BVH size 303 MB, n_batches 4
[LIBGPUSPATIAL] [ 11619][17:59:13:790202][info  ] PIP(Used 2474 MB), Batch 0
[LIBGPUSPATIAL] [ 11616][17:59:13:792031][info  ] PIP(Used 2415 MB), Batch 3
[LIBGPUSPATIAL] [ 11617][17:59:13:792161][info  ] PIP(Used 2361 MB), Batch 0
[LIBGPUSPATIAL] [ 11621][17:59:13:792232][info  ] RTSpatialRefiner 0x7e4ac3d2a0f0 (Used 2361 MB), Loaded Geometries, ProbeArray 1333333, Loaded 839385, Type Point
[LIBGPUSPATIAL] [ 11621][17:59:13:794137][info  ] RTSpatialRefiner 0x7e4ac3d2a0f0 (Used 2368 MB), Evaluating 1647217 Geometry Pairs with Predicate Contains
[LIBGPUSPATIAL] [ 11620][17:59:13:800964][info  ] RTSpatialIndex 0x7e4ac000a800 (Used 2308 MB), Allocate result buffer, memory consumption 12 MB, capacity 1648531
[LIBGPUSPATIAL] [ 11621][17:59:13:801367][info  ] Unique multi-polygons 28033, memory quota 92 MB, estimated BVH size 306 MB, n_batches 4
[LIBGPUSPATIAL] [ 11615][17:59:13:801374][info  ] RTSpatialIndex 0x7e4ac000a800 (Used 2326 MB), Probe Points, Size: 1333333, Results: 1647944
[LIBGPUSPATIAL] [ 11614][17:59:13:801556][info  ] PIP(Used 2282 MB), Batch 1
[LIBGPUSPATIAL] [ 11619][17:59:13:801859][info  ] PIP(Used 2286 MB), Batch 1
[LIBGPUSPATIAL] [ 11617][17:59:13:801901][info  ] PIP(Used 2249 MB), Batch 1
[LIBGPUSPATIAL] [ 11620][17:59:13:832620][info  ] RTSpatialIndex 0x7e4ac000a800 (Used 2351 MB), Probe Points, Size: 1333333, Results: 1648531
[LIBGPUSPATIAL] [ 11621][17:59:13:832781][info  ] PIP(Used 2274 MB), Batch 0
[LIBGPUSPATIAL] [ 11614][17:59:13:832951][info  ] PIP(Used 2221 MB), Batch 2
[LIBGPUSPATIAL] [ 11617][17:59:13:859207][info  ] PIP(Used 2249 MB), Batch 2
[LIBGPUSPATIAL] [ 11619][17:59:13:859209][info  ] PIP(Used 2249 MB), Batch 2
[LIBGPUSPATIAL] [ 11615][17:59:13:863149][info  ] RTSpatialRefiner 0x7e4ac3d2a0f0 (Used 2198 MB), Loaded Geometries, ProbeArray 1333333, Loaded 839691, Type Point
[LIBGPUSPATIAL] [ 11615][17:59:13:863724][info  ] RTSpatialRefiner 0x7e4ac3d2a0f0 (Used 2204 MB), Evaluating 1647944 Geometry Pairs with Predicate Contains
[LIBGPUSPATIAL] [ 11614][17:59:13:868299][info  ] PIP(Used 2325 MB), Batch 3
[LIBGPUSPATIAL] [ 11615][17:59:13:868314][info  ] Unique multi-polygons 28031, memory quota 92 MB, estimated BVH size 305 MB, n_batches 4
[LIBGPUSPATIAL] [ 11621][17:59:13:868411][info  ] PIP(Used 2290 MB), Batch 1
[LIBGPUSPATIAL] [ 11617][17:59:13:868697][info  ] PIP(Used 2254 MB), Batch 3
[LIBGPUSPATIAL] [ 11615][17:59:13:868966][info  ] PIP(Used 2250 MB), Batch 0
[LIBGPUSPATIAL] [ 11619][17:59:13:871497][info  ] PIP(Used 2253 MB), Batch 3
[LIBGPUSPATIAL] [ 11620][17:59:13:886669][info  ] RTSpatialRefiner 0x7e4ac3d2a0f0 (Used 2218 MB), Loaded Geometries, ProbeArray 1333333, Loaded 841222, Type Point
[LIBGPUSPATIAL] [ 11620][17:59:13:887308][info  ] RTSpatialRefiner 0x7e4ac3d2a0f0 (Used 2225 MB), Evaluating 1648531 Geometry Pairs with Predicate Contains
[LIBGPUSPATIAL] [ 11620][17:59:13:888698][info  ] Unique multi-polygons 27847, memory quota 93 MB, estimated BVH size 308 MB, n_batches 4
[LIBGPUSPATIAL] [ 11615][17:59:13:889485][info  ] PIP(Used 2193 MB), Batch 1
[LIBGPUSPATIAL] [ 11620][17:59:13:889518][info  ] PIP(Used 2193 MB), Batch 0
[LIBGPUSPATIAL] [ 11621][17:59:13:899292][info  ] PIP(Used 2129 MB), Batch 2
[LIBGPUSPATIAL] [ 11620][17:59:13:904939][info  ] PIP(Used 2121 MB), Batch 1
[LIBGPUSPATIAL] [ 11621][17:59:13:909543][info  ] PIP(Used 2133 MB), Batch 3
[LIBGPUSPATIAL] [ 11615][17:59:13:916315][info  ] PIP(Used 2127 MB), Batch 2
[LIBGPUSPATIAL] [ 11615][17:59:13:926811][info  ] PIP(Used 2131 MB), Batch 3
[LIBGPUSPATIAL] [ 11620][17:59:13:933822][info  ] PIP(Used 2084 MB), Batch 2
[LIBGPUSPATIAL] [ 11620][17:59:13:943121][info  ] PIP(Used 2046 MB), Batch 3
[LIBGPUSPATIAL] [ 11618][17:59:14:180788][info  ] RTSpatialIndex 0x7e4ac000a800 (Used 1980 MB), Allocate result buffer, memory consumption 12 MB, capacity 1641655
[LIBGPUSPATIAL] [ 11618][17:59:14:183888][info  ] RTSpatialIndex 0x7e4ac000a800 (Used 1992 MB), Probe Points, Size: 1333333, Results: 1641655
[LIBGPUSPATIAL] [ 11618][17:59:14:218432][info  ] RTSpatialRefiner 0x7e4ac3d2a0f0 (Used 2005 MB), Loaded Geometries, ProbeArray 1333333, Loaded 838064, Type Point
[LIBGPUSPATIAL] [ 11618][17:59:14:219391][info  ] RTSpatialRefiner 0x7e4ac3d2a0f0 (Used 2011 MB), Evaluating 1641655 Geometry Pairs with Predicate Contains
[LIBGPUSPATIAL] [ 11618][17:59:14:222473][info  ] Unique multi-polygons 28017, memory quota 94 MB, estimated BVH size 306 MB, n_batches 4
[LIBGPUSPATIAL] [ 11618][17:59:14:223244][info  ] PIP(Used 2043 MB), Batch 0
[LIBGPUSPATIAL] [ 11618][17:59:14:230565][info  ] PIP(Used 2033 MB), Batch 1
[LIBGPUSPATIAL] [ 11618][17:59:14:252282][info  ] PIP(Used 2041 MB), Batch 2
[LIBGPUSPATIAL] [ 11618][17:59:14:259022][info  ] PIP(Used 2045 MB), Batch 3
[LIBGPUSPATIAL] [ 11616][17:59:14:298052][info  ] RTSpatialIndex 0x7e4ac000a800 (Used 1980 MB), Allocate result buffer, memory consumption 12 MB, capacity 1647602
[LIBGPUSPATIAL] [ 11616][17:59:14:300751][info  ] RTSpatialIndex 0x7e4ac000a800 (Used 1992 MB), Probe Points, Size: 1333333, Results: 1647602
[LIBGPUSPATIAL] [ 11616][17:59:14:327700][info  ] RTSpatialRefiner 0x7e4ac3d2a0f0 (Used 2005 MB), Loaded Geometries, ProbeArray 1333333, Loaded 840413, Type Point
[LIBGPUSPATIAL] [ 11616][17:59:14:329430][info  ] RTSpatialRefiner 0x7e4ac3d2a0f0 (Used 2011 MB), Evaluating 1647602 Geometry Pairs with Predicate Contains
[LIBGPUSPATIAL] [ 11616][17:59:14:330643][info  ] Unique multi-polygons 27940, memory quota 94 MB, estimated BVH size 305 MB, n_batches 4
[LIBGPUSPATIAL] [ 11616][17:59:14:331791][info  ] PIP(Used 2043 MB), Batch 0
[LIBGPUSPATIAL] [ 11616][17:59:14:340953][info  ] PIP(Used 2043 MB), Batch 1
[LIBGPUSPATIAL] [ 11619][17:59:14:361825][info  ] RTSpatialIndex 0x7e4ac000a800 (Used 2064 MB), Allocate result buffer, memory consumption 12 MB, capacity 1646166
[LIBGPUSPATIAL] [ 11616][17:59:14:363784][info  ] PIP(Used 2095 MB), Batch 2
[LIBGPUSPATIAL] [ 11617][17:59:14:365524][info  ] RTSpatialIndex 0x7e4ac000a800 (Used 2105 MB), Allocate result buffer, memory consumption 12 MB, capacity 1646116
[LIBGPUSPATIAL] [ 11614][17:59:14:370112][info  ] RTSpatialIndex 0x7e4ac000a800 (Used 2069 MB), Allocate result buffer, memory consumption 12 MB, capacity 1645557
[LIBGPUSPATIAL] [ 11619][17:59:14:370679][info  ] RTSpatialIndex 0x7e4ac000a800 (Used 2102 MB), Probe Points, Size: 1333333, Results: 1646166
[LIBGPUSPATIAL] [ 11616][17:59:14:372518][info  ] PIP(Used 2091 MB), Batch 3
[LIBGPUSPATIAL] [ 11614][17:59:14:376870][info  ] RTSpatialIndex 0x7e4ac000a800 (Used 2110 MB), Probe Points, Size: 1333333, Results: 1645557
[LIBGPUSPATIAL] [ 11617][17:59:14:379807][info  ] RTSpatialIndex 0x7e4ac000a800 (Used 2087 MB), Probe Points, Size: 1333333, Results: 1646116
[LIBGPUSPATIAL] [ 11621][17:59:14:399135][info  ] RTSpatialIndex 0x7e4ac000a800 (Used 2070 MB), Allocate result buffer, memory consumption 12 MB, capacity 1648251
[LIBGPUSPATIAL] [ 11621][17:59:14:404565][info  ] RTSpatialIndex 0x7e4ac000a800 (Used 2099 MB), Probe Points, Size: 1333333, Results: 1648251
[LIBGPUSPATIAL] [ 11620][17:59:14:418673][info  ] RTSpatialIndex 0x7e4ac000a800 (Used 2105 MB), Allocate result buffer, memory consumption 12 MB, capacity 1646504
[LIBGPUSPATIAL] [ 11620][17:59:14:421808][info  ] RTSpatialIndex 0x7e4ac000a800 (Used 2128 MB), Probe Points, Size: 1333333, Results: 1646504
[LIBGPUSPATIAL] [ 11615][17:59:14:422374][info  ] RTSpatialIndex 0x7e4ac000a800 (Used 2118 MB), Allocate result buffer, memory consumption 12 MB, capacity 1648005
[LIBGPUSPATIAL] [ 11619][17:59:14:423858][info  ] RTSpatialRefiner 0x7e4ac3d2a0f0 (Used 2118 MB), Loaded Geometries, ProbeArray 1333333, Loaded 840209, Type Point
[LIBGPUSPATIAL] [ 11619][17:59:14:431556][info  ] RTSpatialRefiner 0x7e4ac3d2a0f0 (Used 2147 MB), Evaluating 1646166 Geometry Pairs with Predicate Contains
[LIBGPUSPATIAL] [ 11615][17:59:14:431967][info  ] RTSpatialIndex 0x7e4ac000a800 (Used 2154 MB), Probe Points, Size: 1333333, Results: 1648005
[LIBGPUSPATIAL] [ 11617][17:59:14:433219][info  ] RTSpatialRefiner 0x7e4ac3d2a0f0 (Used 2143 MB), Loaded Geometries, ProbeArray 1333333, Loaded 839804, Type Point
[LIBGPUSPATIAL] [ 11614][17:59:14:434519][info  ] RTSpatialRefiner 0x7e4ac3d2a0f0 (Used 2143 MB), Loaded Geometries, ProbeArray 1333333, Loaded 839929, Type Point
[LIBGPUSPATIAL] [ 11619][17:59:14:438335][info  ] Unique multi-polygons 27841, memory quota 93 MB, estimated BVH size 305 MB, n_batches 4
[LIBGPUSPATIAL] [ 11619][17:59:14:438880][info  ] PIP(Used 2156 MB), Batch 0
[LIBGPUSPATIAL] [ 11617][17:59:14:441441][info  ] RTSpatialRefiner 0x7e4ac3d2a0f0 (Used 2151 MB), Evaluating 1646116 Geometry Pairs with Predicate Contains
[LIBGPUSPATIAL] [ 11614][17:59:14:442309][info  ] RTSpatialRefiner 0x7e4ac3d2a0f0 (Used 2170 MB), Evaluating 1645557 Geometry Pairs with Predicate Contains
[LIBGPUSPATIAL] [ 11617][17:59:14:443939][info  ] Unique multi-polygons 27682, memory quota 93 MB, estimated BVH size 304 MB, n_batches 4
[LIBGPUSPATIAL] [ 11614][17:59:14:443951][info  ] Unique multi-polygons 27739, memory quota 93 MB, estimated BVH size 304 MB, n_batches 4
[LIBGPUSPATIAL] [ 11617][17:59:14:445417][info  ] PIP(Used 2203 MB), Batch 0
[LIBGPUSPATIAL] [ 11614][17:59:14:447628][info  ] PIP(Used 2220 MB), Batch 0
[LIBGPUSPATIAL] [ 11621][17:59:14:447921][info  ] RTSpatialRefiner 0x7e4ac3d2a0f0 (Used 2190 MB), Loaded Geometries, ProbeArray 1333333, Loaded 840587, Type Point
[LIBGPUSPATIAL] [ 11621][17:59:14:448571][info  ] RTSpatialRefiner 0x7e4ac3d2a0f0 (Used 2197 MB), Evaluating 1648251 Geometry Pairs with Predicate Contains
[LIBGPUSPATIAL] [ 11619][17:59:14:448779][info  ] PIP(Used 2223 MB), Batch 1
[LIBGPUSPATIAL] [ 11621][17:59:14:457915][info  ] Unique multi-polygons 27851, memory quota 93 MB, estimated BVH size 304 MB, n_batches 4
[LIBGPUSPATIAL] [ 11621][17:59:14:459602][info  ] PIP(Used 2319 MB), Batch 0
[LIBGPUSPATIAL] [ 11614][17:59:14:459770][info  ] PIP(Used 2252 MB), Batch 1
[LIBGPUSPATIAL] [ 11617][17:59:14:462985][info  ] PIP(Used 2235 MB), Batch 1
[LIBGPUSPATIAL] [ 11621][17:59:14:474061][info  ] PIP(Used 2235 MB), Batch 1
[LIBGPUSPATIAL] [ 11615][17:59:14:476243][info  ] RTSpatialRefiner 0x7e4ac3d2a0f0 (Used 2215 MB), Loaded Geometries, ProbeArray 1333333, Loaded 840413, Type Point
[LIBGPUSPATIAL] [ 11615][17:59:14:476818][info  ] RTSpatialRefiner 0x7e4ac3d2a0f0 (Used 2221 MB), Evaluating 1648005 Geometry Pairs with Predicate Contains
[LIBGPUSPATIAL] [ 11620][17:59:14:481610][info  ] RTSpatialRefiner 0x7e4ac3d2a0f0 (Used 2227 MB), Loaded Geometries, ProbeArray 1333333, Loaded 839426, Type Point
[LIBGPUSPATIAL] [ 11620][17:59:14:482206][info  ] RTSpatialRefiner 0x7e4ac3d2a0f0 (Used 2234 MB), Evaluating 1646504 Geometry Pairs with Predicate Contains
[LIBGPUSPATIAL] [ 11619][17:59:14:482785][info  ] PIP(Used 2257 MB), Batch 2
[LIBGPUSPATIAL] [ 11615][17:59:14:482935][info  ] Unique multi-polygons 27907, memory quota 93 MB, estimated BVH size 305 MB, n_batches 4
[LIBGPUSPATIAL] [ 11620][17:59:14:482961][info  ] Unique multi-polygons 27627, memory quota 93 MB, estimated BVH size 303 MB, n_batches 4
[LIBGPUSPATIAL] [ 11620][17:59:14:483480][info  ] PIP(Used 2345 MB), Batch 0
[LIBGPUSPATIAL] [ 11615][17:59:14:483521][info  ] PIP(Used 2290 MB), Batch 0
[LIBGPUSPATIAL] [ 11614][17:59:14:493773][info  ] PIP(Used 2259 MB), Batch 2
[LIBGPUSPATIAL] [ 11619][17:59:14:494655][info  ] PIP(Used 2263 MB), Batch 3
[LIBGPUSPATIAL] [ 11617][17:59:14:500016][info  ] PIP(Used 2371 MB), Batch 2
[LIBGPUSPATIAL] [ 11620][17:59:14:500058][info  ] PIP(Used 2335 MB), Batch 1
[LIBGPUSPATIAL] [ 11615][17:59:14:500116][info  ] PIP(Used 2298 MB), Batch 1
[LIBGPUSPATIAL] [ 11614][17:59:14:503976][info  ] PIP(Used 2261 MB), Batch 3
[LIBGPUSPATIAL] [ 11621][17:59:14:518462][info  ] PIP(Used 2214 MB), Batch 2
[LIBGPUSPATIAL] [ 11617][17:59:14:521087][info  ] PIP(Used 2218 MB), Batch 3
[LIBGPUSPATIAL] [ 11621][17:59:14:527923][info  ] PIP(Used 2175 MB), Batch 3
[LIBGPUSPATIAL] [ 11620][17:59:14:535897][info  ] PIP(Used 2085 MB), Batch 2
[LIBGPUSPATIAL] [ 11615][17:59:14:538920][info  ] PIP(Used 2085 MB), Batch 2
[LIBGPUSPATIAL] [ 11620][17:59:14:541307][info  ] PIP(Used 2089 MB), Batch 3
[LIBGPUSPATIAL] [ 11615][17:59:14:547478][info  ] PIP(Used 2087 MB), Batch 3
[LIBGPUSPATIAL] [ 11618][17:59:14:693523][info  ] RTSpatialIndex 0x7e4ac000a800 (Used 1980 MB), Allocate result buffer, memory consumption 12 MB, capacity 1646753
[LIBGPUSPATIAL] [ 11618][17:59:14:695808][info  ] RTSpatialIndex 0x7e4ac000a800 (Used 1992 MB), Probe Points, Size: 1333333, Results: 1646753
[LIBGPUSPATIAL] [ 11618][17:59:14:725220][info  ] RTSpatialRefiner 0x7e4ac3d2a0f0 (Used 2005 MB), Loaded Geometries, ProbeArray 1333333, Loaded 840101, Type Point
[LIBGPUSPATIAL] [ 11618][17:59:14:725766][info  ] RTSpatialRefiner 0x7e4ac3d2a0f0 (Used 2011 MB), Evaluating 1646753 Geometry Pairs with Predicate Contains
[LIBGPUSPATIAL] [ 11618][17:59:14:727971][info  ] Unique multi-polygons 28203, memory quota 94 MB, estimated BVH size 307 MB, n_batches 4
[LIBGPUSPATIAL] [ 11618][17:59:14:728453][info  ] PIP(Used 2043 MB), Batch 0
[LIBGPUSPATIAL] [ 11618][17:59:14:737928][info  ] PIP(Used 2034 MB), Batch 1
[LIBGPUSPATIAL] [ 11618][17:59:14:761858][info  ] PIP(Used 2041 MB), Batch 2
[LIBGPUSPATIAL] [ 11618][17:59:14:768868][info  ] PIP(Used 2046 MB), Batch 3
[LIBGPUSPATIAL] [ 11616][17:59:14:852367][info  ] RTSpatialIndex 0x7e4ac000a800 (Used 1980 MB), Allocate result buffer, memory consumption 12 MB, capacity 1646457
[LIBGPUSPATIAL] [ 11616][17:59:14:855076][info  ] RTSpatialIndex 0x7e4ac000a800 (Used 1992 MB), Probe Points, Size: 1333333, Results: 1646457
[LIBGPUSPATIAL] [ 11616][17:59:14:885921][info  ] RTSpatialRefiner 0x7e4ac3d2a0f0 (Used 2005 MB), Loaded Geometries, ProbeArray 1333333, Loaded 839697, Type Point
[LIBGPUSPATIAL] [ 11616][17:59:14:886546][info  ] RTSpatialRefiner 0x7e4ac3d2a0f0 (Used 2011 MB), Evaluating 1646457 Geometry Pairs with Predicate Contains
[LIBGPUSPATIAL] [ 11616][17:59:14:887301][info  ] Unique multi-polygons 27930, memory quota 94 MB, estimated BVH size 304 MB, n_batches 4
[LIBGPUSPATIAL] [ 11616][17:59:14:887834][info  ] PIP(Used 2043 MB), Batch 0
[LIBGPUSPATIAL] [ 11616][17:59:14:897413][info  ] PIP(Used 2033 MB), Batch 1
[LIBGPUSPATIAL] [ 11616][17:59:14:919346][info  ] PIP(Used 2041 MB), Batch 2
[LIBGPUSPATIAL] [ 11616][17:59:14:925952][info  ] PIP(Used 2046 MB), Batch 3
[LIBGPUSPATIAL] [ 11617][17:59:14:965115][info  ] RTSpatialIndex 0x7e4ac000a800 (Used 1980 MB), Allocate result buffer, memory consumption 12 MB, capacity 1648121
[LIBGPUSPATIAL] [ 11617][17:59:14:971080][info  ] RTSpatialIndex 0x7e4ac000a800 (Used 2012 MB), Probe Points, Size: 1333333, Results: 1648121
[LIBGPUSPATIAL] [ 11621][17:59:14:973326][info  ] RTSpatialIndex 0x7e4ac000a800 (Used 1980 MB), Allocate result buffer, memory consumption 12 MB, capacity 1646862
[LIBGPUSPATIAL] [ 11621][17:59:14:976982][info  ] RTSpatialIndex 0x7e4ac000a800 (Used 2012 MB), Probe Points, Size: 1333333, Results: 1646862
[LIBGPUSPATIAL] [ 11619][17:59:14:980429][info  ] RTSpatialIndex 0x7e4ac000a800 (Used 1992 MB), Allocate result buffer, memory consumption 12 MB, capacity 1645742
[LIBGPUSPATIAL] [ 11619][17:59:14:984817][info  ] RTSpatialIndex 0x7e4ac000a800 (Used 2038 MB), Probe Points, Size: 1333348, Results: 1645742
[LIBGPUSPATIAL] [ 11614][17:59:14:986374][info  ] RTSpatialIndex 0x7e4ac000a800 (Used 2011 MB), Allocate result buffer, memory consumption 12 MB, capacity 1645207
[LIBGPUSPATIAL] [ 11614][17:59:14:990695][info  ] RTSpatialIndex 0x7e4ac000a800 (Used 2047 MB), Probe Points, Size: 1333333, Results: 1645207
[LIBGPUSPATIAL] [ 11617][17:59:15:016029][info  ] RTSpatialRefiner 0x7e4ac3d2a0f0 (Used 2095 MB), Loaded Geometries, ProbeArray 1333333, Loaded 840308, Type Point
[LIBGPUSPATIAL] [ 11617][17:59:15:020115][info  ] RTSpatialRefiner 0x7e4ac3d2a0f0 (Used 2139 MB), Evaluating 1648121 Geometry Pairs with Predicate Contains
[LIBGPUSPATIAL] [ 11617][17:59:15:021112][info  ] Unique multi-polygons 28005, memory quota 93 MB, estimated BVH size 304 MB, n_batches 4
[LIBGPUSPATIAL] [ 11619][17:59:15:031043][info  ] RTSpatialRefiner 0x7e4ac3d2a0f0 (Used 2224 MB), Loaded Geometries, ProbeArray 1333348, Loaded 839633, Type Point
[LIBGPUSPATIAL] [ 11621][17:59:15:032190][info  ] RTSpatialRefiner 0x7e4ac3d2a0f0 (Used 2230 MB), Loaded Geometries, ProbeArray 1333333, Loaded 839890, Type Point
[LIBGPUSPATIAL] [ 11619][17:59:15:032693][info  ] RTSpatialRefiner 0x7e4ac3d2a0f0 (Used 2236 MB), Evaluating 1645742 Geometry Pairs with Predicate Contains
[LIBGPUSPATIAL] [ 11621][17:59:15:033283][info  ] RTSpatialRefiner 0x7e4ac3d2a0f0 (Used 2237 MB), Evaluating 1646862 Geometry Pairs with Predicate Contains
[LIBGPUSPATIAL] [ 11619][17:59:15:033550][info  ] Unique multi-polygons 28150, memory quota 93 MB, estimated BVH size 306 MB, n_batches 4
[LIBGPUSPATIAL] [ 11617][17:59:15:033812][info  ] PIP(Used 2184 MB), Batch 0
[LIBGPUSPATIAL] [ 11621][17:59:15:034757][info  ] Unique multi-polygons 27970, memory quota 93 MB, estimated BVH size 307 MB, n_batches 4
[LIBGPUSPATIAL] [ 11614][17:59:15:036861][info  ] RTSpatialRefiner 0x7e4ac3d2a0f0 (Used 2356 MB), Loaded Geometries, ProbeArray 1333333, Loaded 839661, Type Point
[LIBGPUSPATIAL] [ 11615][17:59:15:038098][info  ] RTSpatialIndex 0x7e4ac000a800 (Used 2362 MB), Allocate result buffer, memory consumption 12 MB, capacity 1645329
[LIBGPUSPATIAL] [ 11614][17:59:15:038508][info  ] RTSpatialRefiner 0x7e4ac3d2a0f0 (Used 2368 MB), Evaluating 1645207 Geometry Pairs with Predicate Contains
[LIBGPUSPATIAL] [ 11620][17:59:15:038897][info  ] RTSpatialIndex 0x7e4ac000a800 (Used 2381 MB), Allocate result buffer, memory consumption 12 MB, capacity 1648385
[LIBGPUSPATIAL] [ 11619][17:59:15:039194][info  ] PIP(Used 2309 MB), Batch 0
[LIBGPUSPATIAL] [ 11621][17:59:15:039237][info  ] PIP(Used 2254 MB), Batch 0
[LIBGPUSPATIAL] [ 11614][17:59:15:056158][info  ] Unique multi-polygons 27762, memory quota 93 MB, estimated BVH size 304 MB, n_batches 4
[LIBGPUSPATIAL] [ 11615][17:59:15:059000][info  ] RTSpatialIndex 0x7e4ac000a800 (Used 2418 MB), Probe Points, Size: 1333333, Results: 1645329
[LIBGPUSPATIAL] [ 11617][17:59:15:059050][info  ] PIP(Used 2392 MB), Batch 1
[LIBGPUSPATIAL] [ 11619][17:59:15:061717][info  ] PIP(Used 2349 MB), Batch 1
[LIBGPUSPATIAL] [ 11614][17:59:15:061954][info  ] PIP(Used 2274 MB), Batch 0
[LIBGPUSPATIAL] [ 11621][17:59:15:062192][info  ] PIP(Used 2237 MB), Batch 1
[LIBGPUSPATIAL] [ 11620][17:59:15:063127][info  ] RTSpatialIndex 0x7e4ac000a800 (Used 2187 MB), Probe Points, Size: 1333333, Results: 1648385
[LIBGPUSPATIAL] [ 11617][17:59:15:096000][info  ] PIP(Used 2421 MB), Batch 2
[LIBGPUSPATIAL] [ 11621][17:59:15:096107][info  ] PIP(Used 2317 MB), Batch 2
[LIBGPUSPATIAL] [ 11619][17:59:15:096110][info  ] PIP(Used 2317 MB), Batch 2
[LIBGPUSPATIAL] [ 11614][17:59:15:096553][info  ] PIP(Used 2287 MB), Batch 1
[LIBGPUSPATIAL] [ 11621][17:59:15:113362][info  ] PIP(Used 2340 MB), Batch 3
[LIBGPUSPATIAL] [ 11619][17:59:15:113415][info  ] PIP(Used 2281 MB), Batch 3
[LIBGPUSPATIAL] [ 11617][17:59:15:115360][info  ] PIP(Used 2244 MB), Batch 3
[LIBGPUSPATIAL] [ 11615][17:59:15:119375][info  ] RTSpatialRefiner 0x7e4ac3d2a0f0 (Used 2210 MB), Loaded Geometries, ProbeArray 1333333, Loaded 839287, Type Point
[LIBGPUSPATIAL] [ 11615][17:59:15:119938][info  ] RTSpatialRefiner 0x7e4ac3d2a0f0 (Used 2217 MB), Evaluating 1645329 Geometry Pairs with Predicate Contains
[LIBGPUSPATIAL] [ 11614][17:59:15:125318][info  ] PIP(Used 2210 MB), Batch 2
[LIBGPUSPATIAL] [ 11615][17:59:15:126107][info  ] Unique multi-polygons 27625, memory quota 93 MB, estimated BVH size 303 MB, n_batches 4
[LIBGPUSPATIAL] [ 11615][17:59:15:129141][info  ] PIP(Used 2164 MB), Batch 0
[LIBGPUSPATIAL] [ 11620][17:59:15:131813][info  ] RTSpatialRefiner 0x7e4ac3d2a0f0 (Used 2092 MB), Loaded Geometries, ProbeArray 1333333, Loaded 840314, Type Point
[LIBGPUSPATIAL] [ 11620][17:59:15:132485][info  ] RTSpatialRefiner 0x7e4ac3d2a0f0 (Used 2098 MB), Evaluating 1648385 Geometry Pairs with Predicate Contains
[LIBGPUSPATIAL] [ 11614][17:59:15:133951][info  ] PIP(Used 2131 MB), Batch 3
[LIBGPUSPATIAL] [ 11620][17:59:15:134062][info  ] Unique multi-polygons 28147, memory quota 94 MB, estimated BVH size 306 MB, n_batches 4
[LIBGPUSPATIAL] [ 11620][17:59:15:134539][info  ] PIP(Used 2128 MB), Batch 0
[LIBGPUSPATIAL] [ 11615][17:59:15:139687][info  ] PIP(Used 2118 MB), Batch 1
[LIBGPUSPATIAL] [ 11620][17:59:15:151579][info  ] PIP(Used 2077 MB), Batch 1
[LIBGPUSPATIAL] [ 11615][17:59:15:162083][info  ] PIP(Used 2085 MB), Batch 2
[LIBGPUSPATIAL] [ 11615][17:59:15:168788][info  ] PIP(Used 2089 MB), Batch 3
[LIBGPUSPATIAL] [ 11620][17:59:15:177797][info  ] PIP(Used 2042 MB), Batch 2
[LIBGPUSPATIAL] [ 11620][17:59:15:184623][info  ] PIP(Used 2046 MB), Batch 3
[LIBGPUSPATIAL] [ 11618][17:59:15:244600][info  ] RTSpatialIndex 0x7e4ac000a800 (Used 1980 MB), Allocate result buffer, memory consumption 12 MB, capacity 1645749
[LIBGPUSPATIAL] [ 11618][17:59:15:247167][info  ] RTSpatialIndex 0x7e4ac000a800 (Used 1992 MB), Probe Points, Size: 1333333, Results: 1645749
[LIBGPUSPATIAL] [ 11618][17:59:15:280300][info  ] RTSpatialRefiner 0x7e4ac3d2a0f0 (Used 2005 MB), Loaded Geometries, ProbeArray 1333333, Loaded 839308, Type Point
[LIBGPUSPATIAL] [ 11618][17:59:15:281165][info  ] RTSpatialRefiner 0x7e4ac3d2a0f0 (Used 2011 MB), Evaluating 1645749 Geometry Pairs with Predicate Contains
[LIBGPUSPATIAL] [ 11618][17:59:15:281949][info  ] Unique multi-polygons 27726, memory quota 94 MB, estimated BVH size 303 MB, n_batches 4
[LIBGPUSPATIAL] [ 11618][17:59:15:282557][info  ] PIP(Used 2043 MB), Batch 0
[LIBGPUSPATIAL] [ 11618][17:59:15:292183][info  ] PIP(Used 2033 MB), Batch 1
[LIBGPUSPATIAL] [ 11618][17:59:15:315888][info  ] PIP(Used 2042 MB), Batch 2
[LIBGPUSPATIAL] [ 11618][17:59:15:324018][info  ] PIP(Used 2045 MB), Batch 3
[LIBGPUSPATIAL] [ 11616][17:59:15:438350][info  ] RTSpatialIndex 0x7e4ac000a800 (Used 1980 MB), Allocate result buffer, memory consumption 12 MB, capacity 1647709
[LIBGPUSPATIAL] [ 11616][17:59:15:441021][info  ] RTSpatialIndex 0x7e4ac000a800 (Used 1992 MB), Probe Points, Size: 1333333, Results: 1647709
[LIBGPUSPATIAL] [ 11616][17:59:15:475483][info  ] RTSpatialRefiner 0x7e4ac3d2a0f0 (Used 2005 MB), Loaded Geometries, ProbeArray 1333333, Loaded 839838, Type Point
[LIBGPUSPATIAL] [ 11616][17:59:15:476276][info  ] RTSpatialRefiner 0x7e4ac3d2a0f0 (Used 2011 MB), Evaluating 1647709 Geometry Pairs with Predicate Contains
[LIBGPUSPATIAL] [ 11616][17:59:15:477027][info  ] Unique multi-polygons 27796, memory quota 94 MB, estimated BVH size 304 MB, n_batches 4
[LIBGPUSPATIAL] [ 11616][17:59:15:477592][info  ] PIP(Used 2043 MB), Batch 0
[LIBGPUSPATIAL] [ 11616][17:59:15:486039][info  ] PIP(Used 2033 MB), Batch 1
[LIBGPUSPATIAL] [ 11616][17:59:15:508116][info  ] PIP(Used 2041 MB), Batch 2
[LIBGPUSPATIAL] [ 11616][17:59:15:515059][info  ] PIP(Used 2045 MB), Batch 3
[LIBGPUSPATIAL] [ 11619][17:59:15:556337][info  ] RTSpatialIndex 0x7e4ac000a800 (Used 1980 MB), Allocate result buffer, memory consumption 12 MB, capacity 1648837
[LIBGPUSPATIAL] [ 11619][17:59:15:559405][info  ] RTSpatialIndex 0x7e4ac000a800 (Used 1992 MB), Probe Points, Size: 1333333, Results: 1648837
[LIBGPUSPATIAL] [ 11621][17:59:15:564687][info  ] RTSpatialIndex 0x7e4ac000a800 (Used 1992 MB), Allocate result buffer, memory consumption 12 MB, capacity 1647960
[LIBGPUSPATIAL] [ 11621][17:59:15:568223][info  ] RTSpatialIndex 0x7e4ac000a800 (Used 2011 MB), Probe Points, Size: 1333333, Results: 1647960
[LIBGPUSPATIAL] [ 11614][17:59:15:584830][info  ] RTSpatialIndex 0x7e4ac000a800 (Used 2051 MB), Allocate result buffer, memory consumption 12 MB, capacity 1649333
[LIBGPUSPATIAL] [ 11614][17:59:15:589947][info  ] RTSpatialIndex 0x7e4ac000a800 (Used 2064 MB), Probe Points, Size: 1333333, Results: 1649333
[LIBGPUSPATIAL] [ 11617][17:59:15:597762][info  ] RTSpatialIndex 0x7e4ac000a800 (Used 2051 MB), Allocate result buffer, memory consumption 12 MB, capacity 1645024
[LIBGPUSPATIAL] [ 11619][17:59:15:601906][info  ] RTSpatialRefiner 0x7e4ac3d2a0f0 (Used 2082 MB), Loaded Geometries, ProbeArray 1333333, Loaded 841005, Type Point
[LIBGPUSPATIAL] [ 11619][17:59:15:602581][info  ] RTSpatialRefiner 0x7e4ac3d2a0f0 (Used 2089 MB), Evaluating 1648837 Geometry Pairs with Predicate Contains
[LIBGPUSPATIAL] [ 11619][17:59:15:603351][info  ] Unique multi-polygons 27902, memory quota 94 MB, estimated BVH size 304 MB, n_batches 4
[LIBGPUSPATIAL] [ 11621][17:59:15:604324][info  ] RTSpatialRefiner 0x7e4ac3d2a0f0 (Used 2174 MB), Loaded Geometries, ProbeArray 1333333, Loaded 840128, Type Point
[LIBGPUSPATIAL] [ 11619][17:59:15:604472][info  ] PIP(Used 2126 MB), Batch 0
[LIBGPUSPATIAL] [ 11621][17:59:15:606633][info  ] RTSpatialRefiner 0x7e4ac3d2a0f0 (Used 2143 MB), Evaluating 1647960 Geometry Pairs with Predicate Contains
[LIBGPUSPATIAL] [ 11621][17:59:15:607386][info  ] Unique multi-polygons 27836, memory quota 93 MB, estimated BVH size 305 MB, n_batches 4
[LIBGPUSPATIAL] [ 11617][17:59:15:607808][info  ] RTSpatialIndex 0x7e4ac000a800 (Used 2170 MB), Probe Points, Size: 1333333, Results: 1645024
[LIBGPUSPATIAL] [ 11621][17:59:15:611945][info  ] PIP(Used 2122 MB), Batch 0
[LIBGPUSPATIAL] [ 11619][17:59:15:616586][info  ] PIP(Used 2125 MB), Batch 1
[LIBGPUSPATIAL] [ 11614][17:59:15:621834][info  ] RTSpatialRefiner 0x7e4ac3d2a0f0 (Used 2111 MB), Loaded Geometries, ProbeArray 1333333, Loaded 840768, Type Point
[LIBGPUSPATIAL] [ 11614][17:59:15:622513][info  ] RTSpatialRefiner 0x7e4ac3d2a0f0 (Used 2117 MB), Evaluating 1649333 Geometry Pairs with Predicate Contains
[LIBGPUSPATIAL] [ 11621][17:59:15:624455][info  ] PIP(Used 2144 MB), Batch 1
[LIBGPUSPATIAL] [ 11614][17:59:15:624889][info  ] Unique multi-polygons 27774, memory quota 93 MB, estimated BVH size 305 MB, n_batches 4
[LIBGPUSPATIAL] [ 11614][17:59:15:627055][info  ] PIP(Used 2149 MB), Batch 0
[LIBGPUSPATIAL] [ 11614][17:59:15:638336][info  ] PIP(Used 2156 MB), Batch 1
[LIBGPUSPATIAL] [ 11617][17:59:15:642116][info  ] RTSpatialRefiner 0x7e4ac3d2a0f0 (Used 2156 MB), Loaded Geometries, ProbeArray 1333333, Loaded 838838, Type Point
[LIBGPUSPATIAL] [ 11617][17:59:15:644571][info  ] RTSpatialRefiner 0x7e4ac3d2a0f0 (Used 2232 MB), Evaluating 1645024 Geometry Pairs with Predicate Contains
[LIBGPUSPATIAL] [ 11619][17:59:15:644681][info  ] PIP(Used 2193 MB), Batch 2
[LIBGPUSPATIAL] [ 11615][17:59:15:658928][info  ] RTSpatialIndex 0x7e4ac000a800 (Used 2187 MB), Allocate result buffer, memory consumption 12 MB, capacity 1645498
[LIBGPUSPATIAL] [ 11621][17:59:15:663306][info  ] PIP(Used 2302 MB), Batch 2
[LIBGPUSPATIAL] [ 11614][17:59:15:663382][info  ] PIP(Used 2314 MB), Batch 2
[LIBGPUSPATIAL] [ 11617][17:59:15:663466][info  ] Unique multi-polygons 27870, memory quota 93 MB, estimated BVH size 306 MB, n_batches 4
[LIBGPUSPATIAL] [ 11619][17:59:15:664301][info  ] PIP(Used 2284 MB), Batch 3
[LIBGPUSPATIAL] [ 11617][17:59:15:664347][info  ] PIP(Used 2229 MB), Batch 0
[LIBGPUSPATIAL] [ 11615][17:59:15:665395][info  ] RTSpatialIndex 0x7e4ac000a800 (Used 2165 MB), Probe Points, Size: 1333333, Results: 1645498
[LIBGPUSPATIAL] [ 11621][17:59:15:682318][info  ] PIP(Used 2264 MB), Batch 3
[LIBGPUSPATIAL] [ 11614][17:59:15:682362][info  ] PIP(Used 2262 MB), Batch 3
[LIBGPUSPATIAL] [ 11617][17:59:15:682429][info  ] PIP(Used 2225 MB), Batch 1
[LIBGPUSPATIAL] [ 11620][17:59:15:709376][info  ] RTSpatialIndex 0x7e4ac000a800 (Used 2154 MB), Allocate result buffer, memory consumption 12 MB, capacity 1644146
[LIBGPUSPATIAL] [ 11615][17:59:15:710618][info  ] RTSpatialRefiner 0x7e4ac3d2a0f0 (Used 2187 MB), Loaded Geometries, ProbeArray 1333333, Loaded 839691, Type Point
[LIBGPUSPATIAL] [ 11615][17:59:15:711270][info  ] RTSpatialRefiner 0x7e4ac3d2a0f0 (Used 2158 MB), Evaluating 1645498 Geometry Pairs with Predicate Contains
[LIBGPUSPATIAL] [ 11617][17:59:15:711358][info  ] PIP(Used 2119 MB), Batch 2
[LIBGPUSPATIAL] [ 11620][17:59:15:714806][info  ] RTSpatialIndex 0x7e4ac000a800 (Used 2084 MB), Probe Points, Size: 1333333, Results: 1644146
[LIBGPUSPATIAL] [ 11615][17:59:15:716959][info  ] Unique multi-polygons 27910, memory quota 93 MB, estimated BVH size 305 MB, n_batches 4
[LIBGPUSPATIAL] [ 11617][17:59:15:717332][info  ] PIP(Used 2133 MB), Batch 3
[LIBGPUSPATIAL] [ 11615][17:59:15:717490][info  ] PIP(Used 2098 MB), Batch 0
[LIBGPUSPATIAL] [ 11615][17:59:15:729783][info  ] PIP(Used 2069 MB), Batch 1
[LIBGPUSPATIAL] [ 11620][17:59:15:743488][info  ] RTSpatialRefiner 0x7e4ac3d2a0f0 (Used 2049 MB), Loaded Geometries, ProbeArray 1333333, Loaded 839022, Type Point
[LIBGPUSPATIAL] [ 11620][17:59:15:744150][info  ] RTSpatialRefiner 0x7e4ac3d2a0f0 (Used 2055 MB), Evaluating 1644146 Geometry Pairs with Predicate Contains
[LIBGPUSPATIAL] [ 11620][17:59:15:744855][info  ] Unique multi-polygons 27804, memory quota 94 MB, estimated BVH size 304 MB, n_batches 4
[LIBGPUSPATIAL] [ 11620][17:59:15:745402][info  ] PIP(Used 2086 MB), Batch 0
[LIBGPUSPATIAL] [ 11615][17:59:15:751960][info  ] PIP(Used 2085 MB), Batch 2
[LIBGPUSPATIAL] [ 11620][17:59:15:756806][info  ] PIP(Used 2077 MB), Batch 1
[LIBGPUSPATIAL] [ 11615][17:59:15:758799][info  ] PIP(Used 2089 MB), Batch 3
[LIBGPUSPATIAL] [ 11620][17:59:15:781362][info  ] PIP(Used 2041 MB), Batch 2
[LIBGPUSPATIAL] [ 11620][17:59:15:787893][info  ] PIP(Used 2045 MB), Batch 3
[LIBGPUSPATIAL] [ 11616][17:59:15:941251][info  ] RTSpatialIndex 0x7e4ac000a800 (Used 1980 MB), Allocate result buffer, memory consumption 12 MB, capacity 1647674
[LIBGPUSPATIAL] [ 11616][17:59:15:944282][info  ] RTSpatialIndex 0x7e4ac000a800 (Used 1992 MB), Probe Points, Size: 1333333, Results: 1647674
[LIBGPUSPATIAL] [ 11616][17:59:15:973318][info  ] RTSpatialRefiner 0x7e4ac3d2a0f0 (Used 2005 MB), Loaded Geometries, ProbeArray 1333333, Loaded 840257, Type Point
[LIBGPUSPATIAL] [ 11616][17:59:15:973911][info  ] RTSpatialRefiner 0x7e4ac3d2a0f0 (Used 2011 MB), Evaluating 1647674 Geometry Pairs with Predicate Contains
[LIBGPUSPATIAL] [ 11616][17:59:15:974625][info  ] Unique multi-polygons 27834, memory quota 94 MB, estimated BVH size 305 MB, n_batches 4
[LIBGPUSPATIAL] [ 11616][17:59:15:975121][info  ] PIP(Used 2043 MB), Batch 0
[LIBGPUSPATIAL] [ 11616][17:59:15:986498][info  ] PIP(Used 2033 MB), Batch 1
[LIBGPUSPATIAL] [ 11616][17:59:16:007767][info  ] PIP(Used 2042 MB), Batch 2
[LIBGPUSPATIAL] [ 11619][17:59:16:014031][info  ] RTSpatialIndex 0x7e4ac000a800 (Used 2023 MB), Allocate result buffer, memory consumption 12 MB, capacity 1648825
[LIBGPUSPATIAL] [ 11616][17:59:16:014742][info  ] PIP(Used 2068 MB), Batch 3
[LIBGPUSPATIAL] [ 11619][17:59:16:016632][info  ] RTSpatialIndex 0x7e4ac000a800 (Used 2034 MB), Probe Points, Size: 1333333, Results: 1648825
[LIBGPUSPATIAL] [ 11619][17:59:16:045256][info  ] RTSpatialRefiner 0x7e4ac3d2a0f0 (Used 2005 MB), Loaded Geometries, ProbeArray 1333333, Loaded 840818, Type Point
[LIBGPUSPATIAL] [ 11619][17:59:16:046454][info  ] RTSpatialRefiner 0x7e4ac3d2a0f0 (Used 2011 MB), Evaluating 1648825 Geometry Pairs with Predicate Contains
[LIBGPUSPATIAL] [ 11619][17:59:16:047223][info  ] Unique multi-polygons 27734, memory quota 94 MB, estimated BVH size 304 MB, n_batches 4
[LIBGPUSPATIAL] [ 11619][17:59:16:047728][info  ] PIP(Used 2043 MB), Batch 0
[LIBGPUSPATIAL] [ 11619][17:59:16:055513][info  ] PIP(Used 2033 MB), Batch 1
[LIBGPUSPATIAL] [ 11619][17:59:16:078081][info  ] PIP(Used 2041 MB), Batch 2
[LIBGPUSPATIAL] [ 11619][17:59:16:084718][info  ] PIP(Used 2046 MB), Batch 3
[LIBGPUSPATIAL] [ 11614][17:59:16:100532][info  ] RTSpatialIndex 0x7e4ac000a800 (Used 1980 MB), Allocate result buffer, memory consumption 12 MB, capacity 1644920
[LIBGPUSPATIAL] [ 11614][17:59:16:102990][info  ] RTSpatialIndex 0x7e4ac000a800 (Used 1992 MB), Probe Points, Size: 1333333, Results: 1644920
[LIBGPUSPATIAL] [ 11614][17:59:16:127430][info  ] RTSpatialRefiner 0x7e4ac3d2a0f0 (Used 2005 MB), Loaded Geometries, ProbeArray 1333333, Loaded 838831, Type Point
[LIBGPUSPATIAL] [ 11614][17:59:16:128015][info  ] RTSpatialRefiner 0x7e4ac3d2a0f0 (Used 2011 MB), Evaluating 1644920 Geometry Pairs with Predicate Contains
[LIBGPUSPATIAL] [ 11614][17:59:16:128730][info  ] Unique multi-polygons 28010, memory quota 94 MB, estimated BVH size 304 MB, n_batches 4
[LIBGPUSPATIAL] [ 11614][17:59:16:129212][info  ] PIP(Used 2043 MB), Batch 0
[LIBGPUSPATIAL] [ 11614][17:59:16:136762][info  ] PIP(Used 2033 MB), Batch 1
[LIBGPUSPATIAL] [ 11620][17:59:16:157368][info  ] RTSpatialIndex 0x7e4ac000a800 (Used 2033 MB), Allocate result buffer, memory consumption 12 MB, capacity 1645320
[LIBGPUSPATIAL] [ 11615][17:59:16:157872][info  ] RTSpatialIndex 0x7e4ac000a800 (Used 2058 MB), Allocate result buffer, memory consumption 12 MB, capacity 1649779
[LIBGPUSPATIAL] [ 11614][17:59:16:160041][info  ] PIP(Used 2087 MB), Batch 2
[LIBGPUSPATIAL] [ 11620][17:59:16:163003][info  ] RTSpatialIndex 0x7e4ac000a800 (Used 2087 MB), Probe Points, Size: 1333333, Results: 1645320
[LIBGPUSPATIAL] [ 11615][17:59:16:163579][info  ] RTSpatialIndex 0x7e4ac000a800 (Used 2071 MB), Probe Points, Size: 1333333, Results: 1649779
[LIBGPUSPATIAL] [ 11614][17:59:16:168516][info  ] PIP(Used 2077 MB), Batch 3
[LIBGPUSPATIAL] [ 11615][17:59:16:198174][info  ] RTSpatialRefiner 0x7e4ac3d2a0f0 (Used 2041 MB), Loaded Geometries, ProbeArray 1333333, Loaded 840703, Type Point
[LIBGPUSPATIAL] [ 11620][17:59:16:198710][info  ] RTSpatialRefiner 0x7e4ac3d2a0f0 (Used 2047 MB), Loaded Geometries, ProbeArray 1333333, Loaded 839240, Type Point
[LIBGPUSPATIAL] [ 11615][17:59:16:199137][info  ] RTSpatialRefiner 0x7e4ac3d2a0f0 (Used 2053 MB), Evaluating 1649779 Geometry Pairs with Predicate Contains
[LIBGPUSPATIAL] [ 11620][17:59:16:199664][info  ] RTSpatialRefiner 0x7e4ac3d2a0f0 (Used 2054 MB), Evaluating 1645320 Geometry Pairs with Predicate Contains
[LIBGPUSPATIAL] [ 11615][17:59:16:199916][info  ] Unique multi-polygons 27934, memory quota 94 MB, estimated BVH size 305 MB, n_batches 4
[LIBGPUSPATIAL] [ 11615][17:59:16:200386][info  ] PIP(Used 2085 MB), Batch 0
[LIBGPUSPATIAL] [ 11620][17:59:16:200396][info  ] Unique multi-polygons 27848, memory quota 94 MB, estimated BVH size 303 MB, n_batches 4
[LIBGPUSPATIAL] [ 11620][17:59:16:200866][info  ] PIP(Used 2086 MB), Batch 0
[LIBGPUSPATIAL] [ 11615][17:59:16:208693][info  ] PIP(Used 2077 MB), Batch 1
[LIBGPUSPATIAL] [ 11620][17:59:16:210763][info  ] PIP(Used 2077 MB), Batch 1
[LIBGPUSPATIAL] [ 11615][17:59:16:229499][info  ] PIP(Used 2085 MB), Batch 2
[LIBGPUSPATIAL] [ 11615][17:59:16:236183][info  ] PIP(Used 2089 MB), Batch 3
[LIBGPUSPATIAL] [ 11620][17:59:16:240864][info  ] PIP(Used 2083 MB), Batch 2
[LIBGPUSPATIAL] [ 11620][17:59:16:247829][info  ] PIP(Used 2045 MB), Batch 3
[LIBGPUSPATIAL] [ 11620][17:59:16:487724][info  ] Create RTSpatialIndex 0x7e4ac000a800, fast_build = 0, compact = 0, concurrency = 8
[LIBGPUSPATIAL] [ 11620][17:59:16:488101][info  ] Create RTSpatialRefiner 0x7e4ac3d2a0f0, fast_build = 0, compact = 0, parsing_threads = 8, concurrency = 8, pipeline_batches = 1, wkb_parser_memory_quota = 0.80, relate_engine_memory_quota = 0.04
[LIBGPUSPATIAL] [ 11620][17:59:17:659306][info  ] RTSpatialRefiner 0x7e4ac3d2a0f0 (Used 623 MB), FinishBuilding Refiner, Total geoms: 31140888
[LIBGPUSPATIAL] [ 11620][17:59:17:659350][info  ] RTSpatialIndex 0x7e4ac000a800 (Used 623 MB), PushBuild, Rectangles 31140888
[LIBGPUSPATIAL] [ 11620][17:59:17:716976][info  ] RTSpatialIndex 0x7e4ac000a800 (Used 1698 MB), FinishBuilding Index on Points, Total geoms: 31140888
[LIBGPUSPATIAL] [ 11614][17:59:17:891293][info  ] RTSpatialIndex 0x7e4ac000a800 (Used 1610 MB), Allocate result buffer, memory consumption 31 MB, capacity 4163912
[LIBGPUSPATIAL] [ 11617][17:59:17:897753][info  ] RTSpatialIndex 0x7e4ac000a800 (Used 1643 MB), Allocate result buffer, memory consumption 30 MB, capacity 4037327
[LIBGPUSPATIAL] [ 11615][17:59:17:902098][info  ] RTSpatialIndex 0x7e4ac000a800 (Used 1679 MB), Allocate result buffer, memory consumption 22 MB, capacity 2951453
[LIBGPUSPATIAL] [ 11618][17:59:17:907675][info  ] RTSpatialIndex 0x7e4ac000a800 (Used 1704 MB), Allocate result buffer, memory consumption 20 MB, capacity 2733975
[LIBGPUSPATIAL] [ 11614][17:59:17:912893][info  ] RTSpatialIndex 0x7e4ac000a800 (Used 1723 MB), Probe Rectangles, Size: 27195, Results: 4163912
[LIBGPUSPATIAL] [ 11620][17:59:17:916646][info  ] RTSpatialIndex 0x7e4ac000a800 (Used 1723 MB), Allocate result buffer, memory consumption 23 MB, capacity 3035989
[LIBGPUSPATIAL] [ 11616][17:59:17:918589][info  ] RTSpatialIndex 0x7e4ac000a800 (Used 1735 MB), Allocate result buffer, memory consumption 34 MB, capacity 4457108
[LIBGPUSPATIAL] [ 11617][17:59:17:919891][info  ] RTSpatialIndex 0x7e4ac000a800 (Used 1735 MB), Probe Rectangles, Size: 27195, Results: 4037327
[LIBGPUSPATIAL] [ 11618][17:59:17:920955][info  ] RTSpatialIndex 0x7e4ac000a800 (Used 1735 MB), Probe Rectangles, Size: 27195, Results: 2733975
[LIBGPUSPATIAL] [ 11615][17:59:17:921972][info  ] RTSpatialIndex 0x7e4ac000a800 (Used 1702 MB), Probe Rectangles, Size: 27195, Results: 2951453
[LIBGPUSPATIAL] [ 11619][17:59:17:928499][info  ] RTSpatialIndex 0x7e4ac000a800 (Used 1671 MB), Allocate result buffer, memory consumption 14 MB, capacity 1900022
[LIBGPUSPATIAL] [ 11621][17:59:17:930425][info  ] RTSpatialIndex 0x7e4ac000a800 (Used 1686 MB), Allocate result buffer, memory consumption 49 MB, capacity 6462532
[LIBGPUSPATIAL] [ 11620][17:59:17:940129][info  ] RTSpatialIndex 0x7e4ac000a800 (Used 1884 MB), Probe Rectangles, Size: 27195, Results: 3035989
[LIBGPUSPATIAL] [ 11619][17:59:17:947422][info  ] RTSpatialIndex 0x7e4ac000a800 (Used 2041 MB), Probe Rectangles, Size: 27195, Results: 1900022
[LIBGPUSPATIAL] [ 11616][17:59:17:954271][info  ] RTSpatialIndex 0x7e4ac000a800 (Used 2047 MB), Probe Rectangles, Size: 27195, Results: 4457108
[LIBGPUSPATIAL] [ 11618][17:59:17:986619][info  ] RTSpatialRefiner 0x7e4ac3d2a0f0 (Used 2365 MB), Loaded Geometries, ProbeArray 27195, Loaded 5816, Type MultiPolygon
[LIBGPUSPATIAL] [ 11618][17:59:17:987692][info  ] RTSpatialRefiner 0x7e4ac3d2a0f0 (Used 2376 MB), Evaluating 2733975 Geometry Pairs with Predicate Within
[LIBGPUSPATIAL] [ 11618][17:59:17:988449][info  ] Unique multi-polygons 5816, memory quota 92 MB, estimated BVH size 27 MB, n_batches 1
[LIBGPUSPATIAL] [ 11621][17:59:17:993713][info  ] RTSpatialIndex 0x7e4ac000a800 (Used 2414 MB), Probe Rectangles, Size: 27195, Results: 6462532
[LIBGPUSPATIAL] [ 11618][17:59:18:001290][info  ] PIP(Used 2431 MB), Batch 0
[LIBGPUSPATIAL] [ 11614][17:59:18:002085][info  ] RTSpatialRefiner 0x7e4ac3d2a0f0 (Used 2520 MB), Loaded Geometries, ProbeArray 27195, Loaded 5820, Type MultiPolygon
[LIBGPUSPATIAL] [ 11619][17:59:18:012251][info  ] RTSpatialRefiner 0x7e4ac3d2a0f0 (Used 2536 MB), Loaded Geometries, ProbeArray 27195, Loaded 5825, Type MultiPolygon
[LIBGPUSPATIAL] [ 11614][17:59:18:017508][info  ] RTSpatialRefiner 0x7e4ac3d2a0f0 (Used 2536 MB), Evaluating 4163912 Geometry Pairs with Predicate Within
[LIBGPUSPATIAL] [ 11614][17:59:18:018645][info  ] Unique multi-polygons 5820, memory quota 91 MB, estimated BVH size 26 MB, n_batches 1
[LIBGPUSPATIAL] [ 11619][17:59:18:024165][info  ] RTSpatialRefiner 0x7e4ac3d2a0f0 (Used 2587 MB), Evaluating 1900022 Geometry Pairs with Predicate Within
[LIBGPUSPATIAL] [ 11619][17:59:18:024635][info  ] Unique multi-polygons 5825, memory quota 91 MB, estimated BVH size 29 MB, n_batches 1
[LIBGPUSPATIAL] [ 11614][17:59:18:050140][info  ] PIP(Used 2660 MB), Batch 0
[LIBGPUSPATIAL] [ 11619][17:59:18:050245][info  ] PIP(Used 2616 MB), Batch 0
[LIBGPUSPATIAL] [ 11615][17:59:18:059076][info  ] RTSpatialRefiner 0x7e4ac3d2a0f0 (Used 2572 MB), Loaded Geometries, ProbeArray 27195, Loaded 5871, Type MultiPolygon
[LIBGPUSPATIAL] [ 11616][17:59:18:059084][info  ] RTSpatialRefiner 0x7e4ac3d2a0f0 (Used 2572 MB), Loaded Geometries, ProbeArray 27195, Loaded 5779, Type MultiPolygon
[LIBGPUSPATIAL] [ 11620][17:59:18:059219][info  ] RTSpatialRefiner 0x7e4ac3d2a0f0 (Used 2600 MB), Loaded Geometries, ProbeArray 27195, Loaded 5737, Type MultiPolygon
[LIBGPUSPATIAL] [ 11617][17:59:18:059230][info  ] RTSpatialRefiner 0x7e4ac3d2a0f0 (Used 2600 MB), Loaded Geometries, ProbeArray 27195, Loaded 5706, Type MultiPolygon
[LIBGPUSPATIAL] [ 11615][17:59:18:060311][info  ] RTSpatialRefiner 0x7e4ac3d2a0f0 (Used 2627 MB), Evaluating 2951453 Geometry Pairs with Predicate Within
[LIBGPUSPATIAL] [ 11616][17:59:18:061782][info  ] RTSpatialRefiner 0x7e4ac3d2a0f0 (Used 2639 MB), Evaluating 4457108 Geometry Pairs with Predicate Within
[LIBGPUSPATIAL] [ 11620][17:59:18:062806][info  ] RTSpatialRefiner 0x7e4ac3d2a0f0 (Used 2656 MB), Evaluating 3035989 Geometry Pairs with Predicate Within
[LIBGPUSPATIAL] [ 11617][17:59:18:064249][info  ] RTSpatialRefiner 0x7e4ac3d2a0f0 (Used 2667 MB), Evaluating 4037327 Geometry Pairs with Predicate Within
[LIBGPUSPATIAL] [ 11615][17:59:18:091042][info  ] Unique multi-polygons 5871, memory quota 91 MB, estimated BVH size 27 MB, n_batches 1
[LIBGPUSPATIAL] [ 11620][17:59:18:091335][info  ] Unique multi-polygons 5737, memory quota 91 MB, estimated BVH size 28 MB, n_batches 1
[LIBGPUSPATIAL] [ 11616][17:59:18:092162][info  ] Unique multi-polygons 5779, memory quota 90 MB, estimated BVH size 26 MB, n_batches 1
[LIBGPUSPATIAL] [ 11617][17:59:18:095329][info  ] Unique multi-polygons 5706, memory quota 90 MB, estimated BVH size 27 MB, n_batches 1
[LIBGPUSPATIAL] [ 11620][17:59:18:098584][info  ] PIP(Used 2491 MB), Batch 0
[LIBGPUSPATIAL] [ 11615][17:59:18:099499][info  ] PIP(Used 2473 MB), Batch 0
[LIBGPUSPATIAL] [ 11616][17:59:18:100416][info  ] PIP(Used 2455 MB), Batch 0
[LIBGPUSPATIAL] [ 11617][17:59:18:101349][info  ] PIP(Used 2437 MB), Batch 0
[LIBGPUSPATIAL] [ 11621][17:59:18:152583][info  ] RTSpatialRefiner 0x7e4ac3d2a0f0 (Used 2378 MB), Loaded Geometries, ProbeArray 27195, Loaded 5789, Type MultiPolygon
[LIBGPUSPATIAL] [ 11621][17:59:18:155092][info  ] RTSpatialRefiner 0x7e4ac3d2a0f0 (Used 2217 MB), Evaluating 6462532 Geometry Pairs with Predicate Within
[LIBGPUSPATIAL] [ 11621][17:59:18:156758][info  ] Unique multi-polygons 5789, memory quota 94 MB, estimated BVH size 27 MB, n_batches 1
[LIBGPUSPATIAL] [ 11621][17:59:18:158055][info  ] PIP(Used 1829 MB), Batch 0
[LIBGPUSPATIAL] [ 11619][17:59:18:555501][info  ] RTSpatialIndex 0x7e4ac000a800 (Used 1610 MB), Allocate result buffer, memory consumption 20 MB, capacity 2720871
[LIBGPUSPATIAL] [ 11619][17:59:18:566331][info  ] RTSpatialIndex 0x7e4ac000a800 (Used 1631 MB), Probe Rectangles, Size: 27195, Results: 2720871
[LIBGPUSPATIAL] [ 11619][17:59:18:597684][info  ] RTSpatialRefiner 0x7e4ac3d2a0f0 (Used 1730 MB), Loaded Geometries, ProbeArray 27195, Loaded 5770, Type MultiPolygon
[LIBGPUSPATIAL] [ 11619][17:59:18:598599][info  ] RTSpatialRefiner 0x7e4ac3d2a0f0 (Used 1741 MB), Evaluating 2720871 Geometry Pairs with Predicate Within
[LIBGPUSPATIAL] [ 11619][17:59:18:599251][info  ] Unique multi-polygons 5770, memory quota 95 MB, estimated BVH size 28 MB, n_batches 1
[LIBGPUSPATIAL] [ 11619][17:59:18:599770][info  ] PIP(Used 1761 MB), Batch 0
[LIBGPUSPATIAL] [ 11615][17:59:18:739566][info  ] RTSpatialIndex 0x7e4ac000a800 (Used 1610 MB), Allocate result buffer, memory consumption 25 MB, capacity 3380882
[LIBGPUSPATIAL] [ 11615][17:59:18:755003][info  ] RTSpatialIndex 0x7e4ac000a800 (Used 1636 MB), Probe Rectangles, Size: 27195, Results: 3380882
[LIBGPUSPATIAL] [ 11617][17:59:18:775966][info  ] RTSpatialIndex 0x7e4ac000a800 (Used 1740 MB), Allocate result buffer, memory consumption 22 MB, capacity 2934184
[LIBGPUSPATIAL] [ 11615][17:59:18:788378][info  ] RTSpatialRefiner 0x7e4ac3d2a0f0 (Used 1762 MB), Loaded Geometries, ProbeArray 27195, Loaded 5670, Type MultiPolygon
[LIBGPUSPATIAL] [ 11617][17:59:18:789504][info  ] RTSpatialIndex 0x7e4ac000a800 (Used 1775 MB), Probe Rectangles, Size: 27195, Results: 2934184
[LIBGPUSPATIAL] [ 11615][17:59:18:789801][info  ] RTSpatialRefiner 0x7e4ac3d2a0f0 (Used 1752 MB), Evaluating 3380882 Geometry Pairs with Predicate Within
[LIBGPUSPATIAL] [ 11615][17:59:18:790439][info  ] Unique multi-polygons 5670, memory quota 95 MB, estimated BVH size 28 MB, n_batches 1
[LIBGPUSPATIAL] [ 11615][17:59:18:790904][info  ] PIP(Used 1775 MB), Batch 0
[LIBGPUSPATIAL] [ 11618][17:59:18:812611][info  ] RTSpatialIndex 0x7e4ac000a800 (Used 1732 MB), Allocate result buffer, memory consumption 90 MB, capacity 11889359
[LIBGPUSPATIAL] [ 11620][17:59:18:814769][info  ] RTSpatialIndex 0x7e4ac000a800 (Used 1774 MB), Allocate result buffer, memory consumption 28 MB, capacity 3707555
[LIBGPUSPATIAL] [ 11617][17:59:18:829256][info  ] RTSpatialRefiner 0x7e4ac3d2a0f0 (Used 1848 MB), Loaded Geometries, ProbeArray 27195, Loaded 5742, Type MultiPolygon
[LIBGPUSPATIAL] [ 11617][17:59:18:830414][info  ] RTSpatialRefiner 0x7e4ac3d2a0f0 (Used 1859 MB), Evaluating 2934184 Geometry Pairs with Predicate Within
[LIBGPUSPATIAL] [ 11617][17:59:18:831009][info  ] Unique multi-polygons 5742, memory quota 95 MB, estimated BVH size 26 MB, n_batches 1
[LIBGPUSPATIAL] [ 11617][17:59:18:831436][info  ] PIP(Used 1880 MB), Batch 0
[LIBGPUSPATIAL] [ 11620][17:59:18:835669][info  ] RTSpatialIndex 0x7e4ac000a800 (Used 1859 MB), Probe Rectangles, Size: 27195, Results: 3707555
[LIBGPUSPATIAL] [ 11618][17:59:18:874440][info  ] RTSpatialIndex 0x7e4ac000a800 (Used 1827 MB), Probe Rectangles, Size: 27195, Results: 11889359
[LIBGPUSPATIAL] [ 11620][17:59:18:875041][info  ] RTSpatialRefiner 0x7e4ac3d2a0f0 (Used 1734 MB), Loaded Geometries, ProbeArray 27195, Loaded 5702, Type MultiPolygon
[LIBGPUSPATIAL] [ 11620][17:59:18:876739][info  ] RTSpatialRefiner 0x7e4ac3d2a0f0 (Used 1749 MB), Evaluating 3707555 Geometry Pairs with Predicate Within
[LIBGPUSPATIAL] [ 11620][17:59:18:877436][info  ] Unique multi-polygons 5702, memory quota 95 MB, estimated BVH size 26 MB, n_batches 1
[LIBGPUSPATIAL] [ 11620][17:59:18:877965][info  ] PIP(Used 1772 MB), Batch 0
[LIBGPUSPATIAL] [ 11618][17:59:18:927409][info  ] RTSpatialRefiner 0x7e4ac3d2a0f0 (Used 1832 MB), Loaded Geometries, ProbeArray 27195, Loaded 5663, Type MultiPolygon
[LIBGPUSPATIAL] [ 11618][17:59:18:931483][info  ] RTSpatialRefiner 0x7e4ac3d2a0f0 (Used 1877 MB), Evaluating 11889359 Geometry Pairs with Predicate Within
[LIBGPUSPATIAL] [ 11618][17:59:18:936657][info  ] Unique multi-polygons 5663, memory quota 95 MB, estimated BVH size 27 MB, n_batches 1
[LIBGPUSPATIAL] [ 11618][17:59:18:937496][info  ] PIP(Used 1932 MB), Batch 0
[LIBGPUSPATIAL] [ 11619][17:59:19:103692][info  ] RTSpatialIndex 0x7e4ac000a800 (Used 1609 MB), Allocate result buffer, memory consumption 6 MB, capacity 814503
[LIBGPUSPATIAL] [ 11619][17:59:19:106892][info  ] RTSpatialIndex 0x7e4ac000a800 (Used 1615 MB), Probe Rectangles, Size: 2449, Results: 814503
[LIBGPUSPATIAL] [ 11619][17:59:19:112278][info  ] RTSpatialRefiner 0x7e4ac3d2a0f0 (Used 1628 MB), Loaded Geometries, ProbeArray 2449, Loaded 540, Type MultiPolygon
[LIBGPUSPATIAL] [ 11619][17:59:19:112603][info  ] RTSpatialRefiner 0x7e4ac3d2a0f0 (Used 1631 MB), Evaluating 814503 Geometry Pairs with Predicate Within
[LIBGPUSPATIAL] [ 11619][17:59:19:112946][info  ] Unique multi-polygons 540, memory quota 96 MB, estimated BVH size 3 MB, n_batches 1
[LIBGPUSPATIAL] [ 11619][17:59:19:113362][info  ] PIP(Used 1636 MB), Batch 0
[LIBGPUSPATIAL] [ 11616][17:59:19:120889][info  ] RTSpatialIndex 0x7e4ac000a800 (Used 1610 MB), Allocate result buffer, memory consumption 24 MB, capacity 3221977
[LIBGPUSPATIAL] [ 11616][17:59:19:134693][info  ] RTSpatialIndex 0x7e4ac000a800 (Used 1634 MB), Probe Rectangles, Size: 27195, Results: 3221977
[LIBGPUSPATIAL] [ 11616][17:59:19:163661][info  ] RTSpatialRefiner 0x7e4ac3d2a0f0 (Used 1735 MB), Loaded Geometries, ProbeArray 27195, Loaded 5853, Type MultiPolygon
[LIBGPUSPATIAL] [ 11616][17:59:19:165229][info  ] RTSpatialRefiner 0x7e4ac3d2a0f0 (Used 1748 MB), Evaluating 3221977 Geometry Pairs with Predicate Within
[LIBGPUSPATIAL] [ 11616][17:59:19:166150][info  ] Unique multi-polygons 5853, memory quota 95 MB, estimated BVH size 28 MB, n_batches 1
[LIBGPUSPATIAL] [ 11616][17:59:19:166919][info  ] PIP(Used 1770 MB), Batch 0
[LIBGPUSPATIAL] [ 11614][17:59:19:325030][info  ] RTSpatialIndex 0x7e4ac000a800 (Used 1610 MB), Allocate result buffer, memory consumption 28 MB, capacity 3723830
[LIBGPUSPATIAL] [ 11614][17:59:19:337978][info  ] RTSpatialIndex 0x7e4ac000a800 (Used 1638 MB), Probe Rectangles, Size: 27195, Results: 3723830
[LIBGPUSPATIAL] [ 11614][17:59:19:363288][info  ] RTSpatialRefiner 0x7e4ac3d2a0f0 (Used 1741 MB), Loaded Geometries, ProbeArray 27195, Loaded 5834, Type MultiPolygon
[LIBGPUSPATIAL] [ 11614][17:59:19:364581][info  ] RTSpatialRefiner 0x7e4ac3d2a0f0 (Used 1755 MB), Evaluating 3723830 Geometry Pairs with Predicate Within
[LIBGPUSPATIAL] [ 11614][17:59:19:365223][info  ] Unique multi-polygons 5834, memory quota 95 MB, estimated BVH size 28 MB, n_batches 1
[LIBGPUSPATIAL] [ 11614][17:59:19:365630][info  ] PIP(Used 1779 MB), Batch 0
[LIBGPUSPATIAL] [ 11615][17:59:19:380411][info  ] RTSpatialIndex 0x7e4ac000a800 (Used 1755 MB), Allocate result buffer, memory consumption 0 MB, capacity 86567
[LIBGPUSPATIAL] [ 11615][17:59:19:384684][info  ] RTSpatialIndex 0x7e4ac000a800 (Used 1609 MB), Probe Rectangles, Size: 2448, Results: 86567
[LIBGPUSPATIAL] [ 11615][17:59:19:388516][info  ] RTSpatialRefiner 0x7e4ac3d2a0f0 (Used 1620 MB), Loaded Geometries, ProbeArray 2448, Loaded 510, Type MultiPolygon
[LIBGPUSPATIAL] [ 11615][17:59:19:388608][info  ] RTSpatialRefiner 0x7e4ac3d2a0f0 (Used 1621 MB), Evaluating 86567 Geometry Pairs with Predicate Within
[LIBGPUSPATIAL] [ 11615][17:59:19:388826][info  ] Unique multi-polygons 510, memory quota 96 MB, estimated BVH size 3 MB, n_batches 1
[LIBGPUSPATIAL] [ 11615][17:59:19:389171][info  ] PIP(Used 1622 MB), Batch 0
[LIBGPUSPATIAL] [ 11617][17:59:19:416227][info  ] RTSpatialIndex 0x7e4ac000a800 (Used 1609 MB), Allocate result buffer, memory consumption 0 MB, capacity 72722
[LIBGPUSPATIAL] [ 11617][17:59:19:417815][info  ] RTSpatialIndex 0x7e4ac000a800 (Used 1609 MB), Probe Rectangles, Size: 2448, Results: 72722
[LIBGPUSPATIAL] [ 11617][17:59:19:419995][info  ] RTSpatialRefiner 0x7e4ac3d2a0f0 (Used 1616 MB), Loaded Geometries, ProbeArray 2448, Loaded 527, Type MultiPolygon
[LIBGPUSPATIAL] [ 11617][17:59:19:420063][info  ] RTSpatialRefiner 0x7e4ac3d2a0f0 (Used 1616 MB), Evaluating 72722 Geometry Pairs with Predicate Within
[LIBGPUSPATIAL] [ 11617][17:59:19:420268][info  ] Unique multi-polygons 527, memory quota 96 MB, estimated BVH size 2 MB, n_batches 1
[LIBGPUSPATIAL] [ 11617][17:59:19:420520][info  ] PIP(Used 1617 MB), Batch 0
[LIBGPUSPATIAL] [ 11621][17:59:19:582946][info  ] RTSpatialIndex 0x7e4ac000a800 (Used 1610 MB), Allocate result buffer, memory consumption 27 MB, capacity 3593158
[LIBGPUSPATIAL] [ 11621][17:59:19:597787][info  ] RTSpatialIndex 0x7e4ac000a800 (Used 1637 MB), Probe Rectangles, Size: 27195, Results: 3593158
[LIBGPUSPATIAL] [ 11621][17:59:19:617439][info  ] RTSpatialRefiner 0x7e4ac3d2a0f0 (Used 1743 MB), Loaded Geometries, ProbeArray 27195, Loaded 5700, Type MultiPolygon
[LIBGPUSPATIAL] [ 11621][17:59:19:618603][info  ] RTSpatialRefiner 0x7e4ac3d2a0f0 (Used 1757 MB), Evaluating 3593158 Geometry Pairs with Predicate Within
[LIBGPUSPATIAL] [ 11621][17:59:19:619242][info  ] Unique multi-polygons 5700, memory quota 95 MB, estimated BVH size 29 MB, n_batches 1
[LIBGPUSPATIAL] [ 11621][17:59:19:619701][info  ] PIP(Used 1782 MB), Batch 0
[LIBGPUSPATIAL] [ 11620][17:59:19:722716][info  ] RTSpatialIndex 0x7e4ac000a800 (Used 1609 MB), Allocate result buffer, memory consumption 0 MB, capacity 77342
[LIBGPUSPATIAL] [ 11620][17:59:19:724429][info  ] RTSpatialIndex 0x7e4ac000a800 (Used 1609 MB), Probe Rectangles, Size: 2449, Results: 77342
[LIBGPUSPATIAL] [ 11620][17:59:19:726668][info  ] RTSpatialRefiner 0x7e4ac3d2a0f0 (Used 1617 MB), Loaded Geometries, ProbeArray 2449, Loaded 512, Type MultiPolygon
[LIBGPUSPATIAL] [ 11620][17:59:19:726743][info  ] RTSpatialRefiner 0x7e4ac3d2a0f0 (Used 1617 MB), Evaluating 77342 Geometry Pairs with Predicate Within
[LIBGPUSPATIAL] [ 11620][17:59:19:726985][info  ] Unique multi-polygons 512, memory quota 96 MB, estimated BVH size 2 MB, n_batches 1
[LIBGPUSPATIAL] [ 11620][17:59:19:727232][info  ] PIP(Used 1618 MB), Batch 0
[LIBGPUSPATIAL] [ 11616][17:59:19:970429][info  ] RTSpatialIndex 0x7e4ac000a800 (Used 1609 MB), Allocate result buffer, memory consumption 0 MB, capacity 114178
[LIBGPUSPATIAL] [ 11616][17:59:19:972208][info  ] RTSpatialIndex 0x7e4ac000a800 (Used 1609 MB), Probe Rectangles, Size: 2449, Results: 114178
[LIBGPUSPATIAL] [ 11616][17:59:19:974207][info  ] RTSpatialRefiner 0x7e4ac3d2a0f0 (Used 1618 MB), Loaded Geometries, ProbeArray 2449, Loaded 543, Type MultiPolygon
[LIBGPUSPATIAL] [ 11616][17:59:19:974289][info  ] RTSpatialRefiner 0x7e4ac3d2a0f0 (Used 1618 MB), Evaluating 114178 Geometry Pairs with Predicate Within
[LIBGPUSPATIAL] [ 11616][17:59:19:974509][info  ] Unique multi-polygons 543, memory quota 96 MB, estimated BVH size 2 MB, n_batches 1
[LIBGPUSPATIAL] [ 11616][17:59:19:974747][info  ] PIP(Used 1619 MB), Batch 0
[LIBGPUSPATIAL] [ 11614][17:59:20:116718][info  ] RTSpatialIndex 0x7e4ac000a800 (Used 1609 MB), Allocate result buffer, memory consumption 1 MB, capacity 242572
[LIBGPUSPATIAL] [ 11614][17:59:20:118665][info  ] RTSpatialIndex 0x7e4ac000a800 (Used 1610 MB), Probe Rectangles, Size: 2449, Results: 242572
[LIBGPUSPATIAL] [ 11614][17:59:20:121322][info  ] RTSpatialRefiner 0x7e4ac3d2a0f0 (Used 1621 MB), Loaded Geometries, ProbeArray 2449, Loaded 529, Type MultiPolygon
[LIBGPUSPATIAL] [ 11614][17:59:20:121432][info  ] RTSpatialRefiner 0x7e4ac3d2a0f0 (Used 1622 MB), Evaluating 242572 Geometry Pairs with Predicate Within
[LIBGPUSPATIAL] [ 11614][17:59:20:121865][info  ] Unique multi-polygons 529, memory quota 96 MB, estimated BVH size 3 MB, n_batches 1
[LIBGPUSPATIAL] [ 11614][17:59:20:122300][info  ] PIP(Used 1625 MB), Batch 0
[LIBGPUSPATIAL] [ 11621][17:59:20:159273][info  ] RTSpatialIndex 0x7e4ac000a800 (Used 1609 MB), Allocate result buffer, memory consumption 0 MB, capacity 62652
[LIBGPUSPATIAL] [ 11621][17:59:20:160828][info  ] RTSpatialIndex 0x7e4ac000a800 (Used 1609 MB), Probe Rectangles, Size: 2449, Results: 62652
[LIBGPUSPATIAL] [ 11621][17:59:20:162705][info  ] RTSpatialRefiner 0x7e4ac3d2a0f0 (Used 1616 MB), Loaded Geometries, ProbeArray 2449, Loaded 507, Type MultiPolygon
[LIBGPUSPATIAL] [ 11621][17:59:20:162764][info  ] RTSpatialRefiner 0x7e4ac3d2a0f0 (Used 1617 MB), Evaluating 62652 Geometry Pairs with Predicate Within
[LIBGPUSPATIAL] [ 11621][17:59:20:162946][info  ] Unique multi-polygons 507, memory quota 96 MB, estimated BVH size 2 MB, n_batches 1
[LIBGPUSPATIAL] [ 11621][17:59:20:163161][info  ] PIP(Used 1618 MB), Batch 0
[LIBGPUSPATIAL] [ 11618][17:59:20:392597][info  ] RTSpatialIndex 0x7e4ac000a800 (Used 1609 MB), Allocate result buffer, memory consumption 0 MB, capacity 109608
[LIBGPUSPATIAL] [ 11618][17:59:20:394605][info  ] RTSpatialIndex 0x7e4ac000a800 (Used 1609 MB), Probe Rectangles, Size: 2449, Results: 109608
[LIBGPUSPATIAL] [ 11618][17:59:20:396409][info  ] RTSpatialRefiner 0x7e4ac3d2a0f0 (Used 1617 MB), Loaded Geometries, ProbeArray 2449, Loaded 487, Type MultiPolygon
[LIBGPUSPATIAL] [ 11618][17:59:20:396476][info  ] RTSpatialRefiner 0x7e4ac3d2a0f0 (Used 1617 MB), Evaluating 109608 Geometry Pairs with Predicate Within
[LIBGPUSPATIAL] [ 11618][17:59:20:396751][info  ] Unique multi-polygons 487, memory quota 96 MB, estimated BVH size 2 MB, n_batches 1
[LIBGPUSPATIAL] [ 11618][17:59:20:397067][info  ] PIP(Used 1619 MB), Batch 0
9.53s (1 rows)

================================================================================
BENCHMARK SUMMARY
================================================================================
Query     sedonadb_gpu   
-------------------------
q11       9.53s          
-------------------------
Total     9.53s         

Results saved to results_mem_SF_10/sedonadb_gpu_q11_results.json
