Data paths:
  building: benchmark-data-sf10/building
  customer: benchmark-data-sf10/customer
  driver: benchmark-data-sf10/driver
  trip: benchmark-data-sf10/trip
  vehicle: benchmark-data-sf10/vehicle
  zone: benchmark-data-sf10/zone

============================================================
Running Sedonadb Gpu Benchmark
============================================================
Sedonadb Gpu version: 0.3.0
  Running q10... [LIBGPUSPATIAL] [ 12912][18:00:21:240778][info  ] Initializing GpuSpatialRuntime on device 0, PTX root /mnt/data/sedona-db/target/release/build/sedona-libgpuspatial-49614f8a870dbe66/out/share/gpuspatial/shaders
[LIBGPUSPATIAL] [ 12912][18:00:21:396975][info  ] Init Memory Manager
[LIBGPUSPATIAL] [ 12912][18:00:21:397147][info  ] Creating RMM pool memory resource with size 22511 MB
[LIBGPUSPATIAL] [ 12912][18:00:21:442432][info  ] Initialize RTEngine
[LIBGPUSPATIAL] [ 12912][18:00:21:563621][info  ] Create RTSpatialIndex 0x799ef800a7d0, fast_build = 0, compact = 0, concurrency = 8
[LIBGPUSPATIAL] [ 12912][18:00:21:566456][info  ] Create RTSpatialRefiner 0x799efbd29270, fast_build = 0, compact = 0, parsing_threads = 8, concurrency = 8, pipeline_batches = 1, wkb_parser_memory_quota = 0.80, relate_engine_memory_quota = 0.07
[LIBGPUSPATIAL] [ 12912][18:00:22:099249][info  ] RTSpatialRefiner 0x799efbd29270 (Used 1946 MB), FinishBuilding Refiner, Total geoms: 454710
[LIBGPUSPATIAL] [ 12912][18:00:22:099294][info  ] RTSpatialIndex 0x799ef800a7d0 (Used 1946 MB), PushBuild, Rectangles 454710
[LIBGPUSPATIAL] [ 12912][18:00:22:101162][info  ] RTSpatialIndex 0x799ef800a7d0 (Used 1980 MB), FinishBuilding Index on Rectangles, Total geoms: 454710
[LIBGPUSPATIAL] [ 12912][18:00:22:405280][info  ] RTSpatialIndex 0x799ef800a7d0 (Used 1980 MB), Allocate result buffer, memory consumption 12 MB, capacity 1648934
[LIBGPUSPATIAL] [ 12911][18:00:22:413855][info  ] RTSpatialIndex 0x799ef800a7d0 (Used 2012 MB), Allocate result buffer, memory consumption 12 MB, capacity 1644220
[LIBGPUSPATIAL] [ 12910][18:00:22:414070][info  ] RTSpatialIndex 0x799ef800a7d0 (Used 2025 MB), Allocate result buffer, memory consumption 12 MB, capacity 1647885
[LIBGPUSPATIAL] [ 12912][18:00:22:418411][info  ] RTSpatialIndex 0x799ef800a7d0 (Used 2078 MB), Probe Points, Size: 1333333, Results: 1648934
[LIBGPUSPATIAL] [ 12909][18:00:22:422338][info  ] RTSpatialIndex 0x799ef800a7d0 (Used 2045 MB), Allocate result buffer, memory consumption 12 MB, capacity 1646756
[LIBGPUSPATIAL] [ 12908][18:00:22:422559][info  ] RTSpatialIndex 0x799ef800a7d0 (Used 2052 MB), Allocate result buffer, memory consumption 12 MB, capacity 1646781
[LIBGPUSPATIAL] [ 12911][18:00:22:423245][info  ] RTSpatialIndex 0x799ef800a7d0 (Used 2058 MB), Probe Points, Size: 1333333, Results: 1644220
[LIBGPUSPATIAL] [ 12907][18:00:22:423520][info  ] RTSpatialIndex 0x799ef800a7d0 (Used 2058 MB), Allocate result buffer, memory consumption 12 MB, capacity 1645337
[LIBGPUSPATIAL] [ 12913][18:00:22:429225][info  ] RTSpatialIndex 0x799ef800a7d0 (Used 2096 MB), Allocate result buffer, memory consumption 12 MB, capacity 1646306
[LIBGPUSPATIAL] [ 12910][18:00:22:431750][info  ] RTSpatialIndex 0x799ef800a7d0 (Used 2121 MB), Probe Points, Size: 1333333, Results: 1647885
[LIBGPUSPATIAL] [ 12909][18:00:22:434561][info  ] RTSpatialIndex 0x799ef800a7d0 (Used 2098 MB), Probe Points, Size: 1333333, Results: 1646756
[LIBGPUSPATIAL] [ 12908][18:00:22:441451][info  ] RTSpatialIndex 0x799ef800a7d0 (Used 2115 MB), Probe Points, Size: 1333333, Results: 1646781
[LIBGPUSPATIAL] [ 12907][18:00:22:443295][info  ] RTSpatialIndex 0x799ef800a7d0 (Used 2092 MB), Probe Points, Size: 1333333, Results: 1645337
[LIBGPUSPATIAL] [ 12913][18:00:22:446604][info  ] RTSpatialIndex 0x799ef800a7d0 (Used 2109 MB), Probe Points, Size: 1333333, Results: 1646306
[LIBGPUSPATIAL] [ 12914][18:00:22:456287][info  ] RTSpatialIndex 0x799ef800a7d0 (Used 2101 MB), Allocate result buffer, memory consumption 12 MB, capacity 1645951
[LIBGPUSPATIAL] [ 12912][18:00:22:466375][info  ] RTSpatialRefiner 0x799efbd29270 (Used 2191 MB), Loaded Geometries, ProbeArray 1333333, Loaded 840623, Type Point
[LIBGPUSPATIAL] [ 12912][18:00:22:467684][info  ] RTSpatialRefiner 0x799efbd29270 (Used 2214 MB), Evaluating 1648934 Geometry Pairs with Predicate Contains
[LIBGPUSPATIAL] [ 12911][18:00:22:472743][info  ] RTSpatialRefiner 0x799efbd29270 (Used 2261 MB), Loaded Geometries, ProbeArray 1333333, Loaded 838626, Type Point
[LIBGPUSPATIAL] [ 12911][18:00:22:473704][info  ] RTSpatialRefiner 0x799efbd29270 (Used 2267 MB), Evaluating 1644220 Geometry Pairs with Predicate Contains
[LIBGPUSPATIAL] [ 12914][18:00:22:480066][info  ] RTSpatialIndex 0x799ef800a7d0 (Used 2279 MB), Probe Points, Size: 1333333, Results: 1645951
[LIBGPUSPATIAL] [ 12909][18:00:22:488614][info  ] RTSpatialRefiner 0x799efbd29270 (Used 2276 MB), Loaded Geometries, ProbeArray 1333333, Loaded 840229, Type Point
[LIBGPUSPATIAL] [ 12909][18:00:22:490425][info  ] RTSpatialRefiner 0x799efbd29270 (Used 2282 MB), Evaluating 1646756 Geometry Pairs with Predicate Contains
[LIBGPUSPATIAL] [ 12908][18:00:22:492325][info  ] RTSpatialRefiner 0x799efbd29270 (Used 2282 MB), Loaded Geometries, ProbeArray 1333333, Loaded 840316, Type Point
[LIBGPUSPATIAL] [ 12908][18:00:22:494472][info  ] RTSpatialRefiner 0x799efbd29270 (Used 2301 MB), Evaluating 1646781 Geometry Pairs with Predicate Contains
[LIBGPUSPATIAL] [ 12910][18:00:22:498561][info  ] RTSpatialRefiner 0x799efbd29270 (Used 2313 MB), Loaded Geometries, ProbeArray 1333333, Loaded 839762, Type Point
[LIBGPUSPATIAL] [ 12910][18:00:22:499123][info  ] RTSpatialRefiner 0x799efbd29270 (Used 2320 MB), Evaluating 1647885 Geometry Pairs with Predicate Contains
[LIBGPUSPATIAL] [ 12907][18:00:22:504553][info  ] RTSpatialRefiner 0x799efbd29270 (Used 2332 MB), Loaded Geometries, ProbeArray 1333333, Loaded 839184, Type Point
[LIBGPUSPATIAL] [ 12907][18:00:22:505126][info  ] RTSpatialRefiner 0x799efbd29270 (Used 2339 MB), Evaluating 1645337 Geometry Pairs with Predicate Contains
[LIBGPUSPATIAL] [ 12913][18:00:22:506707][info  ] RTSpatialRefiner 0x799efbd29270 (Used 2351 MB), Loaded Geometries, ProbeArray 1333333, Loaded 839769, Type Point
[LIBGPUSPATIAL] [ 12913][18:00:22:507321][info  ] RTSpatialRefiner 0x799efbd29270 (Used 2357 MB), Evaluating 1646306 Geometry Pairs with Predicate Contains
[LIBGPUSPATIAL] [ 12910][18:00:22:519250][info  ] Unique multi-polygons 27972, memory quota 162 MB, estimated BVH size 305 MB, n_batches 2
[LIBGPUSPATIAL] [ 12913][18:00:22:519605][info  ] Unique multi-polygons 27923, memory quota 162 MB, estimated BVH size 306 MB, n_batches 2
[LIBGPUSPATIAL] [ 12907][18:00:22:519615][info  ] Unique multi-polygons 28133, memory quota 162 MB, estimated BVH size 306 MB, n_batches 2
[LIBGPUSPATIAL] [ 12912][18:00:22:519620][info  ] Unique multi-polygons 27961, memory quota 162 MB, estimated BVH size 306 MB, n_batches 2
[LIBGPUSPATIAL] [ 12911][18:00:22:519640][info  ] Unique multi-polygons 28027, memory quota 162 MB, estimated BVH size 306 MB, n_batches 2
[LIBGPUSPATIAL] [ 12909][18:00:22:519644][info  ] Unique multi-polygons 27757, memory quota 162 MB, estimated BVH size 303 MB, n_batches 2
[LIBGPUSPATIAL] [ 12908][18:00:22:519641][info  ] Unique multi-polygons 27800, memory quota 162 MB, estimated BVH size 306 MB, n_batches 2
[LIBGPUSPATIAL] [ 12911][18:00:22:520744][info  ] PIP(Used 3206 MB), Batch 0
[LIBGPUSPATIAL] [ 12907][18:00:22:520802][info  ] PIP(Used 3115 MB), Batch 0
[LIBGPUSPATIAL] [ 12908][18:00:22:520864][info  ] PIP(Used 2935 MB), Batch 0
[LIBGPUSPATIAL] [ 12909][18:00:22:520896][info  ] PIP(Used 2932 MB), Batch 0
[LIBGPUSPATIAL] [ 12913][18:00:22:520951][info  ] PIP(Used 2752 MB), Batch 0
[LIBGPUSPATIAL] [ 12912][18:00:22:520983][info  ] PIP(Used 2749 MB), Batch 0
[LIBGPUSPATIAL] [ 12910][18:00:22:521034][info  ] PIP(Used 2657 MB), Batch 0
[LIBGPUSPATIAL] [ 12914][18:00:22:595918][info  ] RTSpatialRefiner 0x799efbd29270 (Used 2321 MB), Loaded Geometries, ProbeArray 1333333, Loaded 839464, Type Point
[LIBGPUSPATIAL] [ 12914][18:00:22:596481][info  ] RTSpatialRefiner 0x799efbd29270 (Used 2327 MB), Evaluating 1645951 Geometry Pairs with Predicate Contains
[LIBGPUSPATIAL] [ 12910][18:00:22:597059][info  ] PIP(Used 2801 MB), Batch 1
[LIBGPUSPATIAL] [ 12908][18:00:22:597064][info  ] PIP(Used 2801 MB), Batch 1
[LIBGPUSPATIAL] [ 12913][18:00:22:597120][info  ] PIP(Used 2689 MB), Batch 1
[LIBGPUSPATIAL] [ 12912][18:00:22:597162][info  ] PIP(Used 2578 MB), Batch 1
[LIBGPUSPATIAL] [ 12914][18:00:22:623041][info  ] Unique multi-polygons 27959, memory quota 162 MB, estimated BVH size 306 MB, n_batches 2
[LIBGPUSPATIAL] [ 12911][18:00:22:630983][info  ] PIP(Used 2616 MB), Batch 1
[LIBGPUSPATIAL] [ 12909][18:00:22:631016][info  ] PIP(Used 2587 MB), Batch 1
[LIBGPUSPATIAL] [ 12907][18:00:22:631076][info  ] PIP(Used 2475 MB), Batch 1
[LIBGPUSPATIAL] [ 12914][18:00:22:631401][info  ] PIP(Used 2191 MB), Batch 0
[LIBGPUSPATIAL] [ 12914][18:00:22:674475][info  ] PIP(Used 2076 MB), Batch 1
[LIBGPUSPATIAL] [ 12912][18:00:22:990139][info  ] RTSpatialIndex 0x799ef800a7d0 (Used 1980 MB), Allocate result buffer, memory consumption 12 MB, capacity 1646922
[LIBGPUSPATIAL] [ 12912][18:00:22:997033][info  ] RTSpatialIndex 0x799ef800a7d0 (Used 1992 MB), Probe Points, Size: 1333333, Results: 1646922
[LIBGPUSPATIAL] [ 12912][18:00:23:031664][info  ] RTSpatialRefiner 0x799efbd29270 (Used 2005 MB), Loaded Geometries, ProbeArray 1333333, Loaded 839419, Type Point
[LIBGPUSPATIAL] [ 12912][18:00:23:033435][info  ] RTSpatialRefiner 0x799efbd29270 (Used 2011 MB), Evaluating 1646922 Geometry Pairs with Predicate Contains
[LIBGPUSPATIAL] [ 12912][18:00:23:034448][info  ] Unique multi-polygons 27979, memory quota 165 MB, estimated BVH size 303 MB, n_batches 2
[LIBGPUSPATIAL] [ 12912][18:00:23:035467][info  ] PIP(Used 2064 MB), Batch 0
[LIBGPUSPATIAL] [ 12913][18:00:23:061110][info  ] RTSpatialIndex 0x799ef800a7d0 (Used 2045 MB), Allocate result buffer, memory consumption 12 MB, capacity 1647434
[LIBGPUSPATIAL] [ 12912][18:00:23:065143][info  ] PIP(Used 2119 MB), Batch 1
[LIBGPUSPATIAL] [ 12910][18:00:23:072708][info  ] RTSpatialIndex 0x799ef800a7d0 (Used 2050 MB), Allocate result buffer, memory consumption 12 MB, capacity 1647217
[LIBGPUSPATIAL] [ 12913][18:00:23:074761][info  ] RTSpatialIndex 0x799ef800a7d0 (Used 2015 MB), Probe Points, Size: 1333333, Results: 1647434
[LIBGPUSPATIAL] [ 12910][18:00:23:078183][info  ] RTSpatialIndex 0x799ef800a7d0 (Used 1992 MB), Probe Points, Size: 1333333, Results: 1647217
[LIBGPUSPATIAL] [ 12910][18:00:23:107930][info  ] RTSpatialRefiner 0x799efbd29270 (Used 2041 MB), Loaded Geometries, ProbeArray 1333333, Loaded 839385, Type Point
[LIBGPUSPATIAL] [ 12910][18:00:23:109131][info  ] RTSpatialRefiner 0x799efbd29270 (Used 2047 MB), Evaluating 1647217 Geometry Pairs with Predicate Contains
[LIBGPUSPATIAL] [ 12910][18:00:23:110117][info  ] Unique multi-polygons 28033, memory quota 164 MB, estimated BVH size 306 MB, n_batches 2
[LIBGPUSPATIAL] [ 12910][18:00:23:111380][info  ] PIP(Used 2101 MB), Batch 0
[LIBGPUSPATIAL] [ 12908][18:00:23:133527][info  ] RTSpatialIndex 0x799ef800a7d0 (Used 2081 MB), Allocate result buffer, memory consumption 12 MB, capacity 1646511
[LIBGPUSPATIAL] [ 12913][18:00:23:134709][info  ] RTSpatialRefiner 0x799efbd29270 (Used 2260 MB), Loaded Geometries, ProbeArray 1333333, Loaded 839980, Type Point
[LIBGPUSPATIAL] [ 12913][18:00:23:136872][info  ] RTSpatialRefiner 0x799efbd29270 (Used 2262 MB), Evaluating 1647434 Geometry Pairs with Predicate Contains
[LIBGPUSPATIAL] [ 12910][18:00:23:136958][info  ] PIP(Used 2164 MB), Batch 1
[LIBGPUSPATIAL] [ 12907][18:00:23:139330][info  ] RTSpatialIndex 0x799ef800a7d0 (Used 2151 MB), Allocate result buffer, memory consumption 12 MB, capacity 1648531
[LIBGPUSPATIAL] [ 12913][18:00:23:139953][info  ] Unique multi-polygons 28078, memory quota 163 MB, estimated BVH size 304 MB, n_batches 2
[LIBGPUSPATIAL] [ 12913][18:00:23:140729][info  ] PIP(Used 2152 MB), Batch 0
[LIBGPUSPATIAL] [ 12908][18:00:23:142170][info  ] RTSpatialIndex 0x799ef800a7d0 (Used 2152 MB), Probe Points, Size: 1333333, Results: 1646511
[LIBGPUSPATIAL] [ 12907][18:00:23:142764][info  ] RTSpatialIndex 0x799ef800a7d0 (Used 2142 MB), Probe Points, Size: 1333333, Results: 1648531
[LIBGPUSPATIAL] [ 12913][18:00:23:170055][info  ] PIP(Used 2107 MB), Batch 1
[LIBGPUSPATIAL] [ 12914][18:00:23:185070][info  ] RTSpatialIndex 0x799ef800a7d0 (Used 2051 MB), Allocate result buffer, memory consumption 12 MB, capacity 1647532
[LIBGPUSPATIAL] [ 12914][18:00:23:190083][info  ] RTSpatialIndex 0x799ef800a7d0 (Used 2064 MB), Probe Points, Size: 1333333, Results: 1647532
[LIBGPUSPATIAL] [ 12907][18:00:23:208328][info  ] RTSpatialRefiner 0x799efbd29270 (Used 2060 MB), Loaded Geometries, ProbeArray 1333333, Loaded 841222, Type Point
[LIBGPUSPATIAL] [ 12907][18:00:23:209604][info  ] RTSpatialRefiner 0x799efbd29270 (Used 2083 MB), Evaluating 1648531 Geometry Pairs with Predicate Contains
[LIBGPUSPATIAL] [ 12907][18:00:23:210621][info  ] Unique multi-polygons 27847, memory quota 164 MB, estimated BVH size 308 MB, n_batches 2
[LIBGPUSPATIAL] [ 12907][18:00:23:212127][info  ] PIP(Used 2137 MB), Batch 0
[LIBGPUSPATIAL] [ 12908][18:00:23:212357][info  ] RTSpatialRefiner 0x799efbd29270 (Used 2137 MB), Loaded Geometries, ProbeArray 1333333, Loaded 839963, Type Point
[LIBGPUSPATIAL] [ 12908][18:00:23:216150][info  ] RTSpatialRefiner 0x799efbd29270 (Used 2092 MB), Evaluating 1646511 Geometry Pairs with Predicate Contains
[LIBGPUSPATIAL] [ 12908][18:00:23:223371][info  ] Unique multi-polygons 27657, memory quota 164 MB, estimated BVH size 304 MB, n_batches 2
[LIBGPUSPATIAL] [ 12908][18:00:23:228214][info  ] PIP(Used 2156 MB), Batch 0
[LIBGPUSPATIAL] [ 12914][18:00:23:240178][info  ] RTSpatialRefiner 0x799efbd29270 (Used 2330 MB), Loaded Geometries, ProbeArray 1333333, Loaded 840142, Type Point
[LIBGPUSPATIAL] [ 12914][18:00:23:240768][info  ] RTSpatialRefiner 0x799efbd29270 (Used 2336 MB), Evaluating 1647532 Geometry Pairs with Predicate Contains
[LIBGPUSPATIAL] [ 12911][18:00:23:242720][info  ] RTSpatialIndex 0x799ef800a7d0 (Used 2363 MB), Allocate result buffer, memory consumption 12 MB, capacity 1650372
[LIBGPUSPATIAL] [ 12914][18:00:23:243355][info  ] Unique multi-polygons 27830, memory quota 162 MB, estimated BVH size 304 MB, n_batches 2
[LIBGPUSPATIAL] [ 12907][18:00:23:244470][info  ] PIP(Used 2351 MB), Batch 1
[LIBGPUSPATIAL] [ 12914][18:00:23:244545][info  ] PIP(Used 2260 MB), Batch 0
[LIBGPUSPATIAL] [ 12908][18:00:23:298502][info  ] PIP(Used 2325 MB), Batch 1
[LIBGPUSPATIAL] [ 12911][18:00:23:300951][info  ] RTSpatialIndex 0x799ef800a7d0 (Used 2325 MB), Probe Points, Size: 1333333, Results: 1650372
[LIBGPUSPATIAL] [ 12909][18:00:23:302176][info  ] RTSpatialIndex 0x799ef800a7d0 (Used 2314 MB), Allocate result buffer, memory consumption 12 MB, capacity 1647944
[LIBGPUSPATIAL] [ 12914][18:00:23:306022][info  ] PIP(Used 2140 MB), Batch 1
[LIBGPUSPATIAL] [ 12909][18:00:23:312322][info  ] RTSpatialIndex 0x799ef800a7d0 (Used 2076 MB), Probe Points, Size: 1333333, Results: 1647944
[LIBGPUSPATIAL] [ 12909][18:00:23:351645][info  ] RTSpatialRefiner 0x799efbd29270 (Used 2041 MB), Loaded Geometries, ProbeArray 1333333, Loaded 839691, Type Point
[LIBGPUSPATIAL] [ 12909][18:00:23:352280][info  ] RTSpatialRefiner 0x799efbd29270 (Used 2047 MB), Evaluating 1647944 Geometry Pairs with Predicate Contains
[LIBGPUSPATIAL] [ 12909][18:00:23:354325][info  ] Unique multi-polygons 28031, memory quota 164 MB, estimated BVH size 305 MB, n_batches 2
[LIBGPUSPATIAL] [ 12909][18:00:23:355001][info  ] PIP(Used 2101 MB), Batch 0
[LIBGPUSPATIAL] [ 12911][18:00:23:357053][info  ] RTSpatialRefiner 0x799efbd29270 (Used 2050 MB), Loaded Geometries, ProbeArray 1333333, Loaded 841526, Type Point
[LIBGPUSPATIAL] [ 12911][18:00:23:357754][info  ] RTSpatialRefiner 0x799efbd29270 (Used 2057 MB), Evaluating 1650372 Geometry Pairs with Predicate Contains
[LIBGPUSPATIAL] [ 12911][18:00:23:363713][info  ] Unique multi-polygons 28128, memory quota 164 MB, estimated BVH size 306 MB, n_batches 2
[LIBGPUSPATIAL] [ 12911][18:00:23:366080][info  ] PIP(Used 2110 MB), Batch 0
[LIBGPUSPATIAL] [ 12909][18:00:23:383831][info  ] PIP(Used 2121 MB), Batch 1
[LIBGPUSPATIAL] [ 12911][18:00:23:394093][info  ] PIP(Used 2118 MB), Batch 1
[LIBGPUSPATIAL] [ 12912][18:00:23:474873][info  ] RTSpatialIndex 0x799ef800a7d0 (Used 1980 MB), Allocate result buffer, memory consumption 12 MB, capacity 1646166
[LIBGPUSPATIAL] [ 12912][18:00:23:477651][info  ] RTSpatialIndex 0x799ef800a7d0 (Used 1992 MB), Probe Points, Size: 1333333, Results: 1646166
[LIBGPUSPATIAL] [ 12912][18:00:23:504766][info  ] RTSpatialRefiner 0x799efbd29270 (Used 2005 MB), Loaded Geometries, ProbeArray 1333333, Loaded 840209, Type Point
[LIBGPUSPATIAL] [ 12912][18:00:23:505446][info  ] RTSpatialRefiner 0x799efbd29270 (Used 2011 MB), Evaluating 1646166 Geometry Pairs with Predicate Contains
[LIBGPUSPATIAL] [ 12912][18:00:23:506202][info  ] Unique multi-polygons 27841, memory quota 165 MB, estimated BVH size 305 MB, n_batches 2
[LIBGPUSPATIAL] [ 12912][18:00:23:506885][info  ] PIP(Used 2065 MB), Batch 0
[LIBGPUSPATIAL] [ 12912][18:00:23:532512][info  ] PIP(Used 2076 MB), Batch 1
[LIBGPUSPATIAL] [ 12910][18:00:23:576771][info  ] RTSpatialIndex 0x799ef800a7d0 (Used 1980 MB), Allocate result buffer, memory consumption 12 MB, capacity 1648251
[LIBGPUSPATIAL] [ 12910][18:00:23:579997][info  ] RTSpatialIndex 0x799ef800a7d0 (Used 1992 MB), Probe Points, Size: 1333333, Results: 1648251
[LIBGPUSPATIAL] [ 12913][18:00:23:609898][info  ] RTSpatialIndex 0x799ef800a7d0 (Used 2015 MB), Allocate result buffer, memory consumption 12 MB, capacity 1645557
[LIBGPUSPATIAL] [ 12913][18:00:23:614006][info  ] RTSpatialIndex 0x799ef800a7d0 (Used 2028 MB), Probe Points, Size: 1333333, Results: 1645557
[LIBGPUSPATIAL] [ 12910][18:00:23:618277][info  ] RTSpatialRefiner 0x799efbd29270 (Used 2011 MB), Loaded Geometries, ProbeArray 1333333, Loaded 840587, Type Point
[LIBGPUSPATIAL] [ 12910][18:00:23:619789][info  ] RTSpatialRefiner 0x799efbd29270 (Used 2024 MB), Evaluating 1648251 Geometry Pairs with Predicate Contains
[LIBGPUSPATIAL] [ 12910][18:00:23:620623][info  ] Unique multi-polygons 27851, memory quota 165 MB, estimated BVH size 304 MB, n_batches 2
[LIBGPUSPATIAL] [ 12910][18:00:23:621338][info  ] PIP(Used 2084 MB), Batch 0
[LIBGPUSPATIAL] [ 12913][18:00:23:646303][info  ] RTSpatialRefiner 0x799efbd29270 (Used 2050 MB), Loaded Geometries, ProbeArray 1333333, Loaded 839929, Type Point
[LIBGPUSPATIAL] [ 12913][18:00:23:647286][info  ] RTSpatialRefiner 0x799efbd29270 (Used 2056 MB), Evaluating 1645557 Geometry Pairs with Predicate Contains
[LIBGPUSPATIAL] [ 12910][18:00:23:648017][info  ] PIP(Used 2118 MB), Batch 1
[LIBGPUSPATIAL] [ 12913][18:00:23:648029][info  ] Unique multi-polygons 27739, memory quota 164 MB, estimated BVH size 304 MB, n_batches 2
[LIBGPUSPATIAL] [ 12913][18:00:23:648731][info  ] PIP(Used 2107 MB), Batch 0
[LIBGPUSPATIAL] [ 12913][18:00:23:676787][info  ] PIP(Used 2076 MB), Batch 1
[LIBGPUSPATIAL] [ 12907][18:00:23:749066][info  ] RTSpatialIndex 0x799ef800a7d0 (Used 2000 MB), Allocate result buffer, memory consumption 12 MB, capacity 1648005
[LIBGPUSPATIAL] [ 12908][18:00:23:751444][info  ] RTSpatialIndex 0x799ef800a7d0 (Used 2002 MB), Allocate result buffer, memory consumption 12 MB, capacity 1641655
[LIBGPUSPATIAL] [ 12907][18:00:23:753256][info  ] RTSpatialIndex 0x799ef800a7d0 (Used 2015 MB), Probe Points, Size: 1333333, Results: 1648005
[LIBGPUSPATIAL] [ 12908][18:00:23:755141][info  ] RTSpatialIndex 0x799ef800a7d0 (Used 1992 MB), Probe Points, Size: 1333333, Results: 1641655
[LIBGPUSPATIAL] [ 12914][18:00:23:779369][info  ] RTSpatialIndex 0x799ef800a7d0 (Used 2051 MB), Allocate result buffer, memory consumption 12 MB, capacity 1647602
[LIBGPUSPATIAL] [ 12914][18:00:23:783893][info  ] RTSpatialIndex 0x799ef800a7d0 (Used 2063 MB), Probe Points, Size: 1333333, Results: 1647602
[LIBGPUSPATIAL] [ 12907][18:00:23:791019][info  ] RTSpatialRefiner 0x799efbd29270 (Used 2060 MB), Loaded Geometries, ProbeArray 1333333, Loaded 840413, Type Point
[LIBGPUSPATIAL] [ 12907][18:00:23:791819][info  ] RTSpatialRefiner 0x799efbd29270 (Used 2066 MB), Evaluating 1648005 Geometry Pairs with Predicate Contains
[LIBGPUSPATIAL] [ 12907][18:00:23:792632][info  ] Unique multi-polygons 27907, memory quota 164 MB, estimated BVH size 305 MB, n_batches 2
[LIBGPUSPATIAL] [ 12907][18:00:23:795604][info  ] PIP(Used 2119 MB), Batch 0
[LIBGPUSPATIAL] [ 12908][18:00:23:798138][info  ] RTSpatialRefiner 0x799efbd29270 (Used 2086 MB), Loaded Geometries, ProbeArray 1333333, Loaded 838064, Type Point
[LIBGPUSPATIAL] [ 12908][18:00:23:798972][info  ] RTSpatialRefiner 0x799efbd29270 (Used 2092 MB), Evaluating 1641655 Geometry Pairs with Predicate Contains
[LIBGPUSPATIAL] [ 12908][18:00:23:808386][info  ] Unique multi-polygons 28017, memory quota 164 MB, estimated BVH size 306 MB, n_batches 2
[LIBGPUSPATIAL] [ 12908][18:00:23:809686][info  ] PIP(Used 2146 MB), Batch 0
[LIBGPUSPATIAL] [ 12914][18:00:23:813203][info  ] RTSpatialRefiner 0x799efbd29270 (Used 2095 MB), Loaded Geometries, ProbeArray 1333333, Loaded 840413, Type Point
[LIBGPUSPATIAL] [ 12914][18:00:23:813820][info  ] RTSpatialRefiner 0x799efbd29270 (Used 2101 MB), Evaluating 1647602 Geometry Pairs with Predicate Contains
[LIBGPUSPATIAL] [ 12914][18:00:23:821189][info  ] Unique multi-polygons 27940, memory quota 164 MB, estimated BVH size 305 MB, n_batches 2
[LIBGPUSPATIAL] [ 12914][18:00:23:821930][info  ] PIP(Used 2155 MB), Batch 0
[LIBGPUSPATIAL] [ 12907][18:00:23:833300][info  ] PIP(Used 2166 MB), Batch 1
[LIBGPUSPATIAL] [ 12908][18:00:23:842260][info  ] PIP(Used 2163 MB), Batch 1
[LIBGPUSPATIAL] [ 12909][18:00:23:854620][info  ] RTSpatialIndex 0x799ef800a7d0 (Used 2067 MB), Allocate result buffer, memory consumption 12 MB, capacity 1646504
[LIBGPUSPATIAL] [ 12914][18:00:23:858897][info  ] PIP(Used 2099 MB), Batch 1
[LIBGPUSPATIAL] [ 12909][18:00:23:863420][info  ] RTSpatialIndex 0x799ef800a7d0 (Used 2034 MB), Probe Points, Size: 1333333, Results: 1646504
[LIBGPUSPATIAL] [ 12909][18:00:23:896065][info  ] RTSpatialRefiner 0x799efbd29270 (Used 2005 MB), Loaded Geometries, ProbeArray 1333333, Loaded 839426, Type Point
[LIBGPUSPATIAL] [ 12909][18:00:23:896744][info  ] RTSpatialRefiner 0x799efbd29270 (Used 2011 MB), Evaluating 1646504 Geometry Pairs with Predicate Contains
[LIBGPUSPATIAL] [ 12909][18:00:23:897530][info  ] Unique multi-polygons 27627, memory quota 165 MB, estimated BVH size 303 MB, n_batches 2
[LIBGPUSPATIAL] [ 12909][18:00:23:898254][info  ] PIP(Used 2064 MB), Batch 0
[LIBGPUSPATIAL] [ 12911][18:00:23:924278][info  ] RTSpatialIndex 0x799ef800a7d0 (Used 2025 MB), Allocate result buffer, memory consumption 12 MB, capacity 1646116
[LIBGPUSPATIAL] [ 12909][18:00:23:924914][info  ] PIP(Used 2098 MB), Batch 1
[LIBGPUSPATIAL] [ 12911][18:00:23:927380][info  ] RTSpatialIndex 0x799ef800a7d0 (Used 2034 MB), Probe Points, Size: 1333333, Results: 1646116
[LIBGPUSPATIAL] [ 12911][18:00:23:962378][info  ] RTSpatialRefiner 0x799efbd29270 (Used 2005 MB), Loaded Geometries, ProbeArray 1333333, Loaded 839804, Type Point
[LIBGPUSPATIAL] [ 12911][18:00:23:963475][info  ] RTSpatialRefiner 0x799efbd29270 (Used 2011 MB), Evaluating 1646116 Geometry Pairs with Predicate Contains
[LIBGPUSPATIAL] [ 12911][18:00:23:964250][info  ] Unique multi-polygons 27682, memory quota 165 MB, estimated BVH size 304 MB, n_batches 2
[LIBGPUSPATIAL] [ 12911][18:00:23:965014][info  ] PIP(Used 2065 MB), Batch 0
[LIBGPUSPATIAL] [ 12911][18:00:23:990316][info  ] PIP(Used 2076 MB), Batch 1
[LIBGPUSPATIAL] [ 12912][18:00:24:000227][info  ] RTSpatialIndex 0x799ef800a7d0 (Used 2027 MB), Allocate result buffer, memory consumption 12 MB, capacity 1645742
[LIBGPUSPATIAL] [ 12912][18:00:24:004811][info  ] RTSpatialIndex 0x799ef800a7d0 (Used 1992 MB), Probe Points, Size: 1333348, Results: 1645742
[LIBGPUSPATIAL] [ 12912][18:00:24:030087][info  ] RTSpatialRefiner 0x799efbd29270 (Used 2005 MB), Loaded Geometries, ProbeArray 1333348, Loaded 839633, Type Point
[LIBGPUSPATIAL] [ 12912][18:00:24:032622][info  ] RTSpatialRefiner 0x799efbd29270 (Used 2011 MB), Evaluating 1645742 Geometry Pairs with Predicate Contains
[LIBGPUSPATIAL] [ 12912][18:00:24:033416][info  ] Unique multi-polygons 28150, memory quota 165 MB, estimated BVH size 306 MB, n_batches 2
[LIBGPUSPATIAL] [ 12912][18:00:24:034107][info  ] PIP(Used 2065 MB), Batch 0
[LIBGPUSPATIAL] [ 12912][18:00:24:057415][info  ] PIP(Used 2076 MB), Batch 1
[LIBGPUSPATIAL] [ 12910][18:00:24:125486][info  ] RTSpatialIndex 0x799ef800a7d0 (Used 1980 MB), Allocate result buffer, memory consumption 12 MB, capacity 1646862
[LIBGPUSPATIAL] [ 12910][18:00:24:129494][info  ] RTSpatialIndex 0x799ef800a7d0 (Used 1992 MB), Probe Points, Size: 1333333, Results: 1646862
[LIBGPUSPATIAL] [ 12913][18:00:24:141335][info  ] RTSpatialIndex 0x799ef800a7d0 (Used 1998 MB), Allocate result buffer, memory consumption 12 MB, capacity 1648121
[LIBGPUSPATIAL] [ 12913][18:00:24:144962][info  ] RTSpatialIndex 0x799ef800a7d0 (Used 2028 MB), Probe Points, Size: 1333333, Results: 1648121
[LIBGPUSPATIAL] [ 12910][18:00:24:161661][info  ] RTSpatialRefiner 0x799efbd29270 (Used 2041 MB), Loaded Geometries, ProbeArray 1333333, Loaded 839890, Type Point
[LIBGPUSPATIAL] [ 12910][18:00:24:162563][info  ] RTSpatialRefiner 0x799efbd29270 (Used 2047 MB), Evaluating 1646862 Geometry Pairs with Predicate Contains
[LIBGPUSPATIAL] [ 12910][18:00:24:163494][info  ] Unique multi-polygons 27970, memory quota 164 MB, estimated BVH size 307 MB, n_batches 2
[LIBGPUSPATIAL] [ 12910][18:00:24:164375][info  ] PIP(Used 2101 MB), Batch 0
[LIBGPUSPATIAL] [ 12913][18:00:24:179012][info  ] RTSpatialRefiner 0x799efbd29270 (Used 2050 MB), Loaded Geometries, ProbeArray 1333333, Loaded 840308, Type Point
[LIBGPUSPATIAL] [ 12913][18:00:24:179649][info  ] RTSpatialRefiner 0x799efbd29270 (Used 2056 MB), Evaluating 1648121 Geometry Pairs with Predicate Contains
[LIBGPUSPATIAL] [ 12913][18:00:24:180362][info  ] Unique multi-polygons 28005, memory quota 164 MB, estimated BVH size 304 MB, n_batches 2
[LIBGPUSPATIAL] [ 12913][18:00:24:181003][info  ] PIP(Used 2110 MB), Batch 0
[LIBGPUSPATIAL] [ 12910][18:00:24:196404][info  ] PIP(Used 2121 MB), Batch 1
[LIBGPUSPATIAL] [ 12913][18:00:24:210162][info  ] PIP(Used 2076 MB), Batch 1
[LIBGPUSPATIAL] [ 12907][18:00:24:260570][info  ] RTSpatialIndex 0x799ef800a7d0 (Used 1980 MB), Allocate result buffer, memory consumption 12 MB, capacity 1645329
[LIBGPUSPATIAL] [ 12907][18:00:24:263110][info  ] RTSpatialIndex 0x799ef800a7d0 (Used 1992 MB), Probe Points, Size: 1333333, Results: 1645329
[LIBGPUSPATIAL] [ 12907][18:00:24:295894][info  ] RTSpatialRefiner 0x799efbd29270 (Used 2005 MB), Loaded Geometries, ProbeArray 1333333, Loaded 839287, Type Point
[LIBGPUSPATIAL] [ 12907][18:00:24:296696][info  ] RTSpatialRefiner 0x799efbd29270 (Used 2011 MB), Evaluating 1645329 Geometry Pairs with Predicate Contains
[LIBGPUSPATIAL] [ 12907][18:00:24:297524][info  ] Unique multi-polygons 27625, memory quota 165 MB, estimated BVH size 303 MB, n_batches 2
[LIBGPUSPATIAL] [ 12907][18:00:24:298234][info  ] PIP(Used 2064 MB), Batch 0
[LIBGPUSPATIAL] [ 12908][18:00:24:324062][info  ] RTSpatialIndex 0x799ef800a7d0 (Used 2025 MB), Allocate result buffer, memory consumption 12 MB, capacity 1646753
[LIBGPUSPATIAL] [ 12907][18:00:24:324766][info  ] PIP(Used 2098 MB), Batch 1
[LIBGPUSPATIAL] [ 12908][18:00:24:326635][info  ] RTSpatialIndex 0x799ef800a7d0 (Used 2034 MB), Probe Points, Size: 1333333, Results: 1646753
[LIBGPUSPATIAL] [ 12908][18:00:24:364504][info  ] RTSpatialRefiner 0x799efbd29270 (Used 2005 MB), Loaded Geometries, ProbeArray 1333333, Loaded 840101, Type Point
[LIBGPUSPATIAL] [ 12908][18:00:24:365191][info  ] RTSpatialRefiner 0x799efbd29270 (Used 2011 MB), Evaluating 1646753 Geometry Pairs with Predicate Contains
[LIBGPUSPATIAL] [ 12908][18:00:24:365972][info  ] Unique multi-polygons 28203, memory quota 165 MB, estimated BVH size 307 MB, n_batches 2
[LIBGPUSPATIAL] [ 12908][18:00:24:366764][info  ] PIP(Used 2065 MB), Batch 0
[LIBGPUSPATIAL] [ 12914][18:00:24:394025][info  ] RTSpatialIndex 0x799ef800a7d0 (Used 2025 MB), Allocate result buffer, memory consumption 12 MB, capacity 1646457
[LIBGPUSPATIAL] [ 12908][18:00:24:394815][info  ] PIP(Used 2099 MB), Batch 1
[LIBGPUSPATIAL] [ 12914][18:00:24:397559][info  ] RTSpatialIndex 0x799ef800a7d0 (Used 2034 MB), Probe Points, Size: 1333333, Results: 1646457
[LIBGPUSPATIAL] [ 12909][18:00:24:407382][info  ] RTSpatialIndex 0x799ef800a7d0 (Used 1992 MB), Allocate result buffer, memory consumption 12 MB, capacity 1648385
[LIBGPUSPATIAL] [ 12909][18:00:24:410670][info  ] RTSpatialIndex 0x799ef800a7d0 (Used 2011 MB), Probe Points, Size: 1333333, Results: 1648385
[LIBGPUSPATIAL] [ 12914][18:00:24:443365][info  ] RTSpatialRefiner 0x799efbd29270 (Used 2041 MB), Loaded Geometries, ProbeArray 1333333, Loaded 839697, Type Point
[LIBGPUSPATIAL] [ 12914][18:00:24:444018][info  ] RTSpatialRefiner 0x799efbd29270 (Used 2047 MB), Evaluating 1646457 Geometry Pairs with Predicate Contains
[LIBGPUSPATIAL] [ 12914][18:00:24:444747][info  ] Unique multi-polygons 27930, memory quota 164 MB, estimated BVH size 304 MB, n_batches 2
[LIBGPUSPATIAL] [ 12914][18:00:24:447656][info  ] PIP(Used 2100 MB), Batch 0
[LIBGPUSPATIAL] [ 12909][18:00:24:452742][info  ] RTSpatialRefiner 0x799efbd29270 (Used 2050 MB), Loaded Geometries, ProbeArray 1333333, Loaded 840314, Type Point
[LIBGPUSPATIAL] [ 12909][18:00:24:454097][info  ] RTSpatialRefiner 0x799efbd29270 (Used 2056 MB), Evaluating 1648385 Geometry Pairs with Predicate Contains
[LIBGPUSPATIAL] [ 12909][18:00:24:458754][info  ] Unique multi-polygons 28147, memory quota 164 MB, estimated BVH size 306 MB, n_batches 2
[LIBGPUSPATIAL] [ 12909][18:00:24:460697][info  ] PIP(Used 2130 MB), Batch 0
[LIBGPUSPATIAL] [ 12911][18:00:24:486986][info  ] RTSpatialIndex 0x799ef800a7d0 (Used 2070 MB), Allocate result buffer, memory consumption 12 MB, capacity 1645207
[LIBGPUSPATIAL] [ 12914][18:00:24:487696][info  ] PIP(Used 2317 MB), Batch 1
[LIBGPUSPATIAL] [ 12909][18:00:24:487777][info  ] PIP(Used 2205 MB), Batch 1
[LIBGPUSPATIAL] [ 12911][18:00:24:489945][info  ] RTSpatialIndex 0x799ef800a7d0 (Used 2076 MB), Probe Points, Size: 1333333, Results: 1645207
[LIBGPUSPATIAL] [ 12912][18:00:24:521328][info  ] RTSpatialIndex 0x799ef800a7d0 (Used 2015 MB), Allocate result buffer, memory consumption 12 MB, capacity 1648837
[LIBGPUSPATIAL] [ 12912][18:00:24:524710][info  ] RTSpatialIndex 0x799ef800a7d0 (Used 2028 MB), Probe Points, Size: 1333333, Results: 1648837
[LIBGPUSPATIAL] [ 12911][18:00:24:533559][info  ] RTSpatialRefiner 0x799efbd29270 (Used 2024 MB), Loaded Geometries, ProbeArray 1333333, Loaded 839661, Type Point
[LIBGPUSPATIAL] [ 12911][18:00:24:534210][info  ] RTSpatialRefiner 0x799efbd29270 (Used 2030 MB), Evaluating 1645207 Geometry Pairs with Predicate Contains
[LIBGPUSPATIAL] [ 12911][18:00:24:534951][info  ] Unique multi-polygons 27762, memory quota 165 MB, estimated BVH size 304 MB, n_batches 2
[LIBGPUSPATIAL] [ 12911][18:00:24:535700][info  ] PIP(Used 2083 MB), Batch 0
[LIBGPUSPATIAL] [ 12911][18:00:24:560354][info  ] PIP(Used 2111 MB), Batch 1
[LIBGPUSPATIAL] [ 12912][18:00:24:563264][info  ] RTSpatialRefiner 0x799efbd29270 (Used 2047 MB), Loaded Geometries, ProbeArray 1333333, Loaded 841005, Type Point
[LIBGPUSPATIAL] [ 12912][18:00:24:563914][info  ] RTSpatialRefiner 0x799efbd29270 (Used 2053 MB), Evaluating 1648837 Geometry Pairs with Predicate Contains
[LIBGPUSPATIAL] [ 12912][18:00:24:568974][info  ] Unique multi-polygons 27902, memory quota 164 MB, estimated BVH size 304 MB, n_batches 2
[LIBGPUSPATIAL] [ 12912][18:00:24:569692][info  ] PIP(Used 2107 MB), Batch 0
[LIBGPUSPATIAL] [ 12912][18:00:24:594806][info  ] PIP(Used 2076 MB), Batch 1
[LIBGPUSPATIAL] [ 12910][18:00:24:642496][info  ] RTSpatialIndex 0x799ef800a7d0 (Used 1980 MB), Allocate result buffer, memory consumption 12 MB, capacity 1647960
[LIBGPUSPATIAL] [ 12910][18:00:24:644937][info  ] RTSpatialIndex 0x799ef800a7d0 (Used 1992 MB), Probe Points, Size: 1333333, Results: 1647960
[LIBGPUSPATIAL] [ 12910][18:00:24:676170][info  ] RTSpatialRefiner 0x799efbd29270 (Used 2005 MB), Loaded Geometries, ProbeArray 1333333, Loaded 840128, Type Point
[LIBGPUSPATIAL] [ 12910][18:00:24:677139][info  ] RTSpatialRefiner 0x799efbd29270 (Used 2011 MB), Evaluating 1647960 Geometry Pairs with Predicate Contains
[LIBGPUSPATIAL] [ 12910][18:00:24:678066][info  ] Unique multi-polygons 27836, memory quota 165 MB, estimated BVH size 305 MB, n_batches 2
[LIBGPUSPATIAL] [ 12910][18:00:24:678994][info  ] PIP(Used 2065 MB), Batch 0
[LIBGPUSPATIAL] [ 12913][18:00:24:704422][info  ] RTSpatialIndex 0x799ef800a7d0 (Used 2025 MB), Allocate result buffer, memory consumption 12 MB, capacity 1649333
[LIBGPUSPATIAL] [ 12910][18:00:24:705179][info  ] PIP(Used 2099 MB), Batch 1
[LIBGPUSPATIAL] [ 12913][18:00:24:708473][info  ] RTSpatialIndex 0x799ef800a7d0 (Used 2034 MB), Probe Points, Size: 1333333, Results: 1649333
[LIBGPUSPATIAL] [ 12913][18:00:24:742219][info  ] RTSpatialRefiner 0x799efbd29270 (Used 2005 MB), Loaded Geometries, ProbeArray 1333333, Loaded 840768, Type Point
[LIBGPUSPATIAL] [ 12913][18:00:24:743156][info  ] RTSpatialRefiner 0x799efbd29270 (Used 2011 MB), Evaluating 1649333 Geometry Pairs with Predicate Contains
[LIBGPUSPATIAL] [ 12913][18:00:24:744035][info  ] Unique multi-polygons 27774, memory quota 165 MB, estimated BVH size 305 MB, n_batches 2
[LIBGPUSPATIAL] [ 12913][18:00:24:744873][info  ] PIP(Used 2065 MB), Batch 0
[LIBGPUSPATIAL] [ 12907][18:00:24:768857][info  ] RTSpatialIndex 0x799ef800a7d0 (Used 2025 MB), Allocate result buffer, memory consumption 12 MB, capacity 1645498
[LIBGPUSPATIAL] [ 12913][18:00:24:769534][info  ] PIP(Used 2099 MB), Batch 1
[LIBGPUSPATIAL] [ 12907][18:00:24:771516][info  ] RTSpatialIndex 0x799ef800a7d0 (Used 2034 MB), Probe Points, Size: 1333333, Results: 1645498
[LIBGPUSPATIAL] [ 12907][18:00:24:818043][info  ] RTSpatialRefiner 0x799efbd29270 (Used 2005 MB), Loaded Geometries, ProbeArray 1333333, Loaded 839691, Type Point
[LIBGPUSPATIAL] [ 12907][18:00:24:818811][info  ] RTSpatialRefiner 0x799efbd29270 (Used 2011 MB), Evaluating 1645498 Geometry Pairs with Predicate Contains
[LIBGPUSPATIAL] [ 12907][18:00:24:819580][info  ] Unique multi-polygons 27910, memory quota 165 MB, estimated BVH size 305 MB, n_batches 2
[LIBGPUSPATIAL] [ 12907][18:00:24:820246][info  ] PIP(Used 2065 MB), Batch 0
[LIBGPUSPATIAL] [ 12908][18:00:24:845774][info  ] RTSpatialIndex 0x799ef800a7d0 (Used 2025 MB), Allocate result buffer, memory consumption 12 MB, capacity 1645749
[LIBGPUSPATIAL] [ 12907][18:00:24:846491][info  ] PIP(Used 2098 MB), Batch 1
[LIBGPUSPATIAL] [ 12908][18:00:24:848268][info  ] RTSpatialIndex 0x799ef800a7d0 (Used 2034 MB), Probe Points, Size: 1333333, Results: 1645749
[LIBGPUSPATIAL] [ 12908][18:00:24:887822][info  ] RTSpatialRefiner 0x799efbd29270 (Used 2005 MB), Loaded Geometries, ProbeArray 1333333, Loaded 839308, Type Point
[LIBGPUSPATIAL] [ 12908][18:00:24:888503][info  ] RTSpatialRefiner 0x799efbd29270 (Used 2011 MB), Evaluating 1645749 Geometry Pairs with Predicate Contains
[LIBGPUSPATIAL] [ 12908][18:00:24:889300][info  ] Unique multi-polygons 27726, memory quota 165 MB, estimated BVH size 303 MB, n_batches 2
[LIBGPUSPATIAL] [ 12908][18:00:24:889955][info  ] PIP(Used 2065 MB), Batch 0
[LIBGPUSPATIAL] [ 12908][18:00:24:913180][info  ] PIP(Used 2075 MB), Batch 1
[LIBGPUSPATIAL] [ 12914][18:00:24:972148][info  ] RTSpatialIndex 0x799ef800a7d0 (Used 1980 MB), Allocate result buffer, memory consumption 12 MB, capacity 1647709
[LIBGPUSPATIAL] [ 12914][18:00:24:975968][info  ] RTSpatialIndex 0x799ef800a7d0 (Used 1992 MB), Probe Points, Size: 1333333, Results: 1647709
[LIBGPUSPATIAL] [ 12909][18:00:24:990315][info  ] RTSpatialIndex 0x799ef800a7d0 (Used 1998 MB), Allocate result buffer, memory consumption 12 MB, capacity 1644146
[LIBGPUSPATIAL] [ 12909][18:00:24:993941][info  ] RTSpatialIndex 0x799ef800a7d0 (Used 2028 MB), Probe Points, Size: 1333333, Results: 1644146
[LIBGPUSPATIAL] [ 12914][18:00:25:006931][info  ] RTSpatialRefiner 0x799efbd29270 (Used 2024 MB), Loaded Geometries, ProbeArray 1333333, Loaded 839838, Type Point
[LIBGPUSPATIAL] [ 12914][18:00:25:007866][info  ] RTSpatialRefiner 0x799efbd29270 (Used 2030 MB), Evaluating 1647709 Geometry Pairs with Predicate Contains
[LIBGPUSPATIAL] [ 12914][18:00:25:008632][info  ] Unique multi-polygons 27796, memory quota 165 MB, estimated BVH size 304 MB, n_batches 2
[LIBGPUSPATIAL] [ 12914][18:00:25:009279][info  ] PIP(Used 2084 MB), Batch 0
[LIBGPUSPATIAL] [ 12909][18:00:25:028118][info  ] RTSpatialRefiner 0x799efbd29270 (Used 2050 MB), Loaded Geometries, ProbeArray 1333333, Loaded 839022, Type Point
[LIBGPUSPATIAL] [ 12909][18:00:25:028991][info  ] RTSpatialRefiner 0x799efbd29270 (Used 2056 MB), Evaluating 1644146 Geometry Pairs with Predicate Contains
[LIBGPUSPATIAL] [ 12909][18:00:25:029754][info  ] Unique multi-polygons 27804, memory quota 164 MB, estimated BVH size 304 MB, n_batches 2
[LIBGPUSPATIAL] [ 12909][18:00:25:031648][info  ] PIP(Used 2130 MB), Batch 0
[LIBGPUSPATIAL] [ 12911][18:00:25:056706][info  ] RTSpatialIndex 0x799ef800a7d0 (Used 2090 MB), Allocate result buffer, memory consumption 12 MB, capacity 1645024
[LIBGPUSPATIAL] [ 12909][18:00:25:058738][info  ] PIP(Used 2335 MB), Batch 1
[LIBGPUSPATIAL] [ 12914][18:00:25:058808][info  ] PIP(Used 2225 MB), Batch 1
[LIBGPUSPATIAL] [ 12911][18:00:25:067531][info  ] RTSpatialIndex 0x799ef800a7d0 (Used 2097 MB), Probe Points, Size: 1333333, Results: 1645024
[LIBGPUSPATIAL] [ 12912][18:00:25:076192][info  ] RTSpatialIndex 0x799ef800a7d0 (Used 1998 MB), Allocate result buffer, memory consumption 12 MB, capacity 1648825
[LIBGPUSPATIAL] [ 12912][18:00:25:079173][info  ] RTSpatialIndex 0x799ef800a7d0 (Used 2011 MB), Probe Points, Size: 1333333, Results: 1648825
[LIBGPUSPATIAL] [ 12911][18:00:25:102887][info  ] RTSpatialRefiner 0x799efbd29270 (Used 2041 MB), Loaded Geometries, ProbeArray 1333333, Loaded 838838, Type Point
[LIBGPUSPATIAL] [ 12911][18:00:25:103641][info  ] RTSpatialRefiner 0x799efbd29270 (Used 2047 MB), Evaluating 1645024 Geometry Pairs with Predicate Contains
[LIBGPUSPATIAL] [ 12911][18:00:25:104371][info  ] Unique multi-polygons 27870, memory quota 164 MB, estimated BVH size 306 MB, n_batches 2
[LIBGPUSPATIAL] [ 12911][18:00:25:105025][info  ] PIP(Used 2101 MB), Batch 0
[LIBGPUSPATIAL] [ 12912][18:00:25:117640][info  ] RTSpatialRefiner 0x799efbd29270 (Used 2050 MB), Loaded Geometries, ProbeArray 1333333, Loaded 840818, Type Point
[LIBGPUSPATIAL] [ 12912][18:00:25:118393][info  ] RTSpatialRefiner 0x799efbd29270 (Used 2056 MB), Evaluating 1648825 Geometry Pairs with Predicate Contains
[LIBGPUSPATIAL] [ 12912][18:00:25:119131][info  ] Unique multi-polygons 27734, memory quota 164 MB, estimated BVH size 304 MB, n_batches 2
[LIBGPUSPATIAL] [ 12912][18:00:25:119779][info  ] PIP(Used 2110 MB), Batch 0
[LIBGPUSPATIAL] [ 12911][18:00:25:135347][info  ] PIP(Used 2121 MB), Batch 1
[LIBGPUSPATIAL] [ 12912][18:00:25:158762][info  ] PIP(Used 2118 MB), Batch 1
[LIBGPUSPATIAL] [ 12913][18:00:25:320337][info  ] RTSpatialIndex 0x799ef800a7d0 (Used 1980 MB), Allocate result buffer, memory consumption 12 MB, capacity 1644920
[LIBGPUSPATIAL] [ 12913][18:00:25:322793][info  ] RTSpatialIndex 0x799ef800a7d0 (Used 1992 MB), Probe Points, Size: 1333333, Results: 1644920
[LIBGPUSPATIAL] [ 12907][18:00:25:348592][info  ] RTSpatialIndex 0x799ef800a7d0 (Used 2015 MB), Allocate result buffer, memory consumption 12 MB, capacity 1645320
[LIBGPUSPATIAL] [ 12907][18:00:25:351165][info  ] RTSpatialIndex 0x799ef800a7d0 (Used 2028 MB), Probe Points, Size: 1333333, Results: 1645320
[LIBGPUSPATIAL] [ 12913][18:00:25:354078][info  ] RTSpatialRefiner 0x799efbd29270 (Used 2005 MB), Loaded Geometries, ProbeArray 1333333, Loaded 838831, Type Point
[LIBGPUSPATIAL] [ 12913][18:00:25:354764][info  ] RTSpatialRefiner 0x799efbd29270 (Used 2011 MB), Evaluating 1644920 Geometry Pairs with Predicate Contains
[LIBGPUSPATIAL] [ 12913][18:00:25:355501][info  ] Unique multi-polygons 28010, memory quota 165 MB, estimated BVH size 304 MB, n_batches 2
[LIBGPUSPATIAL] [ 12913][18:00:25:356701][info  ] PIP(Used 2083 MB), Batch 0
[LIBGPUSPATIAL] [ 12913][18:00:25:379977][info  ] PIP(Used 2111 MB), Batch 1
[LIBGPUSPATIAL] [ 12907][18:00:25:384024][info  ] RTSpatialRefiner 0x799efbd29270 (Used 2047 MB), Loaded Geometries, ProbeArray 1333333, Loaded 839240, Type Point
[LIBGPUSPATIAL] [ 12907][18:00:25:384706][info  ] RTSpatialRefiner 0x799efbd29270 (Used 2053 MB), Evaluating 1645320 Geometry Pairs with Predicate Contains
[LIBGPUSPATIAL] [ 12907][18:00:25:388553][info  ] Unique multi-polygons 27848, memory quota 164 MB, estimated BVH size 303 MB, n_batches 2
[LIBGPUSPATIAL] [ 12907][18:00:25:390215][info  ] PIP(Used 2065 MB), Batch 0
[LIBGPUSPATIAL] [ 12907][18:00:25:413386][info  ] PIP(Used 2075 MB), Batch 1
[LIBGPUSPATIAL] [ 12914][18:00:25:516767][info  ] RTSpatialIndex 0x799ef800a7d0 (Used 1980 MB), Allocate result buffer, memory consumption 12 MB, capacity 1647674
[LIBGPUSPATIAL] [ 12914][18:00:25:519204][info  ] RTSpatialIndex 0x799ef800a7d0 (Used 1992 MB), Probe Points, Size: 1333333, Results: 1647674
[LIBGPUSPATIAL] [ 12914][18:00:25:538634][info  ] RTSpatialRefiner 0x799efbd29270 (Used 2005 MB), Loaded Geometries, ProbeArray 1333333, Loaded 840257, Type Point
[LIBGPUSPATIAL] [ 12914][18:00:25:539316][info  ] RTSpatialRefiner 0x799efbd29270 (Used 2011 MB), Evaluating 1647674 Geometry Pairs with Predicate Contains
[LIBGPUSPATIAL] [ 12914][18:00:25:540030][info  ] Unique multi-polygons 27834, memory quota 165 MB, estimated BVH size 305 MB, n_batches 2
[LIBGPUSPATIAL] [ 12914][18:00:25:540631][info  ] PIP(Used 2065 MB), Batch 0
[LIBGPUSPATIAL] [ 12909][18:00:25:564989][info  ] RTSpatialIndex 0x799ef800a7d0 (Used 2025 MB), Allocate result buffer, memory consumption 12 MB, capacity 1649779
[LIBGPUSPATIAL] [ 12914][18:00:25:565597][info  ] PIP(Used 2099 MB), Batch 1
[LIBGPUSPATIAL] [ 12909][18:00:25:567472][info  ] RTSpatialIndex 0x799ef800a7d0 (Used 2034 MB), Probe Points, Size: 1333333, Results: 1649779
[LIBGPUSPATIAL] [ 12909][18:00:25:591193][info  ] RTSpatialRefiner 0x799efbd29270 (Used 2005 MB), Loaded Geometries, ProbeArray 1333333, Loaded 840703, Type Point
[LIBGPUSPATIAL] [ 12909][18:00:25:591746][info  ] RTSpatialRefiner 0x799efbd29270 (Used 2011 MB), Evaluating 1649779 Geometry Pairs with Predicate Contains
[LIBGPUSPATIAL] [ 12909][18:00:25:592451][info  ] Unique multi-polygons 27934, memory quota 165 MB, estimated BVH size 305 MB, n_batches 2
[LIBGPUSPATIAL] [ 12909][18:00:25:593028][info  ] PIP(Used 2065 MB), Batch 0
[LIBGPUSPATIAL] [ 12909][18:00:25:614746][info  ] PIP(Used 2076 MB), Batch 1
5.71s (454710 rows)

================================================================================
BENCHMARK SUMMARY
================================================================================
Query     sedonadb_gpu   
-------------------------
q10       5.71s          
-------------------------
Total     5.71s         

Results saved to results_mem_SF_10/sedonadb_gpu_q10_results.json
