Data paths:
  building: benchmark-data-sf10/building
  customer: benchmark-data-sf10/customer
  driver: benchmark-data-sf10/driver
  trip: benchmark-data-sf10/trip
  vehicle: benchmark-data-sf10/vehicle
  zone: benchmark-data-sf10/zone

============================================================
Running Sedonadb Gpu Benchmark
============================================================
Sedonadb Gpu version: 0.3.0
  Running q10... [LIBGPUSPATIAL] [ 11067][17:58:40:280230][info  ] Initializing GpuSpatialRuntime on device 0, PTX root /mnt/data/sedona-db/target/release/build/sedona-libgpuspatial-49614f8a870dbe66/out/share/gpuspatial/shaders
[LIBGPUSPATIAL] [ 11067][17:58:40:434541][info  ] Init Memory Manager
[LIBGPUSPATIAL] [ 11067][17:58:40:434711][info  ] Creating RMM pool memory resource with size 22511 MB
[LIBGPUSPATIAL] [ 11067][17:58:40:479417][info  ] Initialize RTEngine
[LIBGPUSPATIAL] [ 11067][17:58:40:616630][info  ] Create RTSpatialIndex 0x7e58a400a7d0, fast_build = 0, compact = 0, concurrency = 8
[LIBGPUSPATIAL] [ 11067][17:58:40:619473][info  ] Create RTSpatialRefiner 0x7e58a7d2a230, fast_build = 0, compact = 0, parsing_threads = 8, concurrency = 8, pipeline_batches = 1, wkb_parser_memory_quota = 0.80, relate_engine_memory_quota = 0.03
[LIBGPUSPATIAL] [ 11067][17:58:41:128083][info  ] RTSpatialRefiner 0x7e58a7d2a230 (Used 1946 MB), FinishBuilding Refiner, Total geoms: 454710
[LIBGPUSPATIAL] [ 11067][17:58:41:128128][info  ] RTSpatialIndex 0x7e58a400a7d0 (Used 1946 MB), PushBuild, Rectangles 454710
[LIBGPUSPATIAL] [ 11067][17:58:41:130055][info  ] RTSpatialIndex 0x7e58a400a7d0 (Used 1980 MB), FinishBuilding Index on Rectangles, Total geoms: 454710
[LIBGPUSPATIAL] [ 11066][17:58:41:429598][info  ] RTSpatialIndex 0x7e58a400a7d0 (Used 1980 MB), Allocate result buffer, memory consumption 12 MB, capacity 1646306
[LIBGPUSPATIAL] [ 11067][17:58:41:439678][info  ] RTSpatialIndex 0x7e58a400a7d0 (Used 2043 MB), Allocate result buffer, memory consumption 12 MB, capacity 1646756
[LIBGPUSPATIAL] [ 11066][17:58:41:442209][info  ] RTSpatialIndex 0x7e58a400a7d0 (Used 2043 MB), Probe Points, Size: 1333333, Results: 1646306
[LIBGPUSPATIAL] [ 11062][17:58:41:448357][info  ] RTSpatialIndex 0x7e58a400a7d0 (Used 2023 MB), Allocate result buffer, memory consumption 12 MB, capacity 1646781
[LIBGPUSPATIAL] [ 11061][17:58:41:448606][info  ] RTSpatialIndex 0x7e58a400a7d0 (Used 2029 MB), Allocate result buffer, memory consumption 12 MB, capacity 1648934
[LIBGPUSPATIAL] [ 11065][17:58:41:448947][info  ] RTSpatialIndex 0x7e58a400a7d0 (Used 2042 MB), Allocate result buffer, memory consumption 12 MB, capacity 1645337
[LIBGPUSPATIAL] [ 11067][17:58:41:457957][info  ] RTSpatialIndex 0x7e58a400a7d0 (Used 2100 MB), Probe Points, Size: 1333333, Results: 1646756
[LIBGPUSPATIAL] [ 11061][17:58:41:460950][info  ] RTSpatialIndex 0x7e58a400a7d0 (Used 2100 MB), Probe Points, Size: 1333333, Results: 1648934
[LIBGPUSPATIAL] [ 11065][17:58:41:462094][info  ] RTSpatialIndex 0x7e58a400a7d0 (Used 2110 MB), Probe Points, Size: 1333333, Results: 1645337
[LIBGPUSPATIAL] [ 11062][17:58:41:462817][info  ] RTSpatialIndex 0x7e58a400a7d0 (Used 2110 MB), Probe Points, Size: 1333333, Results: 1646781
[LIBGPUSPATIAL] [ 11063][17:58:41:466183][info  ] RTSpatialIndex 0x7e58a400a7d0 (Used 2036 MB), Allocate result buffer, memory consumption 12 MB, capacity 1644220
[LIBGPUSPATIAL] [ 11064][17:58:41:466549][info  ] RTSpatialIndex 0x7e58a400a7d0 (Used 2048 MB), Allocate result buffer, memory consumption 12 MB, capacity 1645951
[LIBGPUSPATIAL] [ 11068][17:58:41:467590][info  ] RTSpatialIndex 0x7e58a400a7d0 (Used 2067 MB), Allocate result buffer, memory consumption 12 MB, capacity 1647885
[LIBGPUSPATIAL] [ 11063][17:58:41:478126][info  ] RTSpatialIndex 0x7e58a400a7d0 (Used 2130 MB), Probe Points, Size: 1333333, Results: 1644220
[LIBGPUSPATIAL] [ 11064][17:58:41:483050][info  ] RTSpatialIndex 0x7e58a400a7d0 (Used 2153 MB), Probe Points, Size: 1333333, Results: 1645951
[LIBGPUSPATIAL] [ 11066][17:58:41:486987][info  ] RTSpatialRefiner 0x7e58a7d2a230 (Used 2160 MB), Loaded Geometries, ProbeArray 1333333, Loaded 839769, Type Point
[LIBGPUSPATIAL] [ 11066][17:58:41:488642][info  ] RTSpatialRefiner 0x7e58a7d2a230 (Used 2173 MB), Evaluating 1646306 Geometry Pairs with Predicate Contains
[LIBGPUSPATIAL] [ 11068][17:58:41:491781][info  ] RTSpatialIndex 0x7e58a400a7d0 (Used 2191 MB), Probe Points, Size: 1333333, Results: 1647885
[LIBGPUSPATIAL] [ 11062][17:58:41:505926][info  ] RTSpatialRefiner 0x7e58a7d2a230 (Used 2224 MB), Loaded Geometries, ProbeArray 1333333, Loaded 840316, Type Point
[LIBGPUSPATIAL] [ 11062][17:58:41:506492][info  ] RTSpatialRefiner 0x7e58a7d2a230 (Used 2230 MB), Evaluating 1646781 Geometry Pairs with Predicate Contains
[LIBGPUSPATIAL] [ 11061][17:58:41:508951][info  ] RTSpatialRefiner 0x7e58a7d2a230 (Used 2242 MB), Loaded Geometries, ProbeArray 1333333, Loaded 840623, Type Point
[LIBGPUSPATIAL] [ 11061][17:58:41:509558][info  ] RTSpatialRefiner 0x7e58a7d2a230 (Used 2249 MB), Evaluating 1648934 Geometry Pairs with Predicate Contains
[LIBGPUSPATIAL] [ 11067][17:58:41:513533][info  ] RTSpatialRefiner 0x7e58a7d2a230 (Used 2261 MB), Loaded Geometries, ProbeArray 1333333, Loaded 840229, Type Point
[LIBGPUSPATIAL] [ 11067][17:58:41:514123][info  ] RTSpatialRefiner 0x7e58a7d2a230 (Used 2268 MB), Evaluating 1646756 Geometry Pairs with Predicate Contains
[LIBGPUSPATIAL] [ 11065][17:58:41:517705][info  ] RTSpatialRefiner 0x7e58a7d2a230 (Used 2280 MB), Loaded Geometries, ProbeArray 1333333, Loaded 839184, Type Point
[LIBGPUSPATIAL] [ 11065][17:58:41:518233][info  ] RTSpatialRefiner 0x7e58a7d2a230 (Used 2286 MB), Evaluating 1645337 Geometry Pairs with Predicate Contains
[LIBGPUSPATIAL] [ 11061][17:58:41:532701][info  ] Unique multi-polygons 27961, memory quota 69 MB, estimated BVH size 306 MB, n_batches 5
[LIBGPUSPATIAL] [ 11062][17:58:41:533010][info  ] Unique multi-polygons 27800, memory quota 69 MB, estimated BVH size 306 MB, n_batches 5
[LIBGPUSPATIAL] [ 11066][17:58:41:533020][info  ] Unique multi-polygons 27923, memory quota 69 MB, estimated BVH size 306 MB, n_batches 5
[LIBGPUSPATIAL] [ 11065][17:58:41:533039][info  ] Unique multi-polygons 28133, memory quota 69 MB, estimated BVH size 306 MB, n_batches 5
[LIBGPUSPATIAL] [ 11067][17:58:41:533059][info  ] Unique multi-polygons 27757, memory quota 69 MB, estimated BVH size 303 MB, n_batches 5
[LIBGPUSPATIAL] [ 11061][17:58:41:533478][info  ] PIP(Used 2265 MB), Batch 0
[LIBGPUSPATIAL] [ 11062][17:58:41:540194][info  ] PIP(Used 2410 MB), Batch 0
[LIBGPUSPATIAL] [ 11065][17:58:41:540395][info  ] PIP(Used 2327 MB), Batch 0
[LIBGPUSPATIAL] [ 11066][17:58:41:540433][info  ] PIP(Used 2344 MB), Batch 0
[LIBGPUSPATIAL] [ 11067][17:58:41:540784][info  ] PIP(Used 2315 MB), Batch 0
[LIBGPUSPATIAL] [ 11061][17:58:41:541144][info  ] PIP(Used 2319 MB), Batch 1
[LIBGPUSPATIAL] [ 11062][17:58:41:551220][info  ] PIP(Used 2320 MB), Batch 1
[LIBGPUSPATIAL] [ 11066][17:58:41:552359][info  ] PIP(Used 2319 MB), Batch 1
[LIBGPUSPATIAL] [ 11067][17:58:41:555337][info  ] PIP(Used 2319 MB), Batch 1
[LIBGPUSPATIAL] [ 11065][17:58:41:558240][info  ] PIP(Used 2320 MB), Batch 1
[LIBGPUSPATIAL] [ 11063][17:58:41:560914][info  ] RTSpatialRefiner 0x7e58a7d2a230 (Used 2292 MB), Loaded Geometries, ProbeArray 1333333, Loaded 838626, Type Point
[LIBGPUSPATIAL] [ 11063][17:58:41:580955][info  ] RTSpatialRefiner 0x7e58a7d2a230 (Used 2299 MB), Evaluating 1644220 Geometry Pairs with Predicate Contains
[LIBGPUSPATIAL] [ 11068][17:58:41:581612][info  ] RTSpatialRefiner 0x7e58a7d2a230 (Used 2305 MB), Loaded Geometries, ProbeArray 1333333, Loaded 839762, Type Point
[LIBGPUSPATIAL] [ 11063][17:58:41:597709][info  ] Unique multi-polygons 28027, memory quota 69 MB, estimated BVH size 306 MB, n_batches 5
[LIBGPUSPATIAL] [ 11068][17:58:41:597765][info  ] RTSpatialRefiner 0x7e58a7d2a230 (Used 2347 MB), Evaluating 1647885 Geometry Pairs with Predicate Contains
[LIBGPUSPATIAL] [ 11068][17:58:41:598571][info  ] Unique multi-polygons 27972, memory quota 69 MB, estimated BVH size 305 MB, n_batches 5
[LIBGPUSPATIAL] [ 11061][17:58:41:598663][info  ] PIP(Used 2459 MB), Batch 2
[LIBGPUSPATIAL] [ 11065][17:58:41:598855][info  ] PIP(Used 2446 MB), Batch 2
[LIBGPUSPATIAL] [ 11062][17:58:41:598900][info  ] PIP(Used 2420 MB), Batch 2
[LIBGPUSPATIAL] [ 11064][17:58:41:598936][info  ] RTSpatialRefiner 0x7e58a7d2a230 (Used 2420 MB), Loaded Geometries, ProbeArray 1333333, Loaded 839464, Type Point
[LIBGPUSPATIAL] [ 11067][17:58:41:598948][info  ] PIP(Used 2420 MB), Batch 2
[LIBGPUSPATIAL] [ 11064][17:58:41:610917][info  ] RTSpatialRefiner 0x7e58a7d2a230 (Used 2552 MB), Evaluating 1645951 Geometry Pairs with Predicate Contains
[LIBGPUSPATIAL] [ 11063][17:58:41:611085][info  ] PIP(Used 2516 MB), Batch 0
[LIBGPUSPATIAL] [ 11066][17:58:41:611158][info  ] PIP(Used 2503 MB), Batch 2
[LIBGPUSPATIAL] [ 11068][17:58:41:611319][info  ] PIP(Used 2433 MB), Batch 0
[LIBGPUSPATIAL] [ 11065][17:58:41:611374][info  ] PIP(Used 2384 MB), Batch 3
[LIBGPUSPATIAL] [ 11062][17:58:41:629864][info  ] PIP(Used 2347 MB), Batch 3
[LIBGPUSPATIAL] [ 11061][17:58:41:630079][info  ] PIP(Used 2352 MB), Batch 3
[LIBGPUSPATIAL] [ 11067][17:58:41:630330][info  ] PIP(Used 2347 MB), Batch 3
[LIBGPUSPATIAL] [ 11066][17:58:41:631917][info  ] PIP(Used 2347 MB), Batch 3
[LIBGPUSPATIAL] [ 11064][17:58:41:635312][info  ] Unique multi-polygons 27959, memory quota 69 MB, estimated BVH size 306 MB, n_batches 5
[LIBGPUSPATIAL] [ 11068][17:58:41:637819][info  ] PIP(Used 2342 MB), Batch 1
[LIBGPUSPATIAL] [ 11063][17:58:41:644026][info  ] PIP(Used 2561 MB), Batch 1
[LIBGPUSPATIAL] [ 11064][17:58:41:644119][info  ] PIP(Used 2471 MB), Batch 0
[LIBGPUSPATIAL] [ 11067][17:58:41:644143][info  ] PIP(Used 2471 MB), Batch 4
[LIBGPUSPATIAL] [ 11065][17:58:41:644203][info  ] PIP(Used 2420 MB), Batch 4
[LIBGPUSPATIAL] [ 11061][17:58:41:644703][info  ] PIP(Used 2441 MB), Batch 4
[LIBGPUSPATIAL] [ 11062][17:58:41:644971][info  ] PIP(Used 2339 MB), Batch 4
[LIBGPUSPATIAL] [ 11068][17:58:41:683618][info  ] PIP(Used 2326 MB), Batch 2
[LIBGPUSPATIAL] [ 11063][17:58:41:683688][info  ] PIP(Used 2313 MB), Batch 2
[LIBGPUSPATIAL] [ 11066][17:58:41:683743][info  ] PIP(Used 2262 MB), Batch 4
[LIBGPUSPATIAL] [ 11064][17:58:41:683961][info  ] PIP(Used 2212 MB), Batch 1
[LIBGPUSPATIAL] [ 11068][17:58:41:697708][info  ] PIP(Used 2194 MB), Batch 3
[LIBGPUSPATIAL] [ 11063][17:58:41:697739][info  ] PIP(Used 2194 MB), Batch 3
[LIBGPUSPATIAL] [ 11068][17:58:41:705235][info  ] PIP(Used 2127 MB), Batch 4
[LIBGPUSPATIAL] [ 11063][17:58:41:706970][info  ] PIP(Used 2126 MB), Batch 4
[LIBGPUSPATIAL] [ 11064][17:58:41:719081][info  ] PIP(Used 2020 MB), Batch 2
[LIBGPUSPATIAL] [ 11064][17:58:41:726704][info  ] PIP(Used 2040 MB), Batch 3
[LIBGPUSPATIAL] [ 11064][17:58:41:732647][info  ] PIP(Used 2040 MB), Batch 4
[LIBGPUSPATIAL] [ 11061][17:58:42:044952][info  ] RTSpatialIndex 0x7e58a400a7d0 (Used 1980 MB), Allocate result buffer, memory consumption 12 MB, capacity 1646922
[LIBGPUSPATIAL] [ 11061][17:58:42:047717][info  ] RTSpatialIndex 0x7e58a400a7d0 (Used 1992 MB), Probe Points, Size: 1333333, Results: 1646922
[LIBGPUSPATIAL] [ 11061][17:58:42:078064][info  ] RTSpatialRefiner 0x7e58a7d2a230 (Used 2025 MB), Loaded Geometries, ProbeArray 1333333, Loaded 839419, Type Point
[LIBGPUSPATIAL] [ 11061][17:58:42:081077][info  ] RTSpatialRefiner 0x7e58a7d2a230 (Used 2042 MB), Evaluating 1646922 Geometry Pairs with Predicate Contains
[LIBGPUSPATIAL] [ 11061][17:58:42:081908][info  ] Unique multi-polygons 27979, memory quota 70 MB, estimated BVH size 303 MB, n_batches 5
[LIBGPUSPATIAL] [ 11061][17:58:42:082970][info  ] PIP(Used 2066 MB), Batch 0
[LIBGPUSPATIAL] [ 11067][17:58:42:084697][info  ] RTSpatialIndex 0x7e58a400a7d0 (Used 2066 MB), Allocate result buffer, memory consumption 12 MB, capacity 1647944
[LIBGPUSPATIAL] [ 11062][17:58:42:089820][info  ] RTSpatialIndex 0x7e58a400a7d0 (Used 2046 MB), Allocate result buffer, memory consumption 12 MB, capacity 1646511
[LIBGPUSPATIAL] [ 11061][17:58:42:090520][info  ] PIP(Used 2085 MB), Batch 1
[LIBGPUSPATIAL] [ 11067][17:58:42:093834][info  ] RTSpatialIndex 0x7e58a400a7d0 (Used 2085 MB), Probe Points, Size: 1333333, Results: 1647944
[LIBGPUSPATIAL] [ 11062][17:58:42:113705][info  ] RTSpatialIndex 0x7e58a400a7d0 (Used 2055 MB), Probe Points, Size: 1333333, Results: 1646511
[LIBGPUSPATIAL] [ 11061][17:58:42:113721][info  ] PIP(Used 2055 MB), Batch 2
[LIBGPUSPATIAL] [ 11061][17:58:42:122240][info  ] PIP(Used 2077 MB), Batch 3
[LIBGPUSPATIAL] [ 11061][17:58:42:129443][info  ] PIP(Used 2095 MB), Batch 4
[LIBGPUSPATIAL] [ 11067][17:58:42:160582][info  ] RTSpatialRefiner 0x7e58a7d2a230 (Used 2061 MB), Loaded Geometries, ProbeArray 1333333, Loaded 839691, Type Point
[LIBGPUSPATIAL] [ 11067][17:58:42:162648][info  ] RTSpatialRefiner 0x7e58a7d2a230 (Used 2057 MB), Evaluating 1647944 Geometry Pairs with Predicate Contains
[LIBGPUSPATIAL] [ 11067][17:58:42:163457][info  ] Unique multi-polygons 28031, memory quota 70 MB, estimated BVH size 305 MB, n_batches 5
[LIBGPUSPATIAL] [ 11065][17:58:42:165737][info  ] RTSpatialIndex 0x7e58a400a7d0 (Used 2081 MB), Allocate result buffer, memory consumption 12 MB, capacity 1648531
[LIBGPUSPATIAL] [ 11062][17:58:42:165757][info  ] RTSpatialRefiner 0x7e58a7d2a230 (Used 2081 MB), Loaded Geometries, ProbeArray 1333333, Loaded 839963, Type Point
[LIBGPUSPATIAL] [ 11067][17:58:42:165762][info  ] PIP(Used 2081 MB), Batch 0
[LIBGPUSPATIAL] [ 11062][17:58:42:167246][info  ] RTSpatialRefiner 0x7e58a7d2a230 (Used 2100 MB), Evaluating 1646511 Geometry Pairs with Predicate Contains
[LIBGPUSPATIAL] [ 11062][17:58:42:169732][info  ] Unique multi-polygons 27657, memory quota 70 MB, estimated BVH size 304 MB, n_batches 5
[LIBGPUSPATIAL] [ 11065][17:58:42:169766][info  ] RTSpatialIndex 0x7e58a400a7d0 (Used 2079 MB), Probe Points, Size: 1333333, Results: 1648531
[LIBGPUSPATIAL] [ 11067][17:58:42:171935][info  ] PIP(Used 2105 MB), Batch 1
[LIBGPUSPATIAL] [ 11062][17:58:42:171968][info  ] PIP(Used 2105 MB), Batch 0
[LIBGPUSPATIAL] [ 11066][17:58:42:194549][info  ] RTSpatialIndex 0x7e58a400a7d0 (Used 2102 MB), Allocate result buffer, memory consumption 12 MB, capacity 1647217
[LIBGPUSPATIAL] [ 11062][17:58:42:195322][info  ] PIP(Used 2141 MB), Batch 1
[LIBGPUSPATIAL] [ 11067][17:58:42:197628][info  ] PIP(Used 2122 MB), Batch 2
[LIBGPUSPATIAL] [ 11066][17:58:42:200520][info  ] RTSpatialIndex 0x7e58a400a7d0 (Used 2114 MB), Probe Points, Size: 1333333, Results: 1647217
[LIBGPUSPATIAL] [ 11065][17:58:42:222347][info  ] RTSpatialRefiner 0x7e58a7d2a230 (Used 2225 MB), Loaded Geometries, ProbeArray 1333333, Loaded 841222, Type Point
[LIBGPUSPATIAL] [ 11065][17:58:42:224487][info  ] RTSpatialRefiner 0x7e58a7d2a230 (Used 2221 MB), Evaluating 1648531 Geometry Pairs with Predicate Contains
[LIBGPUSPATIAL] [ 11065][17:58:42:225685][info  ] Unique multi-polygons 27847, memory quota 70 MB, estimated BVH size 308 MB, n_batches 5
[LIBGPUSPATIAL] [ 11067][17:58:42:225914][info  ] PIP(Used 2174 MB), Batch 3
[LIBGPUSPATIAL] [ 11068][17:58:42:226226][info  ] RTSpatialIndex 0x7e58a400a7d0 (Used 2175 MB), Allocate result buffer, memory consumption 12 MB, capacity 1647434
[LIBGPUSPATIAL] [ 11062][17:58:42:226385][info  ] PIP(Used 2168 MB), Batch 2
[LIBGPUSPATIAL] [ 11065][17:58:42:240120][info  ] PIP(Used 2334 MB), Batch 0
[LIBGPUSPATIAL] [ 11062][17:58:42:240588][info  ] PIP(Used 2286 MB), Batch 3
[LIBGPUSPATIAL] [ 11068][17:58:42:241730][info  ] RTSpatialIndex 0x7e58a400a7d0 (Used 2286 MB), Probe Points, Size: 1333333, Results: 1647434
[LIBGPUSPATIAL] [ 11067][17:58:42:244017][info  ] PIP(Used 2208 MB), Batch 4
[LIBGPUSPATIAL] [ 11062][17:58:42:251103][info  ] PIP(Used 2161 MB), Batch 4
[LIBGPUSPATIAL] [ 11065][17:58:42:251689][info  ] PIP(Used 2188 MB), Batch 1
[LIBGPUSPATIAL] [ 11066][17:58:42:252642][info  ] RTSpatialRefiner 0x7e58a7d2a230 (Used 2139 MB), Loaded Geometries, ProbeArray 1333333, Loaded 839385, Type Point
[LIBGPUSPATIAL] [ 11066][17:58:42:257030][info  ] RTSpatialRefiner 0x7e58a7d2a230 (Used 2109 MB), Evaluating 1647217 Geometry Pairs with Predicate Contains
[LIBGPUSPATIAL] [ 11066][17:58:42:257949][info  ] Unique multi-polygons 28033, memory quota 70 MB, estimated BVH size 306 MB, n_batches 5
[LIBGPUSPATIAL] [ 11066][17:58:42:258435][info  ] PIP(Used 2097 MB), Batch 0
[LIBGPUSPATIAL] [ 11066][17:58:42:265362][info  ] PIP(Used 2118 MB), Batch 1
[LIBGPUSPATIAL] [ 11065][17:58:42:279574][info  ] PIP(Used 2099 MB), Batch 2
[LIBGPUSPATIAL] [ 11068][17:58:42:285968][info  ] RTSpatialRefiner 0x7e58a7d2a230 (Used 2092 MB), Loaded Geometries, ProbeArray 1333333, Loaded 839980, Type Point
[LIBGPUSPATIAL] [ 11068][17:58:42:286856][info  ] RTSpatialRefiner 0x7e58a7d2a230 (Used 2118 MB), Evaluating 1647434 Geometry Pairs with Predicate Contains
[LIBGPUSPATIAL] [ 11066][17:58:42:286920][info  ] PIP(Used 2117 MB), Batch 2
[LIBGPUSPATIAL] [ 11065][17:58:42:287685][info  ] PIP(Used 2125 MB), Batch 3
[LIBGPUSPATIAL] [ 11068][17:58:42:287812][info  ] Unique multi-polygons 28078, memory quota 70 MB, estimated BVH size 304 MB, n_batches 5
[LIBGPUSPATIAL] [ 11068][17:58:42:294486][info  ] PIP(Used 2142 MB), Batch 0
[LIBGPUSPATIAL] [ 11063][17:58:42:301250][info  ] RTSpatialIndex 0x7e58a400a7d0 (Used 2132 MB), Allocate result buffer, memory consumption 12 MB, capacity 1647532
[LIBGPUSPATIAL] [ 11066][17:58:42:301519][info  ] PIP(Used 2149 MB), Batch 3
[LIBGPUSPATIAL] [ 11065][17:58:42:304103][info  ] PIP(Used 2225 MB), Batch 4
[LIBGPUSPATIAL] [ 11068][17:58:42:304157][info  ] PIP(Used 2177 MB), Batch 1
[LIBGPUSPATIAL] [ 11063][17:58:42:306518][info  ] RTSpatialIndex 0x7e58a400a7d0 (Used 2121 MB), Probe Points, Size: 1333333, Results: 1647532
[LIBGPUSPATIAL] [ 11068][17:58:42:331218][info  ] PIP(Used 2120 MB), Batch 2
[LIBGPUSPATIAL] [ 11066][17:58:42:331219][info  ] PIP(Used 2120 MB), Batch 4
[LIBGPUSPATIAL] [ 11064][17:58:42:340143][info  ] RTSpatialIndex 0x7e58a400a7d0 (Used 2101 MB), Allocate result buffer, memory consumption 12 MB, capacity 1650372
[LIBGPUSPATIAL] [ 11064][17:58:42:348668][info  ] RTSpatialIndex 0x7e58a400a7d0 (Used 2147 MB), Probe Points, Size: 1333333, Results: 1650372
[LIBGPUSPATIAL] [ 11068][17:58:42:349573][info  ] PIP(Used 2075 MB), Batch 3
[LIBGPUSPATIAL] [ 11063][17:58:42:352230][info  ] RTSpatialRefiner 0x7e58a7d2a230 (Used 2048 MB), Loaded Geometries, ProbeArray 1333333, Loaded 840142, Type Point
[LIBGPUSPATIAL] [ 11063][17:58:42:352804][info  ] RTSpatialRefiner 0x7e58a7d2a230 (Used 2061 MB), Evaluating 1647532 Geometry Pairs with Predicate Contains
[LIBGPUSPATIAL] [ 11063][17:58:42:353643][info  ] Unique multi-polygons 27830, memory quota 70 MB, estimated BVH size 304 MB, n_batches 5
[LIBGPUSPATIAL] [ 11063][17:58:42:354959][info  ] PIP(Used 2125 MB), Batch 0
[LIBGPUSPATIAL] [ 11068][17:58:42:353646][info  ] PIP(Used 2095 MB), Batch 4
[LIBGPUSPATIAL] [ 11063][17:58:42:362614][info  ] PIP(Used 2075 MB), Batch 1
[LIBGPUSPATIAL] [ 11063][17:58:42:382885][info  ] PIP(Used 2056 MB), Batch 2
[LIBGPUSPATIAL] [ 11064][17:58:42:382892][info  ] RTSpatialRefiner 0x7e58a7d2a230 (Used 2056 MB), Loaded Geometries, ProbeArray 1333333, Loaded 841526, Type Point
[LIBGPUSPATIAL] [ 11064][17:58:42:383512][info  ] RTSpatialRefiner 0x7e58a7d2a230 (Used 2062 MB), Evaluating 1650372 Geometry Pairs with Predicate Contains
[LIBGPUSPATIAL] [ 11064][17:58:42:388709][info  ] Unique multi-polygons 28128, memory quota 70 MB, estimated BVH size 306 MB, n_batches 5
[LIBGPUSPATIAL] [ 11064][17:58:42:389217][info  ] PIP(Used 2078 MB), Batch 0
[LIBGPUSPATIAL] [ 11063][17:58:42:390995][info  ] PIP(Used 2083 MB), Batch 3
[LIBGPUSPATIAL] [ 11064][17:58:42:397285][info  ] PIP(Used 2083 MB), Batch 1
[LIBGPUSPATIAL] [ 11063][17:58:42:398043][info  ] PIP(Used 2084 MB), Batch 4
[LIBGPUSPATIAL] [ 11064][17:58:42:418834][info  ] PIP(Used 2020 MB), Batch 2
[LIBGPUSPATIAL] [ 11064][17:58:42:426688][info  ] PIP(Used 2039 MB), Batch 3
[LIBGPUSPATIAL] [ 11064][17:58:42:432943][info  ] PIP(Used 2041 MB), Batch 4
[LIBGPUSPATIAL] [ 11061][17:58:42:560749][info  ] RTSpatialIndex 0x7e58a400a7d0 (Used 1980 MB), Allocate result buffer, memory consumption 12 MB, capacity 1646166
[LIBGPUSPATIAL] [ 11061][17:58:42:563562][info  ] RTSpatialIndex 0x7e58a400a7d0 (Used 1992 MB), Probe Points, Size: 1333333, Results: 1646166
[LIBGPUSPATIAL] [ 11061][17:58:42:600970][info  ] RTSpatialRefiner 0x7e58a7d2a230 (Used 2005 MB), Loaded Geometries, ProbeArray 1333333, Loaded 840209, Type Point
[LIBGPUSPATIAL] [ 11061][17:58:42:601782][info  ] RTSpatialRefiner 0x7e58a7d2a230 (Used 2011 MB), Evaluating 1646166 Geometry Pairs with Predicate Contains
[LIBGPUSPATIAL] [ 11061][17:58:42:602533][info  ] Unique multi-polygons 27841, memory quota 70 MB, estimated BVH size 305 MB, n_batches 5
[LIBGPUSPATIAL] [ 11061][17:58:42:603132][info  ] PIP(Used 2035 MB), Batch 0
[LIBGPUSPATIAL] [ 11061][17:58:42:609876][info  ] PIP(Used 2040 MB), Batch 1
[LIBGPUSPATIAL] [ 11061][17:58:42:631105][info  ] PIP(Used 2020 MB), Batch 2
[LIBGPUSPATIAL] [ 11061][17:58:42:638633][info  ] PIP(Used 2040 MB), Batch 3
[LIBGPUSPATIAL] [ 11061][17:58:42:646100][info  ] PIP(Used 2041 MB), Batch 4
[LIBGPUSPATIAL] [ 11062][17:58:42:665807][info  ] RTSpatialIndex 0x7e58a400a7d0 (Used 1980 MB), Allocate result buffer, memory consumption 12 MB, capacity 1641655
[LIBGPUSPATIAL] [ 11062][17:58:42:670685][info  ] RTSpatialIndex 0x7e58a400a7d0 (Used 1992 MB), Probe Points, Size: 1333333, Results: 1641655
[LIBGPUSPATIAL] [ 11067][17:58:42:682817][info  ] RTSpatialIndex 0x7e58a400a7d0 (Used 1992 MB), Allocate result buffer, memory consumption 12 MB, capacity 1646504
[LIBGPUSPATIAL] [ 11067][17:58:42:685685][info  ] RTSpatialIndex 0x7e58a400a7d0 (Used 2011 MB), Probe Points, Size: 1333333, Results: 1646504
[LIBGPUSPATIAL] [ 11062][17:58:42:728731][info  ] RTSpatialRefiner 0x7e58a7d2a230 (Used 2041 MB), Loaded Geometries, ProbeArray 1333333, Loaded 838064, Type Point
[LIBGPUSPATIAL] [ 11062][17:58:42:729479][info  ] RTSpatialRefiner 0x7e58a7d2a230 (Used 2047 MB), Evaluating 1641655 Geometry Pairs with Predicate Contains
[LIBGPUSPATIAL] [ 11062][17:58:42:730200][info  ] Unique multi-polygons 28017, memory quota 70 MB, estimated BVH size 306 MB, n_batches 5
[LIBGPUSPATIAL] [ 11062][17:58:42:730702][info  ] PIP(Used 2071 MB), Batch 0
[LIBGPUSPATIAL] [ 11067][17:58:42:735880][info  ] RTSpatialRefiner 0x7e58a7d2a230 (Used 2048 MB), Loaded Geometries, ProbeArray 1333333, Loaded 839426, Type Point
[LIBGPUSPATIAL] [ 11067][17:58:42:736757][info  ] RTSpatialRefiner 0x7e58a7d2a230 (Used 2054 MB), Evaluating 1646504 Geometry Pairs with Predicate Contains
[LIBGPUSPATIAL] [ 11062][17:58:42:737034][info  ] PIP(Used 2088 MB), Batch 1
[LIBGPUSPATIAL] [ 11067][17:58:42:737448][info  ] Unique multi-polygons 27627, memory quota 70 MB, estimated BVH size 303 MB, n_batches 5
[LIBGPUSPATIAL] [ 11067][17:58:42:737948][info  ] PIP(Used 2078 MB), Batch 0
[LIBGPUSPATIAL] [ 11067][17:58:42:746268][info  ] PIP(Used 2082 MB), Batch 1
[LIBGPUSPATIAL] [ 11062][17:58:42:761585][info  ] PIP(Used 2083 MB), Batch 2
[LIBGPUSPATIAL] [ 11065][17:58:42:770691][info  ] RTSpatialIndex 0x7e58a400a7d0 (Used 2073 MB), Allocate result buffer, memory consumption 12 MB, capacity 1648005
[LIBGPUSPATIAL] [ 11067][17:58:42:776880][info  ] PIP(Used 2089 MB), Batch 2
[LIBGPUSPATIAL] [ 11062][17:58:42:777022][info  ] PIP(Used 2113 MB), Batch 3
[LIBGPUSPATIAL] [ 11065][17:58:42:778599][info  ] RTSpatialIndex 0x7e58a400a7d0 (Used 2078 MB), Probe Points, Size: 1333333, Results: 1648005
[LIBGPUSPATIAL] [ 11062][17:58:42:788073][info  ] PIP(Used 2178 MB), Batch 4
[LIBGPUSPATIAL] [ 11067][17:58:42:788234][info  ] PIP(Used 2129 MB), Batch 3
[LIBGPUSPATIAL] [ 11067][17:58:42:798084][info  ] PIP(Used 2076 MB), Batch 4
[LIBGPUSPATIAL] [ 11066][17:58:42:807379][info  ] RTSpatialIndex 0x7e58a400a7d0 (Used 2015 MB), Allocate result buffer, memory consumption 12 MB, capacity 1648251
[LIBGPUSPATIAL] [ 11066][17:58:42:809994][info  ] RTSpatialIndex 0x7e58a400a7d0 (Used 2028 MB), Probe Points, Size: 1333333, Results: 1648251
[LIBGPUSPATIAL] [ 11065][17:58:42:818897][info  ] RTSpatialRefiner 0x7e58a7d2a230 (Used 2024 MB), Loaded Geometries, ProbeArray 1333333, Loaded 840413, Type Point
[LIBGPUSPATIAL] [ 11065][17:58:42:820191][info  ] RTSpatialRefiner 0x7e58a7d2a230 (Used 2030 MB), Evaluating 1648005 Geometry Pairs with Predicate Contains
[LIBGPUSPATIAL] [ 11065][17:58:42:821015][info  ] Unique multi-polygons 27907, memory quota 70 MB, estimated BVH size 305 MB, n_batches 5
[LIBGPUSPATIAL] [ 11065][17:58:42:821602][info  ] PIP(Used 2054 MB), Batch 0
[LIBGPUSPATIAL] [ 11065][17:58:42:828476][info  ] PIP(Used 2076 MB), Batch 1
[LIBGPUSPATIAL] [ 11066][17:58:42:847650][info  ] RTSpatialRefiner 0x7e58a7d2a230 (Used 2048 MB), Loaded Geometries, ProbeArray 1333333, Loaded 840587, Type Point
[LIBGPUSPATIAL] [ 11066][17:58:42:848503][info  ] RTSpatialRefiner 0x7e58a7d2a230 (Used 2055 MB), Evaluating 1648251 Geometry Pairs with Predicate Contains
[LIBGPUSPATIAL] [ 11066][17:58:42:849188][info  ] Unique multi-polygons 27851, memory quota 70 MB, estimated BVH size 304 MB, n_batches 5
[LIBGPUSPATIAL] [ 11066][17:58:42:849701][info  ] PIP(Used 2078 MB), Batch 0
[LIBGPUSPATIAL] [ 11065][17:58:42:854223][info  ] PIP(Used 2063 MB), Batch 2
[LIBGPUSPATIAL] [ 11068][17:58:42:862179][info  ] RTSpatialIndex 0x7e58a400a7d0 (Used 2068 MB), Allocate result buffer, memory consumption 12 MB, capacity 1645557
[LIBGPUSPATIAL] [ 11065][17:58:42:864615][info  ] PIP(Used 2181 MB), Batch 3
[LIBGPUSPATIAL] [ 11066][17:58:42:864731][info  ] PIP(Used 2133 MB), Batch 1
[LIBGPUSPATIAL] [ 11068][17:58:42:867092][info  ] RTSpatialIndex 0x7e58a400a7d0 (Used 2079 MB), Probe Points, Size: 1333333, Results: 1645557
[LIBGPUSPATIAL] [ 11065][17:58:42:890469][info  ] PIP(Used 2103 MB), Batch 4
[LIBGPUSPATIAL] [ 11066][17:58:42:890497][info  ] PIP(Used 2103 MB), Batch 2
[LIBGPUSPATIAL] [ 11063][17:58:42:899707][info  ] RTSpatialIndex 0x7e58a400a7d0 (Used 2101 MB), Allocate result buffer, memory consumption 12 MB, capacity 1647602
[LIBGPUSPATIAL] [ 11066][17:58:42:908530][info  ] PIP(Used 2118 MB), Batch 3
[LIBGPUSPATIAL] [ 11063][17:58:42:911765][info  ] RTSpatialIndex 0x7e58a400a7d0 (Used 2108 MB), Probe Points, Size: 1333333, Results: 1647602
[LIBGPUSPATIAL] [ 11068][17:58:42:915551][info  ] RTSpatialRefiner 0x7e58a7d2a230 (Used 2065 MB), Loaded Geometries, ProbeArray 1333333, Loaded 839929, Type Point
[LIBGPUSPATIAL] [ 11064][17:58:42:915713][info  ] RTSpatialIndex 0x7e58a400a7d0 (Used 2071 MB), Allocate result buffer, memory consumption 12 MB, capacity 1646116
[LIBGPUSPATIAL] [ 11068][17:58:42:917359][info  ] RTSpatialRefiner 0x7e58a7d2a230 (Used 2162 MB), Evaluating 1645557 Geometry Pairs with Predicate Contains
[LIBGPUSPATIAL] [ 11066][17:58:42:917818][info  ] PIP(Used 2124 MB), Batch 4
[LIBGPUSPATIAL] [ 11068][17:58:42:919453][info  ] Unique multi-polygons 27739, memory quota 70 MB, estimated BVH size 304 MB, n_batches 5
[LIBGPUSPATIAL] [ 11068][17:58:42:920479][info  ] PIP(Used 2119 MB), Batch 0
[LIBGPUSPATIAL] [ 11064][17:58:42:921802][info  ] RTSpatialIndex 0x7e58a400a7d0 (Used 2096 MB), Probe Points, Size: 1333333, Results: 1646116
[LIBGPUSPATIAL] [ 11068][17:58:42:929728][info  ] PIP(Used 2094 MB), Batch 1
[LIBGPUSPATIAL] [ 11063][17:58:42:946516][info  ] RTSpatialRefiner 0x7e58a7d2a230 (Used 2084 MB), Loaded Geometries, ProbeArray 1333333, Loaded 840413, Type Point
[LIBGPUSPATIAL] [ 11063][17:58:42:947113][info  ] RTSpatialRefiner 0x7e58a7d2a230 (Used 2090 MB), Evaluating 1647602 Geometry Pairs with Predicate Contains
[LIBGPUSPATIAL] [ 11063][17:58:42:947754][info  ] Unique multi-polygons 27940, memory quota 70 MB, estimated BVH size 305 MB, n_batches 5
[LIBGPUSPATIAL] [ 11068][17:58:42:947794][info  ] PIP(Used 2099 MB), Batch 2
[LIBGPUSPATIAL] [ 11063][17:58:42:948190][info  ] PIP(Used 2114 MB), Batch 0
[LIBGPUSPATIAL] [ 11068][17:58:42:957530][info  ] PIP(Used 2118 MB), Batch 3
[LIBGPUSPATIAL] [ 11063][17:58:42:963214][info  ] PIP(Used 2118 MB), Batch 1
[LIBGPUSPATIAL] [ 11068][17:58:42:963448][info  ] PIP(Used 2146 MB), Batch 4
[LIBGPUSPATIAL] [ 11064][17:58:42:966877][info  ] RTSpatialRefiner 0x7e58a7d2a230 (Used 2090 MB), Loaded Geometries, ProbeArray 1333333, Loaded 839804, Type Point
[LIBGPUSPATIAL] [ 11064][17:58:42:967428][info  ] RTSpatialRefiner 0x7e58a7d2a230 (Used 2097 MB), Evaluating 1646116 Geometry Pairs with Predicate Contains
[LIBGPUSPATIAL] [ 11064][17:58:42:969614][info  ] Unique multi-polygons 27682, memory quota 70 MB, estimated BVH size 304 MB, n_batches 5
[LIBGPUSPATIAL] [ 11064][17:58:42:970738][info  ] PIP(Used 2078 MB), Batch 0
[LIBGPUSPATIAL] [ 11064][17:58:42:976330][info  ] PIP(Used 2083 MB), Batch 1
[LIBGPUSPATIAL] [ 11063][17:58:42:988783][info  ] PIP(Used 2063 MB), Batch 2
[LIBGPUSPATIAL] [ 11063][17:58:42:996555][info  ] PIP(Used 2083 MB), Batch 3
[LIBGPUSPATIAL] [ 11064][17:58:43:000578][info  ] PIP(Used 2063 MB), Batch 2
[LIBGPUSPATIAL] [ 11063][17:58:43:007752][info  ] PIP(Used 2084 MB), Batch 4
[LIBGPUSPATIAL] [ 11064][17:58:43:008999][info  ] PIP(Used 2081 MB), Batch 3
[LIBGPUSPATIAL] [ 11064][17:58:43:016577][info  ] PIP(Used 2040 MB), Batch 4
[LIBGPUSPATIAL] [ 11061][17:58:43:093645][info  ] RTSpatialIndex 0x7e58a400a7d0 (Used 1980 MB), Allocate result buffer, memory consumption 12 MB, capacity 1645742
[LIBGPUSPATIAL] [ 11061][17:58:43:096248][info  ] RTSpatialIndex 0x7e58a400a7d0 (Used 1992 MB), Probe Points, Size: 1333348, Results: 1645742
[LIBGPUSPATIAL] [ 11061][17:58:43:132652][info  ] RTSpatialRefiner 0x7e58a7d2a230 (Used 2005 MB), Loaded Geometries, ProbeArray 1333348, Loaded 839633, Type Point
[LIBGPUSPATIAL] [ 11061][17:58:43:133712][info  ] RTSpatialRefiner 0x7e58a7d2a230 (Used 2011 MB), Evaluating 1645742 Geometry Pairs with Predicate Contains
[LIBGPUSPATIAL] [ 11061][17:58:43:134509][info  ] Unique multi-polygons 28150, memory quota 70 MB, estimated BVH size 306 MB, n_batches 5
[LIBGPUSPATIAL] [ 11061][17:58:43:135089][info  ] PIP(Used 2035 MB), Batch 0
[LIBGPUSPATIAL] [ 11061][17:58:43:141379][info  ] PIP(Used 2040 MB), Batch 1
[LIBGPUSPATIAL] [ 11061][17:58:43:161106][info  ] PIP(Used 2020 MB), Batch 2
[LIBGPUSPATIAL] [ 11061][17:58:43:169361][info  ] PIP(Used 2039 MB), Batch 3
[LIBGPUSPATIAL] [ 11061][17:58:43:175291][info  ] PIP(Used 2041 MB), Batch 4
[LIBGPUSPATIAL] [ 11067][17:58:43:202264][info  ] RTSpatialIndex 0x7e58a400a7d0 (Used 1980 MB), Allocate result buffer, memory consumption 12 MB, capacity 1648385
[LIBGPUSPATIAL] [ 11067][17:58:43:205249][info  ] RTSpatialIndex 0x7e58a400a7d0 (Used 1992 MB), Probe Points, Size: 1333333, Results: 1648385
[LIBGPUSPATIAL] [ 11067][17:58:43:243783][info  ] RTSpatialRefiner 0x7e58a7d2a230 (Used 2005 MB), Loaded Geometries, ProbeArray 1333333, Loaded 840314, Type Point
[LIBGPUSPATIAL] [ 11067][17:58:43:244925][info  ] RTSpatialRefiner 0x7e58a7d2a230 (Used 2011 MB), Evaluating 1648385 Geometry Pairs with Predicate Contains
[LIBGPUSPATIAL] [ 11067][17:58:43:245714][info  ] Unique multi-polygons 28147, memory quota 70 MB, estimated BVH size 306 MB, n_batches 5
[LIBGPUSPATIAL] [ 11067][17:58:43:246299][info  ] PIP(Used 2035 MB), Batch 0
[LIBGPUSPATIAL] [ 11067][17:58:43:252399][info  ] PIP(Used 2040 MB), Batch 1
[LIBGPUSPATIAL] [ 11062][17:58:43:274498][info  ] RTSpatialIndex 0x7e58a400a7d0 (Used 2023 MB), Allocate result buffer, memory consumption 12 MB, capacity 1646753
[LIBGPUSPATIAL] [ 11067][17:58:43:275320][info  ] PIP(Used 2043 MB), Batch 2
[LIBGPUSPATIAL] [ 11062][17:58:43:277413][info  ] RTSpatialIndex 0x7e58a400a7d0 (Used 2035 MB), Probe Points, Size: 1333333, Results: 1646753
[LIBGPUSPATIAL] [ 11067][17:58:43:283358][info  ] PIP(Used 2052 MB), Batch 3
[LIBGPUSPATIAL] [ 11067][17:58:43:290203][info  ] PIP(Used 2060 MB), Batch 4
[LIBGPUSPATIAL] [ 11062][17:58:43:315364][info  ] RTSpatialRefiner 0x7e58a7d2a230 (Used 2005 MB), Loaded Geometries, ProbeArray 1333333, Loaded 840101, Type Point
[LIBGPUSPATIAL] [ 11062][17:58:43:315999][info  ] RTSpatialRefiner 0x7e58a7d2a230 (Used 2011 MB), Evaluating 1646753 Geometry Pairs with Predicate Contains
[LIBGPUSPATIAL] [ 11062][17:58:43:316729][info  ] Unique multi-polygons 28203, memory quota 70 MB, estimated BVH size 307 MB, n_batches 5
[LIBGPUSPATIAL] [ 11062][17:58:43:317335][info  ] PIP(Used 2035 MB), Batch 0
[LIBGPUSPATIAL] [ 11062][17:58:43:324108][info  ] PIP(Used 2040 MB), Batch 1
[LIBGPUSPATIAL] [ 11062][17:58:43:348209][info  ] PIP(Used 2030 MB), Batch 2
[LIBGPUSPATIAL] [ 11065][17:58:43:349872][info  ] RTSpatialIndex 0x7e58a400a7d0 (Used 2030 MB), Allocate result buffer, memory consumption 12 MB, capacity 1645329
[LIBGPUSPATIAL] [ 11062][17:58:43:357317][info  ] PIP(Used 2062 MB), Batch 3
[LIBGPUSPATIAL] [ 11065][17:58:43:358341][info  ] RTSpatialIndex 0x7e58a400a7d0 (Used 2035 MB), Probe Points, Size: 1333333, Results: 1645329
[LIBGPUSPATIAL] [ 11062][17:58:43:363159][info  ] PIP(Used 2053 MB), Batch 4
[LIBGPUSPATIAL] [ 11066][17:58:43:372819][info  ] RTSpatialIndex 0x7e58a400a7d0 (Used 2015 MB), Allocate result buffer, memory consumption 12 MB, capacity 1646862
[LIBGPUSPATIAL] [ 11066][17:58:43:375641][info  ] RTSpatialIndex 0x7e58a400a7d0 (Used 2028 MB), Probe Points, Size: 1333333, Results: 1646862
[LIBGPUSPATIAL] [ 11065][17:58:43:397936][info  ] RTSpatialRefiner 0x7e58a7d2a230 (Used 2041 MB), Loaded Geometries, ProbeArray 1333333, Loaded 839287, Type Point
[LIBGPUSPATIAL] [ 11065][17:58:43:398578][info  ] RTSpatialRefiner 0x7e58a7d2a230 (Used 2047 MB), Evaluating 1645329 Geometry Pairs with Predicate Contains
[LIBGPUSPATIAL] [ 11065][17:58:43:399390][info  ] Unique multi-polygons 27625, memory quota 70 MB, estimated BVH size 303 MB, n_batches 5
[LIBGPUSPATIAL] [ 11065][17:58:43:404410][info  ] PIP(Used 2081 MB), Batch 0
[LIBGPUSPATIAL] [ 11068][17:58:43:408166][info  ] RTSpatialIndex 0x7e58a400a7d0 (Used 2058 MB), Allocate result buffer, memory consumption 12 MB, capacity 1648121
[LIBGPUSPATIAL] [ 11065][17:58:43:409141][info  ] PIP(Used 2098 MB), Batch 1
[LIBGPUSPATIAL] [ 11066][17:58:43:413318][info  ] RTSpatialRefiner 0x7e58a7d2a230 (Used 2071 MB), Loaded Geometries, ProbeArray 1333333, Loaded 839890, Type Point
[LIBGPUSPATIAL] [ 11068][17:58:43:413435][info  ] RTSpatialIndex 0x7e58a400a7d0 (Used 2077 MB), Probe Points, Size: 1333333, Results: 1648121
[LIBGPUSPATIAL] [ 11066][17:58:43:416816][info  ] RTSpatialRefiner 0x7e58a7d2a230 (Used 2055 MB), Evaluating 1646862 Geometry Pairs with Predicate Contains
[LIBGPUSPATIAL] [ 11066][17:58:43:429465][info  ] Unique multi-polygons 27970, memory quota 70 MB, estimated BVH size 307 MB, n_batches 5
[LIBGPUSPATIAL] [ 11065][17:58:43:429465][info  ] PIP(Used 2074 MB), Batch 2
[LIBGPUSPATIAL] [ 11066][17:58:43:430399][info  ] PIP(Used 2097 MB), Batch 0
[LIBGPUSPATIAL] [ 11065][17:58:43:438902][info  ] PIP(Used 2118 MB), Batch 3
[LIBGPUSPATIAL] [ 11066][17:58:43:443125][info  ] PIP(Used 2119 MB), Batch 1
[LIBGPUSPATIAL] [ 11065][17:58:43:448600][info  ] PIP(Used 2119 MB), Batch 4
[LIBGPUSPATIAL] [ 11064][17:58:43:467342][info  ] RTSpatialIndex 0x7e58a400a7d0 (Used 2058 MB), Allocate result buffer, memory consumption 12 MB, capacity 1645207
[LIBGPUSPATIAL] [ 11068][17:58:43:470249][info  ] RTSpatialRefiner 0x7e58a7d2a230 (Used 2091 MB), Loaded Geometries, ProbeArray 1333333, Loaded 840308, Type Point
[LIBGPUSPATIAL] [ 11068][17:58:43:471039][info  ] RTSpatialRefiner 0x7e58a7d2a230 (Used 2097 MB), Evaluating 1648121 Geometry Pairs with Predicate Contains
[LIBGPUSPATIAL] [ 11066][17:58:43:471664][info  ] PIP(Used 2085 MB), Batch 2
[LIBGPUSPATIAL] [ 11068][17:58:43:471821][info  ] Unique multi-polygons 28005, memory quota 70 MB, estimated BVH size 304 MB, n_batches 5
[LIBGPUSPATIAL] [ 11064][17:58:43:472698][info  ] RTSpatialIndex 0x7e58a400a7d0 (Used 2079 MB), Probe Points, Size: 1333333, Results: 1645207
[LIBGPUSPATIAL] [ 11068][17:58:43:478374][info  ] PIP(Used 2102 MB), Batch 0
[LIBGPUSPATIAL] [ 11066][17:58:43:478564][info  ] PIP(Used 2102 MB), Batch 3
[LIBGPUSPATIAL] [ 11068][17:58:43:486209][info  ] PIP(Used 2102 MB), Batch 1
[LIBGPUSPATIAL] [ 11066][17:58:43:490052][info  ] PIP(Used 2120 MB), Batch 4
[LIBGPUSPATIAL] [ 11068][17:58:43:509179][info  ] PIP(Used 2055 MB), Batch 2
[LIBGPUSPATIAL] [ 11064][17:58:43:510739][info  ] RTSpatialRefiner 0x7e58a7d2a230 (Used 2048 MB), Loaded Geometries, ProbeArray 1333333, Loaded 839661, Type Point
[LIBGPUSPATIAL] [ 11064][17:58:43:511322][info  ] RTSpatialRefiner 0x7e58a7d2a230 (Used 2055 MB), Evaluating 1645207 Geometry Pairs with Predicate Contains
[LIBGPUSPATIAL] [ 11064][17:58:43:516244][info  ] Unique multi-polygons 27762, memory quota 70 MB, estimated BVH size 304 MB, n_batches 5
[LIBGPUSPATIAL] [ 11064][17:58:43:517150][info  ] PIP(Used 2153 MB), Batch 0
[LIBGPUSPATIAL] [ 11068][17:58:43:517260][info  ] PIP(Used 2105 MB), Batch 3
[LIBGPUSPATIAL] [ 11064][17:58:43:524463][info  ] PIP(Used 2083 MB), Batch 1
[LIBGPUSPATIAL] [ 11068][17:58:43:525191][info  ] PIP(Used 2084 MB), Batch 4
[LIBGPUSPATIAL] [ 11063][17:58:43:548245][info  ] RTSpatialIndex 0x7e58a400a7d0 (Used 2070 MB), Allocate result buffer, memory consumption 12 MB, capacity 1646457
[LIBGPUSPATIAL] [ 11064][17:58:43:550421][info  ] PIP(Used 2042 MB), Batch 2
[LIBGPUSPATIAL] [ 11063][17:58:43:553493][info  ] RTSpatialIndex 0x7e58a400a7d0 (Used 2035 MB), Probe Points, Size: 1333333, Results: 1646457
[LIBGPUSPATIAL] [ 11064][17:58:43:557454][info  ] PIP(Used 2052 MB), Batch 3
[LIBGPUSPATIAL] [ 11064][17:58:43:563456][info  ] PIP(Used 2059 MB), Batch 4
[LIBGPUSPATIAL] [ 11063][17:58:43:582987][info  ] RTSpatialRefiner 0x7e58a7d2a230 (Used 2005 MB), Loaded Geometries, ProbeArray 1333333, Loaded 839697, Type Point
[LIBGPUSPATIAL] [ 11063][17:58:43:583599][info  ] RTSpatialRefiner 0x7e58a7d2a230 (Used 2011 MB), Evaluating 1646457 Geometry Pairs with Predicate Contains
[LIBGPUSPATIAL] [ 11063][17:58:43:584343][info  ] Unique multi-polygons 27930, memory quota 70 MB, estimated BVH size 304 MB, n_batches 5
[LIBGPUSPATIAL] [ 11063][17:58:43:584909][info  ] PIP(Used 2035 MB), Batch 0
[LIBGPUSPATIAL] [ 11063][17:58:43:591631][info  ] PIP(Used 2040 MB), Batch 1
[LIBGPUSPATIAL] [ 11063][17:58:43:613145][info  ] PIP(Used 2020 MB), Batch 2
[LIBGPUSPATIAL] [ 11063][17:58:43:620769][info  ] PIP(Used 2039 MB), Batch 3
[LIBGPUSPATIAL] [ 11063][17:58:43:626713][info  ] PIP(Used 2041 MB), Batch 4
[LIBGPUSPATIAL] [ 11061][17:58:43:644284][info  ] RTSpatialIndex 0x7e58a400a7d0 (Used 1980 MB), Allocate result buffer, memory consumption 12 MB, capacity 1648837
[LIBGPUSPATIAL] [ 11061][17:58:43:647524][info  ] RTSpatialIndex 0x7e58a400a7d0 (Used 1992 MB), Probe Points, Size: 1333333, Results: 1648837
[LIBGPUSPATIAL] [ 11061][17:58:43:674892][info  ] RTSpatialRefiner 0x7e58a7d2a230 (Used 2005 MB), Loaded Geometries, ProbeArray 1333333, Loaded 841005, Type Point
[LIBGPUSPATIAL] [ 11061][17:58:43:675995][info  ] RTSpatialRefiner 0x7e58a7d2a230 (Used 2011 MB), Evaluating 1648837 Geometry Pairs with Predicate Contains
[LIBGPUSPATIAL] [ 11061][17:58:43:676809][info  ] Unique multi-polygons 27902, memory quota 70 MB, estimated BVH size 304 MB, n_batches 5
[LIBGPUSPATIAL] [ 11061][17:58:43:677447][info  ] PIP(Used 2035 MB), Batch 0
[LIBGPUSPATIAL] [ 11061][17:58:43:683663][info  ] PIP(Used 2040 MB), Batch 1
[LIBGPUSPATIAL] [ 11061][17:58:43:703010][info  ] PIP(Used 2020 MB), Batch 2
[LIBGPUSPATIAL] [ 11061][17:58:43:710942][info  ] PIP(Used 2040 MB), Batch 3
[LIBGPUSPATIAL] [ 11061][17:58:43:717147][info  ] PIP(Used 2041 MB), Batch 4
[LIBGPUSPATIAL] [ 11067][17:58:43:722271][info  ] RTSpatialIndex 0x7e58a400a7d0 (Used 2027 MB), Allocate result buffer, memory consumption 12 MB, capacity 1644146
[LIBGPUSPATIAL] [ 11067][17:58:43:726207][info  ] RTSpatialIndex 0x7e58a400a7d0 (Used 1992 MB), Probe Points, Size: 1333333, Results: 1644146
[LIBGPUSPATIAL] [ 11067][17:58:43:756698][info  ] RTSpatialRefiner 0x7e58a7d2a230 (Used 2005 MB), Loaded Geometries, ProbeArray 1333333, Loaded 839022, Type Point
[LIBGPUSPATIAL] [ 11067][17:58:43:757574][info  ] RTSpatialRefiner 0x7e58a7d2a230 (Used 2011 MB), Evaluating 1644146 Geometry Pairs with Predicate Contains
[LIBGPUSPATIAL] [ 11067][17:58:43:758421][info  ] Unique multi-polygons 27804, memory quota 70 MB, estimated BVH size 304 MB, n_batches 5
[LIBGPUSPATIAL] [ 11067][17:58:43:759241][info  ] PIP(Used 2035 MB), Batch 0
[LIBGPUSPATIAL] [ 11067][17:58:43:765886][info  ] PIP(Used 2040 MB), Batch 1
[LIBGPUSPATIAL] [ 11062][17:58:43:788261][info  ] RTSpatialIndex 0x7e58a400a7d0 (Used 2023 MB), Allocate result buffer, memory consumption 12 MB, capacity 1645749
[LIBGPUSPATIAL] [ 11067][17:58:43:788976][info  ] PIP(Used 2042 MB), Batch 2
[LIBGPUSPATIAL] [ 11062][17:58:43:791094][info  ] RTSpatialIndex 0x7e58a400a7d0 (Used 2035 MB), Probe Points, Size: 1333333, Results: 1645749
[LIBGPUSPATIAL] [ 11067][17:58:43:797084][info  ] PIP(Used 2052 MB), Batch 3
[LIBGPUSPATIAL] [ 11067][17:58:43:803391][info  ] PIP(Used 2059 MB), Batch 4
[LIBGPUSPATIAL] [ 11062][17:58:43:823452][info  ] RTSpatialRefiner 0x7e58a7d2a230 (Used 2005 MB), Loaded Geometries, ProbeArray 1333333, Loaded 839308, Type Point
[LIBGPUSPATIAL] [ 11062][17:58:43:824107][info  ] RTSpatialRefiner 0x7e58a7d2a230 (Used 2011 MB), Evaluating 1645749 Geometry Pairs with Predicate Contains
[LIBGPUSPATIAL] [ 11062][17:58:43:824856][info  ] Unique multi-polygons 27726, memory quota 70 MB, estimated BVH size 303 MB, n_batches 5
[LIBGPUSPATIAL] [ 11062][17:58:43:825378][info  ] PIP(Used 2035 MB), Batch 0
[LIBGPUSPATIAL] [ 11062][17:58:43:832357][info  ] PIP(Used 2040 MB), Batch 1
[LIBGPUSPATIAL] [ 11062][17:58:43:851739][info  ] PIP(Used 2020 MB), Batch 2
[LIBGPUSPATIAL] [ 11062][17:58:43:859600][info  ] PIP(Used 2040 MB), Batch 3
[LIBGPUSPATIAL] [ 11062][17:58:43:866914][info  ] PIP(Used 2040 MB), Batch 4
[LIBGPUSPATIAL] [ 11065][17:58:43:921775][info  ] RTSpatialIndex 0x7e58a400a7d0 (Used 1980 MB), Allocate result buffer, memory consumption 12 MB, capacity 1645498
[LIBGPUSPATIAL] [ 11065][17:58:43:925834][info  ] RTSpatialIndex 0x7e58a400a7d0 (Used 1992 MB), Probe Points, Size: 1333333, Results: 1645498
[LIBGPUSPATIAL] [ 11066][17:58:43:938602][info  ] RTSpatialIndex 0x7e58a400a7d0 (Used 1998 MB), Allocate result buffer, memory consumption 12 MB, capacity 1647960
[LIBGPUSPATIAL] [ 11066][17:58:43:941491][info  ] RTSpatialIndex 0x7e58a400a7d0 (Used 2011 MB), Probe Points, Size: 1333333, Results: 1647960
[LIBGPUSPATIAL] [ 11065][17:58:43:961508][info  ] RTSpatialRefiner 0x7e58a7d2a230 (Used 2041 MB), Loaded Geometries, ProbeArray 1333333, Loaded 839691, Type Point
[LIBGPUSPATIAL] [ 11065][17:58:43:962276][info  ] RTSpatialRefiner 0x7e58a7d2a230 (Used 2047 MB), Evaluating 1645498 Geometry Pairs with Predicate Contains
[LIBGPUSPATIAL] [ 11065][17:58:43:966493][info  ] Unique multi-polygons 27910, memory quota 70 MB, estimated BVH size 305 MB, n_batches 5
[LIBGPUSPATIAL] [ 11065][17:58:43:967102][info  ] PIP(Used 2071 MB), Batch 0
[LIBGPUSPATIAL] [ 11065][17:58:43:975870][info  ] PIP(Used 2076 MB), Batch 1
[LIBGPUSPATIAL] [ 11066][17:58:43:979081][info  ] RTSpatialRefiner 0x7e58a7d2a230 (Used 2048 MB), Loaded Geometries, ProbeArray 1333333, Loaded 840128, Type Point
[LIBGPUSPATIAL] [ 11066][17:58:43:980076][info  ] RTSpatialRefiner 0x7e58a7d2a230 (Used 2055 MB), Evaluating 1647960 Geometry Pairs with Predicate Contains
[LIBGPUSPATIAL] [ 11066][17:58:43:980956][info  ] Unique multi-polygons 27836, memory quota 70 MB, estimated BVH size 305 MB, n_batches 5
[LIBGPUSPATIAL] [ 11066][17:58:43:981620][info  ] PIP(Used 2078 MB), Batch 0
[LIBGPUSPATIAL] [ 11066][17:58:43:987872][info  ] PIP(Used 2103 MB), Batch 1
[LIBGPUSPATIAL] [ 11068][17:58:44:008894][info  ] RTSpatialIndex 0x7e58a400a7d0 (Used 2065 MB), Allocate result buffer, memory consumption 12 MB, capacity 1649333
[LIBGPUSPATIAL] [ 11065][17:58:44:012074][info  ] PIP(Used 2113 MB), Batch 2
[LIBGPUSPATIAL] [ 11066][17:58:44:012106][info  ] PIP(Used 2113 MB), Batch 2
[LIBGPUSPATIAL] [ 11068][17:58:44:012807][info  ] RTSpatialIndex 0x7e58a400a7d0 (Used 2103 MB), Probe Points, Size: 1333333, Results: 1649333
[LIBGPUSPATIAL] [ 11064][17:58:44:018913][info  ] RTSpatialIndex 0x7e58a400a7d0 (Used 2080 MB), Allocate result buffer, memory consumption 12 MB, capacity 1645024
[LIBGPUSPATIAL] [ 11065][17:58:44:020136][info  ] PIP(Used 2124 MB), Batch 3
[LIBGPUSPATIAL] [ 11066][17:58:44:029733][info  ] PIP(Used 2124 MB), Batch 3
[LIBGPUSPATIAL] [ 11064][17:58:44:030700][info  ] RTSpatialIndex 0x7e58a400a7d0 (Used 2097 MB), Probe Points, Size: 1333333, Results: 1645024
[LIBGPUSPATIAL] [ 11066][17:58:44:035883][info  ] PIP(Used 2160 MB), Batch 4
[LIBGPUSPATIAL] [ 11065][17:58:44:035891][info  ] PIP(Used 2160 MB), Batch 4
[LIBGPUSPATIAL] [ 11068][17:58:44:051788][info  ] RTSpatialRefiner 0x7e58a7d2a230 (Used 2041 MB), Loaded Geometries, ProbeArray 1333333, Loaded 840768, Type Point
[LIBGPUSPATIAL] [ 11068][17:58:44:052743][info  ] RTSpatialRefiner 0x7e58a7d2a230 (Used 2047 MB), Evaluating 1649333 Geometry Pairs with Predicate Contains
[LIBGPUSPATIAL] [ 11068][17:58:44:053532][info  ] Unique multi-polygons 27774, memory quota 70 MB, estimated BVH size 305 MB, n_batches 5
[LIBGPUSPATIAL] [ 11068][17:58:44:054175][info  ] PIP(Used 2071 MB), Batch 0
[LIBGPUSPATIAL] [ 11068][17:58:44:061647][info  ] PIP(Used 2075 MB), Batch 1
[LIBGPUSPATIAL] [ 11064][17:58:44:070226][info  ] RTSpatialRefiner 0x7e58a7d2a230 (Used 2048 MB), Loaded Geometries, ProbeArray 1333333, Loaded 838838, Type Point
[LIBGPUSPATIAL] [ 11064][17:58:44:070797][info  ] RTSpatialRefiner 0x7e58a7d2a230 (Used 2055 MB), Evaluating 1645024 Geometry Pairs with Predicate Contains
[LIBGPUSPATIAL] [ 11064][17:58:44:071506][info  ] Unique multi-polygons 27870, memory quota 70 MB, estimated BVH size 306 MB, n_batches 5
[LIBGPUSPATIAL] [ 11064][17:58:44:072253][info  ] PIP(Used 2079 MB), Batch 0
[LIBGPUSPATIAL] [ 11064][17:58:44:078531][info  ] PIP(Used 2083 MB), Batch 1
[LIBGPUSPATIAL] [ 11068][17:58:44:083936][info  ] PIP(Used 2063 MB), Batch 2
[LIBGPUSPATIAL] [ 11063][17:58:44:102055][info  ] RTSpatialIndex 0x7e58a400a7d0 (Used 2066 MB), Allocate result buffer, memory consumption 12 MB, capacity 1647709
[LIBGPUSPATIAL] [ 11064][17:58:44:102887][info  ] PIP(Used 2162 MB), Batch 2
[LIBGPUSPATIAL] [ 11068][17:58:44:102981][info  ] PIP(Used 2113 MB), Batch 3
[LIBGPUSPATIAL] [ 11063][17:58:44:105115][info  ] RTSpatialIndex 0x7e58a400a7d0 (Used 2079 MB), Probe Points, Size: 1333333, Results: 1647709
[LIBGPUSPATIAL] [ 11064][17:58:44:113350][info  ] PIP(Used 2123 MB), Batch 3
[LIBGPUSPATIAL] [ 11068][17:58:44:113352][info  ] PIP(Used 2123 MB), Batch 4
[LIBGPUSPATIAL] [ 11064][17:58:44:121780][info  ] PIP(Used 2076 MB), Batch 4
[LIBGPUSPATIAL] [ 11063][17:58:44:140271][info  ] RTSpatialRefiner 0x7e58a7d2a230 (Used 2005 MB), Loaded Geometries, ProbeArray 1333333, Loaded 839838, Type Point
[LIBGPUSPATIAL] [ 11063][17:58:44:140831][info  ] RTSpatialRefiner 0x7e58a7d2a230 (Used 2011 MB), Evaluating 1647709 Geometry Pairs with Predicate Contains
[LIBGPUSPATIAL] [ 11063][17:58:44:141552][info  ] Unique multi-polygons 27796, memory quota 70 MB, estimated BVH size 304 MB, n_batches 5
[LIBGPUSPATIAL] [ 11063][17:58:44:142093][info  ] PIP(Used 2035 MB), Batch 0
[LIBGPUSPATIAL] [ 11063][17:58:44:149061][info  ] PIP(Used 2039 MB), Batch 1
[LIBGPUSPATIAL] [ 11063][17:58:44:169880][info  ] PIP(Used 2020 MB), Batch 2
[LIBGPUSPATIAL] [ 11063][17:58:44:177355][info  ] PIP(Used 2039 MB), Batch 3
[LIBGPUSPATIAL] [ 11063][17:58:44:183369][info  ] PIP(Used 2040 MB), Batch 4
[LIBGPUSPATIAL] [ 11061][17:58:44:205870][info  ] RTSpatialIndex 0x7e58a400a7d0 (Used 1980 MB), Allocate result buffer, memory consumption 12 MB, capacity 1648825
[LIBGPUSPATIAL] [ 11061][17:58:44:208054][info  ] RTSpatialIndex 0x7e58a400a7d0 (Used 1992 MB), Probe Points, Size: 1333333, Results: 1648825
[LIBGPUSPATIAL] [ 11061][17:58:44:238549][info  ] RTSpatialRefiner 0x7e58a7d2a230 (Used 2005 MB), Loaded Geometries, ProbeArray 1333333, Loaded 840818, Type Point
[LIBGPUSPATIAL] [ 11061][17:58:44:239390][info  ] RTSpatialRefiner 0x7e58a7d2a230 (Used 2011 MB), Evaluating 1648825 Geometry Pairs with Predicate Contains
[LIBGPUSPATIAL] [ 11061][17:58:44:240112][info  ] Unique multi-polygons 27734, memory quota 70 MB, estimated BVH size 304 MB, n_batches 5
[LIBGPUSPATIAL] [ 11061][17:58:44:240640][info  ] PIP(Used 2035 MB), Batch 0
[LIBGPUSPATIAL] [ 11061][17:58:44:247295][info  ] PIP(Used 2039 MB), Batch 1
[LIBGPUSPATIAL] [ 11067][17:58:44:268963][info  ] RTSpatialIndex 0x7e58a400a7d0 (Used 2023 MB), Allocate result buffer, memory consumption 12 MB, capacity 1649779
[LIBGPUSPATIAL] [ 11061][17:58:44:270039][info  ] PIP(Used 2043 MB), Batch 2
[LIBGPUSPATIAL] [ 11067][17:58:44:272637][info  ] RTSpatialIndex 0x7e58a400a7d0 (Used 2035 MB), Probe Points, Size: 1333333, Results: 1649779
[LIBGPUSPATIAL] [ 11061][17:58:44:277964][info  ] PIP(Used 2052 MB), Batch 3
[LIBGPUSPATIAL] [ 11061][17:58:44:283786][info  ] PIP(Used 2060 MB), Batch 4
[LIBGPUSPATIAL] [ 11067][17:58:44:308451][info  ] RTSpatialRefiner 0x7e58a7d2a230 (Used 2005 MB), Loaded Geometries, ProbeArray 1333333, Loaded 840703, Type Point
[LIBGPUSPATIAL] [ 11067][17:58:44:309528][info  ] RTSpatialRefiner 0x7e58a7d2a230 (Used 2011 MB), Evaluating 1649779 Geometry Pairs with Predicate Contains
[LIBGPUSPATIAL] [ 11067][17:58:44:310352][info  ] Unique multi-polygons 27934, memory quota 70 MB, estimated BVH size 305 MB, n_batches 5
[LIBGPUSPATIAL] [ 11067][17:58:44:310984][info  ] PIP(Used 2035 MB), Batch 0
[LIBGPUSPATIAL] [ 11067][17:58:44:317682][info  ] PIP(Used 2040 MB), Batch 1
[LIBGPUSPATIAL] [ 11067][17:58:44:336686][info  ] PIP(Used 2020 MB), Batch 2
[LIBGPUSPATIAL] [ 11067][17:58:44:344891][info  ] PIP(Used 2040 MB), Batch 3
[LIBGPUSPATIAL] [ 11067][17:58:44:350816][info  ] PIP(Used 2041 MB), Batch 4
[LIBGPUSPATIAL] [ 11065][17:58:44:486386][info  ] RTSpatialIndex 0x7e58a400a7d0 (Used 1980 MB), Allocate result buffer, memory consumption 12 MB, capacity 1645320
[LIBGPUSPATIAL] [ 11065][17:58:44:489592][info  ] RTSpatialIndex 0x7e58a400a7d0 (Used 1992 MB), Probe Points, Size: 1333333, Results: 1645320
[LIBGPUSPATIAL] [ 11065][17:58:44:513814][info  ] RTSpatialRefiner 0x7e58a7d2a230 (Used 2005 MB), Loaded Geometries, ProbeArray 1333333, Loaded 839240, Type Point
[LIBGPUSPATIAL] [ 11065][17:58:44:514457][info  ] RTSpatialRefiner 0x7e58a7d2a230 (Used 2011 MB), Evaluating 1645320 Geometry Pairs with Predicate Contains
[LIBGPUSPATIAL] [ 11065][17:58:44:515242][info  ] Unique multi-polygons 27848, memory quota 70 MB, estimated BVH size 303 MB, n_batches 5
[LIBGPUSPATIAL] [ 11065][17:58:44:515740][info  ] PIP(Used 2035 MB), Batch 0
[LIBGPUSPATIAL] [ 11065][17:58:44:522063][info  ] PIP(Used 2040 MB), Batch 1
[LIBGPUSPATIAL] [ 11065][17:58:44:541923][info  ] PIP(Used 2020 MB), Batch 2
[LIBGPUSPATIAL] [ 11065][17:58:44:549306][info  ] PIP(Used 2039 MB), Batch 3
[LIBGPUSPATIAL] [ 11065][17:58:44:555159][info  ] PIP(Used 2040 MB), Batch 4
[LIBGPUSPATIAL] [ 11064][17:58:44:610736][info  ] RTSpatialIndex 0x7e58a400a7d0 (Used 1980 MB), Allocate result buffer, memory consumption 12 MB, capacity 1644920
[LIBGPUSPATIAL] [ 11064][17:58:44:613362][info  ] RTSpatialIndex 0x7e58a400a7d0 (Used 2012 MB), Probe Points, Size: 1333333, Results: 1644920
[LIBGPUSPATIAL] [ 11063][17:58:44:614290][info  ] RTSpatialIndex 0x7e58a400a7d0 (Used 1980 MB), Allocate result buffer, memory consumption 12 MB, capacity 1647674
[LIBGPUSPATIAL] [ 11063][17:58:44:616974][info  ] RTSpatialIndex 0x7e58a400a7d0 (Used 2011 MB), Probe Points, Size: 1333333, Results: 1647674
[LIBGPUSPATIAL] [ 11064][17:58:44:632600][info  ] RTSpatialRefiner 0x7e58a7d2a230 (Used 2041 MB), Loaded Geometries, ProbeArray 1333333, Loaded 838831, Type Point
[LIBGPUSPATIAL] [ 11064][17:58:44:633213][info  ] RTSpatialRefiner 0x7e58a7d2a230 (Used 2047 MB), Evaluating 1644920 Geometry Pairs with Predicate Contains
[LIBGPUSPATIAL] [ 11064][17:58:44:633935][info  ] Unique multi-polygons 28010, memory quota 70 MB, estimated BVH size 304 MB, n_batches 5
[LIBGPUSPATIAL] [ 11064][17:58:44:634460][info  ] PIP(Used 2071 MB), Batch 0
[LIBGPUSPATIAL] [ 11064][17:58:44:640513][info  ] PIP(Used 2075 MB), Batch 1
[LIBGPUSPATIAL] [ 11063][17:58:44:640586][info  ] RTSpatialRefiner 0x7e58a7d2a230 (Used 2075 MB), Loaded Geometries, ProbeArray 1333333, Loaded 840257, Type Point
[LIBGPUSPATIAL] [ 11063][17:58:44:641129][info  ] RTSpatialRefiner 0x7e58a7d2a230 (Used 2055 MB), Evaluating 1647674 Geometry Pairs with Predicate Contains
[LIBGPUSPATIAL] [ 11063][17:58:44:642864][info  ] Unique multi-polygons 27834, memory quota 70 MB, estimated BVH size 305 MB, n_batches 5
[LIBGPUSPATIAL] [ 11063][17:58:44:644343][info  ] PIP(Used 2078 MB), Batch 0
[LIBGPUSPATIAL] [ 11063][17:58:44:650401][info  ] PIP(Used 2083 MB), Batch 1
[LIBGPUSPATIAL] [ 11064][17:58:44:664820][info  ] PIP(Used 2063 MB), Batch 2
[LIBGPUSPATIAL] [ 11064][17:58:44:672612][info  ] PIP(Used 2083 MB), Batch 3
[LIBGPUSPATIAL] [ 11063][17:58:44:672830][info  ] PIP(Used 2063 MB), Batch 2
[LIBGPUSPATIAL] [ 11064][17:58:44:681957][info  ] PIP(Used 2084 MB), Batch 4
[LIBGPUSPATIAL] [ 11063][17:58:44:684034][info  ] PIP(Used 2082 MB), Batch 3
[LIBGPUSPATIAL] [ 11063][17:58:44:690711][info  ] PIP(Used 2041 MB), Batch 4
5.73s (454710 rows)

================================================================================
BENCHMARK SUMMARY
================================================================================
Query     sedonadb_gpu   
-------------------------
q10       5.73s          
-------------------------
Total     5.73s         

Results saved to results_mem_SF_10/sedonadb_gpu_q10_results.json
