Data paths:
  building: benchmark-data-sf10/building
  customer: benchmark-data-sf10/customer
  driver: benchmark-data-sf10/driver
  trip: benchmark-data-sf10/trip
  vehicle: benchmark-data-sf10/vehicle
  zone: benchmark-data-sf10/zone

============================================================
Running Sedonadb Gpu Benchmark
============================================================
Sedonadb Gpu version: 0.3.0
  Running q10... [LIBGPUSPATIAL] [ 11546][17:59:05:659899][info  ] Initializing GpuSpatialRuntime on device 0, PTX root /mnt/data/sedona-db/target/release/build/sedona-libgpuspatial-49614f8a870dbe66/out/share/gpuspatial/shaders
[LIBGPUSPATIAL] [ 11546][17:59:05:818834][info  ] Init Memory Manager
[LIBGPUSPATIAL] [ 11546][17:59:05:819022][info  ] Creating RMM pool memory resource with size 22511 MB
[LIBGPUSPATIAL] [ 11546][17:59:05:863147][info  ] Initialize RTEngine
[LIBGPUSPATIAL] [ 11546][17:59:06:002150][info  ] Create RTSpatialIndex 0x7cb0c000a800, fast_build = 0, compact = 0, concurrency = 8
[LIBGPUSPATIAL] [ 11546][17:59:06:005003][info  ] Create RTSpatialRefiner 0x7cb0c3d2a030, fast_build = 0, compact = 0, parsing_threads = 8, concurrency = 8, pipeline_batches = 1, wkb_parser_memory_quota = 0.80, relate_engine_memory_quota = 0.04
[LIBGPUSPATIAL] [ 11546][17:59:06:514247][info  ] RTSpatialRefiner 0x7cb0c3d2a030 (Used 1946 MB), FinishBuilding Refiner, Total geoms: 454710
[LIBGPUSPATIAL] [ 11546][17:59:06:514307][info  ] RTSpatialIndex 0x7cb0c000a800 (Used 1946 MB), PushBuild, Rectangles 454710
[LIBGPUSPATIAL] [ 11546][17:59:06:516180][info  ] RTSpatialIndex 0x7cb0c000a800 (Used 1980 MB), FinishBuilding Index on Rectangles, Total geoms: 454710
[LIBGPUSPATIAL] [ 11551][17:59:06:809858][info  ] RTSpatialIndex 0x7cb0c000a800 (Used 1980 MB), Allocate result buffer, memory consumption 12 MB, capacity 1645951
[LIBGPUSPATIAL] [ 11549][17:59:06:818261][info  ] RTSpatialIndex 0x7cb0c000a800 (Used 2012 MB), Allocate result buffer, memory consumption 12 MB, capacity 1646306
[LIBGPUSPATIAL] [ 11550][17:59:06:818544][info  ] RTSpatialIndex 0x7cb0c000a800 (Used 2019 MB), Allocate result buffer, memory consumption 12 MB, capacity 1648934
[LIBGPUSPATIAL] [ 11551][17:59:06:830471][info  ] RTSpatialIndex 0x7cb0c000a800 (Used 2058 MB), Probe Points, Size: 1333333, Results: 1645951
[LIBGPUSPATIAL] [ 11549][17:59:06:832442][info  ] RTSpatialIndex 0x7cb0c000a800 (Used 2048 MB), Probe Points, Size: 1333333, Results: 1646306
[LIBGPUSPATIAL] [ 11550][17:59:06:834018][info  ] RTSpatialIndex 0x7cb0c000a800 (Used 2048 MB), Probe Points, Size: 1333333, Results: 1648934
[LIBGPUSPATIAL] [ 11546][17:59:06:841579][info  ] RTSpatialIndex 0x7cb0c000a800 (Used 2019 MB), Allocate result buffer, memory consumption 12 MB, capacity 1646756
[LIBGPUSPATIAL] [ 11545][17:59:06:841893][info  ] RTSpatialIndex 0x7cb0c000a800 (Used 2019 MB), Allocate result buffer, memory consumption 12 MB, capacity 1647885
[LIBGPUSPATIAL] [ 11552][17:59:06:842174][info  ] RTSpatialIndex 0x7cb0c000a800 (Used 2031 MB), Allocate result buffer, memory consumption 12 MB, capacity 1644220
[LIBGPUSPATIAL] [ 11548][17:59:06:850653][info  ] RTSpatialIndex 0x7cb0c000a800 (Used 2114 MB), Allocate result buffer, memory consumption 12 MB, capacity 1645337
[LIBGPUSPATIAL] [ 11547][17:59:06:850946][info  ] RTSpatialIndex 0x7cb0c000a800 (Used 2121 MB), Allocate result buffer, memory consumption 12 MB, capacity 1646781
[LIBGPUSPATIAL] [ 11546][17:59:06:851733][info  ] RTSpatialIndex 0x7cb0c000a800 (Used 2127 MB), Probe Points, Size: 1333333, Results: 1646756
[LIBGPUSPATIAL] [ 11545][17:59:06:852681][info  ] RTSpatialIndex 0x7cb0c000a800 (Used 2117 MB), Probe Points, Size: 1333333, Results: 1647885
[LIBGPUSPATIAL] [ 11552][17:59:06:856565][info  ] RTSpatialIndex 0x7cb0c000a800 (Used 2117 MB), Probe Points, Size: 1333333, Results: 1644220
[LIBGPUSPATIAL] [ 11547][17:59:06:872256][info  ] RTSpatialIndex 0x7cb0c000a800 (Used 2189 MB), Probe Points, Size: 1333333, Results: 1646781
[LIBGPUSPATIAL] [ 11548][17:59:06:873031][info  ] RTSpatialIndex 0x7cb0c000a800 (Used 2179 MB), Probe Points, Size: 1333333, Results: 1645337
[LIBGPUSPATIAL] [ 11551][17:59:06:879018][info  ] RTSpatialRefiner 0x7cb0c3d2a030 (Used 2150 MB), Loaded Geometries, ProbeArray 1333333, Loaded 839464, Type Point
[LIBGPUSPATIAL] [ 11551][17:59:06:879816][info  ] RTSpatialRefiner 0x7cb0c3d2a030 (Used 2156 MB), Evaluating 1645951 Geometry Pairs with Predicate Contains
[LIBGPUSPATIAL] [ 11549][17:59:06:886566][info  ] RTSpatialRefiner 0x7cb0c3d2a030 (Used 2187 MB), Loaded Geometries, ProbeArray 1333333, Loaded 839769, Type Point
[LIBGPUSPATIAL] [ 11549][17:59:06:887147][info  ] RTSpatialRefiner 0x7cb0c3d2a030 (Used 2194 MB), Evaluating 1646306 Geometry Pairs with Predicate Contains
[LIBGPUSPATIAL] [ 11546][17:59:06:898871][info  ] RTSpatialRefiner 0x7cb0c3d2a030 (Used 2276 MB), Loaded Geometries, ProbeArray 1333333, Loaded 840229, Type Point
[LIBGPUSPATIAL] [ 11546][17:59:06:899619][info  ] RTSpatialRefiner 0x7cb0c3d2a030 (Used 2282 MB), Evaluating 1646756 Geometry Pairs with Predicate Contains
[LIBGPUSPATIAL] [ 11550][17:59:06:900106][info  ] RTSpatialRefiner 0x7cb0c3d2a030 (Used 2295 MB), Loaded Geometries, ProbeArray 1333333, Loaded 840623, Type Point
[LIBGPUSPATIAL] [ 11550][17:59:06:900819][info  ] RTSpatialRefiner 0x7cb0c3d2a030 (Used 2301 MB), Evaluating 1648934 Geometry Pairs with Predicate Contains
[LIBGPUSPATIAL] [ 11552][17:59:06:915324][info  ] RTSpatialRefiner 0x7cb0c3d2a030 (Used 2313 MB), Loaded Geometries, ProbeArray 1333333, Loaded 838626, Type Point
[LIBGPUSPATIAL] [ 11552][17:59:06:915906][info  ] RTSpatialRefiner 0x7cb0c3d2a030 (Used 2320 MB), Evaluating 1644220 Geometry Pairs with Predicate Contains
[LIBGPUSPATIAL] [ 11545][17:59:06:918487][info  ] RTSpatialRefiner 0x7cb0c3d2a030 (Used 2332 MB), Loaded Geometries, ProbeArray 1333333, Loaded 839762, Type Point
[LIBGPUSPATIAL] [ 11545][17:59:06:919041][info  ] RTSpatialRefiner 0x7cb0c3d2a030 (Used 2339 MB), Evaluating 1647885 Geometry Pairs with Predicate Contains
[LIBGPUSPATIAL] [ 11548][17:59:06:920302][info  ] RTSpatialRefiner 0x7cb0c3d2a030 (Used 2351 MB), Loaded Geometries, ProbeArray 1333333, Loaded 839184, Type Point
[LIBGPUSPATIAL] [ 11548][17:59:06:920828][info  ] RTSpatialRefiner 0x7cb0c3d2a030 (Used 2357 MB), Evaluating 1645337 Geometry Pairs with Predicate Contains
[LIBGPUSPATIAL] [ 11545][17:59:06:925740][info  ] Unique multi-polygons 27972, memory quota 93 MB, estimated BVH size 305 MB, n_batches 4
[LIBGPUSPATIAL] [ 11548][17:59:06:926078][info  ] Unique multi-polygons 28133, memory quota 93 MB, estimated BVH size 306 MB, n_batches 4
[LIBGPUSPATIAL] [ 11550][17:59:06:926099][info  ] Unique multi-polygons 27961, memory quota 93 MB, estimated BVH size 306 MB, n_batches 4
[LIBGPUSPATIAL] [ 11549][17:59:06:926105][info  ] Unique multi-polygons 27923, memory quota 93 MB, estimated BVH size 306 MB, n_batches 4
[LIBGPUSPATIAL] [ 11552][17:59:06:926114][info  ] Unique multi-polygons 28027, memory quota 93 MB, estimated BVH size 306 MB, n_batches 4
[LIBGPUSPATIAL] [ 11551][17:59:06:926118][info  ] Unique multi-polygons 27959, memory quota 93 MB, estimated BVH size 306 MB, n_batches 4
[LIBGPUSPATIAL] [ 11546][17:59:06:926126][info  ] Unique multi-polygons 27757, memory quota 93 MB, estimated BVH size 303 MB, n_batches 4
[LIBGPUSPATIAL] [ 11551][17:59:06:927564][info  ] PIP(Used 2612 MB), Batch 0
[LIBGPUSPATIAL] [ 11550][17:59:06:927629][info  ] PIP(Used 2607 MB), Batch 0
[LIBGPUSPATIAL] [ 11545][17:59:06:927634][info  ] PIP(Used 2666 MB), Batch 0
[LIBGPUSPATIAL] [ 11548][17:59:06:927658][info  ] PIP(Used 2666 MB), Batch 0
[LIBGPUSPATIAL] [ 11549][17:59:06:927731][info  ] PIP(Used 2611 MB), Batch 0
[LIBGPUSPATIAL] [ 11546][17:59:06:927974][info  ] PIP(Used 2497 MB), Batch 0
[LIBGPUSPATIAL] [ 11552][17:59:06:929381][info  ] PIP(Used 2383 MB), Batch 0
[LIBGPUSPATIAL] [ 11550][17:59:06:947606][info  ] PIP(Used 2387 MB), Batch 1
[LIBGPUSPATIAL] [ 11545][17:59:06:947923][info  ] PIP(Used 2350 MB), Batch 1
[LIBGPUSPATIAL] [ 11547][17:59:06:948917][info  ] RTSpatialRefiner 0x7cb0c3d2a030 (Used 2310 MB), Loaded Geometries, ProbeArray 1333333, Loaded 840316, Type Point
[LIBGPUSPATIAL] [ 11547][17:59:06:956966][info  ] RTSpatialRefiner 0x7cb0c3d2a030 (Used 2489 MB), Evaluating 1646781 Geometry Pairs with Predicate Contains
[LIBGPUSPATIAL] [ 11551][17:59:06:957028][info  ] PIP(Used 2464 MB), Batch 1
[LIBGPUSPATIAL] [ 11549][17:59:06:957277][info  ] PIP(Used 2407 MB), Batch 1
[LIBGPUSPATIAL] [ 11548][17:59:06:957610][info  ] PIP(Used 2369 MB), Batch 1
[LIBGPUSPATIAL] [ 11552][17:59:06:979401][info  ] PIP(Used 2343 MB), Batch 1
[LIBGPUSPATIAL] [ 11546][17:59:06:981448][info  ] PIP(Used 2343 MB), Batch 1
[LIBGPUSPATIAL] [ 11550][17:59:06:981746][info  ] PIP(Used 2345 MB), Batch 2
[LIBGPUSPATIAL] [ 11547][17:59:06:981971][info  ] Unique multi-polygons 27800, memory quota 92 MB, estimated BVH size 306 MB, n_batches 4
[LIBGPUSPATIAL] [ 11545][17:59:06:982525][info  ] PIP(Used 2431 MB), Batch 2
[LIBGPUSPATIAL] [ 11547][17:59:06:982648][info  ] PIP(Used 2348 MB), Batch 0
[LIBGPUSPATIAL] [ 11548][17:59:06:991025][info  ] PIP(Used 2438 MB), Batch 2
[LIBGPUSPATIAL] [ 11550][17:59:06:991166][info  ] PIP(Used 2375 MB), Batch 3
[LIBGPUSPATIAL] [ 11549][17:59:07:035767][info  ] PIP(Used 2787 MB), Batch 2
[LIBGPUSPATIAL] [ 11545][17:59:07:035812][info  ] PIP(Used 2728 MB), Batch 3
[LIBGPUSPATIAL] [ 11546][17:59:07:035865][info  ] PIP(Used 2676 MB), Batch 2
[LIBGPUSPATIAL] [ 11551][17:59:07:035928][info  ] PIP(Used 2624 MB), Batch 2
[LIBGPUSPATIAL] [ 11552][17:59:07:036025][info  ] PIP(Used 2543 MB), Batch 2
[LIBGPUSPATIAL] [ 11547][17:59:07:036070][info  ] PIP(Used 2506 MB), Batch 1
[LIBGPUSPATIAL] [ 11548][17:59:07:036241][info  ] PIP(Used 2384 MB), Batch 3
[LIBGPUSPATIAL] [ 11546][17:59:07:063047][info  ] PIP(Used 2439 MB), Batch 3
[LIBGPUSPATIAL] [ 11551][17:59:07:063089][info  ] PIP(Used 2437 MB), Batch 3
[LIBGPUSPATIAL] [ 11549][17:59:07:063155][info  ] PIP(Used 2377 MB), Batch 3
[LIBGPUSPATIAL] [ 11552][17:59:07:063459][info  ] PIP(Used 2249 MB), Batch 3
[LIBGPUSPATIAL] [ 11547][17:59:07:081096][info  ] PIP(Used 2042 MB), Batch 2
[LIBGPUSPATIAL] [ 11547][17:59:07:087657][info  ] PIP(Used 2045 MB), Batch 3
[LIBGPUSPATIAL] [ 11550][17:59:07:412343][info  ] RTSpatialIndex 0x7cb0c000a800 (Used 1980 MB), Allocate result buffer, memory consumption 12 MB, capacity 1646922
[LIBGPUSPATIAL] [ 11550][17:59:07:414899][info  ] RTSpatialIndex 0x7cb0c000a800 (Used 1992 MB), Probe Points, Size: 1333333, Results: 1646922
[LIBGPUSPATIAL] [ 11550][17:59:07:445753][info  ] RTSpatialRefiner 0x7cb0c3d2a030 (Used 2005 MB), Loaded Geometries, ProbeArray 1333333, Loaded 839419, Type Point
[LIBGPUSPATIAL] [ 11550][17:59:07:446546][info  ] RTSpatialRefiner 0x7cb0c3d2a030 (Used 2011 MB), Evaluating 1646922 Geometry Pairs with Predicate Contains
[LIBGPUSPATIAL] [ 11550][17:59:07:447365][info  ] Unique multi-polygons 27979, memory quota 94 MB, estimated BVH size 303 MB, n_batches 4
[LIBGPUSPATIAL] [ 11550][17:59:07:448039][info  ] PIP(Used 2043 MB), Batch 0
[LIBGPUSPATIAL] [ 11550][17:59:07:457015][info  ] PIP(Used 2033 MB), Batch 1
[LIBGPUSPATIAL] [ 11545][17:59:07:478863][info  ] RTSpatialIndex 0x7cb0c000a800 (Used 2023 MB), Allocate result buffer, memory consumption 12 MB, capacity 1647217
[LIBGPUSPATIAL] [ 11550][17:59:07:479660][info  ] PIP(Used 2064 MB), Batch 2
[LIBGPUSPATIAL] [ 11545][17:59:07:482250][info  ] RTSpatialIndex 0x7cb0c000a800 (Used 2036 MB), Probe Points, Size: 1333333, Results: 1647217
[LIBGPUSPATIAL] [ 11550][17:59:07:488726][info  ] PIP(Used 2075 MB), Batch 3
[LIBGPUSPATIAL] [ 11548][17:59:07:489872][info  ] RTSpatialIndex 0x7cb0c000a800 (Used 2075 MB), Allocate result buffer, memory consumption 12 MB, capacity 1648531
[LIBGPUSPATIAL] [ 11548][17:59:07:497855][info  ] RTSpatialIndex 0x7cb0c000a800 (Used 2011 MB), Probe Points, Size: 1333333, Results: 1648531
[LIBGPUSPATIAL] [ 11545][17:59:07:525232][info  ] RTSpatialRefiner 0x7cb0c3d2a030 (Used 2041 MB), Loaded Geometries, ProbeArray 1333333, Loaded 839385, Type Point
[LIBGPUSPATIAL] [ 11545][17:59:07:529836][info  ] RTSpatialRefiner 0x7cb0c3d2a030 (Used 2047 MB), Evaluating 1647217 Geometry Pairs with Predicate Contains
[LIBGPUSPATIAL] [ 11545][17:59:07:530609][info  ] Unique multi-polygons 28033, memory quota 94 MB, estimated BVH size 306 MB, n_batches 4
[LIBGPUSPATIAL] [ 11545][17:59:07:531345][info  ] PIP(Used 2079 MB), Batch 0
[LIBGPUSPATIAL] [ 11545][17:59:07:539271][info  ] PIP(Used 2079 MB), Batch 1
[LIBGPUSPATIAL] [ 11551][17:59:07:558494][info  ] RTSpatialIndex 0x7cb0c000a800 (Used 2059 MB), Allocate result buffer, memory consumption 12 MB, capacity 1650372
[LIBGPUSPATIAL] [ 11548][17:59:07:559767][info  ] RTSpatialRefiner 0x7cb0c3d2a030 (Used 2166 MB), Loaded Geometries, ProbeArray 1333333, Loaded 841222, Type Point
[LIBGPUSPATIAL] [ 11548][17:59:07:562260][info  ] RTSpatialRefiner 0x7cb0c3d2a030 (Used 2169 MB), Evaluating 1648531 Geometry Pairs with Predicate Contains
[LIBGPUSPATIAL] [ 11545][17:59:07:562366][info  ] PIP(Used 2129 MB), Batch 2
[LIBGPUSPATIAL] [ 11546][17:59:07:563917][info  ] RTSpatialIndex 0x7cb0c000a800 (Used 2123 MB), Allocate result buffer, memory consumption 12 MB, capacity 1647944
[LIBGPUSPATIAL] [ 11548][17:59:07:568540][info  ] Unique multi-polygons 27847, memory quota 94 MB, estimated BVH size 308 MB, n_batches 4
[LIBGPUSPATIAL] [ 11548][17:59:07:569705][info  ] PIP(Used 2225 MB), Batch 0
[LIBGPUSPATIAL] [ 11545][17:59:07:569767][info  ] PIP(Used 2165 MB), Batch 3
[LIBGPUSPATIAL] [ 11546][17:59:07:570835][info  ] RTSpatialIndex 0x7cb0c000a800 (Used 2100 MB), Probe Points, Size: 1333333, Results: 1647944
[LIBGPUSPATIAL] [ 11551][17:59:07:580415][info  ] RTSpatialIndex 0x7cb0c000a800 (Used 2148 MB), Probe Points, Size: 1333333, Results: 1650372
[LIBGPUSPATIAL] [ 11548][17:59:07:581774][info  ] PIP(Used 2052 MB), Batch 1
[LIBGPUSPATIAL] [ 11552][17:59:07:602072][info  ] RTSpatialIndex 0x7cb0c000a800 (Used 2095 MB), Allocate result buffer, memory consumption 12 MB, capacity 1647532
[LIBGPUSPATIAL] [ 11552][17:59:07:605532][info  ] RTSpatialIndex 0x7cb0c000a800 (Used 2107 MB), Probe Points, Size: 1333333, Results: 1647532
[LIBGPUSPATIAL] [ 11548][17:59:07:606778][info  ] PIP(Used 2113 MB), Batch 2
[LIBGPUSPATIAL] [ 11548][17:59:07:613735][info  ] PIP(Used 2136 MB), Batch 3
[LIBGPUSPATIAL] [ 11549][17:59:07:621440][info  ] RTSpatialIndex 0x7cb0c000a800 (Used 2087 MB), Allocate result buffer, memory consumption 12 MB, capacity 1647434
[LIBGPUSPATIAL] [ 11549][17:59:07:624498][info  ] RTSpatialIndex 0x7cb0c000a800 (Used 2099 MB), Probe Points, Size: 1333333, Results: 1647434
[LIBGPUSPATIAL] [ 11551][17:59:07:626916][info  ] RTSpatialRefiner 0x7cb0c3d2a030 (Used 2076 MB), Loaded Geometries, ProbeArray 1333333, Loaded 841526, Type Point
[LIBGPUSPATIAL] [ 11551][17:59:07:627656][info  ] RTSpatialRefiner 0x7cb0c3d2a030 (Used 2083 MB), Evaluating 1650372 Geometry Pairs with Predicate Contains
[LIBGPUSPATIAL] [ 11551][17:59:07:628433][info  ] Unique multi-polygons 28128, memory quota 94 MB, estimated BVH size 306 MB, n_batches 4
[LIBGPUSPATIAL] [ 11546][17:59:07:630233][info  ] RTSpatialRefiner 0x7cb0c3d2a030 (Used 2091 MB), Loaded Geometries, ProbeArray 1333333, Loaded 839691, Type Point
[LIBGPUSPATIAL] [ 11546][17:59:07:630864][info  ] RTSpatialRefiner 0x7cb0c3d2a030 (Used 2097 MB), Evaluating 1647944 Geometry Pairs with Predicate Contains
[LIBGPUSPATIAL] [ 11546][17:59:07:631525][info  ] Unique multi-polygons 28031, memory quota 94 MB, estimated BVH size 305 MB, n_batches 4
[LIBGPUSPATIAL] [ 11551][17:59:07:633628][info  ] PIP(Used 2226 MB), Batch 0
[LIBGPUSPATIAL] [ 11546][17:59:07:635122][info  ] PIP(Used 2141 MB), Batch 0
[LIBGPUSPATIAL] [ 11552][17:59:07:640081][info  ] RTSpatialRefiner 0x7cb0c3d2a030 (Used 2111 MB), Loaded Geometries, ProbeArray 1333333, Loaded 840142, Type Point
[LIBGPUSPATIAL] [ 11552][17:59:07:640945][info  ] RTSpatialRefiner 0x7cb0c3d2a030 (Used 2155 MB), Evaluating 1647532 Geometry Pairs with Predicate Contains
[LIBGPUSPATIAL] [ 11546][17:59:07:640963][info  ] PIP(Used 2155 MB), Batch 1
[LIBGPUSPATIAL] [ 11552][17:59:07:641728][info  ] Unique multi-polygons 27830, memory quota 93 MB, estimated BVH size 304 MB, n_batches 4
[LIBGPUSPATIAL] [ 11552][17:59:07:642835][info  ] PIP(Used 2166 MB), Batch 0
[LIBGPUSPATIAL] [ 11551][17:59:07:647112][info  ] PIP(Used 2156 MB), Batch 1
[LIBGPUSPATIAL] [ 11549][17:59:07:658646][info  ] RTSpatialRefiner 0x7cb0c3d2a030 (Used 2156 MB), Loaded Geometries, ProbeArray 1333333, Loaded 839980, Type Point
[LIBGPUSPATIAL] [ 11552][17:59:07:658648][info  ] PIP(Used 2156 MB), Batch 1
[LIBGPUSPATIAL] [ 11549][17:59:07:659273][info  ] RTSpatialRefiner 0x7cb0c3d2a030 (Used 2163 MB), Evaluating 1647434 Geometry Pairs with Predicate Contains
[LIBGPUSPATIAL] [ 11549][17:59:07:660651][info  ] Unique multi-polygons 28078, memory quota 93 MB, estimated BVH size 304 MB, n_batches 4
[LIBGPUSPATIAL] [ 11549][17:59:07:664721][info  ] PIP(Used 2173 MB), Batch 0
[LIBGPUSPATIAL] [ 11546][17:59:07:667529][info  ] PIP(Used 2172 MB), Batch 2
[LIBGPUSPATIAL] [ 11549][17:59:07:674278][info  ] PIP(Used 2164 MB), Batch 1
[LIBGPUSPATIAL] [ 11551][17:59:07:674665][info  ] PIP(Used 2172 MB), Batch 2
[LIBGPUSPATIAL] [ 11546][17:59:07:687952][info  ] PIP(Used 2317 MB), Batch 3
[LIBGPUSPATIAL] [ 11552][17:59:07:687963][info  ] PIP(Used 2317 MB), Batch 2
[LIBGPUSPATIAL] [ 11551][17:59:07:688043][info  ] PIP(Used 2258 MB), Batch 3
[LIBGPUSPATIAL] [ 11547][17:59:07:709775][info  ] RTSpatialIndex 0x7cb0c000a800 (Used 2162 MB), Allocate result buffer, memory consumption 12 MB, capacity 1646511
[LIBGPUSPATIAL] [ 11552][17:59:07:713223][info  ] PIP(Used 2193 MB), Batch 3
[LIBGPUSPATIAL] [ 11549][17:59:07:713311][info  ] PIP(Used 2141 MB), Batch 2
[LIBGPUSPATIAL] [ 11547][17:59:07:717424][info  ] RTSpatialIndex 0x7cb0c000a800 (Used 2078 MB), Probe Points, Size: 1333333, Results: 1646511
[LIBGPUSPATIAL] [ 11549][17:59:07:721183][info  ] PIP(Used 2052 MB), Batch 3
[LIBGPUSPATIAL] [ 11547][17:59:07:752499][info  ] RTSpatialRefiner 0x7cb0c3d2a030 (Used 2005 MB), Loaded Geometries, ProbeArray 1333333, Loaded 839963, Type Point
[LIBGPUSPATIAL] [ 11547][17:59:07:753186][info  ] RTSpatialRefiner 0x7cb0c3d2a030 (Used 2011 MB), Evaluating 1646511 Geometry Pairs with Predicate Contains
[LIBGPUSPATIAL] [ 11547][17:59:07:753921][info  ] Unique multi-polygons 27657, memory quota 94 MB, estimated BVH size 304 MB, n_batches 4
[LIBGPUSPATIAL] [ 11547][17:59:07:754438][info  ] PIP(Used 2043 MB), Batch 0
[LIBGPUSPATIAL] [ 11547][17:59:07:761658][info  ] PIP(Used 2033 MB), Batch 1
[LIBGPUSPATIAL] [ 11547][17:59:07:786486][info  ] PIP(Used 2041 MB), Batch 2
[LIBGPUSPATIAL] [ 11547][17:59:07:793253][info  ] PIP(Used 2045 MB), Batch 3
[LIBGPUSPATIAL] [ 11550][17:59:07:867908][info  ] RTSpatialIndex 0x7cb0c000a800 (Used 1980 MB), Allocate result buffer, memory consumption 12 MB, capacity 1646166
[LIBGPUSPATIAL] [ 11550][17:59:07:870937][info  ] RTSpatialIndex 0x7cb0c000a800 (Used 1992 MB), Probe Points, Size: 1333333, Results: 1646166
[LIBGPUSPATIAL] [ 11550][17:59:07:901619][info  ] RTSpatialRefiner 0x7cb0c3d2a030 (Used 2005 MB), Loaded Geometries, ProbeArray 1333333, Loaded 840209, Type Point
[LIBGPUSPATIAL] [ 11550][17:59:07:902933][info  ] RTSpatialRefiner 0x7cb0c3d2a030 (Used 2011 MB), Evaluating 1646166 Geometry Pairs with Predicate Contains
[LIBGPUSPATIAL] [ 11550][17:59:07:905614][info  ] Unique multi-polygons 27841, memory quota 94 MB, estimated BVH size 305 MB, n_batches 4
[LIBGPUSPATIAL] [ 11550][17:59:07:906498][info  ] PIP(Used 2043 MB), Batch 0
[LIBGPUSPATIAL] [ 11550][17:59:07:914246][info  ] PIP(Used 2034 MB), Batch 1
[LIBGPUSPATIAL] [ 11550][17:59:07:935187][info  ] PIP(Used 2042 MB), Batch 2
[LIBGPUSPATIAL] [ 11550][17:59:07:943376][info  ] PIP(Used 2046 MB), Batch 3
[LIBGPUSPATIAL] [ 11545][17:59:08:017203][info  ] RTSpatialIndex 0x7cb0c000a800 (Used 1980 MB), Allocate result buffer, memory consumption 12 MB, capacity 1648251
[LIBGPUSPATIAL] [ 11545][17:59:08:019906][info  ] RTSpatialIndex 0x7cb0c000a800 (Used 1992 MB), Probe Points, Size: 1333333, Results: 1648251
[LIBGPUSPATIAL] [ 11545][17:59:08:055300][info  ] RTSpatialRefiner 0x7cb0c3d2a030 (Used 2005 MB), Loaded Geometries, ProbeArray 1333333, Loaded 840587, Type Point
[LIBGPUSPATIAL] [ 11545][17:59:08:056591][info  ] RTSpatialRefiner 0x7cb0c3d2a030 (Used 2011 MB), Evaluating 1648251 Geometry Pairs with Predicate Contains
[LIBGPUSPATIAL] [ 11545][17:59:08:057507][info  ] Unique multi-polygons 27851, memory quota 94 MB, estimated BVH size 304 MB, n_batches 4
[LIBGPUSPATIAL] [ 11545][17:59:08:058275][info  ] PIP(Used 2043 MB), Batch 0
[LIBGPUSPATIAL] [ 11548][17:59:08:065486][info  ] RTSpatialIndex 0x7cb0c000a800 (Used 2023 MB), Allocate result buffer, memory consumption 12 MB, capacity 1648005
[LIBGPUSPATIAL] [ 11545][17:59:08:066261][info  ] PIP(Used 2056 MB), Batch 1
[LIBGPUSPATIAL] [ 11548][17:59:08:068171][info  ] RTSpatialIndex 0x7cb0c000a800 (Used 2036 MB), Probe Points, Size: 1333333, Results: 1648005
[LIBGPUSPATIAL] [ 11545][17:59:08:087065][info  ] PIP(Used 2054 MB), Batch 2
[LIBGPUSPATIAL] [ 11545][17:59:08:095237][info  ] PIP(Used 2064 MB), Batch 3
[LIBGPUSPATIAL] [ 11546][17:59:08:120265][info  ] RTSpatialIndex 0x7cb0c000a800 (Used 2015 MB), Allocate result buffer, memory consumption 12 MB, capacity 1646504
[LIBGPUSPATIAL] [ 11546][17:59:08:124443][info  ] RTSpatialIndex 0x7cb0c000a800 (Used 2028 MB), Probe Points, Size: 1333333, Results: 1646504
[LIBGPUSPATIAL] [ 11548][17:59:08:126753][info  ] RTSpatialRefiner 0x7cb0c3d2a030 (Used 2011 MB), Loaded Geometries, ProbeArray 1333333, Loaded 840413, Type Point
[LIBGPUSPATIAL] [ 11548][17:59:08:129387][info  ] RTSpatialRefiner 0x7cb0c3d2a030 (Used 2011 MB), Evaluating 1648005 Geometry Pairs with Predicate Contains
[LIBGPUSPATIAL] [ 11548][17:59:08:130277][info  ] Unique multi-polygons 27907, memory quota 94 MB, estimated BVH size 305 MB, n_batches 4
[LIBGPUSPATIAL] [ 11548][17:59:08:133528][info  ] PIP(Used 2062 MB), Batch 0
[LIBGPUSPATIAL] [ 11548][17:59:08:141421][info  ] PIP(Used 2052 MB), Batch 1
[LIBGPUSPATIAL] [ 11546][17:59:08:165038][info  ] RTSpatialRefiner 0x7cb0c3d2a030 (Used 2049 MB), Loaded Geometries, ProbeArray 1333333, Loaded 839426, Type Point
[LIBGPUSPATIAL] [ 11548][17:59:08:165696][info  ] PIP(Used 2077 MB), Batch 2
[LIBGPUSPATIAL] [ 11546][17:59:08:166530][info  ] RTSpatialRefiner 0x7cb0c3d2a030 (Used 2084 MB), Evaluating 1646504 Geometry Pairs with Predicate Contains
[LIBGPUSPATIAL] [ 11546][17:59:08:170002][info  ] Unique multi-polygons 27627, memory quota 94 MB, estimated BVH size 303 MB, n_batches 4
[LIBGPUSPATIAL] [ 11546][17:59:08:170645][info  ] PIP(Used 2086 MB), Batch 0
[LIBGPUSPATIAL] [ 11548][17:59:08:174686][info  ] PIP(Used 2089 MB), Batch 3
[LIBGPUSPATIAL] [ 11546][17:59:08:181532][info  ] PIP(Used 2053 MB), Batch 1
[LIBGPUSPATIAL] [ 11552][17:59:08:203280][info  ] RTSpatialIndex 0x7cb0c000a800 (Used 2023 MB), Allocate result buffer, memory consumption 12 MB, capacity 1647602
[LIBGPUSPATIAL] [ 11546][17:59:08:204183][info  ] PIP(Used 2064 MB), Batch 2
[LIBGPUSPATIAL] [ 11552][17:59:08:206340][info  ] RTSpatialIndex 0x7cb0c000a800 (Used 2056 MB), Probe Points, Size: 1333333, Results: 1647602
[LIBGPUSPATIAL] [ 11551][17:59:08:212562][info  ] RTSpatialIndex 0x7cb0c000a800 (Used 2050 MB), Allocate result buffer, memory consumption 12 MB, capacity 1646116
[LIBGPUSPATIAL] [ 11546][17:59:08:212951][info  ] PIP(Used 2068 MB), Batch 3
[LIBGPUSPATIAL] [ 11551][17:59:08:218313][info  ] RTSpatialIndex 0x7cb0c000a800 (Used 2047 MB), Probe Points, Size: 1333333, Results: 1646116
[LIBGPUSPATIAL] [ 11549][17:59:08:236763][info  ] RTSpatialIndex 0x7cb0c000a800 (Used 2051 MB), Allocate result buffer, memory consumption 12 MB, capacity 1645557
[LIBGPUSPATIAL] [ 11549][17:59:08:239653][info  ] RTSpatialIndex 0x7cb0c000a800 (Used 2063 MB), Probe Points, Size: 1333333, Results: 1645557
[LIBGPUSPATIAL] [ 11551][17:59:08:255776][info  ] RTSpatialRefiner 0x7cb0c3d2a030 (Used 2060 MB), Loaded Geometries, ProbeArray 1333333, Loaded 839804, Type Point
[LIBGPUSPATIAL] [ 11551][17:59:08:256664][info  ] RTSpatialRefiner 0x7cb0c3d2a030 (Used 2066 MB), Evaluating 1646116 Geometry Pairs with Predicate Contains
[LIBGPUSPATIAL] [ 11551][17:59:08:257651][info  ] Unique multi-polygons 27682, memory quota 94 MB, estimated BVH size 304 MB, n_batches 4
[LIBGPUSPATIAL] [ 11552][17:59:08:262048][info  ] RTSpatialRefiner 0x7cb0c3d2a030 (Used 2189 MB), Loaded Geometries, ProbeArray 1333333, Loaded 840413, Type Point
[LIBGPUSPATIAL] [ 11552][17:59:08:262637][info  ] RTSpatialRefiner 0x7cb0c3d2a030 (Used 2195 MB), Evaluating 1647602 Geometry Pairs with Predicate Contains
[LIBGPUSPATIAL] [ 11552][17:59:08:263363][info  ] Unique multi-polygons 27940, memory quota 93 MB, estimated BVH size 305 MB, n_batches 4
[LIBGPUSPATIAL] [ 11551][17:59:08:266196][info  ] PIP(Used 2227 MB), Batch 0
[LIBGPUSPATIAL] [ 11552][17:59:08:266498][info  ] PIP(Used 2172 MB), Batch 0
[LIBGPUSPATIAL] [ 11547][17:59:08:270028][info  ] RTSpatialIndex 0x7cb0c000a800 (Used 2132 MB), Allocate result buffer, memory consumption 12 MB, capacity 1641655
[LIBGPUSPATIAL] [ 11547][17:59:08:277349][info  ] RTSpatialIndex 0x7cb0c000a800 (Used 2135 MB), Probe Points, Size: 1333333, Results: 1641655
[LIBGPUSPATIAL] [ 11551][17:59:08:277384][info  ] PIP(Used 2135 MB), Batch 1
[LIBGPUSPATIAL] [ 11549][17:59:08:281485][info  ] RTSpatialRefiner 0x7cb0c3d2a030 (Used 2113 MB), Loaded Geometries, ProbeArray 1333333, Loaded 839929, Type Point
[LIBGPUSPATIAL] [ 11549][17:59:08:282065][info  ] RTSpatialRefiner 0x7cb0c3d2a030 (Used 2098 MB), Evaluating 1645557 Geometry Pairs with Predicate Contains
[LIBGPUSPATIAL] [ 11552][17:59:08:283089][info  ] PIP(Used 2125 MB), Batch 1
[LIBGPUSPATIAL] [ 11549][17:59:08:287609][info  ] Unique multi-polygons 27739, memory quota 93 MB, estimated BVH size 304 MB, n_batches 4
[LIBGPUSPATIAL] [ 11549][17:59:08:288254][info  ] PIP(Used 2149 MB), Batch 0
[LIBGPUSPATIAL] [ 11549][17:59:08:303606][info  ] PIP(Used 2156 MB), Batch 1
[LIBGPUSPATIAL] [ 11551][17:59:08:304577][info  ] PIP(Used 2164 MB), Batch 2
[LIBGPUSPATIAL] [ 11547][17:59:08:309984][info  ] RTSpatialRefiner 0x7cb0c3d2a030 (Used 2136 MB), Loaded Geometries, ProbeArray 1333333, Loaded 838064, Type Point
[LIBGPUSPATIAL] [ 11547][17:59:08:310534][info  ] RTSpatialRefiner 0x7cb0c3d2a030 (Used 2142 MB), Evaluating 1641655 Geometry Pairs with Predicate Contains
[LIBGPUSPATIAL] [ 11547][17:59:08:313168][info  ] Unique multi-polygons 28017, memory quota 93 MB, estimated BVH size 306 MB, n_batches 4
[LIBGPUSPATIAL] [ 11547][17:59:08:315341][info  ] PIP(Used 2254 MB), Batch 0
[LIBGPUSPATIAL] [ 11552][17:59:08:315402][info  ] PIP(Used 2202 MB), Batch 2
[LIBGPUSPATIAL] [ 11551][17:59:08:320120][info  ] PIP(Used 2176 MB), Batch 3
[LIBGPUSPATIAL] [ 11552][17:59:08:326698][info  ] PIP(Used 2195 MB), Batch 3
[LIBGPUSPATIAL] [ 11547][17:59:08:326723][info  ] PIP(Used 2195 MB), Batch 1
[LIBGPUSPATIAL] [ 11549][17:59:08:338155][info  ] PIP(Used 2085 MB), Batch 2
[LIBGPUSPATIAL] [ 11549][17:59:08:344621][info  ] PIP(Used 2089 MB), Batch 3
[LIBGPUSPATIAL] [ 11547][17:59:08:354340][info  ] PIP(Used 2041 MB), Batch 2
[LIBGPUSPATIAL] [ 11547][17:59:08:361115][info  ] PIP(Used 2045 MB), Batch 3
[LIBGPUSPATIAL] [ 11550][17:59:08:405962][info  ] RTSpatialIndex 0x7cb0c000a800 (Used 1980 MB), Allocate result buffer, memory consumption 12 MB, capacity 1645742
[LIBGPUSPATIAL] [ 11550][17:59:08:409160][info  ] RTSpatialIndex 0x7cb0c000a800 (Used 1992 MB), Probe Points, Size: 1333348, Results: 1645742
[LIBGPUSPATIAL] [ 11550][17:59:08:438267][info  ] RTSpatialRefiner 0x7cb0c3d2a030 (Used 2005 MB), Loaded Geometries, ProbeArray 1333348, Loaded 839633, Type Point
[LIBGPUSPATIAL] [ 11550][17:59:08:438961][info  ] RTSpatialRefiner 0x7cb0c3d2a030 (Used 2011 MB), Evaluating 1645742 Geometry Pairs with Predicate Contains
[LIBGPUSPATIAL] [ 11550][17:59:08:439732][info  ] Unique multi-polygons 28150, memory quota 94 MB, estimated BVH size 306 MB, n_batches 4
[LIBGPUSPATIAL] [ 11550][17:59:08:440323][info  ] PIP(Used 2043 MB), Batch 0
[LIBGPUSPATIAL] [ 11550][17:59:08:447498][info  ] PIP(Used 2033 MB), Batch 1
[LIBGPUSPATIAL] [ 11550][17:59:08:467484][info  ] PIP(Used 2041 MB), Batch 2
[LIBGPUSPATIAL] [ 11550][17:59:08:474275][info  ] PIP(Used 2046 MB), Batch 3
[LIBGPUSPATIAL] [ 11545][17:59:08:561117][info  ] RTSpatialIndex 0x7cb0c000a800 (Used 1980 MB), Allocate result buffer, memory consumption 12 MB, capacity 1646862
[LIBGPUSPATIAL] [ 11545][17:59:08:563735][info  ] RTSpatialIndex 0x7cb0c000a800 (Used 1992 MB), Probe Points, Size: 1333333, Results: 1646862
[LIBGPUSPATIAL] [ 11545][17:59:08:599872][info  ] RTSpatialRefiner 0x7cb0c3d2a030 (Used 2005 MB), Loaded Geometries, ProbeArray 1333333, Loaded 839890, Type Point
[LIBGPUSPATIAL] [ 11545][17:59:08:600832][info  ] RTSpatialRefiner 0x7cb0c3d2a030 (Used 2011 MB), Evaluating 1646862 Geometry Pairs with Predicate Contains
[LIBGPUSPATIAL] [ 11545][17:59:08:602656][info  ] Unique multi-polygons 27970, memory quota 94 MB, estimated BVH size 307 MB, n_batches 4
[LIBGPUSPATIAL] [ 11545][17:59:08:603678][info  ] PIP(Used 2043 MB), Batch 0
[LIBGPUSPATIAL] [ 11545][17:59:08:611569][info  ] PIP(Used 2033 MB), Batch 1
[LIBGPUSPATIAL] [ 11545][17:59:08:634107][info  ] PIP(Used 2052 MB), Batch 2
[LIBGPUSPATIAL] [ 11548][17:59:08:636948][info  ] RTSpatialIndex 0x7cb0c000a800 (Used 2052 MB), Allocate result buffer, memory consumption 12 MB, capacity 1645329
[LIBGPUSPATIAL] [ 11548][17:59:08:644095][info  ] RTSpatialIndex 0x7cb0c000a800 (Used 2095 MB), Probe Points, Size: 1333333, Results: 1645329
[LIBGPUSPATIAL] [ 11545][17:59:08:644156][info  ] PIP(Used 2079 MB), Batch 3
[LIBGPUSPATIAL] [ 11546][17:59:08:645336][info  ] RTSpatialIndex 0x7cb0c000a800 (Used 2056 MB), Allocate result buffer, memory consumption 12 MB, capacity 1648385
[LIBGPUSPATIAL] [ 11546][17:59:08:653398][info  ] RTSpatialIndex 0x7cb0c000a800 (Used 2011 MB), Probe Points, Size: 1333333, Results: 1648385
[LIBGPUSPATIAL] [ 11548][17:59:08:685246][info  ] RTSpatialRefiner 0x7cb0c3d2a030 (Used 2041 MB), Loaded Geometries, ProbeArray 1333333, Loaded 839287, Type Point
[LIBGPUSPATIAL] [ 11548][17:59:08:686790][info  ] RTSpatialRefiner 0x7cb0c3d2a030 (Used 2047 MB), Evaluating 1645329 Geometry Pairs with Predicate Contains
[LIBGPUSPATIAL] [ 11548][17:59:08:687630][info  ] Unique multi-polygons 27625, memory quota 94 MB, estimated BVH size 303 MB, n_batches 4
[LIBGPUSPATIAL] [ 11548][17:59:08:688181][info  ] PIP(Used 2079 MB), Batch 0
[LIBGPUSPATIAL] [ 11546][17:59:08:691319][info  ] RTSpatialRefiner 0x7cb0c3d2a030 (Used 2049 MB), Loaded Geometries, ProbeArray 1333333, Loaded 840314, Type Point
[LIBGPUSPATIAL] [ 11546][17:59:08:692011][info  ] RTSpatialRefiner 0x7cb0c3d2a030 (Used 2055 MB), Evaluating 1648385 Geometry Pairs with Predicate Contains
[LIBGPUSPATIAL] [ 11546][17:59:08:692911][info  ] Unique multi-polygons 28147, memory quota 94 MB, estimated BVH size 306 MB, n_batches 4
[LIBGPUSPATIAL] [ 11546][17:59:08:693459][info  ] PIP(Used 2086 MB), Batch 0
[LIBGPUSPATIAL] [ 11548][17:59:08:698038][info  ] PIP(Used 2076 MB), Batch 1
[LIBGPUSPATIAL] [ 11546][17:59:08:706117][info  ] PIP(Used 2077 MB), Batch 1
[LIBGPUSPATIAL] [ 11548][17:59:08:720241][info  ] PIP(Used 2085 MB), Batch 2
[LIBGPUSPATIAL] [ 11548][17:59:08:726929][info  ] PIP(Used 2089 MB), Batch 3
[LIBGPUSPATIAL] [ 11546][17:59:08:732754][info  ] PIP(Used 2084 MB), Batch 2
[LIBGPUSPATIAL] [ 11546][17:59:08:739601][info  ] PIP(Used 2046 MB), Batch 3
[LIBGPUSPATIAL] [ 11551][17:59:08:747949][info  ] RTSpatialIndex 0x7cb0c000a800 (Used 1980 MB), Allocate result buffer, memory consumption 12 MB, capacity 1645207
[LIBGPUSPATIAL] [ 11551][17:59:08:750439][info  ] RTSpatialIndex 0x7cb0c000a800 (Used 1992 MB), Probe Points, Size: 1333333, Results: 1645207
[LIBGPUSPATIAL] [ 11551][17:59:08:780680][info  ] RTSpatialRefiner 0x7cb0c3d2a030 (Used 2005 MB), Loaded Geometries, ProbeArray 1333333, Loaded 839661, Type Point
[LIBGPUSPATIAL] [ 11551][17:59:08:781271][info  ] RTSpatialRefiner 0x7cb0c3d2a030 (Used 2011 MB), Evaluating 1645207 Geometry Pairs with Predicate Contains
[LIBGPUSPATIAL] [ 11551][17:59:08:781997][info  ] Unique multi-polygons 27762, memory quota 94 MB, estimated BVH size 304 MB, n_batches 4
[LIBGPUSPATIAL] [ 11551][17:59:08:782503][info  ] PIP(Used 2043 MB), Batch 0
[LIBGPUSPATIAL] [ 11551][17:59:08:789772][info  ] PIP(Used 2033 MB), Batch 1
[LIBGPUSPATIAL] [ 11551][17:59:08:809963][info  ] PIP(Used 2042 MB), Batch 2
[LIBGPUSPATIAL] [ 11551][17:59:08:816759][info  ] PIP(Used 2045 MB), Batch 3
[LIBGPUSPATIAL] [ 11552][17:59:08:827183][info  ] RTSpatialIndex 0x7cb0c000a800 (Used 1980 MB), Allocate result buffer, memory consumption 12 MB, capacity 1646457
[LIBGPUSPATIAL] [ 11552][17:59:08:829632][info  ] RTSpatialIndex 0x7cb0c000a800 (Used 1992 MB), Probe Points, Size: 1333333, Results: 1646457
[LIBGPUSPATIAL] [ 11549][17:59:08:856219][info  ] RTSpatialIndex 0x7cb0c000a800 (Used 2015 MB), Allocate result buffer, memory consumption 12 MB, capacity 1648121
[LIBGPUSPATIAL] [ 11549][17:59:08:858563][info  ] RTSpatialIndex 0x7cb0c000a800 (Used 2028 MB), Probe Points, Size: 1333333, Results: 1648121
[LIBGPUSPATIAL] [ 11552][17:59:08:863415][info  ] RTSpatialRefiner 0x7cb0c3d2a030 (Used 2005 MB), Loaded Geometries, ProbeArray 1333333, Loaded 839697, Type Point
[LIBGPUSPATIAL] [ 11552][17:59:08:864787][info  ] RTSpatialRefiner 0x7cb0c3d2a030 (Used 2024 MB), Evaluating 1646457 Geometry Pairs with Predicate Contains
[LIBGPUSPATIAL] [ 11552][17:59:08:865539][info  ] Unique multi-polygons 27930, memory quota 94 MB, estimated BVH size 304 MB, n_batches 4
[LIBGPUSPATIAL] [ 11552][17:59:08:866085][info  ] PIP(Used 2062 MB), Batch 0
[LIBGPUSPATIAL] [ 11552][17:59:08:875706][info  ] PIP(Used 2069 MB), Batch 1
[LIBGPUSPATIAL] [ 11547][17:59:08:898525][info  ] RTSpatialIndex 0x7cb0c000a800 (Used 2059 MB), Allocate result buffer, memory consumption 12 MB, capacity 1646753
[LIBGPUSPATIAL] [ 11552][17:59:08:901018][info  ] PIP(Used 2100 MB), Batch 2
[LIBGPUSPATIAL] [ 11549][17:59:08:902007][info  ] RTSpatialRefiner 0x7cb0c3d2a030 (Used 2100 MB), Loaded Geometries, ProbeArray 1333333, Loaded 840308, Type Point
[LIBGPUSPATIAL] [ 11549][17:59:08:902701][info  ] RTSpatialRefiner 0x7cb0c3d2a030 (Used 2106 MB), Evaluating 1648121 Geometry Pairs with Predicate Contains
[LIBGPUSPATIAL] [ 11547][17:59:08:904469][info  ] RTSpatialIndex 0x7cb0c000a800 (Used 2078 MB), Probe Points, Size: 1333333, Results: 1646753
[LIBGPUSPATIAL] [ 11549][17:59:08:906908][info  ] Unique multi-polygons 28005, memory quota 94 MB, estimated BVH size 304 MB, n_batches 4
[LIBGPUSPATIAL] [ 11549][17:59:08:907449][info  ] PIP(Used 2178 MB), Batch 0
[LIBGPUSPATIAL] [ 11552][17:59:08:907566][info  ] PIP(Used 2119 MB), Batch 3
[LIBGPUSPATIAL] [ 11549][17:59:08:921471][info  ] PIP(Used 2069 MB), Batch 1
[LIBGPUSPATIAL] [ 11547][17:59:08:946197][info  ] RTSpatialRefiner 0x7cb0c3d2a030 (Used 2087 MB), Loaded Geometries, ProbeArray 1333333, Loaded 840101, Type Point
[LIBGPUSPATIAL] [ 11550][17:59:08:946200][info  ] RTSpatialIndex 0x7cb0c000a800 (Used 2087 MB), Allocate result buffer, memory consumption 12 MB, capacity 1648837
[LIBGPUSPATIAL] [ 11549][17:59:08:946202][info  ] PIP(Used 2087 MB), Batch 2
[LIBGPUSPATIAL] [ 11547][17:59:08:946803][info  ] RTSpatialRefiner 0x7cb0c3d2a030 (Used 2106 MB), Evaluating 1646753 Geometry Pairs with Predicate Contains
[LIBGPUSPATIAL] [ 11547][17:59:08:951499][info  ] Unique multi-polygons 28203, memory quota 93 MB, estimated BVH size 307 MB, n_batches 4
[LIBGPUSPATIAL] [ 11549][17:59:08:951601][info  ] PIP(Used 2112 MB), Batch 3
[LIBGPUSPATIAL] [ 11547][17:59:08:952415][info  ] PIP(Used 2108 MB), Batch 0
[LIBGPUSPATIAL] [ 11550][17:59:08:953434][info  ] RTSpatialIndex 0x7cb0c000a800 (Used 2078 MB), Probe Points, Size: 1333333, Results: 1648837
[LIBGPUSPATIAL] [ 11547][17:59:08:964972][info  ] PIP(Used 2046 MB), Batch 1
[LIBGPUSPATIAL] [ 11547][17:59:08:990694][info  ] PIP(Used 2077 MB), Batch 2
[LIBGPUSPATIAL] [ 11550][17:59:08:993822][info  ] RTSpatialRefiner 0x7cb0c3d2a030 (Used 2049 MB), Loaded Geometries, ProbeArray 1333333, Loaded 841005, Type Point
[LIBGPUSPATIAL] [ 11550][17:59:08:994750][info  ] RTSpatialRefiner 0x7cb0c3d2a030 (Used 2055 MB), Evaluating 1648837 Geometry Pairs with Predicate Contains
[LIBGPUSPATIAL] [ 11550][17:59:08:995734][info  ] Unique multi-polygons 27902, memory quota 94 MB, estimated BVH size 304 MB, n_batches 4
[LIBGPUSPATIAL] [ 11550][17:59:08:996320][info  ] PIP(Used 2086 MB), Batch 0
[LIBGPUSPATIAL] [ 11547][17:59:08:996985][info  ] PIP(Used 2089 MB), Batch 3
[LIBGPUSPATIAL] [ 11550][17:59:09:005354][info  ] PIP(Used 2075 MB), Batch 1
[LIBGPUSPATIAL] [ 11550][17:59:09:025561][info  ] PIP(Used 2042 MB), Batch 2
[LIBGPUSPATIAL] [ 11550][17:59:09:032475][info  ] PIP(Used 2046 MB), Batch 3
[LIBGPUSPATIAL] [ 11545][17:59:09:140032][info  ] RTSpatialIndex 0x7cb0c000a800 (Used 1980 MB), Allocate result buffer, memory consumption 12 MB, capacity 1647960
[LIBGPUSPATIAL] [ 11545][17:59:09:143022][info  ] RTSpatialIndex 0x7cb0c000a800 (Used 1992 MB), Probe Points, Size: 1333333, Results: 1647960
[LIBGPUSPATIAL] [ 11548][17:59:09:147490][info  ] RTSpatialIndex 0x7cb0c000a800 (Used 1980 MB), Allocate result buffer, memory consumption 12 MB, capacity 1645498
[LIBGPUSPATIAL] [ 11548][17:59:09:150173][info  ] RTSpatialIndex 0x7cb0c000a800 (Used 1992 MB), Probe Points, Size: 1333333, Results: 1645498
[LIBGPUSPATIAL] [ 11545][17:59:09:185806][info  ] RTSpatialRefiner 0x7cb0c3d2a030 (Used 2041 MB), Loaded Geometries, ProbeArray 1333333, Loaded 840128, Type Point
[LIBGPUSPATIAL] [ 11545][17:59:09:186498][info  ] RTSpatialRefiner 0x7cb0c3d2a030 (Used 2047 MB), Evaluating 1647960 Geometry Pairs with Predicate Contains
[LIBGPUSPATIAL] [ 11545][17:59:09:189536][info  ] Unique multi-polygons 27836, memory quota 94 MB, estimated BVH size 305 MB, n_batches 4
[LIBGPUSPATIAL] [ 11545][17:59:09:190147][info  ] PIP(Used 2079 MB), Batch 0
[LIBGPUSPATIAL] [ 11548][17:59:09:193752][info  ] RTSpatialRefiner 0x7cb0c3d2a030 (Used 2049 MB), Loaded Geometries, ProbeArray 1333333, Loaded 839691, Type Point
[LIBGPUSPATIAL] [ 11548][17:59:09:196388][info  ] RTSpatialRefiner 0x7cb0c3d2a030 (Used 2055 MB), Evaluating 1645498 Geometry Pairs with Predicate Contains
[LIBGPUSPATIAL] [ 11548][17:59:09:197281][info  ] Unique multi-polygons 27910, memory quota 94 MB, estimated BVH size 305 MB, n_batches 4
[LIBGPUSPATIAL] [ 11548][17:59:09:197977][info  ] PIP(Used 2087 MB), Batch 0
[LIBGPUSPATIAL] [ 11545][17:59:09:202200][info  ] PIP(Used 2077 MB), Batch 1
[LIBGPUSPATIAL] [ 11546][17:59:09:222066][info  ] RTSpatialIndex 0x7cb0c000a800 (Used 2067 MB), Allocate result buffer, memory consumption 12 MB, capacity 1644146
[LIBGPUSPATIAL] [ 11548][17:59:09:225061][info  ] PIP(Used 2128 MB), Batch 1
[LIBGPUSPATIAL] [ 11545][17:59:09:225061][info  ] PIP(Used 2128 MB), Batch 2
[LIBGPUSPATIAL] [ 11546][17:59:09:227463][info  ] RTSpatialIndex 0x7cb0c000a800 (Used 2079 MB), Probe Points, Size: 1333333, Results: 1644146
[LIBGPUSPATIAL] [ 11545][17:59:09:245885][info  ] PIP(Used 2130 MB), Batch 3
[LIBGPUSPATIAL] [ 11548][17:59:09:245885][info  ] PIP(Used 2130 MB), Batch 2
[LIBGPUSPATIAL] [ 11548][17:59:09:255340][info  ] PIP(Used 2081 MB), Batch 3
[LIBGPUSPATIAL] [ 11546][17:59:09:273131][info  ] RTSpatialRefiner 0x7cb0c3d2a030 (Used 2005 MB), Loaded Geometries, ProbeArray 1333333, Loaded 839022, Type Point
[LIBGPUSPATIAL] [ 11546][17:59:09:274239][info  ] RTSpatialRefiner 0x7cb0c3d2a030 (Used 2011 MB), Evaluating 1644146 Geometry Pairs with Predicate Contains
[LIBGPUSPATIAL] [ 11546][17:59:09:275047][info  ] Unique multi-polygons 27804, memory quota 94 MB, estimated BVH size 304 MB, n_batches 4
[LIBGPUSPATIAL] [ 11546][17:59:09:275744][info  ] PIP(Used 2043 MB), Batch 0
[LIBGPUSPATIAL] [ 11546][17:59:09:287104][info  ] PIP(Used 2054 MB), Batch 1
[LIBGPUSPATIAL] [ 11551][17:59:09:308898][info  ] RTSpatialIndex 0x7cb0c000a800 (Used 2023 MB), Allocate result buffer, memory consumption 12 MB, capacity 1645024
[LIBGPUSPATIAL] [ 11546][17:59:09:310476][info  ] PIP(Used 2064 MB), Batch 2
[LIBGPUSPATIAL] [ 11551][17:59:09:312721][info  ] RTSpatialIndex 0x7cb0c000a800 (Used 2036 MB), Probe Points, Size: 1333333, Results: 1645024
[LIBGPUSPATIAL] [ 11546][17:59:09:316757][info  ] PIP(Used 2045 MB), Batch 3
[LIBGPUSPATIAL] [ 11551][17:59:09:349320][info  ] RTSpatialRefiner 0x7cb0c3d2a030 (Used 2005 MB), Loaded Geometries, ProbeArray 1333333, Loaded 838838, Type Point
[LIBGPUSPATIAL] [ 11551][17:59:09:350187][info  ] RTSpatialRefiner 0x7cb0c3d2a030 (Used 2011 MB), Evaluating 1645024 Geometry Pairs with Predicate Contains
[LIBGPUSPATIAL] [ 11551][17:59:09:350939][info  ] Unique multi-polygons 27870, memory quota 94 MB, estimated BVH size 306 MB, n_batches 4
[LIBGPUSPATIAL] [ 11551][17:59:09:351481][info  ] PIP(Used 2043 MB), Batch 0
[LIBGPUSPATIAL] [ 11551][17:59:09:358972][info  ] PIP(Used 2033 MB), Batch 1
[LIBGPUSPATIAL] [ 11551][17:59:09:382715][info  ] PIP(Used 2041 MB), Batch 2
[LIBGPUSPATIAL] [ 11551][17:59:09:389507][info  ] PIP(Used 2046 MB), Batch 3
[LIBGPUSPATIAL] [ 11552][17:59:09:402426][info  ] RTSpatialIndex 0x7cb0c000a800 (Used 1980 MB), Allocate result buffer, memory consumption 12 MB, capacity 1647709
[LIBGPUSPATIAL] [ 11552][17:59:09:406050][info  ] RTSpatialIndex 0x7cb0c000a800 (Used 1992 MB), Probe Points, Size: 1333333, Results: 1647709
[LIBGPUSPATIAL] [ 11552][17:59:09:439186][info  ] RTSpatialRefiner 0x7cb0c3d2a030 (Used 2005 MB), Loaded Geometries, ProbeArray 1333333, Loaded 839838, Type Point
[LIBGPUSPATIAL] [ 11552][17:59:09:439900][info  ] RTSpatialRefiner 0x7cb0c3d2a030 (Used 2011 MB), Evaluating 1647709 Geometry Pairs with Predicate Contains
[LIBGPUSPATIAL] [ 11552][17:59:09:440699][info  ] Unique multi-polygons 27796, memory quota 94 MB, estimated BVH size 304 MB, n_batches 4
[LIBGPUSPATIAL] [ 11552][17:59:09:441305][info  ] PIP(Used 2043 MB), Batch 0
[LIBGPUSPATIAL] [ 11552][17:59:09:449365][info  ] PIP(Used 2033 MB), Batch 1
[LIBGPUSPATIAL] [ 11549][17:59:09:471647][info  ] RTSpatialIndex 0x7cb0c000a800 (Used 2023 MB), Allocate result buffer, memory consumption 12 MB, capacity 1649333
[LIBGPUSPATIAL] [ 11552][17:59:09:472651][info  ] PIP(Used 2064 MB), Batch 2
[LIBGPUSPATIAL] [ 11549][17:59:09:477410][info  ] RTSpatialIndex 0x7cb0c000a800 (Used 2036 MB), Probe Points, Size: 1333333, Results: 1649333
[LIBGPUSPATIAL] [ 11552][17:59:09:479766][info  ] PIP(Used 2045 MB), Batch 3
[LIBGPUSPATIAL] [ 11547][17:59:09:489435][info  ] RTSpatialIndex 0x7cb0c000a800 (Used 2002 MB), Allocate result buffer, memory consumption 12 MB, capacity 1645749
[LIBGPUSPATIAL] [ 11550][17:59:09:489681][info  ] RTSpatialIndex 0x7cb0c000a800 (Used 2002 MB), Allocate result buffer, memory consumption 12 MB, capacity 1648825
[LIBGPUSPATIAL] [ 11547][17:59:09:499087][info  ] RTSpatialIndex 0x7cb0c000a800 (Used 2051 MB), Probe Points, Size: 1333333, Results: 1645749
[LIBGPUSPATIAL] [ 11550][17:59:09:499877][info  ] RTSpatialIndex 0x7cb0c000a800 (Used 2028 MB), Probe Points, Size: 1333333, Results: 1648825
[LIBGPUSPATIAL] [ 11549][17:59:09:517634][info  ] RTSpatialRefiner 0x7cb0c3d2a030 (Used 2060 MB), Loaded Geometries, ProbeArray 1333333, Loaded 840768, Type Point
[LIBGPUSPATIAL] [ 11549][17:59:09:518366][info  ] RTSpatialRefiner 0x7cb0c3d2a030 (Used 2066 MB), Evaluating 1649333 Geometry Pairs with Predicate Contains
[LIBGPUSPATIAL] [ 11549][17:59:09:522984][info  ] Unique multi-polygons 27774, memory quota 94 MB, estimated BVH size 305 MB, n_batches 4
[LIBGPUSPATIAL] [ 11549][17:59:09:523515][info  ] PIP(Used 2097 MB), Batch 0
[LIBGPUSPATIAL] [ 11547][17:59:09:530370][info  ] RTSpatialRefiner 0x7cb0c3d2a030 (Used 2084 MB), Loaded Geometries, ProbeArray 1333333, Loaded 839308, Type Point
[LIBGPUSPATIAL] [ 11547][17:59:09:531439][info  ] RTSpatialRefiner 0x7cb0c3d2a030 (Used 2148 MB), Evaluating 1645749 Geometry Pairs with Predicate Contains
[LIBGPUSPATIAL] [ 11549][17:59:09:533997][info  ] PIP(Used 2111 MB), Batch 1
[LIBGPUSPATIAL] [ 11547][17:59:09:541691][info  ] Unique multi-polygons 27726, memory quota 94 MB, estimated BVH size 303 MB, n_batches 4
[LIBGPUSPATIAL] [ 11550][17:59:09:541712][info  ] RTSpatialRefiner 0x7cb0c3d2a030 (Used 2091 MB), Loaded Geometries, ProbeArray 1333333, Loaded 840818, Type Point
[LIBGPUSPATIAL] [ 11550][17:59:09:542614][info  ] RTSpatialRefiner 0x7cb0c3d2a030 (Used 2182 MB), Evaluating 1648825 Geometry Pairs with Predicate Contains
[LIBGPUSPATIAL] [ 11547][17:59:09:542649][info  ] PIP(Used 2128 MB), Batch 0
[LIBGPUSPATIAL] [ 11550][17:59:09:544668][info  ] Unique multi-polygons 27734, memory quota 94 MB, estimated BVH size 304 MB, n_batches 4
[LIBGPUSPATIAL] [ 11550][17:59:09:546626][info  ] PIP(Used 2130 MB), Batch 0
[LIBGPUSPATIAL] [ 11547][17:59:09:553423][info  ] PIP(Used 2120 MB), Batch 1
[LIBGPUSPATIAL] [ 11550][17:59:09:554340][info  ] PIP(Used 2120 MB), Batch 1
[LIBGPUSPATIAL] [ 11549][17:59:09:562029][info  ] PIP(Used 2129 MB), Batch 2
[LIBGPUSPATIAL] [ 11549][17:59:09:573355][info  ] PIP(Used 2133 MB), Batch 3
[LIBGPUSPATIAL] [ 11547][17:59:09:581538][info  ] PIP(Used 2085 MB), Batch 2
[LIBGPUSPATIAL] [ 11550][17:59:09:587039][info  ] PIP(Used 2085 MB), Batch 2
[LIBGPUSPATIAL] [ 11547][17:59:09:591886][info  ] PIP(Used 2089 MB), Batch 3
[LIBGPUSPATIAL] [ 11550][17:59:09:594167][info  ] PIP(Used 2088 MB), Batch 3
[LIBGPUSPATIAL] [ 11548][17:59:09:701896][info  ] RTSpatialIndex 0x7cb0c000a800 (Used 1980 MB), Allocate result buffer, memory consumption 12 MB, capacity 1645320
[LIBGPUSPATIAL] [ 11548][17:59:09:707233][info  ] RTSpatialIndex 0x7cb0c000a800 (Used 1992 MB), Probe Points, Size: 1333333, Results: 1645320
[LIBGPUSPATIAL] [ 11548][17:59:09:743753][info  ] RTSpatialRefiner 0x7cb0c3d2a030 (Used 2005 MB), Loaded Geometries, ProbeArray 1333333, Loaded 839240, Type Point
[LIBGPUSPATIAL] [ 11548][17:59:09:744563][info  ] RTSpatialRefiner 0x7cb0c3d2a030 (Used 2011 MB), Evaluating 1645320 Geometry Pairs with Predicate Contains
[LIBGPUSPATIAL] [ 11548][17:59:09:745440][info  ] Unique multi-polygons 27848, memory quota 94 MB, estimated BVH size 303 MB, n_batches 4
[LIBGPUSPATIAL] [ 11548][17:59:09:746125][info  ] PIP(Used 2043 MB), Batch 0
[LIBGPUSPATIAL] [ 11548][17:59:09:753091][info  ] PIP(Used 2033 MB), Batch 1
[LIBGPUSPATIAL] [ 11548][17:59:09:773817][info  ] PIP(Used 2041 MB), Batch 2
[LIBGPUSPATIAL] [ 11548][17:59:09:780769][info  ] PIP(Used 2045 MB), Batch 3
[LIBGPUSPATIAL] [ 11546][17:59:09:792531][info  ] RTSpatialIndex 0x7cb0c000a800 (Used 1980 MB), Allocate result buffer, memory consumption 12 MB, capacity 1649779
[LIBGPUSPATIAL] [ 11546][17:59:09:796104][info  ] RTSpatialIndex 0x7cb0c000a800 (Used 1992 MB), Probe Points, Size: 1333333, Results: 1649779
[LIBGPUSPATIAL] [ 11546][17:59:09:842015][info  ] RTSpatialRefiner 0x7cb0c3d2a030 (Used 2005 MB), Loaded Geometries, ProbeArray 1333333, Loaded 840703, Type Point
[LIBGPUSPATIAL] [ 11546][17:59:09:843174][info  ] RTSpatialRefiner 0x7cb0c3d2a030 (Used 2011 MB), Evaluating 1649779 Geometry Pairs with Predicate Contains
[LIBGPUSPATIAL] [ 11546][17:59:09:844070][info  ] Unique multi-polygons 27934, memory quota 94 MB, estimated BVH size 305 MB, n_batches 4
[LIBGPUSPATIAL] [ 11546][17:59:09:844802][info  ] PIP(Used 2043 MB), Batch 0
[LIBGPUSPATIAL] [ 11546][17:59:09:851888][info  ] PIP(Used 2033 MB), Batch 1
[LIBGPUSPATIAL] [ 11546][17:59:09:871086][info  ] PIP(Used 2042 MB), Batch 2
[LIBGPUSPATIAL] [ 11546][17:59:09:878017][info  ] PIP(Used 2046 MB), Batch 3
[LIBGPUSPATIAL] [ 11552][17:59:09:972461][info  ] RTSpatialIndex 0x7cb0c000a800 (Used 1980 MB), Allocate result buffer, memory consumption 12 MB, capacity 1647674
[LIBGPUSPATIAL] [ 11552][17:59:09:974800][info  ] RTSpatialIndex 0x7cb0c000a800 (Used 1992 MB), Probe Points, Size: 1333333, Results: 1647674
[LIBGPUSPATIAL] [ 11552][17:59:09:994720][info  ] RTSpatialRefiner 0x7cb0c3d2a030 (Used 2005 MB), Loaded Geometries, ProbeArray 1333333, Loaded 840257, Type Point
[LIBGPUSPATIAL] [ 11552][17:59:09:995279][info  ] RTSpatialRefiner 0x7cb0c3d2a030 (Used 2011 MB), Evaluating 1647674 Geometry Pairs with Predicate Contains
[LIBGPUSPATIAL] [ 11552][17:59:09:995977][info  ] Unique multi-polygons 27834, memory quota 94 MB, estimated BVH size 305 MB, n_batches 4
[LIBGPUSPATIAL] [ 11552][17:59:09:996436][info  ] PIP(Used 2043 MB), Batch 0
[LIBGPUSPATIAL] [ 11552][17:59:10:007586][info  ] PIP(Used 2033 MB), Batch 1
[LIBGPUSPATIAL] [ 11552][17:59:10:029248][info  ] PIP(Used 2042 MB), Batch 2
[LIBGPUSPATIAL] [ 11549][17:59:10:035667][info  ] RTSpatialIndex 0x7cb0c000a800 (Used 2023 MB), Allocate result buffer, memory consumption 12 MB, capacity 1644920
[LIBGPUSPATIAL] [ 11552][17:59:10:036264][info  ] PIP(Used 2068 MB), Batch 3
[LIBGPUSPATIAL] [ 11549][17:59:10:038125][info  ] RTSpatialIndex 0x7cb0c000a800 (Used 2034 MB), Probe Points, Size: 1333333, Results: 1644920
[LIBGPUSPATIAL] [ 11549][17:59:10:059802][info  ] RTSpatialRefiner 0x7cb0c3d2a030 (Used 2005 MB), Loaded Geometries, ProbeArray 1333333, Loaded 838831, Type Point
[LIBGPUSPATIAL] [ 11549][17:59:10:060356][info  ] RTSpatialRefiner 0x7cb0c3d2a030 (Used 2011 MB), Evaluating 1644920 Geometry Pairs with Predicate Contains
[LIBGPUSPATIAL] [ 11549][17:59:10:061056][info  ] Unique multi-polygons 28010, memory quota 94 MB, estimated BVH size 304 MB, n_batches 4
[LIBGPUSPATIAL] [ 11549][17:59:10:061498][info  ] PIP(Used 2043 MB), Batch 0
[LIBGPUSPATIAL] [ 11549][17:59:10:069072][info  ] PIP(Used 2033 MB), Batch 1
[LIBGPUSPATIAL] [ 11549][17:59:10:089629][info  ] PIP(Used 2042 MB), Batch 2
[LIBGPUSPATIAL] [ 11549][17:59:10:096482][info  ] PIP(Used 2045 MB), Batch 3
5.78s (454710 rows)

================================================================================
BENCHMARK SUMMARY
================================================================================
Query     sedonadb_gpu   
-------------------------
q10       5.78s          
-------------------------
Total     5.78s         

Results saved to results_mem_SF_10/sedonadb_gpu_q10_results.json
