Data paths:
  building: benchmark-data-sf10/building
  customer: benchmark-data-sf10/customer
  driver: benchmark-data-sf10/driver
  trip: benchmark-data-sf10/trip
  vehicle: benchmark-data-sf10/vehicle
  zone: benchmark-data-sf10/zone

============================================================
Running Sedonadb Gpu Benchmark
============================================================
Sedonadb Gpu version: 0.3.0
  Running q11... [LIBGPUSPATIAL] [ 10683][17:58:21:339440][info  ] Initializing GpuSpatialRuntime on device 0, PTX root /mnt/data/sedona-db/target/release/build/sedona-libgpuspatial-49614f8a870dbe66/out/share/gpuspatial/shaders
[LIBGPUSPATIAL] [ 10683][17:58:21:494357][info  ] Init Memory Manager
[LIBGPUSPATIAL] [ 10683][17:58:21:494531][info  ] Creating RMM pool memory resource with size 22511 MB
[LIBGPUSPATIAL] [ 10683][17:58:21:539790][info  ] Initialize RTEngine
[LIBGPUSPATIAL] [ 10683][17:58:21:676550][info  ] Create RTSpatialIndex 0x7d328400a800, fast_build = 0, compact = 0, concurrency = 8
[LIBGPUSPATIAL] [ 10683][17:58:21:679425][info  ] Create RTSpatialRefiner 0x7d3287d2a1b0, fast_build = 0, compact = 0, parsing_threads = 8, concurrency = 8, pipeline_batches = 1, wkb_parser_memory_quota = 0.80, relate_engine_memory_quota = 0.02
[LIBGPUSPATIAL] [ 10683][17:58:22:184599][info  ] RTSpatialRefiner 0x7d3287d2a1b0 (Used 1946 MB), FinishBuilding Refiner, Total geoms: 454710
[LIBGPUSPATIAL] [ 10683][17:58:22:184643][info  ] RTSpatialIndex 0x7d328400a800 (Used 1946 MB), PushBuild, Rectangles 454710
[LIBGPUSPATIAL] [ 10683][17:58:22:186528][info  ] RTSpatialIndex 0x7d328400a800 (Used 1980 MB), FinishBuilding Index on Rectangles, Total geoms: 454710
[LIBGPUSPATIAL] [ 10688][17:58:22:464865][info  ] RTSpatialIndex 0x7d328400a800 (Used 2030 MB), Allocate result buffer, memory consumption 12 MB, capacity 1644220
[LIBGPUSPATIAL] [ 10686][17:58:22:468938][info  ] RTSpatialIndex 0x7d328400a800 (Used 2078 MB), Allocate result buffer, memory consumption 12 MB, capacity 1646781
[LIBGPUSPATIAL] [ 10682][17:58:22:474863][info  ] RTSpatialIndex 0x7d328400a800 (Used 2076 MB), Allocate result buffer, memory consumption 12 MB, capacity 1647885
[LIBGPUSPATIAL] [ 10683][17:58:22:475101][info  ] RTSpatialIndex 0x7d328400a800 (Used 2082 MB), Allocate result buffer, memory consumption 12 MB, capacity 1646756
[LIBGPUSPATIAL] [ 10681][17:58:22:475346][info  ] RTSpatialIndex 0x7d328400a800 (Used 2101 MB), Allocate result buffer, memory consumption 12 MB, capacity 1645951
[LIBGPUSPATIAL] [ 10687][17:58:22:475659][info  ] RTSpatialIndex 0x7d328400a800 (Used 2114 MB), Allocate result buffer, memory consumption 12 MB, capacity 1648934
[LIBGPUSPATIAL] [ 10685][17:58:22:476231][info  ] RTSpatialIndex 0x7d328400a800 (Used 2126 MB), Allocate result buffer, memory consumption 12 MB, capacity 1646306
[LIBGPUSPATIAL] [ 10684][17:58:22:477079][info  ] RTSpatialIndex 0x7d328400a800 (Used 2139 MB), Allocate result buffer, memory consumption 12 MB, capacity 1645337
[LIBGPUSPATIAL] [ 10686][17:58:22:481953][info  ] RTSpatialIndex 0x7d328400a800 (Used 2151 MB), Probe Points, Size: 1333333, Results: 1646781
[LIBGPUSPATIAL] [ 10688][17:58:22:484365][info  ] RTSpatialIndex 0x7d328400a800 (Used 2141 MB), Probe Points, Size: 1333333, Results: 1644220
[LIBGPUSPATIAL] [ 10681][17:58:22:484956][info  ] RTSpatialIndex 0x7d328400a800 (Used 2141 MB), Probe Points, Size: 1333333, Results: 1645951
[LIBGPUSPATIAL] [ 10682][17:58:22:485568][info  ] RTSpatialIndex 0x7d328400a800 (Used 2141 MB), Probe Points, Size: 1333333, Results: 1647885
[LIBGPUSPATIAL] [ 10685][17:58:22:486152][info  ] RTSpatialIndex 0x7d328400a800 (Used 2141 MB), Probe Points, Size: 1333333, Results: 1646306
[LIBGPUSPATIAL] [ 10687][17:58:22:486716][info  ] RTSpatialIndex 0x7d328400a800 (Used 2141 MB), Probe Points, Size: 1333333, Results: 1648934
[LIBGPUSPATIAL] [ 10683][17:58:22:488538][info  ] RTSpatialIndex 0x7d328400a800 (Used 2141 MB), Probe Points, Size: 1333333, Results: 1646756
[LIBGPUSPATIAL] [ 10684][17:58:22:489132][info  ] RTSpatialIndex 0x7d328400a800 (Used 2112 MB), Probe Points, Size: 1333333, Results: 1645337
[LIBGPUSPATIAL] [ 10688][17:58:22:539985][info  ] RTSpatialRefiner 0x7d3287d2a1b0 (Used 2255 MB), Loaded Geometries, ProbeArray 1333333, Loaded 838626, Type Point
[LIBGPUSPATIAL] [ 10688][17:58:22:540576][info  ] RTSpatialRefiner 0x7d3287d2a1b0 (Used 2261 MB), Evaluating 1644220 Geometry Pairs with Predicate Contains
[LIBGPUSPATIAL] [ 10684][17:58:22:548059][info  ] RTSpatialRefiner 0x7d3287d2a1b0 (Used 2274 MB), Loaded Geometries, ProbeArray 1333333, Loaded 839184, Type Point
[LIBGPUSPATIAL] [ 10684][17:58:22:549153][info  ] RTSpatialRefiner 0x7d3287d2a1b0 (Used 2280 MB), Evaluating 1645337 Geometry Pairs with Predicate Contains
[LIBGPUSPATIAL] [ 10681][17:58:22:550031][info  ] RTSpatialRefiner 0x7d3287d2a1b0 (Used 2280 MB), Loaded Geometries, ProbeArray 1333333, Loaded 839464, Type Point
[LIBGPUSPATIAL] [ 10681][17:58:22:553462][info  ] RTSpatialRefiner 0x7d3287d2a1b0 (Used 2299 MB), Evaluating 1645951 Geometry Pairs with Predicate Contains
[LIBGPUSPATIAL] [ 10683][17:58:22:556217][info  ] RTSpatialRefiner 0x7d3287d2a1b0 (Used 2311 MB), Loaded Geometries, ProbeArray 1333333, Loaded 840229, Type Point
[LIBGPUSPATIAL] [ 10683][17:58:22:556792][info  ] RTSpatialRefiner 0x7d3287d2a1b0 (Used 2317 MB), Evaluating 1646756 Geometry Pairs with Predicate Contains
[LIBGPUSPATIAL] [ 10682][17:58:22:564246][info  ] RTSpatialRefiner 0x7d3287d2a1b0 (Used 2330 MB), Loaded Geometries, ProbeArray 1333333, Loaded 839762, Type Point
[LIBGPUSPATIAL] [ 10682][17:58:22:564832][info  ] RTSpatialRefiner 0x7d3287d2a1b0 (Used 2336 MB), Evaluating 1647885 Geometry Pairs with Predicate Contains
[LIBGPUSPATIAL] [ 10686][17:58:22:566543][info  ] RTSpatialRefiner 0x7d3287d2a1b0 (Used 2349 MB), Loaded Geometries, ProbeArray 1333333, Loaded 840316, Type Point
[LIBGPUSPATIAL] [ 10686][17:58:22:567105][info  ] RTSpatialRefiner 0x7d3287d2a1b0 (Used 2355 MB), Evaluating 1646781 Geometry Pairs with Predicate Contains
[LIBGPUSPATIAL] [ 10685][17:58:22:570747][info  ] RTSpatialRefiner 0x7d3287d2a1b0 (Used 2368 MB), Loaded Geometries, ProbeArray 1333333, Loaded 839769, Type Point
[LIBGPUSPATIAL] [ 10685][17:58:22:571355][info  ] RTSpatialRefiner 0x7d3287d2a1b0 (Used 2374 MB), Evaluating 1646306 Geometry Pairs with Predicate Contains
[LIBGPUSPATIAL] [ 10687][17:58:22:573805][info  ] RTSpatialRefiner 0x7d3287d2a1b0 (Used 2387 MB), Loaded Geometries, ProbeArray 1333333, Loaded 840623, Type Point
[LIBGPUSPATIAL] [ 10687][17:58:22:574348][info  ] RTSpatialRefiner 0x7d3287d2a1b0 (Used 2393 MB), Evaluating 1648934 Geometry Pairs with Predicate Contains
[LIBGPUSPATIAL] [ 10682][17:58:22:588803][info  ] Unique multi-polygons 27972, memory quota 46 MB, estimated BVH size 305 MB, n_batches 7
[LIBGPUSPATIAL] [ 10688][17:58:22:589189][info  ] Unique multi-polygons 28027, memory quota 46 MB, estimated BVH size 306 MB, n_batches 7
[LIBGPUSPATIAL] [ 10684][17:58:22:589210][info  ] Unique multi-polygons 28133, memory quota 46 MB, estimated BVH size 306 MB, n_batches 7
[LIBGPUSPATIAL] [ 10687][17:58:22:589192][info  ] Unique multi-polygons 27961, memory quota 46 MB, estimated BVH size 306 MB, n_batches 7
[LIBGPUSPATIAL] [ 10683][17:58:22:589266][info  ] Unique multi-polygons 27757, memory quota 46 MB, estimated BVH size 303 MB, n_batches 7
[LIBGPUSPATIAL] [ 10685][17:58:22:589288][info  ] Unique multi-polygons 27923, memory quota 46 MB, estimated BVH size 306 MB, n_batches 7
[LIBGPUSPATIAL] [ 10686][17:58:22:589305][info  ] Unique multi-polygons 27800, memory quota 46 MB, estimated BVH size 306 MB, n_batches 7
[LIBGPUSPATIAL] [ 10681][17:58:22:589340][info  ] Unique multi-polygons 27959, memory quota 46 MB, estimated BVH size 306 MB, n_batches 7
[LIBGPUSPATIAL] [ 10682][17:58:22:591501][info  ] PIP(Used 2509 MB), Batch 0
[LIBGPUSPATIAL] [ 10688][17:58:22:591599][info  ] PIP(Used 2517 MB), Batch 0
[LIBGPUSPATIAL] [ 10687][17:58:22:591700][info  ] PIP(Used 2490 MB), Batch 0
[LIBGPUSPATIAL] [ 10683][17:58:22:591869][info  ] PIP(Used 2464 MB), Batch 0
[LIBGPUSPATIAL] [ 10684][17:58:22:591922][info  ] PIP(Used 2466 MB), Batch 0
[LIBGPUSPATIAL] [ 10681][17:58:22:591965][info  ] PIP(Used 2440 MB), Batch 0
[LIBGPUSPATIAL] [ 10686][17:58:22:592028][info  ] PIP(Used 2414 MB), Batch 0
[LIBGPUSPATIAL] [ 10685][17:58:22:597249][info  ] PIP(Used 2327 MB), Batch 0
[LIBGPUSPATIAL] [ 10682][17:58:22:603241][info  ] PIP(Used 2522 MB), Batch 1
[LIBGPUSPATIAL] [ 10688][17:58:22:603305][info  ] PIP(Used 2525 MB), Batch 1
[LIBGPUSPATIAL] [ 10683][17:58:22:603491][info  ] PIP(Used 2510 MB), Batch 1
[LIBGPUSPATIAL] [ 10687][17:58:22:603523][info  ] PIP(Used 2475 MB), Batch 1
[LIBGPUSPATIAL] [ 10681][17:58:22:603581][info  ] PIP(Used 2441 MB), Batch 1
[LIBGPUSPATIAL] [ 10684][17:58:22:603672][info  ] PIP(Used 2388 MB), Batch 1
[LIBGPUSPATIAL] [ 10686][17:58:22:607084][info  ] PIP(Used 2331 MB), Batch 1
[LIBGPUSPATIAL] [ 10685][17:58:22:613673][info  ] PIP(Used 2331 MB), Batch 1
[LIBGPUSPATIAL] [ 10688][17:58:22:616495][info  ] PIP(Used 2329 MB), Batch 2
[LIBGPUSPATIAL] [ 10687][17:58:22:616770][info  ] PIP(Used 2329 MB), Batch 2
[LIBGPUSPATIAL] [ 10681][17:58:22:618463][info  ] PIP(Used 2329 MB), Batch 2
[LIBGPUSPATIAL] [ 10683][17:58:22:620802][info  ] PIP(Used 2343 MB), Batch 2
[LIBGPUSPATIAL] [ 10684][17:58:22:620931][info  ] PIP(Used 2346 MB), Batch 2
[LIBGPUSPATIAL] [ 10682][17:58:22:623537][info  ] PIP(Used 2329 MB), Batch 2
[LIBGPUSPATIAL] [ 10685][17:58:22:625774][info  ] PIP(Used 2329 MB), Batch 2
[LIBGPUSPATIAL] [ 10686][17:58:22:627758][info  ] PIP(Used 2329 MB), Batch 2
[LIBGPUSPATIAL] [ 10688][17:58:22:642561][info  ] PIP(Used 2316 MB), Batch 3
[LIBGPUSPATIAL] [ 10681][17:58:22:647971][info  ] PIP(Used 2315 MB), Batch 3
[LIBGPUSPATIAL] [ 10684][17:58:22:648914][info  ] PIP(Used 2316 MB), Batch 3
[LIBGPUSPATIAL] [ 10685][17:58:22:649169][info  ] PIP(Used 2316 MB), Batch 3
[LIBGPUSPATIAL] [ 10688][17:58:22:649449][info  ] PIP(Used 2341 MB), Batch 4
[LIBGPUSPATIAL] [ 10682][17:58:22:649499][info  ] PIP(Used 2335 MB), Batch 3
[LIBGPUSPATIAL] [ 10686][17:58:22:654019][info  ] PIP(Used 2315 MB), Batch 3
[LIBGPUSPATIAL] [ 10681][17:58:22:671732][info  ] PIP(Used 2384 MB), Batch 4
[LIBGPUSPATIAL] [ 10685][17:58:22:671897][info  ] PIP(Used 2471 MB), Batch 4
[LIBGPUSPATIAL] [ 10684][17:58:22:671962][info  ] PIP(Used 2436 MB), Batch 4
[LIBGPUSPATIAL] [ 10682][17:58:22:672040][info  ] PIP(Used 2400 MB), Batch 4
[LIBGPUSPATIAL] [ 10687][17:58:22:672120][info  ] PIP(Used 2374 MB), Batch 3
[LIBGPUSPATIAL] [ 10686][17:58:22:673036][info  ] PIP(Used 2351 MB), Batch 4
[LIBGPUSPATIAL] [ 10687][17:58:22:682757][info  ] PIP(Used 2331 MB), Batch 4
[LIBGPUSPATIAL] [ 10684][17:58:22:684289][info  ] PIP(Used 2332 MB), Batch 5
[LIBGPUSPATIAL] [ 10682][17:58:22:684734][info  ] PIP(Used 2332 MB), Batch 5
[LIBGPUSPATIAL] [ 10683][17:58:22:695678][info  ] PIP(Used 2316 MB), Batch 3
[LIBGPUSPATIAL] [ 10688][17:58:22:703471][info  ] PIP(Used 2333 MB), Batch 5
[LIBGPUSPATIAL] [ 10683][17:58:22:705157][info  ] PIP(Used 2332 MB), Batch 4
[LIBGPUSPATIAL] [ 10681][17:58:22:707883][info  ] PIP(Used 2336 MB), Batch 5
[LIBGPUSPATIAL] [ 10685][17:58:22:708163][info  ] PIP(Used 2333 MB), Batch 5
[LIBGPUSPATIAL] [ 10688][17:58:22:710905][info  ] PIP(Used 2330 MB), Batch 6
[LIBGPUSPATIAL] [ 10684][17:58:22:724623][info  ] PIP(Used 2611 MB), Batch 6
[LIBGPUSPATIAL] [ 10685][17:58:22:724669][info  ] PIP(Used 2578 MB), Batch 6
[LIBGPUSPATIAL] [ 10686][17:58:22:724706][info  ] PIP(Used 2541 MB), Batch 5
[LIBGPUSPATIAL] [ 10683][17:58:22:724878][info  ] PIP(Used 2467 MB), Batch 5
[LIBGPUSPATIAL] [ 10682][17:58:22:724940][info  ] PIP(Used 2434 MB), Batch 6
[LIBGPUSPATIAL] [ 10681][17:58:22:725124][info  ] PIP(Used 2305 MB), Batch 6
[LIBGPUSPATIAL] [ 10687][17:58:22:725154][info  ] PIP(Used 2305 MB), Batch 5
[LIBGPUSPATIAL] [ 10687][17:58:22:739902][info  ] PIP(Used 2183 MB), Batch 6
[LIBGPUSPATIAL] [ 10683][17:58:22:739932][info  ] PIP(Used 2151 MB), Batch 6
[LIBGPUSPATIAL] [ 10686][17:58:22:739906][info  ] PIP(Used 2151 MB), Batch 6
[LIBGPUSPATIAL] [ 10688][17:58:23:135351][info  ] RTSpatialIndex 0x7d328400a800 (Used 1980 MB), Allocate result buffer, memory consumption 12 MB, capacity 1647532
[LIBGPUSPATIAL] [ 10688][17:58:23:140077][info  ] RTSpatialIndex 0x7d328400a800 (Used 1992 MB), Probe Points, Size: 1333333, Results: 1647532
[LIBGPUSPATIAL] [ 10688][17:58:23:166346][info  ] RTSpatialRefiner 0x7d3287d2a1b0 (Used 2005 MB), Loaded Geometries, ProbeArray 1333333, Loaded 840142, Type Point
[LIBGPUSPATIAL] [ 10688][17:58:23:167202][info  ] RTSpatialRefiner 0x7d3287d2a1b0 (Used 2011 MB), Evaluating 1647532 Geometry Pairs with Predicate Contains
[LIBGPUSPATIAL] [ 10688][17:58:23:167948][info  ] Unique multi-polygons 27830, memory quota 47 MB, estimated BVH size 304 MB, n_batches 7
[LIBGPUSPATIAL] [ 10688][17:58:23:168471][info  ] PIP(Used 2027 MB), Batch 0
[LIBGPUSPATIAL] [ 10688][17:58:23:172212][info  ] PIP(Used 2031 MB), Batch 1
[LIBGPUSPATIAL] [ 10688][17:58:23:177819][info  ] PIP(Used 2049 MB), Batch 2
[LIBGPUSPATIAL] [ 10684][17:58:23:196641][info  ] RTSpatialIndex 0x7d328400a800 (Used 2022 MB), Allocate result buffer, memory consumption 12 MB, capacity 1648531
[LIBGPUSPATIAL] [ 10688][17:58:23:199068][info  ] PIP(Used 2038 MB), Batch 3
[LIBGPUSPATIAL] [ 10684][17:58:23:203483][info  ] RTSpatialIndex 0x7d328400a800 (Used 2055 MB), Probe Points, Size: 1333333, Results: 1648531
[LIBGPUSPATIAL] [ 10688][17:58:23:212737][info  ] PIP(Used 2102 MB), Batch 4
[LIBGPUSPATIAL] [ 10681][17:58:23:213639][info  ] RTSpatialIndex 0x7d328400a800 (Used 2102 MB), Allocate result buffer, memory consumption 12 MB, capacity 1647217
[LIBGPUSPATIAL] [ 10685][17:58:23:214038][info  ] RTSpatialIndex 0x7d328400a800 (Used 2114 MB), Allocate result buffer, memory consumption 12 MB, capacity 1647434
[LIBGPUSPATIAL] [ 10687][17:58:23:214600][info  ] RTSpatialIndex 0x7d328400a800 (Used 2110 MB), Allocate result buffer, memory consumption 12 MB, capacity 1650372
[LIBGPUSPATIAL] [ 10682][17:58:23:214885][info  ] RTSpatialIndex 0x7d328400a800 (Used 2129 MB), Allocate result buffer, memory consumption 12 MB, capacity 1646922
[LIBGPUSPATIAL] [ 10681][17:58:23:219860][info  ] RTSpatialIndex 0x7d328400a800 (Used 2196 MB), Probe Points, Size: 1333333, Results: 1647217
[LIBGPUSPATIAL] [ 10685][17:58:23:222435][info  ] RTSpatialIndex 0x7d328400a800 (Used 2186 MB), Probe Points, Size: 1333333, Results: 1647434
[LIBGPUSPATIAL] [ 10687][17:58:23:225548][info  ] RTSpatialIndex 0x7d328400a800 (Used 2179 MB), Probe Points, Size: 1333333, Results: 1650372
[LIBGPUSPATIAL] [ 10688][17:58:23:226038][info  ] PIP(Used 2136 MB), Batch 5
[LIBGPUSPATIAL] [ 10682][17:58:23:230671][info  ] RTSpatialIndex 0x7d328400a800 (Used 2110 MB), Probe Points, Size: 1333333, Results: 1646922
[LIBGPUSPATIAL] [ 10684][17:58:23:233893][info  ] RTSpatialRefiner 0x7d3287d2a1b0 (Used 2077 MB), Loaded Geometries, ProbeArray 1333333, Loaded 841222, Type Point
[LIBGPUSPATIAL] [ 10684][17:58:23:235276][info  ] RTSpatialRefiner 0x7d3287d2a1b0 (Used 2140 MB), Evaluating 1648531 Geometry Pairs with Predicate Contains
[LIBGPUSPATIAL] [ 10684][17:58:23:236433][info  ] Unique multi-polygons 27847, memory quota 46 MB, estimated BVH size 308 MB, n_batches 7
[LIBGPUSPATIAL] [ 10683][17:58:23:240144][info  ] RTSpatialIndex 0x7d328400a800 (Used 2220 MB), Allocate result buffer, memory consumption 12 MB, capacity 1647944
[LIBGPUSPATIAL] [ 10688][17:58:23:240165][info  ] PIP(Used 2230 MB), Batch 6
[LIBGPUSPATIAL] [ 10684][17:58:23:240352][info  ] PIP(Used 2190 MB), Batch 0
[LIBGPUSPATIAL] [ 10686][17:58:23:241627][info  ] RTSpatialIndex 0x7d328400a800 (Used 2196 MB), Allocate result buffer, memory consumption 12 MB, capacity 1646511
[LIBGPUSPATIAL] [ 10684][17:58:23:251987][info  ] PIP(Used 2262 MB), Batch 1
[LIBGPUSPATIAL] [ 10686][17:58:23:252989][info  ] RTSpatialIndex 0x7d328400a800 (Used 2242 MB), Probe Points, Size: 1333333, Results: 1646511
[LIBGPUSPATIAL] [ 10683][17:58:23:259170][info  ] RTSpatialIndex 0x7d328400a800 (Used 2280 MB), Probe Points, Size: 1333333, Results: 1647944
[LIBGPUSPATIAL] [ 10681][17:58:23:262576][info  ] RTSpatialRefiner 0x7d3287d2a1b0 (Used 2215 MB), Loaded Geometries, ProbeArray 1333333, Loaded 839385, Type Point
[LIBGPUSPATIAL] [ 10681][17:58:23:263228][info  ] RTSpatialRefiner 0x7d3287d2a1b0 (Used 2222 MB), Evaluating 1647217 Geometry Pairs with Predicate Contains
[LIBGPUSPATIAL] [ 10684][17:58:23:267932][info  ] PIP(Used 2204 MB), Batch 2
[LIBGPUSPATIAL] [ 10681][17:58:23:269950][info  ] Unique multi-polygons 28033, memory quota 46 MB, estimated BVH size 306 MB, n_batches 7
[LIBGPUSPATIAL] [ 10681][17:58:23:270476][info  ] PIP(Used 2202 MB), Batch 0
[LIBGPUSPATIAL] [ 10687][17:58:23:275042][info  ] RTSpatialRefiner 0x7d3287d2a1b0 (Used 2200 MB), Loaded Geometries, ProbeArray 1333333, Loaded 841526, Type Point
[LIBGPUSPATIAL] [ 10687][17:58:23:277261][info  ] RTSpatialRefiner 0x7d3287d2a1b0 (Used 2206 MB), Evaluating 1650372 Geometry Pairs with Predicate Contains
[LIBGPUSPATIAL] [ 10687][17:58:23:279151][info  ] Unique multi-polygons 28128, memory quota 46 MB, estimated BVH size 306 MB, n_batches 7
[LIBGPUSPATIAL] [ 10685][17:58:23:283440][info  ] RTSpatialRefiner 0x7d3287d2a1b0 (Used 2281 MB), Loaded Geometries, ProbeArray 1333333, Loaded 839980, Type Point
[LIBGPUSPATIAL] [ 10685][17:58:23:284154][info  ] RTSpatialRefiner 0x7d3287d2a1b0 (Used 2287 MB), Evaluating 1647434 Geometry Pairs with Predicate Contains
[LIBGPUSPATIAL] [ 10685][17:58:23:284890][info  ] Unique multi-polygons 28078, memory quota 46 MB, estimated BVH size 304 MB, n_batches 7
[LIBGPUSPATIAL] [ 10687][17:58:23:285099][info  ] PIP(Used 2262 MB), Batch 0
[LIBGPUSPATIAL] [ 10682][17:58:23:287010][info  ] RTSpatialRefiner 0x7d3287d2a1b0 (Used 2260 MB), Loaded Geometries, ProbeArray 1333333, Loaded 839419, Type Point
[LIBGPUSPATIAL] [ 10682][17:58:23:287544][info  ] RTSpatialRefiner 0x7d3287d2a1b0 (Used 2266 MB), Evaluating 1646922 Geometry Pairs with Predicate Contains
[LIBGPUSPATIAL] [ 10682][17:58:23:288306][info  ] Unique multi-polygons 27979, memory quota 46 MB, estimated BVH size 303 MB, n_batches 7
[LIBGPUSPATIAL] [ 10682][17:58:23:288866][info  ] PIP(Used 2285 MB), Batch 0
[LIBGPUSPATIAL] [ 10685][17:58:23:289177][info  ] PIP(Used 2273 MB), Batch 0
[LIBGPUSPATIAL] [ 10687][17:58:23:290002][info  ] PIP(Used 2278 MB), Batch 1
[LIBGPUSPATIAL] [ 10684][17:58:23:291877][info  ] PIP(Used 2259 MB), Batch 3
[LIBGPUSPATIAL] [ 10686][17:58:23:295005][info  ] RTSpatialRefiner 0x7d3287d2a1b0 (Used 2255 MB), Loaded Geometries, ProbeArray 1333333, Loaded 839963, Type Point
[LIBGPUSPATIAL] [ 10686][17:58:23:297874][info  ] RTSpatialRefiner 0x7d3287d2a1b0 (Used 2262 MB), Evaluating 1646511 Geometry Pairs with Predicate Contains
[LIBGPUSPATIAL] [ 10685][17:58:23:298971][info  ] PIP(Used 2355 MB), Batch 1
[LIBGPUSPATIAL] [ 10681][17:58:23:299314][info  ] PIP(Used 2360 MB), Batch 1
[LIBGPUSPATIAL] [ 10684][17:58:23:300329][info  ] PIP(Used 2287 MB), Batch 4
[LIBGPUSPATIAL] [ 10683][17:58:23:300435][info  ] RTSpatialRefiner 0x7d3287d2a1b0 (Used 2268 MB), Loaded Geometries, ProbeArray 1333333, Loaded 839691, Type Point
[LIBGPUSPATIAL] [ 10683][17:58:23:301016][info  ] RTSpatialRefiner 0x7d3287d2a1b0 (Used 2302 MB), Evaluating 1647944 Geometry Pairs with Predicate Contains
[LIBGPUSPATIAL] [ 10682][17:58:23:301056][info  ] PIP(Used 2305 MB), Batch 1
[LIBGPUSPATIAL] [ 10686][17:58:23:303693][info  ] Unique multi-polygons 27657, memory quota 46 MB, estimated BVH size 304 MB, n_batches 7
[LIBGPUSPATIAL] [ 10686][17:58:23:304385][info  ] PIP(Used 2289 MB), Batch 0
[LIBGPUSPATIAL] [ 10687][17:58:23:304680][info  ] PIP(Used 2292 MB), Batch 2
[LIBGPUSPATIAL] [ 10681][17:58:23:307607][info  ] PIP(Used 2292 MB), Batch 2
[LIBGPUSPATIAL] [ 10685][17:58:23:309567][info  ] PIP(Used 2292 MB), Batch 2
[LIBGPUSPATIAL] [ 10684][17:58:23:312175][info  ] PIP(Used 2296 MB), Batch 5
[LIBGPUSPATIAL] [ 10682][17:58:23:313340][info  ] PIP(Used 2286 MB), Batch 2
[LIBGPUSPATIAL] [ 10683][17:58:23:314072][info  ] Unique multi-polygons 28031, memory quota 46 MB, estimated BVH size 305 MB, n_batches 7
[LIBGPUSPATIAL] [ 10686][17:58:23:315507][info  ] PIP(Used 2288 MB), Batch 1
[LIBGPUSPATIAL] [ 10683][17:58:23:315744][info  ] PIP(Used 2284 MB), Batch 0
[LIBGPUSPATIAL] [ 10687][17:58:23:330302][info  ] PIP(Used 2273 MB), Batch 3
[LIBGPUSPATIAL] [ 10681][17:58:23:331615][info  ] PIP(Used 2273 MB), Batch 3
[LIBGPUSPATIAL] [ 10687][17:58:23:341044][info  ] PIP(Used 2292 MB), Batch 4
[LIBGPUSPATIAL] [ 10682][17:58:23:341071][info  ] PIP(Used 2292 MB), Batch 3
[LIBGPUSPATIAL] [ 10684][17:58:23:345090][info  ] PIP(Used 2307 MB), Batch 6
[LIBGPUSPATIAL] [ 10681][17:58:23:345177][info  ] PIP(Used 2317 MB), Batch 4
[LIBGPUSPATIAL] [ 10685][17:58:23:345349][info  ] PIP(Used 2272 MB), Batch 3
[LIBGPUSPATIAL] [ 10683][17:58:23:351936][info  ] PIP(Used 2288 MB), Batch 1
[LIBGPUSPATIAL] [ 10686][17:58:23:356139][info  ] PIP(Used 2340 MB), Batch 2
[LIBGPUSPATIAL] [ 10682][17:58:23:356237][info  ] PIP(Used 2305 MB), Batch 4
[LIBGPUSPATIAL] [ 10687][17:58:23:360045][info  ] PIP(Used 2344 MB), Batch 5
[LIBGPUSPATIAL] [ 10685][17:58:23:360215][info  ] PIP(Used 2288 MB), Batch 4
[LIBGPUSPATIAL] [ 10681][17:58:23:363700][info  ] PIP(Used 2247 MB), Batch 5
[LIBGPUSPATIAL] [ 10682][17:58:23:367823][info  ] PIP(Used 2247 MB), Batch 5
[LIBGPUSPATIAL] [ 10685][17:58:23:370090][info  ] PIP(Used 2247 MB), Batch 5
[LIBGPUSPATIAL] [ 10683][17:58:23:370590][info  ] PIP(Used 2244 MB), Batch 2
[LIBGPUSPATIAL] [ 10687][17:58:23:371019][info  ] PIP(Used 2245 MB), Batch 6
[LIBGPUSPATIAL] [ 10681][17:58:23:374737][info  ] PIP(Used 2244 MB), Batch 6
[LIBGPUSPATIAL] [ 10682][17:58:23:379152][info  ] PIP(Used 2243 MB), Batch 6
[LIBGPUSPATIAL] [ 10685][17:58:23:380065][info  ] PIP(Used 2242 MB), Batch 6
[LIBGPUSPATIAL] [ 10683][17:58:23:397094][info  ] PIP(Used 2059 MB), Batch 3
[LIBGPUSPATIAL] [ 10686][17:58:23:397824][info  ] PIP(Used 2058 MB), Batch 3
[LIBGPUSPATIAL] [ 10683][17:58:23:407514][info  ] PIP(Used 2075 MB), Batch 4
[LIBGPUSPATIAL] [ 10686][17:58:23:408917][info  ] PIP(Used 2075 MB), Batch 4
[LIBGPUSPATIAL] [ 10683][17:58:23:417451][info  ] PIP(Used 2075 MB), Batch 5
[LIBGPUSPATIAL] [ 10686][17:58:23:421553][info  ] PIP(Used 2076 MB), Batch 5
[LIBGPUSPATIAL] [ 10683][17:58:23:423255][info  ] PIP(Used 2073 MB), Batch 6
[LIBGPUSPATIAL] [ 10686][17:58:23:427331][info  ] PIP(Used 2072 MB), Batch 6
[LIBGPUSPATIAL] [ 10688][17:58:23:694940][info  ] RTSpatialIndex 0x7d328400a800 (Used 1980 MB), Allocate result buffer, memory consumption 12 MB, capacity 1647602
[LIBGPUSPATIAL] [ 10688][17:58:23:698815][info  ] RTSpatialIndex 0x7d328400a800 (Used 1992 MB), Probe Points, Size: 1333333, Results: 1647602
[LIBGPUSPATIAL] [ 10688][17:58:23:730447][info  ] RTSpatialRefiner 0x7d3287d2a1b0 (Used 2005 MB), Loaded Geometries, ProbeArray 1333333, Loaded 840413, Type Point
[LIBGPUSPATIAL] [ 10688][17:58:23:731344][info  ] RTSpatialRefiner 0x7d3287d2a1b0 (Used 2011 MB), Evaluating 1647602 Geometry Pairs with Predicate Contains
[LIBGPUSPATIAL] [ 10688][17:58:23:732247][info  ] Unique multi-polygons 27940, memory quota 47 MB, estimated BVH size 305 MB, n_batches 7
[LIBGPUSPATIAL] [ 10688][17:58:23:732926][info  ] PIP(Used 2027 MB), Batch 0
[LIBGPUSPATIAL] [ 10688][17:58:23:736660][info  ] PIP(Used 2031 MB), Batch 1
[LIBGPUSPATIAL] [ 10688][17:58:23:743047][info  ] PIP(Used 2029 MB), Batch 2
[LIBGPUSPATIAL] [ 10688][17:58:23:762105][info  ] PIP(Used 2016 MB), Batch 3
[LIBGPUSPATIAL] [ 10688][17:58:23:768908][info  ] PIP(Used 2032 MB), Batch 4
[LIBGPUSPATIAL] [ 10688][17:58:23:774278][info  ] PIP(Used 2033 MB), Batch 5
[LIBGPUSPATIAL] [ 10688][17:58:23:779492][info  ] PIP(Used 2030 MB), Batch 6
[LIBGPUSPATIAL] [ 10684][17:58:23:783938][info  ] RTSpatialIndex 0x7d328400a800 (Used 2022 MB), Allocate result buffer, memory consumption 12 MB, capacity 1648005
[LIBGPUSPATIAL] [ 10684][17:58:23:787406][info  ] RTSpatialIndex 0x7d328400a800 (Used 1992 MB), Probe Points, Size: 1333333, Results: 1648005
[LIBGPUSPATIAL] [ 10684][17:58:23:819774][info  ] RTSpatialRefiner 0x7d3287d2a1b0 (Used 2025 MB), Loaded Geometries, ProbeArray 1333333, Loaded 840413, Type Point
[LIBGPUSPATIAL] [ 10684][17:58:23:822474][info  ] RTSpatialRefiner 0x7d3287d2a1b0 (Used 2022 MB), Evaluating 1648005 Geometry Pairs with Predicate Contains
[LIBGPUSPATIAL] [ 10681][17:58:23:822801][info  ] RTSpatialIndex 0x7d328400a800 (Used 2028 MB), Allocate result buffer, memory consumption 12 MB, capacity 1646116
[LIBGPUSPATIAL] [ 10684][17:58:23:823695][info  ] Unique multi-polygons 27907, memory quota 47 MB, estimated BVH size 305 MB, n_batches 7
[LIBGPUSPATIAL] [ 10684][17:58:23:825301][info  ] PIP(Used 2049 MB), Batch 0
[LIBGPUSPATIAL] [ 10681][17:58:23:829603][info  ] RTSpatialIndex 0x7d328400a800 (Used 2109 MB), Probe Points, Size: 1333333, Results: 1646116
[LIBGPUSPATIAL] [ 10684][17:58:23:830048][info  ] PIP(Used 2052 MB), Batch 1
[LIBGPUSPATIAL] [ 10687][17:58:23:835057][info  ] RTSpatialIndex 0x7d328400a800 (Used 2029 MB), Allocate result buffer, memory consumption 12 MB, capacity 1648251
[LIBGPUSPATIAL] [ 10684][17:58:23:837417][info  ] PIP(Used 2065 MB), Batch 2
[LIBGPUSPATIAL] [ 10687][17:58:23:840234][info  ] RTSpatialIndex 0x7d328400a800 (Used 2054 MB), Probe Points, Size: 1333333, Results: 1648251
[LIBGPUSPATIAL] [ 10684][17:58:23:862300][info  ] PIP(Used 2081 MB), Batch 3
[LIBGPUSPATIAL] [ 10685][17:58:23:862812][info  ] RTSpatialIndex 0x7d328400a800 (Used 2073 MB), Allocate result buffer, memory consumption 12 MB, capacity 1645557
[LIBGPUSPATIAL] [ 10685][17:58:23:873380][info  ] RTSpatialIndex 0x7d328400a800 (Used 2154 MB), Probe Points, Size: 1333333, Results: 1645557
[LIBGPUSPATIAL] [ 10681][17:58:23:874122][info  ] RTSpatialRefiner 0x7d3287d2a1b0 (Used 2144 MB), Loaded Geometries, ProbeArray 1333333, Loaded 839804, Type Point
[LIBGPUSPATIAL] [ 10684][17:58:23:874275][info  ] PIP(Used 2096 MB), Batch 4
[LIBGPUSPATIAL] [ 10682][17:58:23:874586][info  ] RTSpatialIndex 0x7d328400a800 (Used 2096 MB), Allocate result buffer, memory consumption 12 MB, capacity 1646166
[LIBGPUSPATIAL] [ 10681][17:58:23:878198][info  ] RTSpatialRefiner 0x7d3287d2a1b0 (Used 2150 MB), Evaluating 1646116 Geometry Pairs with Predicate Contains
[LIBGPUSPATIAL] [ 10681][17:58:23:879624][info  ] Unique multi-polygons 27682, memory quota 46 MB, estimated BVH size 304 MB, n_batches 7
[LIBGPUSPATIAL] [ 10684][17:58:23:880613][info  ] PIP(Used 2195 MB), Batch 5
[LIBGPUSPATIAL] [ 10681][17:58:23:880670][info  ] PIP(Used 2169 MB), Batch 0
[LIBGPUSPATIAL] [ 10682][17:58:23:885055][info  ] RTSpatialIndex 0x7d328400a800 (Used 2185 MB), Probe Points, Size: 1333333, Results: 1646166
[LIBGPUSPATIAL] [ 10683][17:58:23:891429][info  ] RTSpatialIndex 0x7d328400a800 (Used 2140 MB), Allocate result buffer, memory consumption 12 MB, capacity 1641655
[LIBGPUSPATIAL] [ 10687][17:58:23:893951][info  ] RTSpatialRefiner 0x7d3287d2a1b0 (Used 2230 MB), Loaded Geometries, ProbeArray 1333333, Loaded 840587, Type Point
[LIBGPUSPATIAL] [ 10681][17:58:23:893954][info  ] PIP(Used 2230 MB), Batch 1
[LIBGPUSPATIAL] [ 10686][17:58:23:894862][info  ] RTSpatialIndex 0x7d328400a800 (Used 2236 MB), Allocate result buffer, memory consumption 12 MB, capacity 1646504
[LIBGPUSPATIAL] [ 10687][17:58:23:895372][info  ] RTSpatialRefiner 0x7d3287d2a1b0 (Used 2242 MB), Evaluating 1648251 Geometry Pairs with Predicate Contains
[LIBGPUSPATIAL] [ 10687][17:58:23:899214][info  ] Unique multi-polygons 27851, memory quota 46 MB, estimated BVH size 304 MB, n_batches 7
[LIBGPUSPATIAL] [ 10684][17:58:23:900218][info  ] PIP(Used 2292 MB), Batch 6
[LIBGPUSPATIAL] [ 10687][17:58:23:900378][info  ] PIP(Used 2247 MB), Batch 0
[LIBGPUSPATIAL] [ 10683][17:58:23:908671][info  ] RTSpatialIndex 0x7d328400a800 (Used 2285 MB), Probe Points, Size: 1333333, Results: 1641655
[LIBGPUSPATIAL] [ 10681][17:58:23:911967][info  ] PIP(Used 2279 MB), Batch 2
[LIBGPUSPATIAL] [ 10686][17:58:23:914582][info  ] RTSpatialIndex 0x7d328400a800 (Used 2275 MB), Probe Points, Size: 1333333, Results: 1646504
[LIBGPUSPATIAL] [ 10682][17:58:23:932295][info  ] RTSpatialRefiner 0x7d3287d2a1b0 (Used 2214 MB), Loaded Geometries, ProbeArray 1333333, Loaded 840209, Type Point
[LIBGPUSPATIAL] [ 10685][17:58:23:934436][info  ] RTSpatialRefiner 0x7d3287d2a1b0 (Used 2233 MB), Loaded Geometries, ProbeArray 1333333, Loaded 839929, Type Point
[LIBGPUSPATIAL] [ 10682][17:58:23:934862][info  ] RTSpatialRefiner 0x7d3287d2a1b0 (Used 2239 MB), Evaluating 1646166 Geometry Pairs with Predicate Contains
[LIBGPUSPATIAL] [ 10685][17:58:23:936189][info  ] RTSpatialRefiner 0x7d3287d2a1b0 (Used 2246 MB), Evaluating 1645557 Geometry Pairs with Predicate Contains
[LIBGPUSPATIAL] [ 10682][17:58:23:936834][info  ] Unique multi-polygons 27841, memory quota 46 MB, estimated BVH size 305 MB, n_batches 7
[LIBGPUSPATIAL] [ 10687][17:58:23:937082][info  ] PIP(Used 2236 MB), Batch 1
[LIBGPUSPATIAL] [ 10682][17:58:23:937445][info  ] PIP(Used 2225 MB), Batch 0
[LIBGPUSPATIAL] [ 10685][17:58:23:938511][info  ] Unique multi-polygons 27739, memory quota 46 MB, estimated BVH size 304 MB, n_batches 7
[LIBGPUSPATIAL] [ 10681][17:58:23:938571][info  ] PIP(Used 2199 MB), Batch 3
[LIBGPUSPATIAL] [ 10685][17:58:23:939480][info  ] PIP(Used 2210 MB), Batch 0
[LIBGPUSPATIAL] [ 10687][17:58:23:945717][info  ] PIP(Used 2245 MB), Batch 2
[LIBGPUSPATIAL] [ 10681][17:58:23:945823][info  ] PIP(Used 2249 MB), Batch 4
[LIBGPUSPATIAL] [ 10682][17:58:23:947291][info  ] PIP(Used 2231 MB), Batch 1
[LIBGPUSPATIAL] [ 10685][17:58:23:953074][info  ] PIP(Used 2231 MB), Batch 1
[LIBGPUSPATIAL] [ 10683][17:58:23:954951][info  ] RTSpatialRefiner 0x7d3287d2a1b0 (Used 2268 MB), Loaded Geometries, ProbeArray 1333333, Loaded 838064, Type Point
[LIBGPUSPATIAL] [ 10683][17:58:23:956903][info  ] RTSpatialRefiner 0x7d3287d2a1b0 (Used 2322 MB), Evaluating 1641655 Geometry Pairs with Predicate Contains
[LIBGPUSPATIAL] [ 10681][17:58:23:956944][info  ] PIP(Used 2299 MB), Batch 5
[LIBGPUSPATIAL] [ 10682][17:58:23:958090][info  ] PIP(Used 2242 MB), Batch 2
[LIBGPUSPATIAL] [ 10683][17:58:23:960106][info  ] Unique multi-polygons 28017, memory quota 46 MB, estimated BVH size 306 MB, n_batches 7
[LIBGPUSPATIAL] [ 10685][17:58:23:961054][info  ] PIP(Used 2236 MB), Batch 2
[LIBGPUSPATIAL] [ 10683][17:58:23:961258][info  ] PIP(Used 2234 MB), Batch 0
[LIBGPUSPATIAL] [ 10686][17:58:23:964611][info  ] RTSpatialRefiner 0x7d3287d2a1b0 (Used 2269 MB), Loaded Geometries, ProbeArray 1333333, Loaded 839426, Type Point
[LIBGPUSPATIAL] [ 10686][17:58:23:965261][info  ] RTSpatialRefiner 0x7d3287d2a1b0 (Used 2276 MB), Evaluating 1646504 Geometry Pairs with Predicate Contains
[LIBGPUSPATIAL] [ 10681][17:58:23:966711][info  ] PIP(Used 2303 MB), Batch 6
[LIBGPUSPATIAL] [ 10683][17:58:23:966884][info  ] PIP(Used 2263 MB), Batch 1
[LIBGPUSPATIAL] [ 10686][17:58:23:967711][info  ] Unique multi-polygons 27627, memory quota 46 MB, estimated BVH size 303 MB, n_batches 7
[LIBGPUSPATIAL] [ 10686][17:58:23:971473][info  ] PIP(Used 2198 MB), Batch 0
[LIBGPUSPATIAL] [ 10683][17:58:23:974558][info  ] PIP(Used 2201 MB), Batch 2
[LIBGPUSPATIAL] [ 10686][17:58:23:975373][info  ] PIP(Used 2202 MB), Batch 1
[LIBGPUSPATIAL] [ 10687][17:58:23:979136][info  ] PIP(Used 2187 MB), Batch 3
[LIBGPUSPATIAL] [ 10686][17:58:23:984480][info  ] PIP(Used 2200 MB), Batch 2
[LIBGPUSPATIAL] [ 10682][17:58:23:985308][info  ] PIP(Used 2187 MB), Batch 3
[LIBGPUSPATIAL] [ 10687][17:58:23:986374][info  ] PIP(Used 2203 MB), Batch 4
[LIBGPUSPATIAL] [ 10685][17:58:23:994343][info  ] PIP(Used 2195 MB), Batch 3
[LIBGPUSPATIAL] [ 10682][17:58:23:994529][info  ] PIP(Used 2204 MB), Batch 4
[LIBGPUSPATIAL] [ 10687][17:58:24:001781][info  ] PIP(Used 2268 MB), Batch 5
[LIBGPUSPATIAL] [ 10683][17:58:24:001854][info  ] PIP(Used 2262 MB), Batch 3
[LIBGPUSPATIAL] [ 10685][17:58:24:001901][info  ] PIP(Used 2227 MB), Batch 4
[LIBGPUSPATIAL] [ 10682][17:58:24:011295][info  ] PIP(Used 2276 MB), Batch 5
[LIBGPUSPATIAL] [ 10685][17:58:24:011394][info  ] PIP(Used 2239 MB), Batch 5
[LIBGPUSPATIAL] [ 10687][17:58:24:011647][info  ] PIP(Used 2222 MB), Batch 6
[LIBGPUSPATIAL] [ 10683][17:58:24:011884][info  ] PIP(Used 2202 MB), Batch 4
[LIBGPUSPATIAL] [ 10686][17:58:24:018398][info  ] PIP(Used 2186 MB), Batch 3
[LIBGPUSPATIAL] [ 10685][17:58:24:019868][info  ] PIP(Used 2158 MB), Batch 6
[LIBGPUSPATIAL] [ 10682][17:58:24:026349][info  ] PIP(Used 2178 MB), Batch 6
[LIBGPUSPATIAL] [ 10683][17:58:24:026427][info  ] PIP(Used 2178 MB), Batch 5
[LIBGPUSPATIAL] [ 10686][17:58:24:028320][info  ] PIP(Used 2158 MB), Batch 4
[LIBGPUSPATIAL] [ 10683][17:58:24:034238][info  ] PIP(Used 2073 MB), Batch 6
[LIBGPUSPATIAL] [ 10686][17:58:24:036524][info  ] PIP(Used 2074 MB), Batch 5
[LIBGPUSPATIAL] [ 10686][17:58:24:042657][info  ] PIP(Used 2030 MB), Batch 6
[LIBGPUSPATIAL] [ 10688][17:58:24:225661][info  ] RTSpatialIndex 0x7d328400a800 (Used 1980 MB), Allocate result buffer, memory consumption 12 MB, capacity 1646457
[LIBGPUSPATIAL] [ 10688][17:58:24:228185][info  ] RTSpatialIndex 0x7d328400a800 (Used 1992 MB), Probe Points, Size: 1333333, Results: 1646457
[LIBGPUSPATIAL] [ 10688][17:58:24:259080][info  ] RTSpatialRefiner 0x7d3287d2a1b0 (Used 2005 MB), Loaded Geometries, ProbeArray 1333333, Loaded 839697, Type Point
[LIBGPUSPATIAL] [ 10688][17:58:24:259697][info  ] RTSpatialRefiner 0x7d3287d2a1b0 (Used 2011 MB), Evaluating 1646457 Geometry Pairs with Predicate Contains
[LIBGPUSPATIAL] [ 10688][17:58:24:260416][info  ] Unique multi-polygons 27930, memory quota 47 MB, estimated BVH size 304 MB, n_batches 7
[LIBGPUSPATIAL] [ 10688][17:58:24:260995][info  ] PIP(Used 2027 MB), Batch 0
[LIBGPUSPATIAL] [ 10688][17:58:24:264729][info  ] PIP(Used 2031 MB), Batch 1
[LIBGPUSPATIAL] [ 10688][17:58:24:272882][info  ] PIP(Used 2029 MB), Batch 2
[LIBGPUSPATIAL] [ 10688][17:58:24:294772][info  ] PIP(Used 2016 MB), Batch 3
[LIBGPUSPATIAL] [ 10688][17:58:24:301313][info  ] PIP(Used 2032 MB), Batch 4
[LIBGPUSPATIAL] [ 10688][17:58:24:306650][info  ] PIP(Used 2033 MB), Batch 5
[LIBGPUSPATIAL] [ 10688][17:58:24:311784][info  ] PIP(Used 2030 MB), Batch 6
[LIBGPUSPATIAL] [ 10684][17:58:24:381594][info  ] RTSpatialIndex 0x7d328400a800 (Used 1980 MB), Allocate result buffer, memory consumption 12 MB, capacity 1645329
[LIBGPUSPATIAL] [ 10684][17:58:24:383900][info  ] RTSpatialIndex 0x7d328400a800 (Used 1992 MB), Probe Points, Size: 1333333, Results: 1645329
[LIBGPUSPATIAL] [ 10684][17:58:24:411328][info  ] RTSpatialRefiner 0x7d3287d2a1b0 (Used 2005 MB), Loaded Geometries, ProbeArray 1333333, Loaded 839287, Type Point
[LIBGPUSPATIAL] [ 10684][17:58:24:411919][info  ] RTSpatialRefiner 0x7d3287d2a1b0 (Used 2011 MB), Evaluating 1645329 Geometry Pairs with Predicate Contains
[LIBGPUSPATIAL] [ 10684][17:58:24:412713][info  ] Unique multi-polygons 27625, memory quota 47 MB, estimated BVH size 303 MB, n_batches 7
[LIBGPUSPATIAL] [ 10684][17:58:24:413317][info  ] PIP(Used 2027 MB), Batch 0
[LIBGPUSPATIAL] [ 10684][17:58:24:418417][info  ] PIP(Used 2051 MB), Batch 1
[LIBGPUSPATIAL] [ 10681][17:58:24:423220][info  ] RTSpatialIndex 0x7d328400a800 (Used 2022 MB), Allocate result buffer, memory consumption 12 MB, capacity 1645207
[LIBGPUSPATIAL] [ 10684][17:58:24:424033][info  ] PIP(Used 2052 MB), Batch 2
[LIBGPUSPATIAL] [ 10681][17:58:24:426588][info  ] RTSpatialIndex 0x7d328400a800 (Used 2035 MB), Probe Points, Size: 1333333, Results: 1645207
[LIBGPUSPATIAL] [ 10684][17:58:24:443351][info  ] PIP(Used 2028 MB), Batch 3
[LIBGPUSPATIAL] [ 10684][17:58:24:450146][info  ] PIP(Used 2051 MB), Batch 4
[LIBGPUSPATIAL] [ 10684][17:58:24:457062][info  ] PIP(Used 2079 MB), Batch 5
[LIBGPUSPATIAL] [ 10687][17:58:24:460506][info  ] RTSpatialIndex 0x7d328400a800 (Used 2058 MB), Allocate result buffer, memory consumption 12 MB, capacity 1646862
[LIBGPUSPATIAL] [ 10684][17:58:24:461417][info  ] PIP(Used 2088 MB), Batch 6
[LIBGPUSPATIAL] [ 10687][17:58:24:464377][info  ] RTSpatialIndex 0x7d328400a800 (Used 2070 MB), Probe Points, Size: 1333333, Results: 1646862
[LIBGPUSPATIAL] [ 10681][17:58:24:478717][info  ] RTSpatialRefiner 0x7d3287d2a1b0 (Used 2024 MB), Loaded Geometries, ProbeArray 1333333, Loaded 839661, Type Point
[LIBGPUSPATIAL] [ 10681][17:58:24:480199][info  ] RTSpatialRefiner 0x7d3287d2a1b0 (Used 2030 MB), Evaluating 1645207 Geometry Pairs with Predicate Contains
[LIBGPUSPATIAL] [ 10681][17:58:24:481027][info  ] Unique multi-polygons 27762, memory quota 47 MB, estimated BVH size 304 MB, n_batches 7
[LIBGPUSPATIAL] [ 10681][17:58:24:481656][info  ] PIP(Used 2062 MB), Batch 0
[LIBGPUSPATIAL] [ 10681][17:58:24:485359][info  ] PIP(Used 2067 MB), Batch 1
[LIBGPUSPATIAL] [ 10681][17:58:24:492275][info  ] PIP(Used 2065 MB), Batch 2
[LIBGPUSPATIAL] [ 10687][17:58:24:501069][info  ] RTSpatialRefiner 0x7d3287d2a1b0 (Used 2068 MB), Loaded Geometries, ProbeArray 1333333, Loaded 839890, Type Point
[LIBGPUSPATIAL] [ 10687][17:58:24:514798][info  ] RTSpatialRefiner 0x7d3287d2a1b0 (Used 2094 MB), Evaluating 1646862 Geometry Pairs with Predicate Contains
[LIBGPUSPATIAL] [ 10687][17:58:24:515605][info  ] Unique multi-polygons 27970, memory quota 47 MB, estimated BVH size 307 MB, n_batches 7
[LIBGPUSPATIAL] [ 10681][17:58:24:520475][info  ] PIP(Used 2150 MB), Batch 3
[LIBGPUSPATIAL] [ 10687][17:58:24:521880][info  ] PIP(Used 2124 MB), Batch 0
[LIBGPUSPATIAL] [ 10683][17:58:24:522774][info  ] RTSpatialIndex 0x7d328400a800 (Used 2124 MB), Allocate result buffer, memory consumption 12 MB, capacity 1645742
[LIBGPUSPATIAL] [ 10685][17:58:24:527997][info  ] RTSpatialIndex 0x7d328400a800 (Used 2123 MB), Allocate result buffer, memory consumption 12 MB, capacity 1648385
[LIBGPUSPATIAL] [ 10682][17:58:24:530885][info  ] RTSpatialIndex 0x7d328400a800 (Used 2176 MB), Allocate result buffer, memory consumption 12 MB, capacity 1648121
[LIBGPUSPATIAL] [ 10686][17:58:24:532610][info  ] RTSpatialIndex 0x7d328400a800 (Used 2236 MB), Allocate result buffer, memory consumption 12 MB, capacity 1646753
[LIBGPUSPATIAL] [ 10683][17:58:24:533182][info  ] RTSpatialIndex 0x7d328400a800 (Used 2248 MB), Probe Points, Size: 1333348, Results: 1645742
[LIBGPUSPATIAL] [ 10681][17:58:24:533566][info  ] PIP(Used 2196 MB), Batch 4
[LIBGPUSPATIAL] [ 10687][17:58:24:533638][info  ] PIP(Used 2162 MB), Batch 1
[LIBGPUSPATIAL] [ 10686][17:58:24:542496][info  ] RTSpatialIndex 0x7d328400a800 (Used 2248 MB), Probe Points, Size: 1333333, Results: 1646753
[LIBGPUSPATIAL] [ 10685][17:58:24:543295][info  ] RTSpatialIndex 0x7d328400a800 (Used 2225 MB), Probe Points, Size: 1333333, Results: 1648385
[LIBGPUSPATIAL] [ 10681][17:58:24:543821][info  ] PIP(Used 2165 MB), Batch 5
[LIBGPUSPATIAL] [ 10687][17:58:24:543982][info  ] PIP(Used 2134 MB), Batch 2
[LIBGPUSPATIAL] [ 10682][17:58:24:546914][info  ] RTSpatialIndex 0x7d328400a800 (Used 2109 MB), Probe Points, Size: 1333333, Results: 1648121
[LIBGPUSPATIAL] [ 10681][17:58:24:568085][info  ] PIP(Used 2168 MB), Batch 6
[LIBGPUSPATIAL] [ 10687][17:58:24:571372][info  ] PIP(Used 2150 MB), Batch 3
[LIBGPUSPATIAL] [ 10683][17:58:24:572912][info  ] RTSpatialRefiner 0x7d3287d2a1b0 (Used 2167 MB), Loaded Geometries, ProbeArray 1333348, Loaded 839633, Type Point
[LIBGPUSPATIAL] [ 10683][17:58:24:575505][info  ] RTSpatialRefiner 0x7d3287d2a1b0 (Used 2144 MB), Evaluating 1645742 Geometry Pairs with Predicate Contains
[LIBGPUSPATIAL] [ 10683][17:58:24:579526][info  ] Unique multi-polygons 28150, memory quota 46 MB, estimated BVH size 306 MB, n_batches 7
[LIBGPUSPATIAL] [ 10683][17:58:24:580117][info  ] PIP(Used 2198 MB), Batch 0
[LIBGPUSPATIAL] [ 10687][17:58:24:581901][info  ] PIP(Used 2182 MB), Batch 4
[LIBGPUSPATIAL] [ 10687][17:58:24:586063][info  ] PIP(Used 2183 MB), Batch 5
[LIBGPUSPATIAL] [ 10683][17:58:24:586402][info  ] PIP(Used 2181 MB), Batch 1
[LIBGPUSPATIAL] [ 10687][17:58:24:592341][info  ] PIP(Used 2180 MB), Batch 6
[LIBGPUSPATIAL] [ 10683][17:58:24:594715][info  ] PIP(Used 2178 MB), Batch 2
[LIBGPUSPATIAL] [ 10682][17:58:24:604014][info  ] RTSpatialRefiner 0x7d3287d2a1b0 (Used 2119 MB), Loaded Geometries, ProbeArray 1333333, Loaded 840308, Type Point
[LIBGPUSPATIAL] [ 10682][17:58:24:604879][info  ] RTSpatialRefiner 0x7d3287d2a1b0 (Used 2126 MB), Evaluating 1648121 Geometry Pairs with Predicate Contains
[LIBGPUSPATIAL] [ 10682][17:58:24:605675][info  ] Unique multi-polygons 28005, memory quota 46 MB, estimated BVH size 304 MB, n_batches 7
[LIBGPUSPATIAL] [ 10685][17:58:24:606563][info  ] RTSpatialRefiner 0x7d3287d2a1b0 (Used 2167 MB), Loaded Geometries, ProbeArray 1333333, Loaded 840314, Type Point
[LIBGPUSPATIAL] [ 10686][17:58:24:607989][info  ] RTSpatialRefiner 0x7d3287d2a1b0 (Used 2174 MB), Loaded Geometries, ProbeArray 1333333, Loaded 840101, Type Point
[LIBGPUSPATIAL] [ 10685][17:58:24:608403][info  ] RTSpatialRefiner 0x7d3287d2a1b0 (Used 2180 MB), Evaluating 1648385 Geometry Pairs with Predicate Contains
[LIBGPUSPATIAL] [ 10686][17:58:24:609053][info  ] RTSpatialRefiner 0x7d3287d2a1b0 (Used 2180 MB), Evaluating 1646753 Geometry Pairs with Predicate Contains
[LIBGPUSPATIAL] [ 10682][17:58:24:609121][info  ] PIP(Used 2166 MB), Batch 0
[LIBGPUSPATIAL] [ 10685][17:58:24:609242][info  ] Unique multi-polygons 28147, memory quota 46 MB, estimated BVH size 306 MB, n_batches 7
[LIBGPUSPATIAL] [ 10686][17:58:24:609854][info  ] Unique multi-polygons 28203, memory quota 46 MB, estimated BVH size 307 MB, n_batches 7
[LIBGPUSPATIAL] [ 10685][17:58:24:609860][info  ] PIP(Used 2155 MB), Batch 0
[LIBGPUSPATIAL] [ 10686][17:58:24:610384][info  ] PIP(Used 2155 MB), Batch 0
[LIBGPUSPATIAL] [ 10685][17:58:24:614609][info  ] PIP(Used 2160 MB), Batch 1
[LIBGPUSPATIAL] [ 10686][17:58:24:615776][info  ] PIP(Used 2160 MB), Batch 1
[LIBGPUSPATIAL] [ 10683][17:58:24:617182][info  ] PIP(Used 2144 MB), Batch 3
[LIBGPUSPATIAL] [ 10682][17:58:24:625002][info  ] PIP(Used 2207 MB), Batch 1
[LIBGPUSPATIAL] [ 10685][17:58:24:625084][info  ] PIP(Used 2176 MB), Batch 2
[LIBGPUSPATIAL] [ 10683][17:58:24:626109][info  ] PIP(Used 2160 MB), Batch 4
[LIBGPUSPATIAL] [ 10686][17:58:24:626354][info  ] PIP(Used 2158 MB), Batch 2
[LIBGPUSPATIAL] [ 10682][17:58:24:637151][info  ] PIP(Used 2158 MB), Batch 2
[LIBGPUSPATIAL] [ 10683][17:58:24:640813][info  ] PIP(Used 2161 MB), Batch 5
[LIBGPUSPATIAL] [ 10685][17:58:24:651396][info  ] PIP(Used 2144 MB), Batch 3
[LIBGPUSPATIAL] [ 10686][17:58:24:658702][info  ] PIP(Used 2199 MB), Batch 3
[LIBGPUSPATIAL] [ 10685][17:58:24:658770][info  ] PIP(Used 2164 MB), Batch 4
[LIBGPUSPATIAL] [ 10685][17:58:24:666647][info  ] PIP(Used 2222 MB), Batch 5
[LIBGPUSPATIAL] [ 10682][17:58:24:666705][info  ] PIP(Used 2216 MB), Batch 3
[LIBGPUSPATIAL] [ 10683][17:58:24:666752][info  ] PIP(Used 2183 MB), Batch 6
[LIBGPUSPATIAL] [ 10686][17:58:24:667075][info  ] PIP(Used 2160 MB), Batch 4
[LIBGPUSPATIAL] [ 10682][17:58:24:678214][info  ] PIP(Used 2135 MB), Batch 4
[LIBGPUSPATIAL] [ 10685][17:58:24:678222][info  ] PIP(Used 2135 MB), Batch 6
[LIBGPUSPATIAL] [ 10686][17:58:24:681009][info  ] PIP(Used 2117 MB), Batch 5
[LIBGPUSPATIAL] [ 10682][17:58:24:685665][info  ] PIP(Used 2076 MB), Batch 5
[LIBGPUSPATIAL] [ 10686][17:58:24:687187][info  ] PIP(Used 2073 MB), Batch 6
[LIBGPUSPATIAL] [ 10682][17:58:24:691414][info  ] PIP(Used 2072 MB), Batch 6
[LIBGPUSPATIAL] [ 10688][17:58:24:812981][info  ] RTSpatialIndex 0x7d328400a800 (Used 1980 MB), Allocate result buffer, memory consumption 12 MB, capacity 1647709
[LIBGPUSPATIAL] [ 10688][17:58:24:816716][info  ] RTSpatialIndex 0x7d328400a800 (Used 1992 MB), Probe Points, Size: 1333333, Results: 1647709
[LIBGPUSPATIAL] [ 10688][17:58:24:857269][info  ] RTSpatialRefiner 0x7d3287d2a1b0 (Used 2005 MB), Loaded Geometries, ProbeArray 1333333, Loaded 839838, Type Point
[LIBGPUSPATIAL] [ 10688][17:58:24:858087][info  ] RTSpatialRefiner 0x7d3287d2a1b0 (Used 2011 MB), Evaluating 1647709 Geometry Pairs with Predicate Contains
[LIBGPUSPATIAL] [ 10688][17:58:24:858889][info  ] Unique multi-polygons 27796, memory quota 47 MB, estimated BVH size 304 MB, n_batches 7
[LIBGPUSPATIAL] [ 10688][17:58:24:859411][info  ] PIP(Used 2027 MB), Batch 0
[LIBGPUSPATIAL] [ 10688][17:58:24:863537][info  ] PIP(Used 2031 MB), Batch 1
[LIBGPUSPATIAL] [ 10688][17:58:24:870103][info  ] PIP(Used 2029 MB), Batch 2
[LIBGPUSPATIAL] [ 10688][17:58:24:889304][info  ] PIP(Used 2016 MB), Batch 3
[LIBGPUSPATIAL] [ 10688][17:58:24:896151][info  ] PIP(Used 2032 MB), Batch 4
[LIBGPUSPATIAL] [ 10688][17:58:24:901339][info  ] PIP(Used 2043 MB), Batch 5
[LIBGPUSPATIAL] [ 10684][17:58:24:903479][info  ] RTSpatialIndex 0x7d328400a800 (Used 2043 MB), Allocate result buffer, memory consumption 12 MB, capacity 1645498
[LIBGPUSPATIAL] [ 10688][17:58:24:907798][info  ] PIP(Used 2053 MB), Batch 6
[LIBGPUSPATIAL] [ 10684][17:58:24:908937][info  ] RTSpatialIndex 0x7d328400a800 (Used 2034 MB), Probe Points, Size: 1333333, Results: 1645498
[LIBGPUSPATIAL] [ 10684][17:58:24:944531][info  ] RTSpatialRefiner 0x7d3287d2a1b0 (Used 2005 MB), Loaded Geometries, ProbeArray 1333333, Loaded 839691, Type Point
[LIBGPUSPATIAL] [ 10684][17:58:24:945856][info  ] RTSpatialRefiner 0x7d3287d2a1b0 (Used 2011 MB), Evaluating 1645498 Geometry Pairs with Predicate Contains
[LIBGPUSPATIAL] [ 10684][17:58:24:946692][info  ] Unique multi-polygons 27910, memory quota 47 MB, estimated BVH size 305 MB, n_batches 7
[LIBGPUSPATIAL] [ 10684][17:58:24:947416][info  ] PIP(Used 2027 MB), Batch 0
[LIBGPUSPATIAL] [ 10684][17:58:24:951213][info  ] PIP(Used 2031 MB), Batch 1
[LIBGPUSPATIAL] [ 10684][17:58:24:958778][info  ] PIP(Used 2029 MB), Batch 2
[LIBGPUSPATIAL] [ 10684][17:58:24:980282][info  ] PIP(Used 2016 MB), Batch 3
[LIBGPUSPATIAL] [ 10684][17:58:24:987046][info  ] PIP(Used 2031 MB), Batch 4
[LIBGPUSPATIAL] [ 10684][17:58:24:992386][info  ] PIP(Used 2033 MB), Batch 5
[LIBGPUSPATIAL] [ 10684][17:58:24:997649][info  ] PIP(Used 2030 MB), Batch 6
[LIBGPUSPATIAL] [ 10687][17:58:25:041897][info  ] RTSpatialIndex 0x7d328400a800 (Used 1980 MB), Allocate result buffer, memory consumption 12 MB, capacity 1645024
[LIBGPUSPATIAL] [ 10687][17:58:25:044495][info  ] RTSpatialIndex 0x7d328400a800 (Used 1992 MB), Probe Points, Size: 1333333, Results: 1645024
[LIBGPUSPATIAL] [ 10681][17:58:25:059168][info  ] RTSpatialIndex 0x7d328400a800 (Used 2015 MB), Allocate result buffer, memory consumption 12 MB, capacity 1647960
[LIBGPUSPATIAL] [ 10681][17:58:25:061588][info  ] RTSpatialIndex 0x7d328400a800 (Used 2028 MB), Probe Points, Size: 1333333, Results: 1647960
[LIBGPUSPATIAL] [ 10687][17:58:25:075977][info  ] RTSpatialRefiner 0x7d3287d2a1b0 (Used 2041 MB), Loaded Geometries, ProbeArray 1333333, Loaded 838838, Type Point
[LIBGPUSPATIAL] [ 10687][17:58:25:076713][info  ] RTSpatialRefiner 0x7d3287d2a1b0 (Used 2047 MB), Evaluating 1645024 Geometry Pairs with Predicate Contains
[LIBGPUSPATIAL] [ 10687][17:58:25:077476][info  ] Unique multi-polygons 27870, memory quota 47 MB, estimated BVH size 306 MB, n_batches 7
[LIBGPUSPATIAL] [ 10687][17:58:25:078117][info  ] PIP(Used 2063 MB), Batch 0
[LIBGPUSPATIAL] [ 10687][17:58:25:082144][info  ] PIP(Used 2067 MB), Batch 1
[LIBGPUSPATIAL] [ 10687][17:58:25:087991][info  ] PIP(Used 2065 MB), Batch 2
[LIBGPUSPATIAL] [ 10681][17:58:25:097972][info  ] RTSpatialRefiner 0x7d3287d2a1b0 (Used 2048 MB), Loaded Geometries, ProbeArray 1333333, Loaded 840128, Type Point
[LIBGPUSPATIAL] [ 10681][17:58:25:098623][info  ] RTSpatialRefiner 0x7d3287d2a1b0 (Used 2054 MB), Evaluating 1647960 Geometry Pairs with Predicate Contains
[LIBGPUSPATIAL] [ 10681][17:58:25:099340][info  ] Unique multi-polygons 27836, memory quota 47 MB, estimated BVH size 305 MB, n_batches 7
[LIBGPUSPATIAL] [ 10681][17:58:25:100089][info  ] PIP(Used 2070 MB), Batch 0
[LIBGPUSPATIAL] [ 10681][17:58:25:103680][info  ] PIP(Used 2074 MB), Batch 1
[LIBGPUSPATIAL] [ 10681][17:58:25:109581][info  ] PIP(Used 2072 MB), Batch 2
[LIBGPUSPATIAL] [ 10687][17:58:25:114861][info  ] PIP(Used 2059 MB), Batch 3
[LIBGPUSPATIAL] [ 10687][17:58:25:121531][info  ] PIP(Used 2074 MB), Batch 4
[LIBGPUSPATIAL] [ 10683][17:58:25:130010][info  ] RTSpatialIndex 0x7d328400a800 (Used 2065 MB), Allocate result buffer, memory consumption 12 MB, capacity 1648837
[LIBGPUSPATIAL] [ 10687][17:58:25:132650][info  ] PIP(Used 2112 MB), Batch 5
[LIBGPUSPATIAL] [ 10681][17:58:25:132677][info  ] PIP(Used 2112 MB), Batch 3
[LIBGPUSPATIAL] [ 10685][17:58:25:133631][info  ] RTSpatialIndex 0x7d328400a800 (Used 2112 MB), Allocate result buffer, memory consumption 12 MB, capacity 1644146
[LIBGPUSPATIAL] [ 10683][17:58:25:137904][info  ] RTSpatialIndex 0x7d328400a800 (Used 2151 MB), Probe Points, Size: 1333333, Results: 1648837
[LIBGPUSPATIAL] [ 10685][17:58:25:143825][info  ] RTSpatialIndex 0x7d328400a800 (Used 2162 MB), Probe Points, Size: 1333333, Results: 1644146
[LIBGPUSPATIAL] [ 10687][17:58:25:143856][info  ] PIP(Used 2162 MB), Batch 6
[LIBGPUSPATIAL] [ 10681][17:58:25:143979][info  ] PIP(Used 2105 MB), Batch 4
[LIBGPUSPATIAL] [ 10681][17:58:25:150133][info  ] PIP(Used 2071 MB), Batch 5
[LIBGPUSPATIAL] [ 10681][17:58:25:155446][info  ] PIP(Used 2085 MB), Batch 6
[LIBGPUSPATIAL] [ 10686][17:58:25:172415][info  ] RTSpatialIndex 0x7d328400a800 (Used 2051 MB), Allocate result buffer, memory consumption 12 MB, capacity 1645749
[LIBGPUSPATIAL] [ 10686][17:58:25:175910][info  ] RTSpatialIndex 0x7d328400a800 (Used 2063 MB), Probe Points, Size: 1333333, Results: 1645749
[LIBGPUSPATIAL] [ 10683][17:58:25:179741][info  ] RTSpatialRefiner 0x7d3287d2a1b0 (Used 2041 MB), Loaded Geometries, ProbeArray 1333333, Loaded 841005, Type Point
[LIBGPUSPATIAL] [ 10683][17:58:25:180430][info  ] RTSpatialRefiner 0x7d3287d2a1b0 (Used 2053 MB), Evaluating 1648837 Geometry Pairs with Predicate Contains
[LIBGPUSPATIAL] [ 10683][17:58:25:181197][info  ] Unique multi-polygons 27902, memory quota 47 MB, estimated BVH size 304 MB, n_batches 7
[LIBGPUSPATIAL] [ 10683][17:58:25:182435][info  ] PIP(Used 2075 MB), Batch 0
[LIBGPUSPATIAL] [ 10685][17:58:25:185517][info  ] RTSpatialRefiner 0x7d3287d2a1b0 (Used 2067 MB), Loaded Geometries, ProbeArray 1333333, Loaded 839022, Type Point
[LIBGPUSPATIAL] [ 10685][17:58:25:186223][info  ] RTSpatialRefiner 0x7d3287d2a1b0 (Used 2101 MB), Evaluating 1644146 Geometry Pairs with Predicate Contains
[LIBGPUSPATIAL] [ 10683][17:58:25:186272][info  ] PIP(Used 2104 MB), Batch 1
[LIBGPUSPATIAL] [ 10685][17:58:25:190607][info  ] Unique multi-polygons 27804, memory quota 47 MB, estimated BVH size 304 MB, n_batches 7
[LIBGPUSPATIAL] [ 10685][17:58:25:191706][info  ] PIP(Used 2174 MB), Batch 0
[LIBGPUSPATIAL] [ 10683][17:58:25:191955][info  ] PIP(Used 2132 MB), Batch 2
[LIBGPUSPATIAL] [ 10682][17:58:25:194682][info  ] RTSpatialIndex 0x7d328400a800 (Used 2132 MB), Allocate result buffer, memory consumption 12 MB, capacity 1649333
[LIBGPUSPATIAL] [ 10682][17:58:25:201722][info  ] RTSpatialIndex 0x7d328400a800 (Used 2166 MB), Probe Points, Size: 1333333, Results: 1649333
[LIBGPUSPATIAL] [ 10685][17:58:25:205071][info  ] PIP(Used 2109 MB), Batch 1
[LIBGPUSPATIAL] [ 10686][17:58:25:215195][info  ] RTSpatialRefiner 0x7d3287d2a1b0 (Used 2106 MB), Loaded Geometries, ProbeArray 1333333, Loaded 839308, Type Point
[LIBGPUSPATIAL] [ 10686][17:58:25:216304][info  ] RTSpatialRefiner 0x7d3287d2a1b0 (Used 2119 MB), Evaluating 1645749 Geometry Pairs with Predicate Contains
[LIBGPUSPATIAL] [ 10683][17:58:25:216685][info  ] PIP(Used 2126 MB), Batch 3
[LIBGPUSPATIAL] [ 10686][17:58:25:220215][info  ] Unique multi-polygons 27726, memory quota 46 MB, estimated BVH size 303 MB, n_batches 7
[LIBGPUSPATIAL] [ 10685][17:58:25:221756][info  ] PIP(Used 2134 MB), Batch 2
[LIBGPUSPATIAL] [ 10686][17:58:25:222132][info  ] PIP(Used 2148 MB), Batch 0
[LIBGPUSPATIAL] [ 10683][17:58:25:223243][info  ] PIP(Used 2154 MB), Batch 4
[LIBGPUSPATIAL] [ 10686][17:58:25:230399][info  ] PIP(Used 2152 MB), Batch 1
[LIBGPUSPATIAL] [ 10683][17:58:25:232931][info  ] PIP(Used 2154 MB), Batch 5
[LIBGPUSPATIAL] [ 10683][17:58:25:238623][info  ] PIP(Used 2151 MB), Batch 6
[LIBGPUSPATIAL] [ 10686][17:58:25:241651][info  ] PIP(Used 2150 MB), Batch 2
[LIBGPUSPATIAL] [ 10682][17:58:25:245477][info  ] RTSpatialRefiner 0x7d3287d2a1b0 (Used 2091 MB), Loaded Geometries, ProbeArray 1333333, Loaded 840768, Type Point
[LIBGPUSPATIAL] [ 10682][17:58:25:246145][info  ] RTSpatialRefiner 0x7d3287d2a1b0 (Used 2097 MB), Evaluating 1649333 Geometry Pairs with Predicate Contains
[LIBGPUSPATIAL] [ 10682][17:58:25:246893][info  ] Unique multi-polygons 27774, memory quota 47 MB, estimated BVH size 305 MB, n_batches 7
[LIBGPUSPATIAL] [ 10682][17:58:25:247459][info  ] PIP(Used 2112 MB), Batch 0
[LIBGPUSPATIAL] [ 10685][17:58:25:250683][info  ] PIP(Used 2101 MB), Batch 3
[LIBGPUSPATIAL] [ 10682][17:58:25:251210][info  ] PIP(Used 2117 MB), Batch 1
[LIBGPUSPATIAL] [ 10685][17:58:25:258544][info  ] PIP(Used 2117 MB), Batch 4
[LIBGPUSPATIAL] [ 10682][17:58:25:262113][info  ] PIP(Used 2115 MB), Batch 2
[LIBGPUSPATIAL] [ 10685][17:58:25:263917][info  ] PIP(Used 2118 MB), Batch 5
[LIBGPUSPATIAL] [ 10686][17:58:25:266124][info  ] PIP(Used 2101 MB), Batch 3
[LIBGPUSPATIAL] [ 10685][17:58:25:272593][info  ] PIP(Used 2116 MB), Batch 6
[LIBGPUSPATIAL] [ 10686][17:58:25:273661][info  ] PIP(Used 2116 MB), Batch 4
[LIBGPUSPATIAL] [ 10686][17:58:25:281234][info  ] PIP(Used 2076 MB), Batch 5
[LIBGPUSPATIAL] [ 10682][17:58:25:286222][info  ] PIP(Used 2058 MB), Batch 3
[LIBGPUSPATIAL] [ 10686][17:58:25:292902][info  ] PIP(Used 2073 MB), Batch 6
[LIBGPUSPATIAL] [ 10682][17:58:25:293157][info  ] PIP(Used 2074 MB), Batch 4
[LIBGPUSPATIAL] [ 10682][17:58:25:299718][info  ] PIP(Used 2033 MB), Batch 5
[LIBGPUSPATIAL] [ 10682][17:58:25:305051][info  ] PIP(Used 2030 MB), Batch 6
[LIBGPUSPATIAL] [ 10688][17:58:25:422442][info  ] RTSpatialIndex 0x7d328400a800 (Used 1980 MB), Allocate result buffer, memory consumption 12 MB, capacity 1647674
[LIBGPUSPATIAL] [ 10688][17:58:25:424968][info  ] RTSpatialIndex 0x7d328400a800 (Used 1992 MB), Probe Points, Size: 1333333, Results: 1647674
[LIBGPUSPATIAL] [ 10688][17:58:25:456728][info  ] RTSpatialRefiner 0x7d3287d2a1b0 (Used 2025 MB), Loaded Geometries, ProbeArray 1333333, Loaded 840257, Type Point
[LIBGPUSPATIAL] [ 10688][17:58:25:459083][info  ] RTSpatialRefiner 0x7d3287d2a1b0 (Used 2022 MB), Evaluating 1647674 Geometry Pairs with Predicate Contains
[LIBGPUSPATIAL] [ 10684][17:58:25:459566][info  ] RTSpatialIndex 0x7d328400a800 (Used 2028 MB), Allocate result buffer, memory consumption 12 MB, capacity 1645320
[LIBGPUSPATIAL] [ 10688][17:58:25:460331][info  ] Unique multi-polygons 27834, memory quota 47 MB, estimated BVH size 305 MB, n_batches 7
[LIBGPUSPATIAL] [ 10688][17:58:25:461064][info  ] PIP(Used 2049 MB), Batch 0
[LIBGPUSPATIAL] [ 10684][17:58:25:462097][info  ] RTSpatialIndex 0x7d328400a800 (Used 2035 MB), Probe Points, Size: 1333333, Results: 1645320
[LIBGPUSPATIAL] [ 10688][17:58:25:464868][info  ] PIP(Used 2044 MB), Batch 1
[LIBGPUSPATIAL] [ 10688][17:58:25:473348][info  ] PIP(Used 2065 MB), Batch 2
[LIBGPUSPATIAL] [ 10684][17:58:25:486591][info  ] RTSpatialRefiner 0x7d3287d2a1b0 (Used 2048 MB), Loaded Geometries, ProbeArray 1333333, Loaded 839240, Type Point
[LIBGPUSPATIAL] [ 10684][17:58:25:487232][info  ] RTSpatialRefiner 0x7d3287d2a1b0 (Used 2054 MB), Evaluating 1645320 Geometry Pairs with Predicate Contains
[LIBGPUSPATIAL] [ 10684][17:58:25:487976][info  ] Unique multi-polygons 27848, memory quota 47 MB, estimated BVH size 303 MB, n_batches 7
[LIBGPUSPATIAL] [ 10684][17:58:25:488494][info  ] PIP(Used 2070 MB), Batch 0
[LIBGPUSPATIAL] [ 10684][17:58:25:492568][info  ] PIP(Used 2074 MB), Batch 1
[LIBGPUSPATIAL] [ 10688][17:58:25:493497][info  ] PIP(Used 2059 MB), Batch 3
[LIBGPUSPATIAL] [ 10684][17:58:25:500489][info  ] PIP(Used 2072 MB), Batch 2
[LIBGPUSPATIAL] [ 10688][17:58:25:500902][info  ] PIP(Used 2074 MB), Batch 4
[LIBGPUSPATIAL] [ 10688][17:58:25:507190][info  ] PIP(Used 2076 MB), Batch 5
[LIBGPUSPATIAL] [ 10688][17:58:25:512445][info  ] PIP(Used 2073 MB), Batch 6
[LIBGPUSPATIAL] [ 10684][17:58:25:524343][info  ] PIP(Used 2016 MB), Batch 3
[LIBGPUSPATIAL] [ 10684][17:58:25:530923][info  ] PIP(Used 2032 MB), Batch 4
[LIBGPUSPATIAL] [ 10684][17:58:25:536138][info  ] PIP(Used 2032 MB), Batch 5
[LIBGPUSPATIAL] [ 10684][17:58:25:541971][info  ] PIP(Used 2030 MB), Batch 6
[LIBGPUSPATIAL] [ 10685][17:58:25:647640][info  ] RTSpatialIndex 0x7d328400a800 (Used 1990 MB), Allocate result buffer, memory consumption 12 MB, capacity 1644920
[LIBGPUSPATIAL] [ 10682][17:58:25:647926][info  ] RTSpatialIndex 0x7d328400a800 (Used 2002 MB), Allocate result buffer, memory consumption 12 MB, capacity 1649779
[LIBGPUSPATIAL] [ 10685][17:58:25:651137][info  ] RTSpatialIndex 0x7d328400a800 (Used 2015 MB), Probe Points, Size: 1333333, Results: 1644920
[LIBGPUSPATIAL] [ 10682][17:58:25:651814][info  ] RTSpatialIndex 0x7d328400a800 (Used 1992 MB), Probe Points, Size: 1333333, Results: 1649779
[LIBGPUSPATIAL] [ 10683][17:58:25:659624][info  ] RTSpatialIndex 0x7d328400a800 (Used 2017 MB), Allocate result buffer, memory consumption 12 MB, capacity 1648825
[LIBGPUSPATIAL] [ 10683][17:58:25:664593][info  ] RTSpatialIndex 0x7d328400a800 (Used 2063 MB), Probe Points, Size: 1333333, Results: 1648825
[LIBGPUSPATIAL] [ 10682][17:58:25:681246][info  ] RTSpatialRefiner 0x7d3287d2a1b0 (Used 2076 MB), Loaded Geometries, ProbeArray 1333333, Loaded 840703, Type Point
[LIBGPUSPATIAL] [ 10682][17:58:25:682053][info  ] RTSpatialRefiner 0x7d3287d2a1b0 (Used 2083 MB), Evaluating 1649779 Geometry Pairs with Predicate Contains
[LIBGPUSPATIAL] [ 10682][17:58:25:682801][info  ] Unique multi-polygons 27934, memory quota 47 MB, estimated BVH size 305 MB, n_batches 7
[LIBGPUSPATIAL] [ 10682][17:58:25:683727][info  ] PIP(Used 2098 MB), Batch 0
[LIBGPUSPATIAL] [ 10685][17:58:25:683931][info  ] RTSpatialRefiner 0x7d3287d2a1b0 (Used 2084 MB), Loaded Geometries, ProbeArray 1333333, Loaded 838831, Type Point
[LIBGPUSPATIAL] [ 10685][17:58:25:684492][info  ] RTSpatialRefiner 0x7d3287d2a1b0 (Used 2090 MB), Evaluating 1644920 Geometry Pairs with Predicate Contains
[LIBGPUSPATIAL] [ 10685][17:58:25:686254][info  ] Unique multi-polygons 28010, memory quota 47 MB, estimated BVH size 304 MB, n_batches 7
[LIBGPUSPATIAL] [ 10685][17:58:25:686721][info  ] PIP(Used 2105 MB), Batch 0
[LIBGPUSPATIAL] [ 10682][17:58:25:687304][info  ] PIP(Used 2110 MB), Batch 1
[LIBGPUSPATIAL] [ 10685][17:58:25:691584][info  ] PIP(Used 2110 MB), Batch 1
[LIBGPUSPATIAL] [ 10683][17:58:25:694388][info  ] RTSpatialRefiner 0x7d3287d2a1b0 (Used 2091 MB), Loaded Geometries, ProbeArray 1333333, Loaded 840818, Type Point
[LIBGPUSPATIAL] [ 10683][17:58:25:694973][info  ] RTSpatialRefiner 0x7d3287d2a1b0 (Used 2111 MB), Evaluating 1648825 Geometry Pairs with Predicate Contains
[LIBGPUSPATIAL] [ 10682][17:58:25:695131][info  ] PIP(Used 2127 MB), Batch 2
[LIBGPUSPATIAL] [ 10683][17:58:25:695687][info  ] Unique multi-polygons 27734, memory quota 47 MB, estimated BVH size 304 MB, n_batches 7
[LIBGPUSPATIAL] [ 10683][17:58:25:696172][info  ] PIP(Used 2112 MB), Batch 0
[LIBGPUSPATIAL] [ 10685][17:58:25:700011][info  ] PIP(Used 2115 MB), Batch 2
[LIBGPUSPATIAL] [ 10683][17:58:25:701068][info  ] PIP(Used 2117 MB), Batch 1
[LIBGPUSPATIAL] [ 10682][17:58:25:716176][info  ] PIP(Used 2101 MB), Batch 3
[LIBGPUSPATIAL] [ 10683][17:58:25:722328][info  ] PIP(Used 2115 MB), Batch 2
[LIBGPUSPATIAL] [ 10685][17:58:25:723088][info  ] PIP(Used 2121 MB), Batch 3
[LIBGPUSPATIAL] [ 10682][17:58:25:723116][info  ] PIP(Used 2121 MB), Batch 4
[LIBGPUSPATIAL] [ 10682][17:58:25:732069][info  ] PIP(Used 2119 MB), Batch 5
[LIBGPUSPATIAL] [ 10685][17:58:25:732577][info  ] PIP(Used 2118 MB), Batch 4
[LIBGPUSPATIAL] [ 10682][17:58:25:738349][info  ] PIP(Used 2116 MB), Batch 6
[LIBGPUSPATIAL] [ 10685][17:58:25:739763][info  ] PIP(Used 2118 MB), Batch 5
[LIBGPUSPATIAL] [ 10685][17:58:25:745151][info  ] PIP(Used 2073 MB), Batch 6
[LIBGPUSPATIAL] [ 10683][17:58:25:750045][info  ] PIP(Used 2016 MB), Batch 3
[LIBGPUSPATIAL] [ 10683][17:58:25:756721][info  ] PIP(Used 2031 MB), Batch 4
[LIBGPUSPATIAL] [ 10683][17:58:25:761953][info  ] PIP(Used 2033 MB), Batch 5
[LIBGPUSPATIAL] [ 10683][17:58:25:766978][info  ] PIP(Used 2030 MB), Batch 6
[LIBGPUSPATIAL] [ 10687][17:58:26:001693][info  ] Create RTSpatialIndex 0x7d3274018960, fast_build = 0, compact = 0, concurrency = 8
[LIBGPUSPATIAL] [ 10687][17:58:26:002022][info  ] Create RTSpatialRefiner 0x7d3274019140, fast_build = 0, compact = 0, parsing_threads = 8, concurrency = 8, pipeline_batches = 1, wkb_parser_memory_quota = 0.80, relate_engine_memory_quota = 0.02
[LIBGPUSPATIAL] [ 10687][17:58:27:181230][info  ] RTSpatialRefiner 0x7d3274019140 (Used 623 MB), FinishBuilding Refiner, Total geoms: 31140888
[LIBGPUSPATIAL] [ 10687][17:58:27:181272][info  ] RTSpatialIndex 0x7d3274018960 (Used 623 MB), PushBuild, Rectangles 31140888
[LIBGPUSPATIAL] [ 10687][17:58:27:238820][info  ] RTSpatialIndex 0x7d3274018960 (Used 1698 MB), FinishBuilding Index on Points, Total geoms: 31140888
[LIBGPUSPATIAL] [ 10683][17:58:27:410932][info  ] RTSpatialIndex 0x7d3274018960 (Used 1610 MB), Allocate result buffer, memory consumption 14 MB, capacity 1900022
[LIBGPUSPATIAL] [ 10682][17:58:27:413332][info  ] RTSpatialIndex 0x7d3274018960 (Used 1626 MB), Allocate result buffer, memory consumption 34 MB, capacity 4457108
[LIBGPUSPATIAL] [ 10683][17:58:27:420261][info  ] RTSpatialIndex 0x7d3274018960 (Used 1660 MB), Probe Rectangles, Size: 27195, Results: 1900022
[LIBGPUSPATIAL] [ 10687][17:58:27:422648][info  ] RTSpatialIndex 0x7d3274018960 (Used 1645 MB), Allocate result buffer, memory consumption 31 MB, capacity 4163912
[LIBGPUSPATIAL] [ 10681][17:58:27:432119][info  ] RTSpatialIndex 0x7d3274018960 (Used 1793 MB), Allocate result buffer, memory consumption 30 MB, capacity 4037327
[LIBGPUSPATIAL] [ 10685][17:58:27:444318][info  ] RTSpatialIndex 0x7d3274018960 (Used 1829 MB), Allocate result buffer, memory consumption 22 MB, capacity 2951453
[LIBGPUSPATIAL] [ 10682][17:58:27:450351][info  ] RTSpatialIndex 0x7d3274018960 (Used 1857 MB), Probe Rectangles, Size: 27195, Results: 4457108
[LIBGPUSPATIAL] [ 10687][17:58:27:453811][info  ] RTSpatialIndex 0x7d3274018960 (Used 1856 MB), Probe Rectangles, Size: 27195, Results: 4163912
[LIBGPUSPATIAL] [ 10688][17:58:27:455256][info  ] RTSpatialIndex 0x7d3274018960 (Used 1856 MB), Allocate result buffer, memory consumption 23 MB, capacity 3035989
[LIBGPUSPATIAL] [ 10686][17:58:27:459907][info  ] RTSpatialIndex 0x7d3274018960 (Used 1794 MB), Allocate result buffer, memory consumption 20 MB, capacity 2733975
[LIBGPUSPATIAL] [ 10681][17:58:27:461716][info  ] RTSpatialIndex 0x7d3274018960 (Used 1816 MB), Probe Rectangles, Size: 27195, Results: 4037327
[LIBGPUSPATIAL] [ 10685][17:58:27:462707][info  ] RTSpatialIndex 0x7d3274018960 (Used 1816 MB), Probe Rectangles, Size: 27195, Results: 2951453
[LIBGPUSPATIAL] [ 10684][17:58:27:464618][info  ] RTSpatialIndex 0x7d3274018960 (Used 1785 MB), Allocate result buffer, memory consumption 49 MB, capacity 6462532
[LIBGPUSPATIAL] [ 10683][17:58:27:472466][info  ] RTSpatialRefiner 0x7d3274019140 (Used 1887 MB), Loaded Geometries, ProbeArray 27195, Loaded 5825, Type MultiPolygon
[LIBGPUSPATIAL] [ 10683][17:58:27:474451][info  ] RTSpatialRefiner 0x7d3274019140 (Used 2011 MB), Evaluating 1900022 Geometry Pairs with Predicate Within
[LIBGPUSPATIAL] [ 10688][17:58:27:477975][info  ] RTSpatialIndex 0x7d3274018960 (Used 2034 MB), Probe Rectangles, Size: 27195, Results: 3035989
[LIBGPUSPATIAL] [ 10683][17:58:27:479588][info  ] Unique multi-polygons 5825, memory quota 47 MB, estimated BVH size 29 MB, n_batches 1
[LIBGPUSPATIAL] [ 10683][17:58:27:480110][info  ] PIP(Used 2020 MB), Batch 0
[LIBGPUSPATIAL] [ 10686][17:58:27:482377][info  ] RTSpatialIndex 0x7d3274018960 (Used 2013 MB), Probe Rectangles, Size: 27195, Results: 2733975
[LIBGPUSPATIAL] [ 10684][17:58:27:510609][info  ] RTSpatialIndex 0x7d3274018960 (Used 2339 MB), Probe Rectangles, Size: 27195, Results: 6462532
[LIBGPUSPATIAL] [ 10687][17:58:27:523053][info  ] RTSpatialRefiner 0x7d3274019140 (Used 2400 MB), Loaded Geometries, ProbeArray 27195, Loaded 5820, Type MultiPolygon
[LIBGPUSPATIAL] [ 10687][17:58:27:524672][info  ] RTSpatialRefiner 0x7d3274019140 (Used 2416 MB), Evaluating 4163912 Geometry Pairs with Predicate Within
[LIBGPUSPATIAL] [ 10687][17:58:27:525422][info  ] Unique multi-polygons 5820, memory quota 46 MB, estimated BVH size 26 MB, n_batches 1
[LIBGPUSPATIAL] [ 10687][17:58:27:525936][info  ] PIP(Used 2442 MB), Batch 0
[LIBGPUSPATIAL] [ 10682][17:58:27:547994][info  ] RTSpatialRefiner 0x7d3274019140 (Used 2391 MB), Loaded Geometries, ProbeArray 27195, Loaded 5779, Type MultiPolygon
[LIBGPUSPATIAL] [ 10682][17:58:27:553465][info  ] RTSpatialRefiner 0x7d3274019140 (Used 2259 MB), Evaluating 4457108 Geometry Pairs with Predicate Within
[LIBGPUSPATIAL] [ 10682][17:58:27:554462][info  ] Unique multi-polygons 5779, memory quota 46 MB, estimated BVH size 26 MB, n_batches 1
[LIBGPUSPATIAL] [ 10682][17:58:27:580156][info  ] PIP(Used 2310 MB), Batch 0
[LIBGPUSPATIAL] [ 10685][17:58:27:580323][info  ] RTSpatialRefiner 0x7d3274019140 (Used 2310 MB), Loaded Geometries, ProbeArray 27195, Loaded 5871, Type MultiPolygon
[LIBGPUSPATIAL] [ 10688][17:58:27:580326][info  ] RTSpatialRefiner 0x7d3274019140 (Used 2310 MB), Loaded Geometries, ProbeArray 27195, Loaded 5737, Type MultiPolygon
[LIBGPUSPATIAL] [ 10681][17:58:27:582542][info  ] RTSpatialRefiner 0x7d3274019140 (Used 2383 MB), Loaded Geometries, ProbeArray 27195, Loaded 5706, Type MultiPolygon
[LIBGPUSPATIAL] [ 10686][17:58:27:583438][info  ] RTSpatialRefiner 0x7d3274019140 (Used 2485 MB), Loaded Geometries, ProbeArray 27195, Loaded 5816, Type MultiPolygon
[LIBGPUSPATIAL] [ 10685][17:58:27:587681][info  ] RTSpatialRefiner 0x7d3274019140 (Used 2496 MB), Evaluating 2951453 Geometry Pairs with Predicate Within
[LIBGPUSPATIAL] [ 10685][17:58:27:588379][info  ] Unique multi-polygons 5871, memory quota 46 MB, estimated BVH size 27 MB, n_batches 1
[LIBGPUSPATIAL] [ 10688][17:58:27:589303][info  ] RTSpatialRefiner 0x7d3274019140 (Used 2536 MB), Evaluating 3035989 Geometry Pairs with Predicate Within
[LIBGPUSPATIAL] [ 10688][17:58:27:589972][info  ] Unique multi-polygons 5737, memory quota 45 MB, estimated BVH size 28 MB, n_batches 1
[LIBGPUSPATIAL] [ 10681][17:58:27:590767][info  ] RTSpatialRefiner 0x7d3274019140 (Used 2576 MB), Evaluating 4037327 Geometry Pairs with Predicate Within
[LIBGPUSPATIAL] [ 10686][17:58:27:591633][info  ] RTSpatialRefiner 0x7d3274019140 (Used 2592 MB), Evaluating 2733975 Geometry Pairs with Predicate Within
[LIBGPUSPATIAL] [ 10681][17:58:27:592034][info  ] Unique multi-polygons 5706, memory quota 45 MB, estimated BVH size 27 MB, n_batches 1
[LIBGPUSPATIAL] [ 10686][17:58:27:592353][info  ] Unique multi-polygons 5816, memory quota 45 MB, estimated BVH size 27 MB, n_batches 1
[LIBGPUSPATIAL] [ 10685][17:58:27:593562][info  ] PIP(Used 2585 MB), Batch 0
[LIBGPUSPATIAL] [ 10688][17:58:27:594472][info  ] PIP(Used 2567 MB), Batch 0
[LIBGPUSPATIAL] [ 10681][17:58:27:595423][info  ] PIP(Used 2548 MB), Batch 0
[LIBGPUSPATIAL] [ 10686][17:58:27:607239][info  ] PIP(Used 2490 MB), Batch 0
[LIBGPUSPATIAL] [ 10684][17:58:27:607326][info  ] RTSpatialRefiner 0x7d3274019140 (Used 2469 MB), Loaded Geometries, ProbeArray 27195, Loaded 5789, Type MultiPolygon
[LIBGPUSPATIAL] [ 10684][17:58:27:609421][info  ] RTSpatialRefiner 0x7d3274019140 (Used 2494 MB), Evaluating 6462532 Geometry Pairs with Predicate Within
[LIBGPUSPATIAL] [ 10684][17:58:27:646730][info  ] Unique multi-polygons 5789, memory quota 46 MB, estimated BVH size 27 MB, n_batches 1
[LIBGPUSPATIAL] [ 10684][17:58:27:658261][info  ] PIP(Used 1957 MB), Batch 0
[LIBGPUSPATIAL] [ 10683][17:58:27:959004][info  ] RTSpatialIndex 0x7d3274018960 (Used 1610 MB), Allocate result buffer, memory consumption 20 MB, capacity 2720871
[LIBGPUSPATIAL] [ 10683][17:58:27:966990][info  ] RTSpatialIndex 0x7d3274018960 (Used 1631 MB), Probe Rectangles, Size: 27195, Results: 2720871
[LIBGPUSPATIAL] [ 10683][17:58:27:992123][info  ] RTSpatialRefiner 0x7d3274019140 (Used 1730 MB), Loaded Geometries, ProbeArray 27195, Loaded 5770, Type MultiPolygon
[LIBGPUSPATIAL] [ 10683][17:58:27:993026][info  ] RTSpatialRefiner 0x7d3274019140 (Used 1741 MB), Evaluating 2720871 Geometry Pairs with Predicate Within
[LIBGPUSPATIAL] [ 10683][17:58:27:993663][info  ] Unique multi-polygons 5770, memory quota 47 MB, estimated BVH size 28 MB, n_batches 1
[LIBGPUSPATIAL] [ 10683][17:58:27:994133][info  ] PIP(Used 1761 MB), Batch 0
[LIBGPUSPATIAL] [ 10685][17:58:28:234975][info  ] RTSpatialIndex 0x7d3274018960 (Used 1610 MB), Allocate result buffer, memory consumption 22 MB, capacity 2934184
[LIBGPUSPATIAL] [ 10685][17:58:28:247196][info  ] RTSpatialIndex 0x7d3274018960 (Used 1632 MB), Probe Rectangles, Size: 27195, Results: 2934184
[LIBGPUSPATIAL] [ 10681][17:58:28:276914][info  ] RTSpatialIndex 0x7d3274018960 (Used 1728 MB), Allocate result buffer, memory consumption 25 MB, capacity 3380882
[LIBGPUSPATIAL] [ 10685][17:58:28:279768][info  ] RTSpatialRefiner 0x7d3274019140 (Used 1758 MB), Loaded Geometries, ProbeArray 27195, Loaded 5742, Type MultiPolygon
[LIBGPUSPATIAL] [ 10685][17:58:28:282608][info  ] RTSpatialRefiner 0x7d3274019140 (Used 1769 MB), Evaluating 2934184 Geometry Pairs with Predicate Within
[LIBGPUSPATIAL] [ 10685][17:58:28:283279][info  ] Unique multi-polygons 5742, memory quota 47 MB, estimated BVH size 26 MB, n_batches 1
[LIBGPUSPATIAL] [ 10685][17:58:28:284108][info  ] PIP(Used 1787 MB), Batch 0
[LIBGPUSPATIAL] [ 10688][17:58:28:287395][info  ] RTSpatialIndex 0x7d3274018960 (Used 1766 MB), Allocate result buffer, memory consumption 90 MB, capacity 11889359
[LIBGPUSPATIAL] [ 10681][17:58:28:301254][info  ] RTSpatialIndex 0x7d3274018960 (Used 1857 MB), Probe Rectangles, Size: 27195, Results: 3380882
[LIBGPUSPATIAL] [ 10681][17:58:28:338604][info  ] RTSpatialRefiner 0x7d3274019140 (Used 1830 MB), Loaded Geometries, ProbeArray 27195, Loaded 5670, Type MultiPolygon
[LIBGPUSPATIAL] [ 10681][17:58:28:339954][info  ] RTSpatialRefiner 0x7d3274019140 (Used 1843 MB), Evaluating 3380882 Geometry Pairs with Predicate Within
[LIBGPUSPATIAL] [ 10681][17:58:28:340689][info  ] Unique multi-polygons 5670, memory quota 47 MB, estimated BVH size 28 MB, n_batches 1
[LIBGPUSPATIAL] [ 10681][17:58:28:341272][info  ] PIP(Used 1867 MB), Batch 0
[LIBGPUSPATIAL] [ 10688][17:58:28:364230][info  ] RTSpatialIndex 0x7d3274018960 (Used 1701 MB), Probe Rectangles, Size: 27195, Results: 11889359
[LIBGPUSPATIAL] [ 10686][17:58:28:401716][info  ] RTSpatialIndex 0x7d3274018960 (Used 1833 MB), Allocate result buffer, memory consumption 28 MB, capacity 3707555
[LIBGPUSPATIAL] [ 10686][17:58:28:411801][info  ] RTSpatialIndex 0x7d3274018960 (Used 1861 MB), Probe Rectangles, Size: 27195, Results: 3707555
[LIBGPUSPATIAL] [ 10688][17:58:28:417900][info  ] RTSpatialRefiner 0x7d3274019140 (Used 1832 MB), Loaded Geometries, ProbeArray 27195, Loaded 5663, Type MultiPolygon
[LIBGPUSPATIAL] [ 10688][17:58:28:421737][info  ] RTSpatialRefiner 0x7d3274019140 (Used 1891 MB), Evaluating 11889359 Geometry Pairs with Predicate Within
[LIBGPUSPATIAL] [ 10688][17:58:28:427076][info  ] Unique multi-polygons 5663, memory quota 47 MB, estimated BVH size 27 MB, n_batches 1
[LIBGPUSPATIAL] [ 10688][17:58:28:427884][info  ] PIP(Used 2058 MB), Batch 0
[LIBGPUSPATIAL] [ 10686][17:58:28:559559][info  ] RTSpatialRefiner 0x7d3274019140 (Used 2003 MB), Loaded Geometries, ProbeArray 27195, Loaded 5702, Type MultiPolygon
[LIBGPUSPATIAL] [ 10686][17:58:28:561178][info  ] RTSpatialRefiner 0x7d3274019140 (Used 2017 MB), Evaluating 3707555 Geometry Pairs with Predicate Within
[LIBGPUSPATIAL] [ 10686][17:58:28:561956][info  ] Unique multi-polygons 5702, memory quota 47 MB, estimated BVH size 26 MB, n_batches 1
[LIBGPUSPATIAL] [ 10683][17:58:28:565777][info  ] RTSpatialIndex 0x7d3274018960 (Used 1790 MB), Allocate result buffer, memory consumption 6 MB, capacity 814503
[LIBGPUSPATIAL] [ 10686][17:58:28:566010][info  ] PIP(Used 1779 MB), Batch 0
[LIBGPUSPATIAL] [ 10683][17:58:28:569188][info  ] RTSpatialIndex 0x7d3274018960 (Used 1755 MB), Probe Rectangles, Size: 2449, Results: 814503
[LIBGPUSPATIAL] [ 10683][17:58:28:591310][info  ] RTSpatialRefiner 0x7d3274019140 (Used 1628 MB), Loaded Geometries, ProbeArray 2449, Loaded 540, Type MultiPolygon
[LIBGPUSPATIAL] [ 10683][17:58:28:591984][info  ] RTSpatialRefiner 0x7d3274019140 (Used 1631 MB), Evaluating 814503 Geometry Pairs with Predicate Within
[LIBGPUSPATIAL] [ 10683][17:58:28:592400][info  ] Unique multi-polygons 540, memory quota 48 MB, estimated BVH size 3 MB, n_batches 1
[LIBGPUSPATIAL] [ 10683][17:58:28:592949][info  ] PIP(Used 1636 MB), Batch 0
[LIBGPUSPATIAL] [ 10682][17:58:28:601504][info  ] RTSpatialIndex 0x7d3274018960 (Used 1610 MB), Allocate result buffer, memory consumption 24 MB, capacity 3221977
[LIBGPUSPATIAL] [ 10682][17:58:28:615184][info  ] RTSpatialIndex 0x7d3274018960 (Used 1634 MB), Probe Rectangles, Size: 27195, Results: 3221977
[LIBGPUSPATIAL] [ 10682][17:58:28:651768][info  ] RTSpatialRefiner 0x7d3274019140 (Used 1735 MB), Loaded Geometries, ProbeArray 27195, Loaded 5853, Type MultiPolygon
[LIBGPUSPATIAL] [ 10682][17:58:28:653114][info  ] RTSpatialRefiner 0x7d3274019140 (Used 1748 MB), Evaluating 3221977 Geometry Pairs with Predicate Within
[LIBGPUSPATIAL] [ 10682][17:58:28:653994][info  ] Unique multi-polygons 5853, memory quota 47 MB, estimated BVH size 28 MB, n_batches 1
[LIBGPUSPATIAL] [ 10682][17:58:28:654710][info  ] PIP(Used 1770 MB), Batch 0
[LIBGPUSPATIAL] [ 10687][17:58:28:744961][info  ] RTSpatialIndex 0x7d3274018960 (Used 1610 MB), Allocate result buffer, memory consumption 28 MB, capacity 3723830
[LIBGPUSPATIAL] [ 10687][17:58:28:761008][info  ] RTSpatialIndex 0x7d3274018960 (Used 1638 MB), Probe Rectangles, Size: 27195, Results: 3723830
[LIBGPUSPATIAL] [ 10687][17:58:28:790403][info  ] RTSpatialRefiner 0x7d3274019140 (Used 1741 MB), Loaded Geometries, ProbeArray 27195, Loaded 5834, Type MultiPolygon
[LIBGPUSPATIAL] [ 10687][17:58:28:791643][info  ] RTSpatialRefiner 0x7d3274019140 (Used 1755 MB), Evaluating 3723830 Geometry Pairs with Predicate Within
[LIBGPUSPATIAL] [ 10687][17:58:28:792260][info  ] Unique multi-polygons 5834, memory quota 47 MB, estimated BVH size 28 MB, n_batches 1
[LIBGPUSPATIAL] [ 10687][17:58:28:792681][info  ] PIP(Used 1779 MB), Batch 0
[LIBGPUSPATIAL] [ 10685][17:58:28:883062][info  ] RTSpatialIndex 0x7d3274018960 (Used 1609 MB), Allocate result buffer, memory consumption 0 MB, capacity 72722
[LIBGPUSPATIAL] [ 10685][17:58:28:884759][info  ] RTSpatialIndex 0x7d3274018960 (Used 1609 MB), Probe Rectangles, Size: 2448, Results: 72722
[LIBGPUSPATIAL] [ 10685][17:58:28:887229][info  ] RTSpatialRefiner 0x7d3274019140 (Used 1616 MB), Loaded Geometries, ProbeArray 2448, Loaded 527, Type MultiPolygon
[LIBGPUSPATIAL] [ 10685][17:58:28:887339][info  ] RTSpatialRefiner 0x7d3274019140 (Used 1616 MB), Evaluating 72722 Geometry Pairs with Predicate Within
[LIBGPUSPATIAL] [ 10685][17:58:28:887578][info  ] Unique multi-polygons 527, memory quota 48 MB, estimated BVH size 2 MB, n_batches 1
[LIBGPUSPATIAL] [ 10685][17:58:28:887904][info  ] PIP(Used 1617 MB), Batch 0
[LIBGPUSPATIAL] [ 10681][17:58:28:917775][info  ] RTSpatialIndex 0x7d3274018960 (Used 1609 MB), Allocate result buffer, memory consumption 0 MB, capacity 86567
[LIBGPUSPATIAL] [ 10681][17:58:28:920206][info  ] RTSpatialIndex 0x7d3274018960 (Used 1609 MB), Probe Rectangles, Size: 2448, Results: 86567
[LIBGPUSPATIAL] [ 10681][17:58:28:923437][info  ] RTSpatialRefiner 0x7d3274019140 (Used 1620 MB), Loaded Geometries, ProbeArray 2448, Loaded 510, Type MultiPolygon
[LIBGPUSPATIAL] [ 10681][17:58:28:923514][info  ] RTSpatialRefiner 0x7d3274019140 (Used 1621 MB), Evaluating 86567 Geometry Pairs with Predicate Within
[LIBGPUSPATIAL] [ 10681][17:58:28:923730][info  ] Unique multi-polygons 510, memory quota 48 MB, estimated BVH size 3 MB, n_batches 1
[LIBGPUSPATIAL] [ 10681][17:58:28:924033][info  ] PIP(Used 1622 MB), Batch 0
[LIBGPUSPATIAL] [ 10684][17:58:29:021067][info  ] RTSpatialIndex 0x7d3274018960 (Used 1610 MB), Allocate result buffer, memory consumption 27 MB, capacity 3593158
[LIBGPUSPATIAL] [ 10684][17:58:29:034583][info  ] RTSpatialIndex 0x7d3274018960 (Used 1637 MB), Probe Rectangles, Size: 27195, Results: 3593158
[LIBGPUSPATIAL] [ 10684][17:58:29:063326][info  ] RTSpatialRefiner 0x7d3274019140 (Used 1743 MB), Loaded Geometries, ProbeArray 27195, Loaded 5700, Type MultiPolygon
[LIBGPUSPATIAL] [ 10684][17:58:29:064493][info  ] RTSpatialRefiner 0x7d3274019140 (Used 1757 MB), Evaluating 3593158 Geometry Pairs with Predicate Within
[LIBGPUSPATIAL] [ 10684][17:58:29:065132][info  ] Unique multi-polygons 5700, memory quota 47 MB, estimated BVH size 29 MB, n_batches 1
[LIBGPUSPATIAL] [ 10684][17:58:29:065530][info  ] PIP(Used 1782 MB), Batch 0
[LIBGPUSPATIAL] [ 10686][17:58:29:304490][info  ] RTSpatialIndex 0x7d3274018960 (Used 1609 MB), Allocate result buffer, memory consumption 0 MB, capacity 77342
[LIBGPUSPATIAL] [ 10686][17:58:29:306188][info  ] RTSpatialIndex 0x7d3274018960 (Used 1609 MB), Probe Rectangles, Size: 2449, Results: 77342
[LIBGPUSPATIAL] [ 10686][17:58:29:308241][info  ] RTSpatialRefiner 0x7d3274019140 (Used 1617 MB), Loaded Geometries, ProbeArray 2449, Loaded 512, Type MultiPolygon
[LIBGPUSPATIAL] [ 10686][17:58:29:308315][info  ] RTSpatialRefiner 0x7d3274019140 (Used 1617 MB), Evaluating 77342 Geometry Pairs with Predicate Within
[LIBGPUSPATIAL] [ 10686][17:58:29:308509][info  ] Unique multi-polygons 512, memory quota 48 MB, estimated BVH size 2 MB, n_batches 1
[LIBGPUSPATIAL] [ 10686][17:58:29:308761][info  ] PIP(Used 1618 MB), Batch 0
[LIBGPUSPATIAL] [ 10682][17:58:29:504880][info  ] RTSpatialIndex 0x7d3274018960 (Used 1609 MB), Allocate result buffer, memory consumption 0 MB, capacity 114178
[LIBGPUSPATIAL] [ 10682][17:58:29:506676][info  ] RTSpatialIndex 0x7d3274018960 (Used 1609 MB), Probe Rectangles, Size: 2449, Results: 114178
[LIBGPUSPATIAL] [ 10682][17:58:29:509142][info  ] RTSpatialRefiner 0x7d3274019140 (Used 1618 MB), Loaded Geometries, ProbeArray 2449, Loaded 543, Type MultiPolygon
[LIBGPUSPATIAL] [ 10682][17:58:29:509249][info  ] RTSpatialRefiner 0x7d3274019140 (Used 1618 MB), Evaluating 114178 Geometry Pairs with Predicate Within
[LIBGPUSPATIAL] [ 10682][17:58:29:509508][info  ] Unique multi-polygons 543, memory quota 48 MB, estimated BVH size 2 MB, n_batches 1
[LIBGPUSPATIAL] [ 10682][17:58:29:509871][info  ] PIP(Used 1619 MB), Batch 0
[LIBGPUSPATIAL] [ 10687][17:58:29:585099][info  ] RTSpatialIndex 0x7d3274018960 (Used 1609 MB), Allocate result buffer, memory consumption 1 MB, capacity 242572
[LIBGPUSPATIAL] [ 10687][17:58:29:587061][info  ] RTSpatialIndex 0x7d3274018960 (Used 1610 MB), Probe Rectangles, Size: 2449, Results: 242572
[LIBGPUSPATIAL] [ 10687][17:58:29:589898][info  ] RTSpatialRefiner 0x7d3274019140 (Used 1621 MB), Loaded Geometries, ProbeArray 2449, Loaded 529, Type MultiPolygon
[LIBGPUSPATIAL] [ 10687][17:58:29:590006][info  ] RTSpatialRefiner 0x7d3274019140 (Used 1622 MB), Evaluating 242572 Geometry Pairs with Predicate Within
[LIBGPUSPATIAL] [ 10687][17:58:29:590421][info  ] Unique multi-polygons 529, memory quota 48 MB, estimated BVH size 3 MB, n_batches 1
[LIBGPUSPATIAL] [ 10687][17:58:29:590880][info  ] PIP(Used 1625 MB), Batch 0
[LIBGPUSPATIAL] [ 10684][17:58:29:597990][info  ] RTSpatialIndex 0x7d3274018960 (Used 1609 MB), Allocate result buffer, memory consumption 0 MB, capacity 62652
[LIBGPUSPATIAL] [ 10684][17:58:29:599540][info  ] RTSpatialIndex 0x7d3274018960 (Used 1609 MB), Probe Rectangles, Size: 2449, Results: 62652
[LIBGPUSPATIAL] [ 10684][17:58:29:601497][info  ] RTSpatialRefiner 0x7d3274019140 (Used 1616 MB), Loaded Geometries, ProbeArray 2449, Loaded 507, Type MultiPolygon
[LIBGPUSPATIAL] [ 10684][17:58:29:601555][info  ] RTSpatialRefiner 0x7d3274019140 (Used 1617 MB), Evaluating 62652 Geometry Pairs with Predicate Within
[LIBGPUSPATIAL] [ 10684][17:58:29:601736][info  ] Unique multi-polygons 507, memory quota 48 MB, estimated BVH size 2 MB, n_batches 1
[LIBGPUSPATIAL] [ 10684][17:58:29:602003][info  ] PIP(Used 1618 MB), Batch 0
[LIBGPUSPATIAL] [ 10688][17:58:29:870515][info  ] RTSpatialIndex 0x7d3274018960 (Used 1609 MB), Allocate result buffer, memory consumption 0 MB, capacity 109608
[LIBGPUSPATIAL] [ 10688][17:58:29:872512][info  ] RTSpatialIndex 0x7d3274018960 (Used 1609 MB), Probe Rectangles, Size: 2449, Results: 109608
[LIBGPUSPATIAL] [ 10688][17:58:29:874290][info  ] RTSpatialRefiner 0x7d3274019140 (Used 1617 MB), Loaded Geometries, ProbeArray 2449, Loaded 487, Type MultiPolygon
[LIBGPUSPATIAL] [ 10688][17:58:29:874356][info  ] RTSpatialRefiner 0x7d3274019140 (Used 1617 MB), Evaluating 109608 Geometry Pairs with Predicate Within
[LIBGPUSPATIAL] [ 10688][17:58:29:874628][info  ] Unique multi-polygons 487, memory quota 48 MB, estimated BVH size 2 MB, n_batches 1
[LIBGPUSPATIAL] [ 10688][17:58:29:874963][info  ] PIP(Used 1619 MB), Batch 0
9.57s (1 rows)

================================================================================
BENCHMARK SUMMARY
================================================================================
Query     sedonadb_gpu   
-------------------------
q11       9.57s          
-------------------------
Total     9.57s         

Results saved to results_mem_SF_10/sedonadb_gpu_q11_results.json
