Testing Q2 Execution with CPU using External Tables
No limits applied - using full dataset

CPU mode enabled
Target partitions set to: 1

Creating external tables from Parquet files...
External tables created successfully

Creating geometry views...
Views created successfully

Execution plan for spatial join (CPU mode):
┌───────────────┬──────────────────────────────────────────────────────────────────────────────────┐
│   plan_type   ┆                                       plan                                       │
│      utf8     ┆                                       utf8                                       │
╞═══════════════╪══════════════════════════════════════════════════════════════════════════════════╡
│ logical_plan  ┆ Projection: count(Int64(1)) AS count(*)                                          │
│               ┆   Aggregate: groupBy=[[]], aggr=[[count(Int64(1))]]                              │
│               ┆     Projection:                                                                  │
│               ┆       SpatialJoin: join_type=Inner, filter=st_intersects(z.geom, t.geom)         │
│               ┆         SubqueryAlias: z                                                         │
│               ┆           SubqueryAlias: zone_geom                                               │
│               ┆             Projection: st_geomfromwkb(zone_table.z_boundary) AS geom            │
│               ┆               TableScan: zone_table projection=[z_boundary]                      │
│               ┆         SubqueryAlias: t                                                         │
│               ┆           SubqueryAlias: trip_geom                                               │
│               ┆             Projection: st_geomfromwkb(trip_table.t_pickuploc) AS geom           │
│               ┆               TableScan: trip_table projection=[t_pickuploc]                     │
├╌╌╌╌╌╌╌╌╌╌╌╌╌╌╌┼╌╌╌╌╌╌╌╌╌╌╌╌╌╌╌╌╌╌╌╌╌╌╌╌╌╌╌╌╌╌╌╌╌╌╌╌╌╌╌╌╌╌╌╌╌╌╌╌╌╌╌╌╌╌╌╌╌╌╌╌╌╌╌╌╌╌╌╌╌╌╌╌╌╌╌╌╌╌╌╌╌╌┤
│ physical_plan ┆ ProjectionExec: expr=[count(Int64(1))@0 as count(*)]                             │
│               ┆   AggregateExec: mode=Single, gby=[], aggr=[count(Int64(1))]                     │
│               ┆     ProjectionExec: expr=[]                                                      │
│               ┆       SpatialJoinExec: join_type=Inner, on=ST_intersects(geom@0, geom@0)         │
│               ┆         ProjectionExec: expr=[st_geomfromwkb(t_pickuploc@0) as geom]             │
│               ┆           DataSourceExec: file_groups={1 group: [[mnt/data/sedona-spatialbench/p │
│               ┆ aper/benchmark-data-sf1/trip/trip.1.parquet:0..182361649, mnt/data/sedona-spatia │
│               ┆ lbench/paper/benchmark-data-sf1/trip/trip.2.parquet:0..182311531]]}, projection= │
│               ┆ [t_pickuploc], file_type=parquet                                                 │
│               ┆         ProjectionExec: expr=[st_geomfromwkb(z_boundary@0) as geom]              │
│               ┆           DataSourceExec: file_groups={1 group: [[mnt/data/sedona-spatialbench/p │
│               ┆ aper/benchmark-data-sf1/zone/zone.1.parquet:0..222212698, mnt/data/sedona-spatia │
│               ┆ lbench/paper/benchmark-data-sf1/zone/zone.2.parquet:0..237881784, mnt/data/sedon │
│               ┆ a-spatialbench/paper/benchmark-data-sf1/zone/zone.3.parquet:0..233867804, mnt/da │
│               ┆ ta/sedona-spatialbench/paper/benchmark-data-sf1/zone/zone.4.parquet:0..232746425 │
│               ┆ , mnt/data/sedona-spatialbench/paper/benchmark-data-sf1/zone/zone.5.parquet:0..2 │
│               ┆ 35793511, ...]]}, projection=[z_boundary], file_type=parquet                     │
│               ┆                                                                                  │
└───────────────┴──────────────────────────────────────────────────────────────────────────────────┘

Running Q2 query ...
Query: Count trips in County using spatial join

Warmup Run
┌───────────────────┬──────────────────────────────────────────────────────────────────────────────┐
│     plan_type     ┆                                     plan                                     │
│        utf8       ┆                                     utf8                                     │
╞═══════════════════╪══════════════════════════════════════════════════════════════════════════════╡
│ Plan with Metrics ┆ ProjectionExec: expr=[count(Int64(1))@0 as trip_count_in_county], metrics=[o │
│                   ┆ utput_rows=1, elapsed_compute=1.88µs, output_bytes=8.0 B]                    │
│                   ┆   AggregateExec: mode=Single, gby=[], aggr=[count(Int64(1))], metrics=[outpu │
│                   ┆ t_rows=1, elapsed_compute=1.532023ms, output_bytes=8.0 B]                    │
│                   ┆     ProjectionExec: expr=[], metrics=[output_rows=3057046, elapsed_compute=1 │
│                   ┆ 14.17µs, output_bytes=0.0 B]                                                 │
│                   ┆       SpatialJoinExec: join_type=Inner, on=ST_intersects(geom@0, geom@0), me │
│                   ┆ trics=[output_rows=3057046, spill_count=0, spilled_bytes=0.0 B, spilled_rows │
│                   ┆ =0, build_input_batches=736, build_input_rows=6000000, join_result_candidate │
│                   ┆ s=7297793, join_result_count=3057046, output_batches=402, probe_input_batche │
│                   ┆ s=24, probe_input_rows=156095, build_input_total_size_bytes=900005888, build │
│                   ┆ _mem_used=1376005936, execution_mode=2, refiner_mem_used=48000000, build_inp │
│                   ┆ ut_collection_time=639.422823ms, build_time=730.616743ms, join_time=4.438360 │
│                   ┆ 159s, partition_probe_time=1ns]                                              │
│                   ┆         ProjectionExec: expr=[st_geomfromwkb(t_pickuploc@0) as geom], metric │
│                   ┆ s=[output_rows=6000000, elapsed_compute=105.592743ms, output_bytes=611.3 MB] │
│                   ┆           DataSourceExec: file_groups={1 group: [[mnt/data/sedona-spatialben │
│                   ┆ ch/paper/benchmark-data-sf1/trip/trip.1.parquet:0..182361649, mnt/data/sedon │
│                   ┆ a-spatialbench/paper/benchmark-data-sf1/trip/trip.2.parquet:0..182311531]]}, │
│                   ┆  projection=[t_pickuploc], file_type=parquet, metrics=[output_rows=6000000,  │
│                   ┆ elapsed_compute=1ns, output_bytes=611.3 MB, files_ranges_pruned_statistics=2 │
│                   ┆  total → 2 matched, row_groups_pruned_statistics=4 total → 4 matched, row_gr │
│                   ┆ oups_pruned_bloom_filter=4 total → 4 matched, page_index_rows_pruned=0 total │
│                   ┆  → 0 matched, batches_split=0, bytes_scanned=104887022, file_open_errors=0,  │
│                   ┆ file_scan_errors=0, num_predicate_creation_errors=0, predicate_cache_inner_r │
│                   ┆ ecords=0, predicate_cache_records=0, predicate_evaluation_errors=0, pushdown │
│                   ┆ _rows_matched=0, pushdown_rows_pruned=0, bloom_filter_eval_time=4ns, metadat │
│                   ┆ a_load_time=453.42µs, page_index_eval_time=4ns, row_pushdown_eval_time=4ns,  │
│                   ┆ statistics_eval_time=4ns, time_elapsed_opening=330.562µs, time_elapsed_proce │
│                   ┆ ssing=80.496656ms, time_elapsed_scanning_total=844.897062ms, time_elapsed_sc │
│                   ┆ anning_until_data=11.702538ms]                                               │
│                   ┆         ProjectionExec: expr=[st_geomfromwkb(z_boundary@0) as geom], metrics │
│                   ┆ =[output_rows=156095, elapsed_compute=23.317834ms, output_bytes=1435.5 MB]   │
│                   ┆           DataSourceExec: file_groups={1 group: [[mnt/data/sedona-spatialben │
│                   ┆ ch/paper/benchmark-data-sf1/zone/zone.1.parquet:0..222212698, mnt/data/sedon │
│                   ┆ a-spatialbench/paper/benchmark-data-sf1/zone/zone.2.parquet:0..237881784, mn │
│                   ┆ t/data/sedona-spatialbench/paper/benchmark-data-sf1/zone/zone.3.parquet:0..2 │
│                   ┆ 33867804, mnt/data/sedona-spatialbench/paper/benchmark-data-sf1/zone/zone.4. │
│                   ┆ parquet:0..232746425, mnt/data/sedona-spatialbench/paper/benchmark-data-sf1/ │
│                   ┆ zone/zone.5.parquet:0..235793511, ...]]}, projection=[z_boundary], file_type │
│                   ┆ =parquet, metrics=[output_rows=156095, elapsed_compute=1ns, output_bytes=143 │
│                   ┆ 5.5 MB, files_ranges_pruned_statistics=6 total → 6 matched, row_groups_prune │
│                   ┆ d_statistics=12 total → 12 matched, row_groups_pruned_bloom_filter=12 total  │
│                   ┆ → 12 matched, page_index_rows_pruned=0 total → 0 matched, batches_split=0, b │
│                   ┆ ytes_scanned=1383688762, file_open_errors=0, file_scan_errors=0, num_predica │
│                   ┆ te_creation_errors=0, predicate_cache_inner_records=0, predicate_cache_recor │
│                   ┆ ds=0, predicate_evaluation_errors=0, pushdown_rows_matched=0, pushdown_rows_ │
│                   ┆ pruned=0, bloom_filter_eval_time=12ns, metadata_load_time=2.200477ms, page_i │
│                   ┆ ndex_eval_time=12ns, row_pushdown_eval_time=12ns, statistics_eval_time=12ns, │
│                   ┆  time_elapsed_opening=557.491µs, time_elapsed_processing=324.434849ms, time_ │
│                   ┆ elapsed_scanning_total=6.580287161s, time_elapsed_scanning_until_data=230.84 │
│                   ┆ 9748ms]                                                                      │
│                   ┆                                                                              │
└───────────────────┴──────────────────────────────────────────────────────────────────────────────┘
Run # 1
┌───────────────────┬──────────────────────────────────────────────────────────────────────────────┐
│     plan_type     ┆                                     plan                                     │
│        utf8       ┆                                     utf8                                     │
╞═══════════════════╪══════════════════════════════════════════════════════════════════════════════╡
│ Plan with Metrics ┆ ProjectionExec: expr=[count(Int64(1))@0 as trip_count_in_county], metrics=[o │
│                   ┆ utput_rows=1, elapsed_compute=1.91µs, output_bytes=8.0 B]                    │
│                   ┆   AggregateExec: mode=Single, gby=[], aggr=[count(Int64(1))], metrics=[outpu │
│                   ┆ t_rows=1, elapsed_compute=1.61145ms, output_bytes=8.0 B]                     │
│                   ┆     ProjectionExec: expr=[], metrics=[output_rows=3057046, elapsed_compute=1 │
│                   ┆ 17.21µs, output_bytes=0.0 B]                                                 │
│                   ┆       SpatialJoinExec: join_type=Inner, on=ST_intersects(geom@0, geom@0), me │
│                   ┆ trics=[output_rows=3057046, spill_count=0, spilled_bytes=0.0 B, spilled_rows │
│                   ┆ =0, build_input_batches=736, build_input_rows=6000000, join_result_candidate │
│                   ┆ s=7297793, join_result_count=3057046, output_batches=402, probe_input_batche │
│                   ┆ s=24, probe_input_rows=156095, build_input_total_size_bytes=900005888, build │
│                   ┆ _mem_used=1376005936, execution_mode=2, refiner_mem_used=48000000, build_inp │
│                   ┆ ut_collection_time=648.975142ms, build_time=754.318889ms, join_time=4.485344 │
│                   ┆ 061s, partition_probe_time=1ns]                                              │
│                   ┆         ProjectionExec: expr=[st_geomfromwkb(t_pickuploc@0) as geom], metric │
│                   ┆ s=[output_rows=6000000, elapsed_compute=105.763868ms, output_bytes=611.3 MB] │
│                   ┆           DataSourceExec: file_groups={1 group: [[mnt/data/sedona-spatialben │
│                   ┆ ch/paper/benchmark-data-sf1/trip/trip.1.parquet:0..182361649, mnt/data/sedon │
│                   ┆ a-spatialbench/paper/benchmark-data-sf1/trip/trip.2.parquet:0..182311531]]}, │
│                   ┆  projection=[t_pickuploc], file_type=parquet, metrics=[output_rows=6000000,  │
│                   ┆ elapsed_compute=1ns, output_bytes=611.3 MB, files_ranges_pruned_statistics=2 │
│                   ┆  total → 2 matched, row_groups_pruned_statistics=4 total → 4 matched, row_gr │
│                   ┆ oups_pruned_bloom_filter=4 total → 4 matched, page_index_rows_pruned=0 total │
│                   ┆  → 0 matched, batches_split=0, bytes_scanned=104887022, file_open_errors=0,  │
│                   ┆ file_scan_errors=0, num_predicate_creation_errors=0, predicate_cache_inner_r │
│                   ┆ ecords=0, predicate_cache_records=0, predicate_evaluation_errors=0, pushdown │
│                   ┆ _rows_matched=0, pushdown_rows_pruned=0, bloom_filter_eval_time=4ns, metadat │
│                   ┆ a_load_time=401.068µs, page_index_eval_time=4ns, row_pushdown_eval_time=4ns, │
│                   ┆  statistics_eval_time=4ns, time_elapsed_opening=209.808µs, time_elapsed_proc │
│                   ┆ essing=83.832725ms, time_elapsed_scanning_total=855.8497ms, time_elapsed_sca │
│                   ┆ nning_until_data=9.511614ms]                                                 │
│                   ┆         ProjectionExec: expr=[st_geomfromwkb(z_boundary@0) as geom], metrics │
│                   ┆ =[output_rows=156095, elapsed_compute=27.529323ms, output_bytes=1435.5 MB]   │
│                   ┆           DataSourceExec: file_groups={1 group: [[mnt/data/sedona-spatialben │
│                   ┆ ch/paper/benchmark-data-sf1/zone/zone.1.parquet:0..222212698, mnt/data/sedon │
│                   ┆ a-spatialbench/paper/benchmark-data-sf1/zone/zone.2.parquet:0..237881784, mn │
│                   ┆ t/data/sedona-spatialbench/paper/benchmark-data-sf1/zone/zone.3.parquet:0..2 │
│                   ┆ 33867804, mnt/data/sedona-spatialbench/paper/benchmark-data-sf1/zone/zone.4. │
│                   ┆ parquet:0..232746425, mnt/data/sedona-spatialbench/paper/benchmark-data-sf1/ │
│                   ┆ zone/zone.5.parquet:0..235793511, ...]]}, projection=[z_boundary], file_type │
│                   ┆ =parquet, metrics=[output_rows=156095, elapsed_compute=1ns, output_bytes=143 │
│                   ┆ 5.5 MB, files_ranges_pruned_statistics=6 total → 6 matched, row_groups_prune │
│                   ┆ d_statistics=12 total → 12 matched, row_groups_pruned_bloom_filter=12 total  │
│                   ┆ → 12 matched, page_index_rows_pruned=0 total → 0 matched, batches_split=0, b │
│                   ┆ ytes_scanned=1383688762, file_open_errors=0, file_scan_errors=0, num_predica │
│                   ┆ te_creation_errors=0, predicate_cache_inner_records=0, predicate_cache_recor │
│                   ┆ ds=0, predicate_evaluation_errors=0, pushdown_rows_matched=0, pushdown_rows_ │
│                   ┆ pruned=0, bloom_filter_eval_time=12ns, metadata_load_time=2.083516ms, page_i │
│                   ┆ ndex_eval_time=12ns, row_pushdown_eval_time=12ns, statistics_eval_time=12ns, │
│                   ┆  time_elapsed_opening=373.894µs, time_elapsed_processing=389.110658ms, time_ │
│                   ┆ elapsed_scanning_total=6.748537896s, time_elapsed_scanning_until_data=264.09 │
│                   ┆ 137ms]                                                                       │
│                   ┆                                                                              │
└───────────────────┴──────────────────────────────────────────────────────────────────────────────┘
Run # 2
┌───────────────────┬──────────────────────────────────────────────────────────────────────────────┐
│     plan_type     ┆                                     plan                                     │
│        utf8       ┆                                     utf8                                     │
╞═══════════════════╪══════════════════════════════════════════════════════════════════════════════╡
│ Plan with Metrics ┆ ProjectionExec: expr=[count(Int64(1))@0 as trip_count_in_county], metrics=[o │
│                   ┆ utput_rows=1, elapsed_compute=1.67µs, output_bytes=8.0 B]                    │
│                   ┆   AggregateExec: mode=Single, gby=[], aggr=[count(Int64(1))], metrics=[outpu │
│                   ┆ t_rows=1, elapsed_compute=1.527204ms, output_bytes=8.0 B]                    │
│                   ┆     ProjectionExec: expr=[], metrics=[output_rows=3057046, elapsed_compute=1 │
│                   ┆ 16.802µs, output_bytes=0.0 B]                                                │
│                   ┆       SpatialJoinExec: join_type=Inner, on=ST_intersects(geom@0, geom@0), me │
│                   ┆ trics=[output_rows=3057046, spill_count=0, spilled_bytes=0.0 B, spilled_rows │
│                   ┆ =0, build_input_batches=736, build_input_rows=6000000, join_result_candidate │
│                   ┆ s=7297793, join_result_count=3057046, output_batches=402, probe_input_batche │
│                   ┆ s=24, probe_input_rows=156095, build_input_total_size_bytes=900005888, build │
│                   ┆ _mem_used=1376005936, execution_mode=2, refiner_mem_used=48000000, build_inp │
│                   ┆ ut_collection_time=704.544902ms, build_time=736.397674ms, join_time=4.532159 │
│                   ┆ 669s, partition_probe_time=1ns]                                              │
│                   ┆         ProjectionExec: expr=[st_geomfromwkb(t_pickuploc@0) as geom], metric │
│                   ┆ s=[output_rows=6000000, elapsed_compute=107.627805ms, output_bytes=611.3 MB] │
│                   ┆           DataSourceExec: file_groups={1 group: [[mnt/data/sedona-spatialben │
│                   ┆ ch/paper/benchmark-data-sf1/trip/trip.1.parquet:0..182361649, mnt/data/sedon │
│                   ┆ a-spatialbench/paper/benchmark-data-sf1/trip/trip.2.parquet:0..182311531]]}, │
│                   ┆  projection=[t_pickuploc], file_type=parquet, metrics=[output_rows=6000000,  │
│                   ┆ elapsed_compute=1ns, output_bytes=611.3 MB, files_ranges_pruned_statistics=2 │
│                   ┆  total → 2 matched, row_groups_pruned_statistics=4 total → 4 matched, row_gr │
│                   ┆ oups_pruned_bloom_filter=4 total → 4 matched, page_index_rows_pruned=0 total │
│                   ┆  → 0 matched, batches_split=0, bytes_scanned=104887022, file_open_errors=0,  │
│                   ┆ file_scan_errors=0, num_predicate_creation_errors=0, predicate_cache_inner_r │
│                   ┆ ecords=0, predicate_cache_records=0, predicate_evaluation_errors=0, pushdown │
│                   ┆ _rows_matched=0, pushdown_rows_pruned=0, bloom_filter_eval_time=4ns, metadat │
│                   ┆ a_load_time=397.388µs, page_index_eval_time=4ns, row_pushdown_eval_time=4ns, │
│                   ┆  statistics_eval_time=4ns, time_elapsed_opening=240.399µs, time_elapsed_proc │
│                   ┆ essing=104.31232ms, time_elapsed_scanning_total=954.085678ms, time_elapsed_s │
│                   ┆ canning_until_data=22.250341ms]                                              │
│                   ┆         ProjectionExec: expr=[st_geomfromwkb(z_boundary@0) as geom], metrics │
│                   ┆ =[output_rows=156095, elapsed_compute=25.972343ms, output_bytes=1435.5 MB]   │
│                   ┆           DataSourceExec: file_groups={1 group: [[mnt/data/sedona-spatialben │
│                   ┆ ch/paper/benchmark-data-sf1/zone/zone.1.parquet:0..222212698, mnt/data/sedon │
│                   ┆ a-spatialbench/paper/benchmark-data-sf1/zone/zone.2.parquet:0..237881784, mn │
│                   ┆ t/data/sedona-spatialbench/paper/benchmark-data-sf1/zone/zone.3.parquet:0..2 │
│                   ┆ 33867804, mnt/data/sedona-spatialbench/paper/benchmark-data-sf1/zone/zone.4. │
│                   ┆ parquet:0..232746425, mnt/data/sedona-spatialbench/paper/benchmark-data-sf1/ │
│                   ┆ zone/zone.5.parquet:0..235793511, ...]]}, projection=[z_boundary], file_type │
│                   ┆ =parquet, metrics=[output_rows=156095, elapsed_compute=1ns, output_bytes=143 │
│                   ┆ 5.5 MB, files_ranges_pruned_statistics=6 total → 6 matched, row_groups_prune │
│                   ┆ d_statistics=12 total → 12 matched, row_groups_pruned_bloom_filter=12 total  │
│                   ┆ → 12 matched, page_index_rows_pruned=0 total → 0 matched, batches_split=0, b │
│                   ┆ ytes_scanned=1383688762, file_open_errors=0, file_scan_errors=0, num_predica │
│                   ┆ te_creation_errors=0, predicate_cache_inner_records=0, predicate_cache_recor │
│                   ┆ ds=0, predicate_evaluation_errors=0, pushdown_rows_matched=0, pushdown_rows_ │
│                   ┆ pruned=0, bloom_filter_eval_time=12ns, metadata_load_time=1.808314ms, page_i │
│                   ┆ ndex_eval_time=12ns, row_pushdown_eval_time=12ns, statistics_eval_time=12ns, │
│                   ┆  time_elapsed_opening=355.333µs, time_elapsed_processing=422.245879ms, time_ │
│                   ┆ elapsed_scanning_total=6.843738544s, time_elapsed_scanning_until_data=260.64 │
│                   ┆ 8077ms]                                                                      │
│                   ┆                                                                              │
└───────────────────┴──────────────────────────────────────────────────────────────────────────────┘
Run # 3
┌───────────────────┬──────────────────────────────────────────────────────────────────────────────┐
│     plan_type     ┆                                     plan                                     │
│        utf8       ┆                                     utf8                                     │
╞═══════════════════╪══════════════════════════════════════════════════════════════════════════════╡
│ Plan with Metrics ┆ ProjectionExec: expr=[count(Int64(1))@0 as trip_count_in_county], metrics=[o │
│                   ┆ utput_rows=1, elapsed_compute=2.34µs, output_bytes=8.0 B]                    │
│                   ┆   AggregateExec: mode=Single, gby=[], aggr=[count(Int64(1))], metrics=[outpu │
│                   ┆ t_rows=1, elapsed_compute=1.661377ms, output_bytes=8.0 B]                    │
│                   ┆     ProjectionExec: expr=[], metrics=[output_rows=3057046, elapsed_compute=1 │
│                   ┆ 13.458µs, output_bytes=0.0 B]                                                │
│                   ┆       SpatialJoinExec: join_type=Inner, on=ST_intersects(geom@0, geom@0), me │
│                   ┆ trics=[output_rows=3057046, spill_count=0, spilled_bytes=0.0 B, spilled_rows │
│                   ┆ =0, build_input_batches=736, build_input_rows=6000000, join_result_candidate │
│                   ┆ s=7297793, join_result_count=3057046, output_batches=402, probe_input_batche │
│                   ┆ s=24, probe_input_rows=156095, build_input_total_size_bytes=900005888, build │
│                   ┆ _mem_used=1376005936, execution_mode=2, refiner_mem_used=48000000, build_inp │
│                   ┆ ut_collection_time=643.643505ms, build_time=740.333854ms, join_time=4.573429 │
│                   ┆ 929s, partition_probe_time=1ns]                                              │
│                   ┆         ProjectionExec: expr=[st_geomfromwkb(t_pickuploc@0) as geom], metric │
│                   ┆ s=[output_rows=6000000, elapsed_compute=106.026037ms, output_bytes=611.3 MB] │
│                   ┆           DataSourceExec: file_groups={1 group: [[mnt/data/sedona-spatialben │
│                   ┆ ch/paper/benchmark-data-sf1/trip/trip.1.parquet:0..182361649, mnt/data/sedon │
│                   ┆ a-spatialbench/paper/benchmark-data-sf1/trip/trip.2.parquet:0..182311531]]}, │
│                   ┆  projection=[t_pickuploc], file_type=parquet, metrics=[output_rows=6000000,  │
│                   ┆ elapsed_compute=1ns, output_bytes=611.3 MB, files_ranges_pruned_statistics=2 │
│                   ┆  total → 2 matched, row_groups_pruned_statistics=4 total → 4 matched, row_gr │
│                   ┆ oups_pruned_bloom_filter=4 total → 4 matched, page_index_rows_pruned=0 total │
│                   ┆  → 0 matched, batches_split=0, bytes_scanned=104887022, file_open_errors=0,  │
│                   ┆ file_scan_errors=0, num_predicate_creation_errors=0, predicate_cache_inner_r │
│                   ┆ ecords=0, predicate_cache_records=0, predicate_evaluation_errors=0, pushdown │
│                   ┆ _rows_matched=0, pushdown_rows_pruned=0, bloom_filter_eval_time=4ns, metadat │
│                   ┆ a_load_time=362.336µs, page_index_eval_time=4ns, row_pushdown_eval_time=4ns, │
│                   ┆  statistics_eval_time=4ns, time_elapsed_opening=213.148µs, time_elapsed_proc │
│                   ┆ essing=95.941893ms, time_elapsed_scanning_total=861.129837ms, time_elapsed_s │
│                   ┆ canning_until_data=9.048807ms]                                               │
│                   ┆         ProjectionExec: expr=[st_geomfromwkb(z_boundary@0) as geom], metrics │
│                   ┆ =[output_rows=156095, elapsed_compute=23.704553ms, output_bytes=1435.5 MB]   │
│                   ┆           DataSourceExec: file_groups={1 group: [[mnt/data/sedona-spatialben │
│                   ┆ ch/paper/benchmark-data-sf1/zone/zone.1.parquet:0..222212698, mnt/data/sedon │
│                   ┆ a-spatialbench/paper/benchmark-data-sf1/zone/zone.2.parquet:0..237881784, mn │
│                   ┆ t/data/sedona-spatialbench/paper/benchmark-data-sf1/zone/zone.3.parquet:0..2 │
│                   ┆ 33867804, mnt/data/sedona-spatialbench/paper/benchmark-data-sf1/zone/zone.4. │
│                   ┆ parquet:0..232746425, mnt/data/sedona-spatialbench/paper/benchmark-data-sf1/ │
│                   ┆ zone/zone.5.parquet:0..235793511, ...]]}, projection=[z_boundary], file_type │
│                   ┆ =parquet, metrics=[output_rows=156095, elapsed_compute=1ns, output_bytes=143 │
│                   ┆ 5.5 MB, files_ranges_pruned_statistics=6 total → 6 matched, row_groups_prune │
│                   ┆ d_statistics=12 total → 12 matched, row_groups_pruned_bloom_filter=12 total  │
│                   ┆ → 12 matched, page_index_rows_pruned=0 total → 0 matched, batches_split=0, b │
│                   ┆ ytes_scanned=1383688762, file_open_errors=0, file_scan_errors=0, num_predica │
│                   ┆ te_creation_errors=0, predicate_cache_inner_records=0, predicate_cache_recor │
│                   ┆ ds=0, predicate_evaluation_errors=0, pushdown_rows_matched=0, pushdown_rows_ │
│                   ┆ pruned=0, bloom_filter_eval_time=12ns, metadata_load_time=2.035734ms, page_i │
│                   ┆ ndex_eval_time=12ns, row_pushdown_eval_time=12ns, statistics_eval_time=12ns, │
│                   ┆  time_elapsed_opening=499.22µs, time_elapsed_processing=384.553995ms, time_e │
│                   ┆ lapsed_scanning_total=6.808804068s, time_elapsed_scanning_until_data=255.323 │
│                   ┆ 291ms]                                                                       │
│                   ┆                                                                              │
└───────────────────┴──────────────────────────────────────────────────────────────────────────────┘
Run # 4
┌───────────────────┬──────────────────────────────────────────────────────────────────────────────┐
│     plan_type     ┆                                     plan                                     │
│        utf8       ┆                                     utf8                                     │
╞═══════════════════╪══════════════════════════════════════════════════════════════════════════════╡
│ Plan with Metrics ┆ ProjectionExec: expr=[count(Int64(1))@0 as trip_count_in_county], metrics=[o │
│                   ┆ utput_rows=1, elapsed_compute=2.06µs, output_bytes=8.0 B]                    │
│                   ┆   AggregateExec: mode=Single, gby=[], aggr=[count(Int64(1))], metrics=[outpu │
│                   ┆ t_rows=1, elapsed_compute=1.717158ms, output_bytes=8.0 B]                    │
│                   ┆     ProjectionExec: expr=[], metrics=[output_rows=3057046, elapsed_compute=1 │
│                   ┆ 18.819µs, output_bytes=0.0 B]                                                │
│                   ┆       SpatialJoinExec: join_type=Inner, on=ST_intersects(geom@0, geom@0), me │
│                   ┆ trics=[output_rows=3057046, spill_count=0, spilled_bytes=0.0 B, spilled_rows │
│                   ┆ =0, build_input_batches=736, build_input_rows=6000000, join_result_candidate │
│                   ┆ s=7297793, join_result_count=3057046, output_batches=402, probe_input_batche │
│                   ┆ s=24, probe_input_rows=156095, build_input_total_size_bytes=900005888, build │
│                   ┆ _mem_used=1376005936, execution_mode=2, refiner_mem_used=48000000, build_inp │
│                   ┆ ut_collection_time=674.988115ms, build_time=730.729826ms, join_time=4.578994 │
│                   ┆ 712s, partition_probe_time=1ns]                                              │
│                   ┆         ProjectionExec: expr=[st_geomfromwkb(t_pickuploc@0) as geom], metric │
│                   ┆ s=[output_rows=6000000, elapsed_compute=106.73033ms, output_bytes=611.3 MB]  │
│                   ┆           DataSourceExec: file_groups={1 group: [[mnt/data/sedona-spatialben │
│                   ┆ ch/paper/benchmark-data-sf1/trip/trip.1.parquet:0..182361649, mnt/data/sedon │
│                   ┆ a-spatialbench/paper/benchmark-data-sf1/trip/trip.2.parquet:0..182311531]]}, │
│                   ┆  projection=[t_pickuploc], file_type=parquet, metrics=[output_rows=6000000,  │
│                   ┆ elapsed_compute=1ns, output_bytes=611.3 MB, files_ranges_pruned_statistics=2 │
│                   ┆  total → 2 matched, row_groups_pruned_statistics=4 total → 4 matched, row_gr │
│                   ┆ oups_pruned_bloom_filter=4 total → 4 matched, page_index_rows_pruned=0 total │
│                   ┆  → 0 matched, batches_split=0, bytes_scanned=104887022, file_open_errors=0,  │
│                   ┆ file_scan_errors=0, num_predicate_creation_errors=0, predicate_cache_inner_r │
│                   ┆ ecords=0, predicate_cache_records=0, predicate_evaluation_errors=0, pushdown │
│                   ┆ _rows_matched=0, pushdown_rows_pruned=0, bloom_filter_eval_time=4ns, metadat │
│                   ┆ a_load_time=371.717µs, page_index_eval_time=4ns, row_pushdown_eval_time=4ns, │
│                   ┆  statistics_eval_time=4ns, time_elapsed_opening=215.919µs, time_elapsed_proc │
│                   ┆ essing=95.353014ms, time_elapsed_scanning_total=906.337299ms, time_elapsed_s │
│                   ┆ canning_until_data=17.847688ms]                                              │
│                   ┆         ProjectionExec: expr=[st_geomfromwkb(z_boundary@0) as geom], metrics │
│                   ┆ =[output_rows=156095, elapsed_compute=23.902253ms, output_bytes=1435.5 MB]   │
│                   ┆           DataSourceExec: file_groups={1 group: [[mnt/data/sedona-spatialben │
│                   ┆ ch/paper/benchmark-data-sf1/zone/zone.1.parquet:0..222212698, mnt/data/sedon │
│                   ┆ a-spatialbench/paper/benchmark-data-sf1/zone/zone.2.parquet:0..237881784, mn │
│                   ┆ t/data/sedona-spatialbench/paper/benchmark-data-sf1/zone/zone.3.parquet:0..2 │
│                   ┆ 33867804, mnt/data/sedona-spatialbench/paper/benchmark-data-sf1/zone/zone.4. │
│                   ┆ parquet:0..232746425, mnt/data/sedona-spatialbench/paper/benchmark-data-sf1/ │
│                   ┆ zone/zone.5.parquet:0..235793511, ...]]}, projection=[z_boundary], file_type │
│                   ┆ =parquet, metrics=[output_rows=156095, elapsed_compute=1ns, output_bytes=143 │
│                   ┆ 5.5 MB, files_ranges_pruned_statistics=6 total → 6 matched, row_groups_prune │
│                   ┆ d_statistics=12 total → 12 matched, row_groups_pruned_bloom_filter=12 total  │
│                   ┆ → 12 matched, page_index_rows_pruned=0 total → 0 matched, batches_split=0, b │
│                   ┆ ytes_scanned=1383688762, file_open_errors=0, file_scan_errors=0, num_predica │
│                   ┆ te_creation_errors=0, predicate_cache_inner_records=0, predicate_cache_recor │
│                   ┆ ds=0, predicate_evaluation_errors=0, pushdown_rows_matched=0, pushdown_rows_ │
│                   ┆ pruned=0, bloom_filter_eval_time=12ns, metadata_load_time=1.738514ms, page_i │
│                   ┆ ndex_eval_time=12ns, row_pushdown_eval_time=12ns, statistics_eval_time=12ns, │
│                   ┆  time_elapsed_opening=350.094µs, time_elapsed_processing=481.862495ms, time_ │
│                   ┆ elapsed_scanning_total=6.932830985s, time_elapsed_scanning_until_data=262.69 │
│                   ┆ 7281ms]                                                                      │
│                   ┆                                                                              │
└───────────────────┴──────────────────────────────────────────────────────────────────────────────┘
Run # 5
┌───────────────────┬──────────────────────────────────────────────────────────────────────────────┐
│     plan_type     ┆                                     plan                                     │
│        utf8       ┆                                     utf8                                     │
╞═══════════════════╪══════════════════════════════════════════════════════════════════════════════╡
│ Plan with Metrics ┆ ProjectionExec: expr=[count(Int64(1))@0 as trip_count_in_county], metrics=[o │
│                   ┆ utput_rows=1, elapsed_compute=2.36µs, output_bytes=8.0 B]                    │
│                   ┆   AggregateExec: mode=Single, gby=[], aggr=[count(Int64(1))], metrics=[outpu │
│                   ┆ t_rows=1, elapsed_compute=1.874068ms, output_bytes=8.0 B]                    │
│                   ┆     ProjectionExec: expr=[], metrics=[output_rows=3057046, elapsed_compute=1 │
│                   ┆ 22.313µs, output_bytes=0.0 B]                                                │
│                   ┆       SpatialJoinExec: join_type=Inner, on=ST_intersects(geom@0, geom@0), me │
│                   ┆ trics=[output_rows=3057046, spill_count=0, spilled_bytes=0.0 B, spilled_rows │
│                   ┆ =0, build_input_batches=736, build_input_rows=6000000, join_result_candidate │
│                   ┆ s=7297793, join_result_count=3057046, output_batches=402, probe_input_batche │
│                   ┆ s=24, probe_input_rows=156095, build_input_total_size_bytes=900005888, build │
│                   ┆ _mem_used=1376005936, execution_mode=2, refiner_mem_used=48000000, build_inp │
│                   ┆ ut_collection_time=760.020086ms, build_time=740.248159ms, join_time=4.624381 │
│                   ┆ 872s, partition_probe_time=1ns]                                              │
│                   ┆         ProjectionExec: expr=[st_geomfromwkb(t_pickuploc@0) as geom], metric │
│                   ┆ s=[output_rows=6000000, elapsed_compute=105.950954ms, output_bytes=611.3 MB] │
│                   ┆           DataSourceExec: file_groups={1 group: [[mnt/data/sedona-spatialben │
│                   ┆ ch/paper/benchmark-data-sf1/trip/trip.1.parquet:0..182361649, mnt/data/sedon │
│                   ┆ a-spatialbench/paper/benchmark-data-sf1/trip/trip.2.parquet:0..182311531]]}, │
│                   ┆  projection=[t_pickuploc], file_type=parquet, metrics=[output_rows=6000000,  │
│                   ┆ elapsed_compute=1ns, output_bytes=611.3 MB, files_ranges_pruned_statistics=2 │
│                   ┆  total → 2 matched, row_groups_pruned_statistics=4 total → 4 matched, row_gr │
│                   ┆ oups_pruned_bloom_filter=4 total → 4 matched, page_index_rows_pruned=0 total │
│                   ┆  → 0 matched, batches_split=0, bytes_scanned=104887022, file_open_errors=0,  │
│                   ┆ file_scan_errors=0, num_predicate_creation_errors=0, predicate_cache_inner_r │
│                   ┆ ecords=0, predicate_cache_records=0, predicate_evaluation_errors=0, pushdown │
│                   ┆ _rows_matched=0, pushdown_rows_pruned=0, bloom_filter_eval_time=4ns, metadat │
│                   ┆ a_load_time=354.837µs, page_index_eval_time=4ns, row_pushdown_eval_time=4ns, │
│                   ┆  statistics_eval_time=4ns, time_elapsed_opening=208.968µs, time_elapsed_proc │
│                   ┆ essing=125.69274ms, time_elapsed_scanning_total=1.041269762s, time_elapsed_s │
│                   ┆ canning_until_data=27.757065ms]                                              │
│                   ┆         ProjectionExec: expr=[st_geomfromwkb(z_boundary@0) as geom], metrics │
│                   ┆ =[output_rows=156095, elapsed_compute=24.723494ms, output_bytes=1435.5 MB]   │
│                   ┆           DataSourceExec: file_groups={1 group: [[mnt/data/sedona-spatialben │
│                   ┆ ch/paper/benchmark-data-sf1/zone/zone.1.parquet:0..222212698, mnt/data/sedon │
│                   ┆ a-spatialbench/paper/benchmark-data-sf1/zone/zone.2.parquet:0..237881784, mn │
│                   ┆ t/data/sedona-spatialbench/paper/benchmark-data-sf1/zone/zone.3.parquet:0..2 │
│                   ┆ 33867804, mnt/data/sedona-spatialbench/paper/benchmark-data-sf1/zone/zone.4. │
│                   ┆ parquet:0..232746425, mnt/data/sedona-spatialbench/paper/benchmark-data-sf1/ │
│                   ┆ zone/zone.5.parquet:0..235793511, ...]]}, projection=[z_boundary], file_type │
│                   ┆ =parquet, metrics=[output_rows=156095, elapsed_compute=1ns, output_bytes=143 │
│                   ┆ 5.5 MB, files_ranges_pruned_statistics=6 total → 6 matched, row_groups_prune │
│                   ┆ d_statistics=12 total → 12 matched, row_groups_pruned_bloom_filter=12 total  │
│                   ┆ → 12 matched, page_index_rows_pruned=0 total → 0 matched, batches_split=0, b │
│                   ┆ ytes_scanned=1383688762, file_open_errors=0, file_scan_errors=0, num_predica │
│                   ┆ te_creation_errors=0, predicate_cache_inner_records=0, predicate_cache_recor │
│                   ┆ ds=0, predicate_evaluation_errors=0, pushdown_rows_matched=0, pushdown_rows_ │
│                   ┆ pruned=0, bloom_filter_eval_time=12ns, metadata_load_time=1.895321ms, page_i │
│                   ┆ ndex_eval_time=12ns, row_pushdown_eval_time=12ns, statistics_eval_time=12ns, │
│                   ┆  time_elapsed_opening=508.971µs, time_elapsed_processing=503.190566ms, time_ │
│                   ┆ elapsed_scanning_total=6.999923805s, time_elapsed_scanning_until_data=268.39 │
│                   ┆ 5268ms]                                                                      │
│                   ┆                                                                              │
└───────────────────┴──────────────────────────────────────────────────────────────────────────────┘
Avg execution time (CPU mode): 8.598s
