Data paths:
  building: benchmark-data-sf1/building
  customer: benchmark-data-sf1/customer
  driver: benchmark-data-sf1/driver
  trip: benchmark-data-sf1/trip
  vehicle: benchmark-data-sf1/vehicle
  zone: benchmark-data-sf1/zone

============================================================
Running Sedonadb Gpu Benchmark
============================================================
Sedonadb Gpu version: 0.3.0
  Running q9... [LIBGPUSPATIAL] [ 16018][19:54:58:175130][info  ] Initializing GpuSpatialRuntime on device 0, PTX root /mnt/data/sedona-db/target/release/build/sedona-libgpuspatial-49614f8a870dbe66/out/share/gpuspatial/shaders
[LIBGPUSPATIAL] [ 16018][19:54:58:352672][info  ] Init Memory Manager
[LIBGPUSPATIAL] [ 16018][19:54:58:352897][info  ] Creating RMM pool memory resource with size 22511 MB
[LIBGPUSPATIAL] [ 16018][19:54:58:395288][info  ] Initialize RTEngine
[LIBGPUSPATIAL] [ 16018][19:54:58:527137][info  ] Create RTSpatialIndex 0x334ae210, fast_build = 0, compact = 0, concurrency = 1
[LIBGPUSPATIAL] [ 16018][19:54:58:529897][info  ] Create RTSpatialRefiner 0x2fbf93e0, fast_build = 0, compact = 0, parsing_threads = 8, concurrency = 1, pipeline_batches = 1, wkb_parser_memory_quota = 0.80, relate_engine_memory_quota = 0.80
[LIBGPUSPATIAL] [ 16018][19:54:58:539754][info  ] RTSpatialRefiner 0x2fbf93e0 (Free 22005 MB), Profiling Results. PushBuild: 5.08 ms, FinishBuilding: 4.30 ms
[LIBGPUSPATIAL] [ 16018][19:54:58:539779][info  ] RTSpatialRefiner 0x2fbf93e0 (Free 22005 MB), FinishBuilding Refiner, Total geoms: 20000
[LIBGPUSPATIAL] [ 16018][19:54:58:539795][info  ] RTSpatialIndex 0x334ae210 (Free 22005 MB), PushBuild, Rectangles 20000
[LIBGPUSPATIAL] [ 16018][19:54:58:540354][info  ] RTSpatialIndex 0x334ae210 (Free 22005 MB), FinishBuilding Index on Rectangles, Total geoms: 20000
[LIBGPUSPATIAL] [ 16018][19:54:58:540379][info  ] RTSpatialIndex 0x334ae210 (Free 22005 MB), Profiling Results. PushBuild: 0.06 ms, FinishBuilding: 0.51 ms
[LIBGPUSPATIAL] [ 16018][19:54:58:550572][info  ] RTSpatialIndex 0x334ae210 (Free 22005 MB), Allocate result buffer, memory consumption 0 MB, capacity 20080
[LIBGPUSPATIAL] [ 16018][19:54:58:550875][info  ] RTSpatialIndex 0x334ae210 (Free 22005 MB), Probe Rectangles, Size: 20000, Results: 20080
[LIBGPUSPATIAL] [ 16018][19:54:58:550903][info  ] RTSpatialIndex 0x334ae210 (Free 22005 MB), Profiling Results. Alloc: 0.04 ms, Prepare: 0.43 ms, RT: 4.27 ms, Copy res: 0.14 ms
[LIBGPUSPATIAL] [ 16018][19:54:58:552361][info  ] RTSpatialRefiner 0x2fbf93e0 (Free 22005 MB), Loaded Geometries, ProbeArray 20000, Loaded 20000, Type Polygon
[LIBGPUSPATIAL] [ 16018][19:54:58:552398][info  ] RTSpatialRefiner 0x2fbf93e0 (Free 22005 MB), Evaluating 20080 Geometry Pairs with Predicate Intersects
[LIBGPUSPATIAL] [ 16018][19:54:58:552412][warning] Evaluate Polygon-Polygon relate with the GPU, which is not well-tested and the performance may be poor.
[LIBGPUSPATIAL] [ 16018][19:54:58:578321][info  ] RTSpatialRefiner 0x2fbf93e0 (Free 22005 MB), Profiling Results. Parse: 1.40 ms, Refine: 25.70 ms, Copy Results: 0.20 ms
0.68s (37 rows)

================================================================================
BENCHMARK SUMMARY
================================================================================
Query     sedonadb_gpu   
-------------------------
q9        0.68s          
-------------------------
Total     0.68s         

Results saved to results_breakdown_SF_1/sedonadb_gpu_q9_results.json
